-- Found ament_cmake: 2.5.6 (/opt/ros/jazzy/share/ament_cmake/cmake)
-- Override CMake install command with custom implementation using symlinks instead of copying resources
-- Found rosidl_default_generators: 1.6.1 (/opt/ros/jazzy/share/rosidl_default_generators/cmake)
-- Using all available rosidl_typesupport_c: rosidl_typesupport_fastrtps_c;rosidl_typesupport_introspection_c
-- Using all available rosidl_typesupport_cpp: rosidl_typesupport_fastrtps_cpp;rosidl_typesupport_introspection_cpp
-- Found rosidl_adapter: 4.6.9 (/opt/ros/jazzy/share/rosidl_adapter/cmake)
-- Found sensor_msgs: 5.3.8 (/opt/ros/jazzy/share/sensor_msgs/cmake)
-- Found ament_cmake_ros: 0.12.1 (/opt/ros/jazzy/share/ament_cmake_ros/cmake)
-- Using all available rosidl_typesupport_c: rosidl_typesupport_fastrtps_c;rosidl_typesupport_introspection_c
-- Using all available rosidl_typesupport_cpp: rosidl_typesupport_fastrtps_cpp;rosidl_typesupport_introspection_cpp
-- Found python_cmake_module: 0.11.1 (/opt/ros/jazzy/share/python_cmake_module/cmake)
-- Found Python3: /usr/bin/python3 (found version "3.12.3") found components: Interpreter Development NumPy Development.Module Development.Embed 
-- Found Python3: /usr/bin/python3 (found version "3.12.3") found components: Interpreter 
-- Found ament_lint_auto: 0.17.5 (/opt/ros/jazzy/share/ament_lint_auto/cmake)
-- Added test 'copyright' to check source files copyright and LICENSE
-- Added test 'lint_cmake' to check CMake code style
-- Added test 'xmllint' to check XML markup files
-- Configuring done (5.7s)
-- Generating done (0.2s)
-- Build files have been written to: /home/bbcontact/magician_ros2/build/orbbec_camera_msgs
[  1%] Built target orbbec_camera_msgs__rs
[  2%] Built target orbbec_camera_msgs__rosidl_generator_type_description
[  2%] Built target ament_cmake_python_symlink_orbbec_camera_msgs
[  2%] Built target orbbec_camera_msgs__cpp
[ 28%] Built target orbbec_camera_msgs__rosidl_generator_c
[ 38%] Built target orbbec_camera_msgs__rosidl_typesupport_introspection_c
[ 48%] Built target orbbec_camera_msgs__rosidl_typesupport_c
[ 58%] Built target orbbec_camera_msgs__rosidl_typesupport_fastrtps_c
[ 67%] Built target orbbec_camera_msgs__rosidl_typesupport_introspection_cpp
[ 77%] Built target orbbec_camera_msgs__rosidl_typesupport_fastrtps_cpp
[ 86%] Built target orbbec_camera_msgs__rosidl_typesupport_cpp
[ 86%] Built target orbbec_camera_msgs
[ 87%] Built target orbbec_camera_msgs__py
[ 96%] Built target orbbec_camera_msgs__rosidl_generator_py
[ 98%] Built target orbbec_camera_msgs_s__rosidl_typesupport_introspection_c
[ 99%] Built target orbbec_camera_msgs_s__rosidl_typesupport_fastrtps_c
[100%] Built target orbbec_camera_msgs_s__rosidl_typesupport_c
running egg_info
writing orbbec_camera_msgs.egg-info/PKG-INFO
writing dependency_links to orbbec_camera_msgs.egg-info/dependency_links.txt
writing top-level names to orbbec_camera_msgs.egg-info/top_level.txt
reading manifest file 'orbbec_camera_msgs.egg-info/SOURCES.txt'
writing manifest file 'orbbec_camera_msgs.egg-info/SOURCES.txt'
[100%] Built target ament_cmake_python_build_orbbec_camera_msgs_egg
-- Install configuration: ""
-- Execute custom install script
-- Up-to-date symlink: /home/bbcontact/magician_ros2/install/orbbec_camera_msgs/share/ament_index/resource_index/rosidl_interfaces/orbbec_camera_msgs
-- Up-to-date symlink: /home/bbcontact/magician_ros2/install/orbbec_camera_msgs/share/orbbec_camera_msgs/msg/DeviceInfo.json
-- Up-to-date symlink: /home/bbcontact/magician_ros2/install/orbbec_camera_msgs/share/orbbec_camera_msgs/msg/Extrinsics.json
-- Up-to-date symlink: /home/bbcontact/magician_ros2/install/orbbec_camera_msgs/share/orbbec_camera_msgs/msg/Metadata.json
-- Up-to-date symlink: /home/bbcontact/magician_ros2/install/orbbec_camera_msgs/share/orbbec_camera_msgs/msg/IMUInfo.json
-- Up-to-date symlink: /home/bbcontact/magician_ros2/install/orbbec_camera_msgs/share/orbbec_camera_msgs/msg/RGBD.json
-- Up-to-date symlink: /home/bbcontact/magician_ros2/install/orbbec_camera_msgs/share/orbbec_camera_msgs/msg/StreamProfile.json
-- Up-to-date symlink: /home/bbcontact/magician_ros2/install/orbbec_camera_msgs/share/orbbec_camera_msgs/srv/GetBool.json
-- Up-to-date symlink: /home/bbcontact/magician_ros2/install/orbbec_camera_msgs/share/orbbec_camera_msgs/srv/GetDeviceInfo.json
-- Up-to-date symlink: /home/bbcontact/magician_ros2/install/orbbec_camera_msgs/share/orbbec_camera_msgs/srv/GetCameraInfo.json
-- Up-to-date symlink: /home/bbcontact/magician_ros2/install/orbbec_camera_msgs/share/orbbec_camera_msgs/srv/GetInt32.json
-- Up-to-date symlink: /home/bbcontact/magician_ros2/install/orbbec_camera_msgs/share/orbbec_camera_msgs/srv/GetString.json
-- Up-to-date symlink: /home/bbcontact/magician_ros2/install/orbbec_camera_msgs/share/orbbec_camera_msgs/srv/SetInt32.json
-- Up-to-date symlink: /home/bbcontact/magician_ros2/install/orbbec_camera_msgs/share/orbbec_camera_msgs/srv/SetString.json
-- Up-to-date symlink: /home/bbcontact/magician_ros2/install/orbbec_camera_msgs/share/orbbec_camera_msgs/srv/SetStreamProfile.json
-- Up-to-date symlink: /home/bbcontact/magician_ros2/install/orbbec_camera_msgs/include/orbbec_camera_msgs/orbbec_camera_msgs/msg/detail/device_info__functions.h
-- Up-to-date symlink: /home/bbcontact/magician_ros2/install/orbbec_camera_msgs/include/orbbec_camera_msgs/orbbec_camera_msgs/msg/detail/device_info__struct.h
-- Up-to-date symlink: /home/bbcontact/magician_ros2/install/orbbec_camera_msgs/include/orbbec_camera_msgs/orbbec_camera_msgs/msg/detail/device_info__type_support.h
-- Up-to-date symlink: /home/bbcontact/magician_ros2/install/orbbec_camera_msgs/include/orbbec_camera_msgs/orbbec_camera_msgs/msg/detail/extrinsics__functions.h
-- Up-to-date symlink: /home/bbcontact/magician_ros2/install/orbbec_camera_msgs/include/orbbec_camera_msgs/orbbec_camera_msgs/msg/detail/extrinsics__struct.h
-- Up-to-date symlink: /home/bbcontact/magician_ros2/install/orbbec_camera_msgs/include/orbbec_camera_msgs/orbbec_camera_msgs/msg/detail/extrinsics__type_support.h
-- Up-to-date symlink: /home/bbcontact/magician_ros2/install/orbbec_camera_msgs/include/orbbec_camera_msgs/orbbec_camera_msgs/msg/detail/imu_info__functions.h
-- Up-to-date symlink: /home/bbcontact/magician_ros2/install/orbbec_camera_msgs/include/orbbec_camera_msgs/orbbec_camera_msgs/msg/detail/imu_info__struct.h
-- Up-to-date symlink: /home/bbcontact/magician_ros2/install/orbbec_camera_msgs/include/orbbec_camera_msgs/orbbec_camera_msgs/msg/detail/imu_info__type_support.h
-- Up-to-date symlink: /home/bbcontact/magician_ros2/install/orbbec_camera_msgs/include/orbbec_camera_msgs/orbbec_camera_msgs/msg/detail/metadata__functions.h
-- Up-to-date symlink: /home/bbcontact/magician_ros2/install/orbbec_camera_msgs/include/orbbec_camera_msgs/orbbec_camera_msgs/msg/detail/metadata__struct.h
-- Up-to-date symlink: /home/bbcontact/magician_ros2/install/orbbec_camera_msgs/include/orbbec_camera_msgs/orbbec_camera_msgs/msg/detail/metadata__type_support.h
-- Up-to-date symlink: /home/bbcontact/magician_ros2/install/orbbec_camera_msgs/include/orbbec_camera_msgs/orbbec_camera_msgs/msg/detail/rgbd__functions.h
-- Up-to-date symlink: /home/bbcontact/magician_ros2/install/orbbec_camera_msgs/include/orbbec_camera_msgs/orbbec_camera_msgs/msg/detail/rgbd__struct.h
-- Up-to-date symlink: /home/bbcontact/magician_ros2/install/orbbec_camera_msgs/include/orbbec_camera_msgs/orbbec_camera_msgs/msg/detail/rgbd__type_support.h
-- Up-to-date symlink: /home/bbcontact/magician_ros2/install/orbbec_camera_msgs/include/orbbec_camera_msgs/orbbec_camera_msgs/msg/detail/stream_profile__functions.h
-- Up-to-date symlink: /home/bbcontact/magician_ros2/install/orbbec_camera_msgs/include/orbbec_camera_msgs/orbbec_camera_msgs/msg/detail/stream_profile__struct.h
-- Up-to-date symlink: /home/bbcontact/magician_ros2/install/orbbec_camera_msgs/include/orbbec_camera_msgs/orbbec_camera_msgs/msg/detail/stream_profile__type_support.h
-- Up-to-date symlink: /home/bbcontact/magician_ros2/install/orbbec_camera_msgs/include/orbbec_camera_msgs/orbbec_camera_msgs/msg/device_info.h
-- Up-to-date symlink: /home/bbcontact/magician_ros2/install/orbbec_camera_msgs/include/orbbec_camera_msgs/orbbec_camera_msgs/msg/extrinsics.h
-- Up-to-date symlink: /home/bbcontact/magician_ros2/install/orbbec_camera_msgs/include/orbbec_camera_msgs/orbbec_camera_msgs/msg/imu_info.h
-- Up-to-date symlink: /home/bbcontact/magician_ros2/install/orbbec_camera_msgs/include/orbbec_camera_msgs/orbbec_camera_msgs/msg/metadata.h
-- Up-to-date symlink: /home/bbcontact/magician_ros2/install/orbbec_camera_msgs/include/orbbec_camera_msgs/orbbec_camera_msgs/msg/rgbd.h
-- Up-to-date symlink: /home/bbcontact/magician_ros2/install/orbbec_camera_msgs/include/orbbec_camera_msgs/orbbec_camera_msgs/msg/rosidl_generator_c__visibility_control.h
-- Up-to-date symlink: /home/bbcontact/magician_ros2/install/orbbec_camera_msgs/include/orbbec_camera_msgs/orbbec_camera_msgs/msg/stream_profile.h
-- Up-to-date symlink: /home/bbcontact/magician_ros2/install/orbbec_camera_msgs/include/orbbec_camera_msgs/orbbec_camera_msgs/srv/detail/get_bool__functions.h
-- Up-to-date symlink: /home/bbcontact/magician_ros2/install/orbbec_camera_msgs/include/orbbec_camera_msgs/orbbec_camera_msgs/srv/detail/get_bool__struct.h
-- Up-to-date symlink: /home/bbcontact/magician_ros2/install/orbbec_camera_msgs/include/orbbec_camera_msgs/orbbec_camera_msgs/srv/detail/get_bool__type_support.h
-- Up-to-date symlink: /home/bbcontact/magician_ros2/install/orbbec_camera_msgs/include/orbbec_camera_msgs/orbbec_camera_msgs/srv/detail/get_camera_info__functions.h
-- Up-to-date symlink: /home/bbcontact/magician_ros2/install/orbbec_camera_msgs/include/orbbec_camera_msgs/orbbec_camera_msgs/srv/detail/get_camera_info__struct.h
-- Up-to-date symlink: /home/bbcontact/magician_ros2/install/orbbec_camera_msgs/include/orbbec_camera_msgs/orbbec_camera_msgs/srv/detail/get_camera_info__type_support.h
-- Up-to-date symlink: /home/bbcontact/magician_ros2/install/orbbec_camera_msgs/include/orbbec_camera_msgs/orbbec_camera_msgs/srv/detail/get_device_info__functions.h
-- Up-to-date symlink: /home/bbcontact/magician_ros2/install/orbbec_camera_msgs/include/orbbec_camera_msgs/orbbec_camera_msgs/srv/detail/get_device_info__struct.h
-- Up-to-date symlink: /home/bbcontact/magician_ros2/install/orbbec_camera_msgs/include/orbbec_camera_msgs/orbbec_camera_msgs/srv/detail/get_device_info__type_support.h
-- Up-to-date symlink: /home/bbcontact/magician_ros2/install/orbbec_camera_msgs/include/orbbec_camera_msgs/orbbec_camera_msgs/srv/detail/get_int32__functions.h
-- Up-to-date symlink: /home/bbcontact/magician_ros2/install/orbbec_camera_msgs/include/orbbec_camera_msgs/orbbec_camera_msgs/srv/detail/get_int32__struct.h
-- Up-to-date symlink: /home/bbcontact/magician_ros2/install/orbbec_camera_msgs/include/orbbec_camera_msgs/orbbec_camera_msgs/srv/detail/get_int32__type_support.h
-- Up-to-date symlink: /home/bbcontact/magician_ros2/install/orbbec_camera_msgs/include/orbbec_camera_msgs/orbbec_camera_msgs/srv/detail/get_string__functions.h
-- Up-to-date symlink: /home/bbcontact/magician_ros2/install/orbbec_camera_msgs/include/orbbec_camera_msgs/orbbec_camera_msgs/srv/detail/get_string__struct.h
-- Up-to-date symlink: /home/bbcontact/magician_ros2/install/orbbec_camera_msgs/include/orbbec_camera_msgs/orbbec_camera_msgs/srv/detail/get_string__type_support.h
-- Up-to-date symlink: /home/bbcontact/magician_ros2/install/orbbec_camera_msgs/include/orbbec_camera_msgs/orbbec_camera_msgs/srv/detail/set_int32__functions.h
-- Up-to-date symlink: /home/bbcontact/magician_ros2/install/orbbec_camera_msgs/include/orbbec_camera_msgs/orbbec_camera_msgs/srv/detail/set_int32__struct.h
-- Up-to-date symlink: /home/bbcontact/magician_ros2/install/orbbec_camera_msgs/include/orbbec_camera_msgs/orbbec_camera_msgs/srv/detail/set_int32__type_support.h
-- Up-to-date symlink: /home/bbcontact/magician_ros2/install/orbbec_camera_msgs/include/orbbec_camera_msgs/orbbec_camera_msgs/srv/detail/set_stream_profile__functions.h
-- Up-to-date symlink: /home/bbcontact/magician_ros2/install/orbbec_camera_msgs/include/orbbec_camera_msgs/orbbec_camera_msgs/srv/detail/set_stream_profile__struct.h
-- Up-to-date symlink: /home/bbcontact/magician_ros2/install/orbbec_camera_msgs/include/orbbec_camera_msgs/orbbec_camera_msgs/srv/detail/set_stream_profile__type_support.h
-- Up-to-date symlink: /home/bbcontact/magician_ros2/install/orbbec_camera_msgs/include/orbbec_camera_msgs/orbbec_camera_msgs/srv/detail/set_string__functions.h
-- Up-to-date symlink: /home/bbcontact/magician_ros2/install/orbbec_camera_msgs/include/orbbec_camera_msgs/orbbec_camera_msgs/srv/detail/set_string__struct.h
-- Up-to-date symlink: /home/bbcontact/magician_ros2/install/orbbec_camera_msgs/include/orbbec_camera_msgs/orbbec_camera_msgs/srv/detail/set_string__type_support.h
-- Up-to-date symlink: /home/bbcontact/magician_ros2/install/orbbec_camera_msgs/include/orbbec_camera_msgs/orbbec_camera_msgs/srv/get_bool.h
-- Up-to-date symlink: /home/bbcontact/magician_ros2/install/orbbec_camera_msgs/include/orbbec_camera_msgs/orbbec_camera_msgs/srv/get_camera_info.h
-- Up-to-date symlink: /home/bbcontact/magician_ros2/install/orbbec_camera_msgs/include/orbbec_camera_msgs/orbbec_camera_msgs/srv/get_device_info.h
-- Up-to-date symlink: /home/bbcontact/magician_ros2/install/orbbec_camera_msgs/include/orbbec_camera_msgs/orbbec_camera_msgs/srv/get_int32.h
-- Up-to-date symlink: /home/bbcontact/magician_ros2/install/orbbec_camera_msgs/include/orbbec_camera_msgs/orbbec_camera_msgs/srv/get_string.h
-- Up-to-date symlink: /home/bbcontact/magician_ros2/install/orbbec_camera_msgs/include/orbbec_camera_msgs/orbbec_camera_msgs/srv/set_int32.h
-- Up-to-date symlink: /home/bbcontact/magician_ros2/install/orbbec_camera_msgs/include/orbbec_camera_msgs/orbbec_camera_msgs/srv/set_stream_profile.h
-- Up-to-date symlink: /home/bbcontact/magician_ros2/install/orbbec_camera_msgs/include/orbbec_camera_msgs/orbbec_camera_msgs/srv/set_string.h
-- Up-to-date symlink: /home/bbcontact/magician_ros2/install/orbbec_camera_msgs/share/orbbec_camera_msgs/environment/library_path.sh
-- Up-to-date symlink: /home/bbcontact/magician_ros2/install/orbbec_camera_msgs/share/orbbec_camera_msgs/environment/library_path.dsv
-- Up-to-date symlink: /home/bbcontact/magician_ros2/install/orbbec_camera_msgs/include/orbbec_camera_msgs/orbbec_camera_msgs/msg/detail/device_info__rosidl_typesupport_fastrtps_c.h
-- Up-to-date symlink: /home/bbcontact/magician_ros2/install/orbbec_camera_msgs/include/orbbec_camera_msgs/orbbec_camera_msgs/msg/detail/extrinsics__rosidl_typesupport_fastrtps_c.h
-- Up-to-date symlink: /home/bbcontact/magician_ros2/install/orbbec_camera_msgs/include/orbbec_camera_msgs/orbbec_camera_msgs/msg/detail/imu_info__rosidl_typesupport_fastrtps_c.h
-- Up-to-date symlink: /home/bbcontact/magician_ros2/install/orbbec_camera_msgs/include/orbbec_camera_msgs/orbbec_camera_msgs/msg/detail/metadata__rosidl_typesupport_fastrtps_c.h
-- Up-to-date symlink: /home/bbcontact/magician_ros2/install/orbbec_camera_msgs/include/orbbec_camera_msgs/orbbec_camera_msgs/msg/detail/rgbd__rosidl_typesupport_fastrtps_c.h
-- Up-to-date symlink: /home/bbcontact/magician_ros2/install/orbbec_camera_msgs/include/orbbec_camera_msgs/orbbec_camera_msgs/msg/detail/stream_profile__rosidl_typesupport_fastrtps_c.h
-- Up-to-date symlink: /home/bbcontact/magician_ros2/install/orbbec_camera_msgs/include/orbbec_camera_msgs/orbbec_camera_msgs/msg/rosidl_typesupport_fastrtps_c__visibility_control.h
-- Up-to-date symlink: /home/bbcontact/magician_ros2/install/orbbec_camera_msgs/include/orbbec_camera_msgs/orbbec_camera_msgs/srv/detail/get_bool__rosidl_typesupport_fastrtps_c.h
-- Up-to-date symlink: /home/bbcontact/magician_ros2/install/orbbec_camera_msgs/include/orbbec_camera_msgs/orbbec_camera_msgs/srv/detail/get_camera_info__rosidl_typesupport_fastrtps_c.h
-- Up-to-date symlink: /home/bbcontact/magician_ros2/install/orbbec_camera_msgs/include/orbbec_camera_msgs/orbbec_camera_msgs/srv/detail/get_device_info__rosidl_typesupport_fastrtps_c.h
-- Up-to-date symlink: /home/bbcontact/magician_ros2/install/orbbec_camera_msgs/include/orbbec_camera_msgs/orbbec_camera_msgs/srv/detail/get_int32__rosidl_typesupport_fastrtps_c.h
-- Up-to-date symlink: /home/bbcontact/magician_ros2/install/orbbec_camera_msgs/include/orbbec_camera_msgs/orbbec_camera_msgs/srv/detail/get_string__rosidl_typesupport_fastrtps_c.h
-- Up-to-date symlink: /home/bbcontact/magician_ros2/install/orbbec_camera_msgs/include/orbbec_camera_msgs/orbbec_camera_msgs/srv/detail/set_int32__rosidl_typesupport_fastrtps_c.h
-- Up-to-date symlink: /home/bbcontact/magician_ros2/install/orbbec_camera_msgs/include/orbbec_camera_msgs/orbbec_camera_msgs/srv/detail/set_stream_profile__rosidl_typesupport_fastrtps_c.h
-- Up-to-date symlink: /home/bbcontact/magician_ros2/install/orbbec_camera_msgs/include/orbbec_camera_msgs/orbbec_camera_msgs/srv/detail/set_string__rosidl_typesupport_fastrtps_c.h
-- Up-to-date symlink: /home/bbcontact/magician_ros2/install/orbbec_camera_msgs/include/orbbec_camera_msgs/orbbec_camera_msgs/msg/detail/device_info__rosidl_typesupport_introspection_c.h
-- Up-to-date symlink: /home/bbcontact/magician_ros2/install/orbbec_camera_msgs/include/orbbec_camera_msgs/orbbec_camera_msgs/msg/detail/extrinsics__rosidl_typesupport_introspection_c.h
-- Up-to-date symlink: /home/bbcontact/magician_ros2/install/orbbec_camera_msgs/include/orbbec_camera_msgs/orbbec_camera_msgs/msg/detail/imu_info__rosidl_typesupport_introspection_c.h
-- Up-to-date symlink: /home/bbcontact/magician_ros2/install/orbbec_camera_msgs/include/orbbec_camera_msgs/orbbec_camera_msgs/msg/detail/metadata__rosidl_typesupport_introspection_c.h
-- Up-to-date symlink: /home/bbcontact/magician_ros2/install/orbbec_camera_msgs/include/orbbec_camera_msgs/orbbec_camera_msgs/msg/detail/rgbd__rosidl_typesupport_introspection_c.h
-- Up-to-date symlink: /home/bbcontact/magician_ros2/install/orbbec_camera_msgs/include/orbbec_camera_msgs/orbbec_camera_msgs/msg/detail/stream_profile__rosidl_typesupport_introspection_c.h
-- Up-to-date symlink: /home/bbcontact/magician_ros2/install/orbbec_camera_msgs/include/orbbec_camera_msgs/orbbec_camera_msgs/msg/rosidl_typesupport_introspection_c__visibility_control.h
-- Up-to-date symlink: /home/bbcontact/magician_ros2/install/orbbec_camera_msgs/include/orbbec_camera_msgs/orbbec_camera_msgs/srv/detail/get_bool__rosidl_typesupport_introspection_c.h
-- Up-to-date symlink: /home/bbcontact/magician_ros2/install/orbbec_camera_msgs/include/orbbec_camera_msgs/orbbec_camera_msgs/srv/detail/get_camera_info__rosidl_typesupport_introspection_c.h
-- Up-to-date symlink: /home/bbcontact/magician_ros2/install/orbbec_camera_msgs/include/orbbec_camera_msgs/orbbec_camera_msgs/srv/detail/get_device_info__rosidl_typesupport_introspection_c.h
-- Up-to-date symlink: /home/bbcontact/magician_ros2/install/orbbec_camera_msgs/include/orbbec_camera_msgs/orbbec_camera_msgs/srv/detail/get_int32__rosidl_typesupport_introspection_c.h
-- Up-to-date symlink: /home/bbcontact/magician_ros2/install/orbbec_camera_msgs/include/orbbec_camera_msgs/orbbec_camera_msgs/srv/detail/get_string__rosidl_typesupport_introspection_c.h
-- Up-to-date symlink: /home/bbcontact/magician_ros2/install/orbbec_camera_msgs/include/orbbec_camera_msgs/orbbec_camera_msgs/srv/detail/set_int32__rosidl_typesupport_introspection_c.h
-- Up-to-date symlink: /home/bbcontact/magician_ros2/install/orbbec_camera_msgs/include/orbbec_camera_msgs/orbbec_camera_msgs/srv/detail/set_stream_profile__rosidl_typesupport_introspection_c.h
-- Up-to-date symlink: /home/bbcontact/magician_ros2/install/orbbec_camera_msgs/include/orbbec_camera_msgs/orbbec_camera_msgs/srv/detail/set_string__rosidl_typesupport_introspection_c.h
-- Up-to-date symlink: /home/bbcontact/magician_ros2/install/orbbec_camera_msgs/include/orbbec_camera_msgs/orbbec_camera_msgs/msg/detail/device_info__builder.hpp
-- Up-to-date symlink: /home/bbcontact/magician_ros2/install/orbbec_camera_msgs/include/orbbec_camera_msgs/orbbec_camera_msgs/msg/detail/device_info__struct.hpp
-- Up-to-date symlink: /home/bbcontact/magician_ros2/install/orbbec_camera_msgs/include/orbbec_camera_msgs/orbbec_camera_msgs/msg/detail/device_info__traits.hpp
-- Up-to-date symlink: /home/bbcontact/magician_ros2/install/orbbec_camera_msgs/include/orbbec_camera_msgs/orbbec_camera_msgs/msg/detail/device_info__type_support.hpp
-- Up-to-date symlink: /home/bbcontact/magician_ros2/install/orbbec_camera_msgs/include/orbbec_camera_msgs/orbbec_camera_msgs/msg/detail/extrinsics__builder.hpp
-- Up-to-date symlink: /home/bbcontact/magician_ros2/install/orbbec_camera_msgs/include/orbbec_camera_msgs/orbbec_camera_msgs/msg/detail/extrinsics__struct.hpp
-- Up-to-date symlink: /home/bbcontact/magician_ros2/install/orbbec_camera_msgs/include/orbbec_camera_msgs/orbbec_camera_msgs/msg/detail/extrinsics__traits.hpp
-- Up-to-date symlink: /home/bbcontact/magician_ros2/install/orbbec_camera_msgs/include/orbbec_camera_msgs/orbbec_camera_msgs/msg/detail/extrinsics__type_support.hpp
-- Up-to-date symlink: /home/bbcontact/magician_ros2/install/orbbec_camera_msgs/include/orbbec_camera_msgs/orbbec_camera_msgs/msg/detail/imu_info__builder.hpp
-- Up-to-date symlink: /home/bbcontact/magician_ros2/install/orbbec_camera_msgs/include/orbbec_camera_msgs/orbbec_camera_msgs/msg/detail/imu_info__struct.hpp
-- Up-to-date symlink: /home/bbcontact/magician_ros2/install/orbbec_camera_msgs/include/orbbec_camera_msgs/orbbec_camera_msgs/msg/detail/imu_info__traits.hpp
-- Up-to-date symlink: /home/bbcontact/magician_ros2/install/orbbec_camera_msgs/include/orbbec_camera_msgs/orbbec_camera_msgs/msg/detail/imu_info__type_support.hpp
-- Up-to-date symlink: /home/bbcontact/magician_ros2/install/orbbec_camera_msgs/include/orbbec_camera_msgs/orbbec_camera_msgs/msg/detail/metadata__builder.hpp
-- Up-to-date symlink: /home/bbcontact/magician_ros2/install/orbbec_camera_msgs/include/orbbec_camera_msgs/orbbec_camera_msgs/msg/detail/metadata__struct.hpp
-- Up-to-date symlink: /home/bbcontact/magician_ros2/install/orbbec_camera_msgs/include/orbbec_camera_msgs/orbbec_camera_msgs/msg/detail/metadata__traits.hpp
-- Up-to-date symlink: /home/bbcontact/magician_ros2/install/orbbec_camera_msgs/include/orbbec_camera_msgs/orbbec_camera_msgs/msg/detail/metadata__type_support.hpp
-- Up-to-date symlink: /home/bbcontact/magician_ros2/install/orbbec_camera_msgs/include/orbbec_camera_msgs/orbbec_camera_msgs/msg/detail/rgbd__builder.hpp
-- Up-to-date symlink: /home/bbcontact/magician_ros2/install/orbbec_camera_msgs/include/orbbec_camera_msgs/orbbec_camera_msgs/msg/detail/rgbd__struct.hpp
-- Up-to-date symlink: /home/bbcontact/magician_ros2/install/orbbec_camera_msgs/include/orbbec_camera_msgs/orbbec_camera_msgs/msg/detail/rgbd__traits.hpp
-- Up-to-date symlink: /home/bbcontact/magician_ros2/install/orbbec_camera_msgs/include/orbbec_camera_msgs/orbbec_camera_msgs/msg/detail/rgbd__type_support.hpp
-- Up-to-date symlink: /home/bbcontact/magician_ros2/install/orbbec_camera_msgs/include/orbbec_camera_msgs/orbbec_camera_msgs/msg/detail/stream_profile__builder.hpp
-- Up-to-date symlink: /home/bbcontact/magician_ros2/install/orbbec_camera_msgs/include/orbbec_camera_msgs/orbbec_camera_msgs/msg/detail/stream_profile__struct.hpp
-- Up-to-date symlink: /home/bbcontact/magician_ros2/install/orbbec_camera_msgs/include/orbbec_camera_msgs/orbbec_camera_msgs/msg/detail/stream_profile__traits.hpp
-- Up-to-date symlink: /home/bbcontact/magician_ros2/install/orbbec_camera_msgs/include/orbbec_camera_msgs/orbbec_camera_msgs/msg/detail/stream_profile__type_support.hpp
-- Up-to-date symlink: /home/bbcontact/magician_ros2/install/orbbec_camera_msgs/include/orbbec_camera_msgs/orbbec_camera_msgs/msg/device_info.hpp
-- Up-to-date symlink: /home/bbcontact/magician_ros2/install/orbbec_camera_msgs/include/orbbec_camera_msgs/orbbec_camera_msgs/msg/extrinsics.hpp
-- Up-to-date symlink: /home/bbcontact/magician_ros2/install/orbbec_camera_msgs/include/orbbec_camera_msgs/orbbec_camera_msgs/msg/imu_info.hpp
-- Up-to-date symlink: /home/bbcontact/magician_ros2/install/orbbec_camera_msgs/include/orbbec_camera_msgs/orbbec_camera_msgs/msg/metadata.hpp
-- Up-to-date symlink: /home/bbcontact/magician_ros2/install/orbbec_camera_msgs/include/orbbec_camera_msgs/orbbec_camera_msgs/msg/rgbd.hpp
-- Up-to-date symlink: /home/bbcontact/magician_ros2/install/orbbec_camera_msgs/include/orbbec_camera_msgs/orbbec_camera_msgs/msg/rosidl_generator_cpp__visibility_control.hpp
-- Up-to-date symlink: /home/bbcontact/magician_ros2/install/orbbec_camera_msgs/include/orbbec_camera_msgs/orbbec_camera_msgs/msg/stream_profile.hpp
-- Up-to-date symlink: /home/bbcontact/magician_ros2/install/orbbec_camera_msgs/include/orbbec_camera_msgs/orbbec_camera_msgs/srv/detail/get_bool__builder.hpp
-- Up-to-date symlink: /home/bbcontact/magician_ros2/install/orbbec_camera_msgs/include/orbbec_camera_msgs/orbbec_camera_msgs/srv/detail/get_bool__struct.hpp
-- Up-to-date symlink: /home/bbcontact/magician_ros2/install/orbbec_camera_msgs/include/orbbec_camera_msgs/orbbec_camera_msgs/srv/detail/get_bool__traits.hpp
-- Up-to-date symlink: /home/bbcontact/magician_ros2/install/orbbec_camera_msgs/include/orbbec_camera_msgs/orbbec_camera_msgs/srv/detail/get_bool__type_support.hpp
-- Up-to-date symlink: /home/bbcontact/magician_ros2/install/orbbec_camera_msgs/include/orbbec_camera_msgs/orbbec_camera_msgs/srv/detail/get_camera_info__builder.hpp
-- Up-to-date symlink: /home/bbcontact/magician_ros2/install/orbbec_camera_msgs/include/orbbec_camera_msgs/orbbec_camera_msgs/srv/detail/get_camera_info__struct.hpp
-- Up-to-date symlink: /home/bbcontact/magician_ros2/install/orbbec_camera_msgs/include/orbbec_camera_msgs/orbbec_camera_msgs/srv/detail/get_camera_info__traits.hpp
-- Up-to-date symlink: /home/bbcontact/magician_ros2/install/orbbec_camera_msgs/include/orbbec_camera_msgs/orbbec_camera_msgs/srv/detail/get_camera_info__type_support.hpp
-- Up-to-date symlink: /home/bbcontact/magician_ros2/install/orbbec_camera_msgs/include/orbbec_camera_msgs/orbbec_camera_msgs/srv/detail/get_device_info__builder.hpp
-- Up-to-date symlink: /home/bbcontact/magician_ros2/install/orbbec_camera_msgs/include/orbbec_camera_msgs/orbbec_camera_msgs/srv/detail/get_device_info__struct.hpp
-- Up-to-date symlink: /home/bbcontact/magician_ros2/install/orbbec_camera_msgs/include/orbbec_camera_msgs/orbbec_camera_msgs/srv/detail/get_device_info__traits.hpp
-- Up-to-date symlink: /home/bbcontact/magician_ros2/install/orbbec_camera_msgs/include/orbbec_camera_msgs/orbbec_camera_msgs/srv/detail/get_device_info__type_support.hpp
-- Up-to-date symlink: /home/bbcontact/magician_ros2/install/orbbec_camera_msgs/include/orbbec_camera_msgs/orbbec_camera_msgs/srv/detail/get_int32__builder.hpp
-- Up-to-date symlink: /home/bbcontact/magician_ros2/install/orbbec_camera_msgs/include/orbbec_camera_msgs/orbbec_camera_msgs/srv/detail/get_int32__struct.hpp
-- Up-to-date symlink: /home/bbcontact/magician_ros2/install/orbbec_camera_msgs/include/orbbec_camera_msgs/orbbec_camera_msgs/srv/detail/get_int32__traits.hpp
-- Up-to-date symlink: /home/bbcontact/magician_ros2/install/orbbec_camera_msgs/include/orbbec_camera_msgs/orbbec_camera_msgs/srv/detail/get_int32__type_support.hpp
-- Up-to-date symlink: /home/bbcontact/magician_ros2/install/orbbec_camera_msgs/include/orbbec_camera_msgs/orbbec_camera_msgs/srv/detail/get_string__builder.hpp
-- Up-to-date symlink: /home/bbcontact/magician_ros2/install/orbbec_camera_msgs/include/orbbec_camera_msgs/orbbec_camera_msgs/srv/detail/get_string__struct.hpp
-- Up-to-date symlink: /home/bbcontact/magician_ros2/install/orbbec_camera_msgs/include/orbbec_camera_msgs/orbbec_camera_msgs/srv/detail/get_string__traits.hpp
-- Up-to-date symlink: /home/bbcontact/magician_ros2/install/orbbec_camera_msgs/include/orbbec_camera_msgs/orbbec_camera_msgs/srv/detail/get_string__type_support.hpp
-- Up-to-date symlink: /home/bbcontact/magician_ros2/install/orbbec_camera_msgs/include/orbbec_camera_msgs/orbbec_camera_msgs/srv/detail/set_int32__builder.hpp
-- Up-to-date symlink: /home/bbcontact/magician_ros2/install/orbbec_camera_msgs/include/orbbec_camera_msgs/orbbec_camera_msgs/srv/detail/set_int32__struct.hpp
-- Up-to-date symlink: /home/bbcontact/magician_ros2/install/orbbec_camera_msgs/include/orbbec_camera_msgs/orbbec_camera_msgs/srv/detail/set_int32__traits.hpp
-- Up-to-date symlink: /home/bbcontact/magician_ros2/install/orbbec_camera_msgs/include/orbbec_camera_msgs/orbbec_camera_msgs/srv/detail/set_int32__type_support.hpp
-- Up-to-date symlink: /home/bbcontact/magician_ros2/install/orbbec_camera_msgs/include/orbbec_camera_msgs/orbbec_camera_msgs/srv/detail/set_stream_profile__builder.hpp
-- Up-to-date symlink: /home/bbcontact/magician_ros2/install/orbbec_camera_msgs/include/orbbec_camera_msgs/orbbec_camera_msgs/srv/detail/set_stream_profile__struct.hpp
-- Up-to-date symlink: /home/bbcontact/magician_ros2/install/orbbec_camera_msgs/include/orbbec_camera_msgs/orbbec_camera_msgs/srv/detail/set_stream_profile__traits.hpp
-- Up-to-date symlink: /home/bbcontact/magician_ros2/install/orbbec_camera_msgs/include/orbbec_camera_msgs/orbbec_camera_msgs/srv/detail/set_stream_profile__type_support.hpp
-- Up-to-date symlink: /home/bbcontact/magician_ros2/install/orbbec_camera_msgs/include/orbbec_camera_msgs/orbbec_camera_msgs/srv/detail/set_string__builder.hpp
-- Up-to-date symlink: /home/bbcontact/magician_ros2/install/orbbec_camera_msgs/include/orbbec_camera_msgs/orbbec_camera_msgs/srv/detail/set_string__struct.hpp
-- Up-to-date symlink: /home/bbcontact/magician_ros2/install/orbbec_camera_msgs/include/orbbec_camera_msgs/orbbec_camera_msgs/srv/detail/set_string__traits.hpp
-- Up-to-date symlink: /home/bbcontact/magician_ros2/install/orbbec_camera_msgs/include/orbbec_camera_msgs/orbbec_camera_msgs/srv/detail/set_string__type_support.hpp
-- Up-to-date symlink: /home/bbcontact/magician_ros2/install/orbbec_camera_msgs/include/orbbec_camera_msgs/orbbec_camera_msgs/srv/get_bool.hpp
-- Up-to-date symlink: /home/bbcontact/magician_ros2/install/orbbec_camera_msgs/include/orbbec_camera_msgs/orbbec_camera_msgs/srv/get_camera_info.hpp
-- Up-to-date symlink: /home/bbcontact/magician_ros2/install/orbbec_camera_msgs/include/orbbec_camera_msgs/orbbec_camera_msgs/srv/get_device_info.hpp
-- Up-to-date symlink: /home/bbcontact/magician_ros2/install/orbbec_camera_msgs/include/orbbec_camera_msgs/orbbec_camera_msgs/srv/get_int32.hpp
-- Up-to-date symlink: /home/bbcontact/magician_ros2/install/orbbec_camera_msgs/include/orbbec_camera_msgs/orbbec_camera_msgs/srv/get_string.hpp
-- Up-to-date symlink: /home/bbcontact/magician_ros2/install/orbbec_camera_msgs/include/orbbec_camera_msgs/orbbec_camera_msgs/srv/set_int32.hpp
-- Up-to-date symlink: /home/bbcontact/magician_ros2/install/orbbec_camera_msgs/include/orbbec_camera_msgs/orbbec_camera_msgs/srv/set_stream_profile.hpp
-- Up-to-date symlink: /home/bbcontact/magician_ros2/install/orbbec_camera_msgs/include/orbbec_camera_msgs/orbbec_camera_msgs/srv/set_string.hpp
-- Up-to-date symlink: /home/bbcontact/magician_ros2/install/orbbec_camera_msgs/include/orbbec_camera_msgs/orbbec_camera_msgs/msg/detail/device_info__rosidl_typesupport_fastrtps_cpp.hpp
-- Up-to-date symlink: /home/bbcontact/magician_ros2/install/orbbec_camera_msgs/include/orbbec_camera_msgs/orbbec_camera_msgs/msg/detail/extrinsics__rosidl_typesupport_fastrtps_cpp.hpp
-- Up-to-date symlink: /home/bbcontact/magician_ros2/install/orbbec_camera_msgs/include/orbbec_camera_msgs/orbbec_camera_msgs/msg/detail/imu_info__rosidl_typesupport_fastrtps_cpp.hpp
-- Up-to-date symlink: /home/bbcontact/magician_ros2/install/orbbec_camera_msgs/include/orbbec_camera_msgs/orbbec_camera_msgs/msg/detail/metadata__rosidl_typesupport_fastrtps_cpp.hpp
-- Up-to-date symlink: /home/bbcontact/magician_ros2/install/orbbec_camera_msgs/include/orbbec_camera_msgs/orbbec_camera_msgs/msg/detail/rgbd__rosidl_typesupport_fastrtps_cpp.hpp
-- Up-to-date symlink: /home/bbcontact/magician_ros2/install/orbbec_camera_msgs/include/orbbec_camera_msgs/orbbec_camera_msgs/msg/detail/stream_profile__rosidl_typesupport_fastrtps_cpp.hpp
-- Up-to-date symlink: /home/bbcontact/magician_ros2/install/orbbec_camera_msgs/include/orbbec_camera_msgs/orbbec_camera_msgs/msg/rosidl_typesupport_fastrtps_cpp__visibility_control.h
-- Up-to-date symlink: /home/bbcontact/magician_ros2/install/orbbec_camera_msgs/include/orbbec_camera_msgs/orbbec_camera_msgs/srv/detail/get_bool__rosidl_typesupport_fastrtps_cpp.hpp
-- Up-to-date symlink: /home/bbcontact/magician_ros2/install/orbbec_camera_msgs/include/orbbec_camera_msgs/orbbec_camera_msgs/srv/detail/get_camera_info__rosidl_typesupport_fastrtps_cpp.hpp
-- Up-to-date symlink: /home/bbcontact/magician_ros2/install/orbbec_camera_msgs/include/orbbec_camera_msgs/orbbec_camera_msgs/srv/detail/get_device_info__rosidl_typesupport_fastrtps_cpp.hpp
-- Up-to-date symlink: /home/bbcontact/magician_ros2/install/orbbec_camera_msgs/include/orbbec_camera_msgs/orbbec_camera_msgs/srv/detail/get_int32__rosidl_typesupport_fastrtps_cpp.hpp
-- Up-to-date symlink: /home/bbcontact/magician_ros2/install/orbbec_camera_msgs/include/orbbec_camera_msgs/orbbec_camera_msgs/srv/detail/get_string__rosidl_typesupport_fastrtps_cpp.hpp
-- Up-to-date symlink: /home/bbcontact/magician_ros2/install/orbbec_camera_msgs/include/orbbec_camera_msgs/orbbec_camera_msgs/srv/detail/set_int32__rosidl_typesupport_fastrtps_cpp.hpp
-- Up-to-date symlink: /home/bbcontact/magician_ros2/install/orbbec_camera_msgs/include/orbbec_camera_msgs/orbbec_camera_msgs/srv/detail/set_stream_profile__rosidl_typesupport_fastrtps_cpp.hpp
-- Up-to-date symlink: /home/bbcontact/magician_ros2/install/orbbec_camera_msgs/include/orbbec_camera_msgs/orbbec_camera_msgs/srv/detail/set_string__rosidl_typesupport_fastrtps_cpp.hpp
-- Up-to-date symlink: /home/bbcontact/magician_ros2/install/orbbec_camera_msgs/include/orbbec_camera_msgs/orbbec_camera_msgs/msg/detail/device_info__rosidl_typesupport_introspection_cpp.hpp
-- Up-to-date symlink: /home/bbcontact/magician_ros2/install/orbbec_camera_msgs/include/orbbec_camera_msgs/orbbec_camera_msgs/msg/detail/extrinsics__rosidl_typesupport_introspection_cpp.hpp
-- Up-to-date symlink: /home/bbcontact/magician_ros2/install/orbbec_camera_msgs/include/orbbec_camera_msgs/orbbec_camera_msgs/msg/detail/imu_info__rosidl_typesupport_introspection_cpp.hpp
-- Up-to-date symlink: /home/bbcontact/magician_ros2/install/orbbec_camera_msgs/include/orbbec_camera_msgs/orbbec_camera_msgs/msg/detail/metadata__rosidl_typesupport_introspection_cpp.hpp
-- Up-to-date symlink: /home/bbcontact/magician_ros2/install/orbbec_camera_msgs/include/orbbec_camera_msgs/orbbec_camera_msgs/msg/detail/rgbd__rosidl_typesupport_introspection_cpp.hpp
-- Up-to-date symlink: /home/bbcontact/magician_ros2/install/orbbec_camera_msgs/include/orbbec_camera_msgs/orbbec_camera_msgs/msg/detail/stream_profile__rosidl_typesupport_introspection_cpp.hpp
-- Up-to-date symlink: /home/bbcontact/magician_ros2/install/orbbec_camera_msgs/include/orbbec_camera_msgs/orbbec_camera_msgs/srv/detail/get_bool__rosidl_typesupport_introspection_cpp.hpp
-- Up-to-date symlink: /home/bbcontact/magician_ros2/install/orbbec_camera_msgs/include/orbbec_camera_msgs/orbbec_camera_msgs/srv/detail/get_camera_info__rosidl_typesupport_introspection_cpp.hpp
-- Up-to-date symlink: /home/bbcontact/magician_ros2/install/orbbec_camera_msgs/include/orbbec_camera_msgs/orbbec_camera_msgs/srv/detail/get_device_info__rosidl_typesupport_introspection_cpp.hpp
-- Up-to-date symlink: /home/bbcontact/magician_ros2/install/orbbec_camera_msgs/include/orbbec_camera_msgs/orbbec_camera_msgs/srv/detail/get_int32__rosidl_typesupport_introspection_cpp.hpp
-- Up-to-date symlink: /home/bbcontact/magician_ros2/install/orbbec_camera_msgs/include/orbbec_camera_msgs/orbbec_camera_msgs/srv/detail/get_string__rosidl_typesupport_introspection_cpp.hpp
-- Up-to-date symlink: /home/bbcontact/magician_ros2/install/orbbec_camera_msgs/include/orbbec_camera_msgs/orbbec_camera_msgs/srv/detail/set_int32__rosidl_typesupport_introspection_cpp.hpp
-- Up-to-date symlink: /home/bbcontact/magician_ros2/install/orbbec_camera_msgs/include/orbbec_camera_msgs/orbbec_camera_msgs/srv/detail/set_stream_profile__rosidl_typesupport_introspection_cpp.hpp
-- Up-to-date symlink: /home/bbcontact/magician_ros2/install/orbbec_camera_msgs/include/orbbec_camera_msgs/orbbec_camera_msgs/srv/detail/set_string__rosidl_typesupport_introspection_cpp.hpp
-- Up-to-date symlink: /home/bbcontact/magician_ros2/install/orbbec_camera_msgs/share/orbbec_camera_msgs/environment/pythonpath.sh
-- Up-to-date symlink: /home/bbcontact/magician_ros2/install/orbbec_camera_msgs/share/orbbec_camera_msgs/environment/pythonpath.dsv
-- Up-to-date symlink: /home/bbcontact/magician_ros2/install/orbbec_camera_msgs/lib/python3.12/site-packages/orbbec_camera_msgs-1.5.22-py3.12.egg-info/PKG-INFO
-- Up-to-date symlink: /home/bbcontact/magician_ros2/install/orbbec_camera_msgs/lib/python3.12/site-packages/orbbec_camera_msgs-1.5.22-py3.12.egg-info/SOURCES.txt
-- Up-to-date symlink: /home/bbcontact/magician_ros2/install/orbbec_camera_msgs/lib/python3.12/site-packages/orbbec_camera_msgs-1.5.22-py3.12.egg-info/dependency_links.txt
-- Up-to-date symlink: /home/bbcontact/magician_ros2/install/orbbec_camera_msgs/lib/python3.12/site-packages/orbbec_camera_msgs-1.5.22-py3.12.egg-info/top_level.txt
-- Up-to-date symlink: /home/bbcontact/magician_ros2/install/orbbec_camera_msgs/lib/python3.12/site-packages/orbbec_camera_msgs/__init__.py
-- Up-to-date symlink: /home/bbcontact/magician_ros2/install/orbbec_camera_msgs/lib/python3.12/site-packages/orbbec_camera_msgs/_orbbec_camera_msgs_s.ep.rosidl_typesupport_c.c
-- Up-to-date symlink: /home/bbcontact/magician_ros2/install/orbbec_camera_msgs/lib/python3.12/site-packages/orbbec_camera_msgs/_orbbec_camera_msgs_s.ep.rosidl_typesupport_fastrtps_c.c
-- Up-to-date symlink: /home/bbcontact/magician_ros2/install/orbbec_camera_msgs/lib/python3.12/site-packages/orbbec_camera_msgs/_orbbec_camera_msgs_s.ep.rosidl_typesupport_introspection_c.c
-- Up-to-date symlink: /home/bbcontact/magician_ros2/install/orbbec_camera_msgs/lib/python3.12/site-packages/orbbec_camera_msgs/msg/__init__.py
-- Up-to-date symlink: /home/bbcontact/magician_ros2/install/orbbec_camera_msgs/lib/python3.12/site-packages/orbbec_camera_msgs/msg/_device_info.py
-- Up-to-date symlink: /home/bbcontact/magician_ros2/install/orbbec_camera_msgs/lib/python3.12/site-packages/orbbec_camera_msgs/msg/_device_info_s.c
-- Up-to-date symlink: /home/bbcontact/magician_ros2/install/orbbec_camera_msgs/lib/python3.12/site-packages/orbbec_camera_msgs/msg/_extrinsics.py
-- Up-to-date symlink: /home/bbcontact/magician_ros2/install/orbbec_camera_msgs/lib/python3.12/site-packages/orbbec_camera_msgs/msg/_extrinsics_s.c
-- Up-to-date symlink: /home/bbcontact/magician_ros2/install/orbbec_camera_msgs/lib/python3.12/site-packages/orbbec_camera_msgs/msg/_imu_info.py
-- Up-to-date symlink: /home/bbcontact/magician_ros2/install/orbbec_camera_msgs/lib/python3.12/site-packages/orbbec_camera_msgs/msg/_imu_info_s.c
-- Up-to-date symlink: /home/bbcontact/magician_ros2/install/orbbec_camera_msgs/lib/python3.12/site-packages/orbbec_camera_msgs/msg/_metadata.py
-- Up-to-date symlink: /home/bbcontact/magician_ros2/install/orbbec_camera_msgs/lib/python3.12/site-packages/orbbec_camera_msgs/msg/_metadata_s.c
-- Up-to-date symlink: /home/bbcontact/magician_ros2/install/orbbec_camera_msgs/lib/python3.12/site-packages/orbbec_camera_msgs/msg/_rgbd.py
-- Up-to-date symlink: /home/bbcontact/magician_ros2/install/orbbec_camera_msgs/lib/python3.12/site-packages/orbbec_camera_msgs/msg/_rgbd_s.c
-- Up-to-date symlink: /home/bbcontact/magician_ros2/install/orbbec_camera_msgs/lib/python3.12/site-packages/orbbec_camera_msgs/msg/_stream_profile.py
-- Up-to-date symlink: /home/bbcontact/magician_ros2/install/orbbec_camera_msgs/lib/python3.12/site-packages/orbbec_camera_msgs/msg/_stream_profile_s.c
-- Up-to-date symlink: /home/bbcontact/magician_ros2/install/orbbec_camera_msgs/lib/python3.12/site-packages/orbbec_camera_msgs/orbbec_camera_msgs_s__rosidl_typesupport_c.so
-- Up-to-date symlink: /home/bbcontact/magician_ros2/install/orbbec_camera_msgs/lib/python3.12/site-packages/orbbec_camera_msgs/orbbec_camera_msgs_s__rosidl_typesupport_fastrtps_c.so
-- Up-to-date symlink: /home/bbcontact/magician_ros2/install/orbbec_camera_msgs/lib/python3.12/site-packages/orbbec_camera_msgs/orbbec_camera_msgs_s__rosidl_typesupport_introspection_c.so
-- Up-to-date symlink: /home/bbcontact/magician_ros2/install/orbbec_camera_msgs/lib/python3.12/site-packages/orbbec_camera_msgs/srv/__init__.py
-- Up-to-date symlink: /home/bbcontact/magician_ros2/install/orbbec_camera_msgs/lib/python3.12/site-packages/orbbec_camera_msgs/srv/_get_bool.py
-- Up-to-date symlink: /home/bbcontact/magician_ros2/install/orbbec_camera_msgs/lib/python3.12/site-packages/orbbec_camera_msgs/srv/_get_bool_s.c
-- Up-to-date symlink: /home/bbcontact/magician_ros2/install/orbbec_camera_msgs/lib/python3.12/site-packages/orbbec_camera_msgs/srv/_get_camera_info.py
-- Up-to-date symlink: /home/bbcontact/magician_ros2/install/orbbec_camera_msgs/lib/python3.12/site-packages/orbbec_camera_msgs/srv/_get_camera_info_s.c
-- Up-to-date symlink: /home/bbcontact/magician_ros2/install/orbbec_camera_msgs/lib/python3.12/site-packages/orbbec_camera_msgs/srv/_get_device_info.py
-- Up-to-date symlink: /home/bbcontact/magician_ros2/install/orbbec_camera_msgs/lib/python3.12/site-packages/orbbec_camera_msgs/srv/_get_device_info_s.c
-- Up-to-date symlink: /home/bbcontact/magician_ros2/install/orbbec_camera_msgs/lib/python3.12/site-packages/orbbec_camera_msgs/srv/_get_int32.py
-- Up-to-date symlink: /home/bbcontact/magician_ros2/install/orbbec_camera_msgs/lib/python3.12/site-packages/orbbec_camera_msgs/srv/_get_int32_s.c
-- Up-to-date symlink: /home/bbcontact/magician_ros2/install/orbbec_camera_msgs/lib/python3.12/site-packages/orbbec_camera_msgs/srv/_get_string.py
-- Up-to-date symlink: /home/bbcontact/magician_ros2/install/orbbec_camera_msgs/lib/python3.12/site-packages/orbbec_camera_msgs/srv/_get_string_s.c
-- Up-to-date symlink: /home/bbcontact/magician_ros2/install/orbbec_camera_msgs/lib/python3.12/site-packages/orbbec_camera_msgs/srv/_set_int32.py
-- Up-to-date symlink: /home/bbcontact/magician_ros2/install/orbbec_camera_msgs/lib/python3.12/site-packages/orbbec_camera_msgs/srv/_set_int32_s.c
-- Up-to-date symlink: /home/bbcontact/magician_ros2/install/orbbec_camera_msgs/lib/python3.12/site-packages/orbbec_camera_msgs/srv/_set_stream_profile.py
-- Up-to-date symlink: /home/bbcontact/magician_ros2/install/orbbec_camera_msgs/lib/python3.12/site-packages/orbbec_camera_msgs/srv/_set_stream_profile_s.c
-- Up-to-date symlink: /home/bbcontact/magician_ros2/install/orbbec_camera_msgs/lib/python3.12/site-packages/orbbec_camera_msgs/srv/_set_string.py
-- Up-to-date symlink: /home/bbcontact/magician_ros2/install/orbbec_camera_msgs/lib/python3.12/site-packages/orbbec_camera_msgs/srv/_set_string_s.c
-- Up-to-date symlink: /home/bbcontact/magician_ros2/install/orbbec_camera_msgs/lib/python3.12/site-packages/orbbec_camera_msgs/orbbec_camera_msgs_s__rosidl_typesupport_fastrtps_c.so
-- Up-to-date symlink: /home/bbcontact/magician_ros2/install/orbbec_camera_msgs/lib/python3.12/site-packages/orbbec_camera_msgs/orbbec_camera_msgs_s__rosidl_typesupport_introspection_c.so
-- Up-to-date symlink: /home/bbcontact/magician_ros2/install/orbbec_camera_msgs/lib/python3.12/site-packages/orbbec_camera_msgs/orbbec_camera_msgs_s__rosidl_typesupport_c.so
-- Up-to-date symlink: /home/bbcontact/magician_ros2/install/orbbec_camera_msgs/share/ament_index/resource_index/rust_packages/orbbec_camera_msgs
-- Up-to-date symlink: /home/bbcontact/magician_ros2/install/orbbec_camera_msgs/share/orbbec_camera_msgs/rust/Cargo.toml
-- Up-to-date symlink: /home/bbcontact/magician_ros2/install/orbbec_camera_msgs/share/orbbec_camera_msgs/rust/build.rs
-- Up-to-date symlink: /home/bbcontact/magician_ros2/install/orbbec_camera_msgs/share/orbbec_camera_msgs/rust/src/lib.rs
-- Up-to-date symlink: /home/bbcontact/magician_ros2/install/orbbec_camera_msgs/share/orbbec_camera_msgs/rust/src/msg.rs
-- Up-to-date symlink: /home/bbcontact/magician_ros2/install/orbbec_camera_msgs/share/orbbec_camera_msgs/rust/src/msg/rmw.rs
-- Up-to-date symlink: /home/bbcontact/magician_ros2/install/orbbec_camera_msgs/share/orbbec_camera_msgs/rust/src/srv.rs
-- Up-to-date symlink: /home/bbcontact/magician_ros2/install/orbbec_camera_msgs/share/orbbec_camera_msgs/rust/src/srv/rmw.rs
-- Up-to-date symlink: /home/bbcontact/magician_ros2/install/orbbec_camera_msgs/share/orbbec_camera_msgs/msg/DeviceInfo.idl
-- Up-to-date symlink: /home/bbcontact/magician_ros2/install/orbbec_camera_msgs/share/orbbec_camera_msgs/msg/Extrinsics.idl
-- Up-to-date symlink: /home/bbcontact/magician_ros2/install/orbbec_camera_msgs/share/orbbec_camera_msgs/msg/Metadata.idl
-- Up-to-date symlink: /home/bbcontact/magician_ros2/install/orbbec_camera_msgs/share/orbbec_camera_msgs/msg/IMUInfo.idl
-- Up-to-date symlink: /home/bbcontact/magician_ros2/install/orbbec_camera_msgs/share/orbbec_camera_msgs/msg/RGBD.idl
-- Up-to-date symlink: /home/bbcontact/magician_ros2/install/orbbec_camera_msgs/share/orbbec_camera_msgs/msg/StreamProfile.idl
-- Up-to-date symlink: /home/bbcontact/magician_ros2/install/orbbec_camera_msgs/share/orbbec_camera_msgs/srv/GetBool.idl
-- Up-to-date symlink: /home/bbcontact/magician_ros2/install/orbbec_camera_msgs/share/orbbec_camera_msgs/srv/GetDeviceInfo.idl
-- Up-to-date symlink: /home/bbcontact/magician_ros2/install/orbbec_camera_msgs/share/orbbec_camera_msgs/srv/GetCameraInfo.idl
-- Up-to-date symlink: /home/bbcontact/magician_ros2/install/orbbec_camera_msgs/share/orbbec_camera_msgs/srv/GetInt32.idl
-- Up-to-date symlink: /home/bbcontact/magician_ros2/install/orbbec_camera_msgs/share/orbbec_camera_msgs/srv/GetString.idl
-- Up-to-date symlink: /home/bbcontact/magician_ros2/install/orbbec_camera_msgs/share/orbbec_camera_msgs/srv/SetInt32.idl
-- Up-to-date symlink: /home/bbcontact/magician_ros2/install/orbbec_camera_msgs/share/orbbec_camera_msgs/srv/SetString.idl
-- Up-to-date symlink: /home/bbcontact/magician_ros2/install/orbbec_camera_msgs/share/orbbec_camera_msgs/srv/SetStreamProfile.idl
-- Up-to-date symlink: /home/bbcontact/magician_ros2/install/orbbec_camera_msgs/share/orbbec_camera_msgs/msg/DeviceInfo.msg
-- Up-to-date symlink: /home/bbcontact/magician_ros2/install/orbbec_camera_msgs/share/orbbec_camera_msgs/msg/Extrinsics.msg
-- Up-to-date symlink: /home/bbcontact/magician_ros2/install/orbbec_camera_msgs/share/orbbec_camera_msgs/msg/Metadata.msg
-- Up-to-date symlink: /home/bbcontact/magician_ros2/install/orbbec_camera_msgs/share/orbbec_camera_msgs/msg/IMUInfo.msg
-- Up-to-date symlink: /home/bbcontact/magician_ros2/install/orbbec_camera_msgs/share/orbbec_camera_msgs/msg/RGBD.msg
-- Up-to-date symlink: /home/bbcontact/magician_ros2/install/orbbec_camera_msgs/share/orbbec_camera_msgs/msg/StreamProfile.msg
-- Up-to-date symlink: /home/bbcontact/magician_ros2/install/orbbec_camera_msgs/share/orbbec_camera_msgs/srv/GetBool.srv
-- Up-to-date symlink: /home/bbcontact/magician_ros2/install/orbbec_camera_msgs/share/orbbec_camera_msgs/srv/GetDeviceInfo.srv
-- Up-to-date symlink: /home/bbcontact/magician_ros2/install/orbbec_camera_msgs/share/orbbec_camera_msgs/srv/GetCameraInfo.srv
-- Up-to-date symlink: /home/bbcontact/magician_ros2/install/orbbec_camera_msgs/share/orbbec_camera_msgs/srv/GetInt32.srv
-- Up-to-date symlink: /home/bbcontact/magician_ros2/install/orbbec_camera_msgs/share/orbbec_camera_msgs/srv/GetString.srv
-- Up-to-date symlink: /home/bbcontact/magician_ros2/install/orbbec_camera_msgs/share/orbbec_camera_msgs/srv/SetInt32.srv
-- Up-to-date symlink: /home/bbcontact/magician_ros2/install/orbbec_camera_msgs/share/orbbec_camera_msgs/srv/SetString.srv
-- Up-to-date symlink: /home/bbcontact/magician_ros2/install/orbbec_camera_msgs/share/orbbec_camera_msgs/srv/SetStreamProfile.srv
-- Up-to-date symlink: /home/bbcontact/magician_ros2/install/orbbec_camera_msgs/share/ament_index/resource_index/package_run_dependencies/orbbec_camera_msgs
-- Up-to-date symlink: /home/bbcontact/magician_ros2/install/orbbec_camera_msgs/share/ament_index/resource_index/parent_prefix_path/orbbec_camera_msgs
-- Up-to-date symlink: /home/bbcontact/magician_ros2/install/orbbec_camera_msgs/share/orbbec_camera_msgs/environment/ament_prefix_path.sh
-- Up-to-date symlink: /home/bbcontact/magician_ros2/install/orbbec_camera_msgs/share/orbbec_camera_msgs/environment/ament_prefix_path.dsv
-- Up-to-date symlink: /home/bbcontact/magician_ros2/install/orbbec_camera_msgs/share/orbbec_camera_msgs/environment/path.sh
-- Up-to-date symlink: /home/bbcontact/magician_ros2/install/orbbec_camera_msgs/share/orbbec_camera_msgs/environment/path.dsv
-- Up-to-date symlink: /home/bbcontact/magician_ros2/install/orbbec_camera_msgs/share/orbbec_camera_msgs/local_setup.bash
-- Up-to-date symlink: /home/bbcontact/magician_ros2/install/orbbec_camera_msgs/share/orbbec_camera_msgs/local_setup.sh
-- Up-to-date symlink: /home/bbcontact/magician_ros2/install/orbbec_camera_msgs/share/orbbec_camera_msgs/local_setup.zsh
-- Up-to-date symlink: /home/bbcontact/magician_ros2/install/orbbec_camera_msgs/share/orbbec_camera_msgs/local_setup.dsv
-- Symlinking: /home/bbcontact/magician_ros2/install/orbbec_camera_msgs/share/orbbec_camera_msgs/package.dsv
-- Up-to-date symlink: /home/bbcontact/magician_ros2/install/orbbec_camera_msgs/share/ament_index/resource_index/packages/orbbec_camera_msgs
-- Up-to-date symlink: /home/bbcontact/magician_ros2/install/orbbec_camera_msgs/share/orbbec_camera_msgs/cmake/rosidl_cmake-extras.cmake
-- Up-to-date symlink: /home/bbcontact/magician_ros2/install/orbbec_camera_msgs/share/orbbec_camera_msgs/cmake/ament_cmake_export_dependencies-extras.cmake
-- Up-to-date symlink: /home/bbcontact/magician_ros2/install/orbbec_camera_msgs/share/orbbec_camera_msgs/cmake/ament_cmake_export_include_directories-extras.cmake
-- Up-to-date symlink: /home/bbcontact/magician_ros2/install/orbbec_camera_msgs/share/orbbec_camera_msgs/cmake/ament_cmake_export_libraries-extras.cmake
-- Up-to-date symlink: /home/bbcontact/magician_ros2/install/orbbec_camera_msgs/share/orbbec_camera_msgs/cmake/ament_cmake_export_targets-extras.cmake
-- Up-to-date symlink: /home/bbcontact/magician_ros2/install/orbbec_camera_msgs/share/orbbec_camera_msgs/cmake/rosidl_cmake_export_typesupport_targets-extras.cmake
-- Up-to-date symlink: /home/bbcontact/magician_ros2/install/orbbec_camera_msgs/share/orbbec_camera_msgs/cmake/rosidl_cmake_export_typesupport_libraries-extras.cmake
-- Up-to-date symlink: /home/bbcontact/magician_ros2/install/orbbec_camera_msgs/share/orbbec_camera_msgs/cmake/rosidl_cmake_aggregate_target-extras.cmake
-- Up-to-date symlink: /home/bbcontact/magician_ros2/install/orbbec_camera_msgs/share/orbbec_camera_msgs/cmake/orbbec_camera_msgsConfig.cmake
-- Up-to-date symlink: /home/bbcontact/magician_ros2/install/orbbec_camera_msgs/share/orbbec_camera_msgs/cmake/orbbec_camera_msgsConfig-version.cmake
-- Up-to-date symlink: /home/bbcontact/magician_ros2/install/orbbec_camera_msgs/share/orbbec_camera_msgs/package.xml
-- Up-to-date: /home/bbcontact/magician_ros2/install/orbbec_camera_msgs/lib/liborbbec_camera_msgs__rosidl_generator_c.so
-- Up-to-date: /home/bbcontact/magician_ros2/install/orbbec_camera_msgs/lib/liborbbec_camera_msgs__rosidl_typesupport_fastrtps_c.so
-- Up-to-date: /home/bbcontact/magician_ros2/install/orbbec_camera_msgs/lib/liborbbec_camera_msgs__rosidl_typesupport_introspection_c.so
-- Up-to-date: /home/bbcontact/magician_ros2/install/orbbec_camera_msgs/lib/liborbbec_camera_msgs__rosidl_typesupport_c.so
-- Up-to-date: /home/bbcontact/magician_ros2/install/orbbec_camera_msgs/lib/liborbbec_camera_msgs__rosidl_typesupport_fastrtps_cpp.so
-- Up-to-date: /home/bbcontact/magician_ros2/install/orbbec_camera_msgs/lib/liborbbec_camera_msgs__rosidl_typesupport_introspection_cpp.so
-- Up-to-date: /home/bbcontact/magician_ros2/install/orbbec_camera_msgs/lib/liborbbec_camera_msgs__rosidl_typesupport_cpp.so
Listing '/home/bbcontact/magician_ros2/install/orbbec_camera_msgs/lib/python3.12/site-packages/orbbec_camera_msgs'...
Compiling '/home/bbcontact/magician_ros2/install/orbbec_camera_msgs/lib/python3.12/site-packages/orbbec_camera_msgs/__init__.py'...
Listing '/home/bbcontact/magician_ros2/install/orbbec_camera_msgs/lib/python3.12/site-packages/orbbec_camera_msgs/msg'...
Listing '/home/bbcontact/magician_ros2/install/orbbec_camera_msgs/lib/python3.12/site-packages/orbbec_camera_msgs/srv'...
-- Up-to-date: /home/bbcontact/magician_ros2/install/orbbec_camera_msgs/lib/liborbbec_camera_msgs__rosidl_generator_py.so
-- Up-to-date: /home/bbcontact/magician_ros2/install/orbbec_camera_msgs/share/orbbec_camera_msgs/cmake/export_orbbec_camera_msgs__rosidl_generator_cExport.cmake
-- Up-to-date: /home/bbcontact/magician_ros2/install/orbbec_camera_msgs/share/orbbec_camera_msgs/cmake/export_orbbec_camera_msgs__rosidl_generator_cExport-noconfig.cmake
-- Up-to-date: /home/bbcontact/magician_ros2/install/orbbec_camera_msgs/share/orbbec_camera_msgs/cmake/export_orbbec_camera_msgs__rosidl_typesupport_fastrtps_cExport.cmake
-- Up-to-date: /home/bbcontact/magician_ros2/install/orbbec_camera_msgs/share/orbbec_camera_msgs/cmake/export_orbbec_camera_msgs__rosidl_typesupport_fastrtps_cExport-noconfig.cmake
-- Up-to-date: /home/bbcontact/magician_ros2/install/orbbec_camera_msgs/share/orbbec_camera_msgs/cmake/orbbec_camera_msgs__rosidl_typesupport_introspection_cExport.cmake
-- Up-to-date: /home/bbcontact/magician_ros2/install/orbbec_camera_msgs/share/orbbec_camera_msgs/cmake/orbbec_camera_msgs__rosidl_typesupport_introspection_cExport-noconfig.cmake
-- Up-to-date: /home/bbcontact/magician_ros2/install/orbbec_camera_msgs/share/orbbec_camera_msgs/cmake/orbbec_camera_msgs__rosidl_typesupport_cExport.cmake
-- Up-to-date: /home/bbcontact/magician_ros2/install/orbbec_camera_msgs/share/orbbec_camera_msgs/cmake/orbbec_camera_msgs__rosidl_typesupport_cExport-noconfig.cmake
-- Up-to-date: /home/bbcontact/magician_ros2/install/orbbec_camera_msgs/share/orbbec_camera_msgs/cmake/export_orbbec_camera_msgs__rosidl_generator_cppExport.cmake
-- Up-to-date: /home/bbcontact/magician_ros2/install/orbbec_camera_msgs/share/orbbec_camera_msgs/cmake/export_orbbec_camera_msgs__rosidl_typesupport_fastrtps_cppExport.cmake
-- Up-to-date: /home/bbcontact/magician_ros2/install/orbbec_camera_msgs/share/orbbec_camera_msgs/cmake/export_orbbec_camera_msgs__rosidl_typesupport_fastrtps_cppExport-noconfig.cmake
-- Up-to-date: /home/bbcontact/magician_ros2/install/orbbec_camera_msgs/share/orbbec_camera_msgs/cmake/orbbec_camera_msgs__rosidl_typesupport_introspection_cppExport.cmake
-- Up-to-date: /home/bbcontact/magician_ros2/install/orbbec_camera_msgs/share/orbbec_camera_msgs/cmake/orbbec_camera_msgs__rosidl_typesupport_introspection_cppExport-noconfig.cmake
-- Up-to-date: /home/bbcontact/magician_ros2/install/orbbec_camera_msgs/share/orbbec_camera_msgs/cmake/orbbec_camera_msgs__rosidl_typesupport_cppExport.cmake
-- Up-to-date: /home/bbcontact/magician_ros2/install/orbbec_camera_msgs/share/orbbec_camera_msgs/cmake/orbbec_camera_msgs__rosidl_typesupport_cppExport-noconfig.cmake
-- Up-to-date: /home/bbcontact/magician_ros2/install/orbbec_camera_msgs/share/orbbec_camera_msgs/cmake/export_orbbec_camera_msgs__rosidl_generator_pyExport.cmake
-- Up-to-date: /home/bbcontact/magician_ros2/install/orbbec_camera_msgs/share/orbbec_camera_msgs/cmake/export_orbbec_camera_msgs__rosidl_generator_pyExport-noconfig.cmake
