[0.054s] Invoking command in '/home/bbcontact/magician_ros2/build/orbbec_camera_msgs': CMAKE_PREFIX_PATH=${CMAKE_PREFIX_PATH}:/opt/ros/jazzy DEBUGINFOD_URLS=https://debuginfod.ubuntu.com /usr/bin/cmake /home/bbcontact/magician_ros2/src/OrbbecSDK_ROS2/orbbec_camera_msgs -DCMAKE_INSTALL_PREFIX=/home/bbcontact/magician_ros2/install/orbbec_camera_msgs
[1.975s] -- Found ament_cmake: 2.5.6 (/opt/ros/jazzy/share/ament_cmake/cmake)
[1.975s] -- Override CMake install command with custom implementation using symlinks instead of copying resources
[1.977s] -- Found rosidl_default_generators: 1.6.1 (/opt/ros/jazzy/share/rosidl_default_generators/cmake)
[1.977s] -- Using all available rosidl_typesupport_c: rosidl_typesupport_fastrtps_c;rosidl_typesupport_introspection_c
[1.977s] -- Using all available rosidl_typesupport_cpp: rosidl_typesupport_fastrtps_cpp;rosidl_typesupport_introspection_cpp
[1.978s] -- Found rosidl_adapter: 4.6.9 (/opt/ros/jazzy/share/rosidl_adapter/cmake)
[1.978s] -- Found sensor_msgs: 5.3.8 (/opt/ros/jazzy/share/sensor_msgs/cmake)
[2.562s] -- Found ament_cmake_ros: 0.12.1 (/opt/ros/jazzy/share/ament_cmake_ros/cmake)
[3.366s] -- Using all available rosidl_typesupport_c: rosidl_typesupport_fastrtps_c;rosidl_typesupport_introspection_c
[4.274s] -- Using all available rosidl_typesupport_cpp: rosidl_typesupport_fastrtps_cpp;rosidl_typesupport_introspection_cpp
[4.277s] -- Found python_cmake_module: 0.11.1 (/opt/ros/jazzy/share/python_cmake_module/cmake)
[5.243s] -- Found Python3: /usr/bin/python3 (found version "3.12.3") found components: Interpreter Development NumPy Development.Module Development.Embed 
[5.682s] -- Found Python3: /usr/bin/python3 (found version "3.12.3") found components: Interpreter 
[5.697s] -- Found ament_lint_auto: 0.17.5 (/opt/ros/jazzy/share/ament_lint_auto/cmake)
[5.732s] -- Added test 'copyright' to check source files copyright and LICENSE
[5.736s] -- Added test 'lint_cmake' to check CMake code style
[5.741s] -- Added test 'xmllint' to check XML markup files
[5.750s] -- Configuring done (5.7s)
[6.021s] -- Generating done (0.2s)
[6.090s] -- Build files have been written to: /home/bbcontact/magician_ros2/build/orbbec_camera_msgs
[6.123s] Invoked command in '/home/bbcontact/magician_ros2/build/orbbec_camera_msgs' returned '0': CMAKE_PREFIX_PATH=${CMAKE_PREFIX_PATH}:/opt/ros/jazzy DEBUGINFOD_URLS=https://debuginfod.ubuntu.com /usr/bin/cmake /home/bbcontact/magician_ros2/src/OrbbecSDK_ROS2/orbbec_camera_msgs -DCMAKE_INSTALL_PREFIX=/home/bbcontact/magician_ros2/install/orbbec_camera_msgs
[6.127s] Invoking command in '/home/bbcontact/magician_ros2/build/orbbec_camera_msgs': CMAKE_PREFIX_PATH=${CMAKE_PREFIX_PATH}:/opt/ros/jazzy DEBUGINFOD_URLS=https://debuginfod.ubuntu.com /usr/bin/cmake --build /home/bbcontact/magician_ros2/build/orbbec_camera_msgs -- -j8 -l8
[6.392s] [  1%] Built target orbbec_camera_msgs__rs
[6.407s] [  2%] Built target orbbec_camera_msgs__rosidl_generator_type_description
[6.454s] [  2%] Built target ament_cmake_python_symlink_orbbec_camera_msgs
[6.565s] [  2%] Built target orbbec_camera_msgs__cpp
[6.597s] [ 28%] Built target orbbec_camera_msgs__rosidl_generator_c
[6.810s] [ 38%] Built target orbbec_camera_msgs__rosidl_typesupport_introspection_c
[6.822s] [ 48%] Built target orbbec_camera_msgs__rosidl_typesupport_c
[6.857s] [ 58%] Built target orbbec_camera_msgs__rosidl_typesupport_fastrtps_c
[6.883s] [ 67%] Built target orbbec_camera_msgs__rosidl_typesupport_introspection_cpp
[6.891s] [ 77%] Built target orbbec_camera_msgs__rosidl_typesupport_fastrtps_cpp
[6.893s] [ 86%] Built target orbbec_camera_msgs__rosidl_typesupport_cpp
[6.965s] [ 86%] Built target orbbec_camera_msgs
[7.048s] [ 87%] Built target orbbec_camera_msgs__py
[7.171s] [ 96%] Built target orbbec_camera_msgs__rosidl_generator_py
[7.248s] [ 98%] Built target orbbec_camera_msgs_s__rosidl_typesupport_introspection_c
[7.250s] [ 99%] Built target orbbec_camera_msgs_s__rosidl_typesupport_fastrtps_c
[7.256s] [100%] Built target orbbec_camera_msgs_s__rosidl_typesupport_c
[7.587s] running egg_info
[7.712s] writing orbbec_camera_msgs.egg-info/PKG-INFO
[7.713s] writing dependency_links to orbbec_camera_msgs.egg-info/dependency_links.txt
[7.713s] writing top-level names to orbbec_camera_msgs.egg-info/top_level.txt
[8.108s] reading manifest file 'orbbec_camera_msgs.egg-info/SOURCES.txt'
[8.109s] writing manifest file 'orbbec_camera_msgs.egg-info/SOURCES.txt'
[8.168s] [100%] Built target ament_cmake_python_build_orbbec_camera_msgs_egg
[9.685s] Invoked command in '/home/bbcontact/magician_ros2/build/orbbec_camera_msgs' returned '0': CMAKE_PREFIX_PATH=${CMAKE_PREFIX_PATH}:/opt/ros/jazzy DEBUGINFOD_URLS=https://debuginfod.ubuntu.com /usr/bin/cmake --build /home/bbcontact/magician_ros2/build/orbbec_camera_msgs -- -j8 -l8
[9.688s] Invoking command in '/home/bbcontact/magician_ros2/build/orbbec_camera_msgs': CMAKE_PREFIX_PATH=${CMAKE_PREFIX_PATH}:/opt/ros/jazzy DEBUGINFOD_URLS=https://debuginfod.ubuntu.com /usr/bin/cmake --install /home/bbcontact/magician_ros2/build/orbbec_camera_msgs
[10.338s] -- Install configuration: ""
[10.338s] -- Execute custom install script
[10.339s] -- Up-to-date symlink: /home/bbcontact/magician_ros2/install/orbbec_camera_msgs/share/ament_index/resource_index/rosidl_interfaces/orbbec_camera_msgs
[10.341s] -- Up-to-date symlink: /home/bbcontact/magician_ros2/install/orbbec_camera_msgs/share/orbbec_camera_msgs/msg/DeviceInfo.json
[10.343s] -- Up-to-date symlink: /home/bbcontact/magician_ros2/install/orbbec_camera_msgs/share/orbbec_camera_msgs/msg/Extrinsics.json
[10.344s] -- Up-to-date symlink: /home/bbcontact/magician_ros2/install/orbbec_camera_msgs/share/orbbec_camera_msgs/msg/Metadata.json
[10.344s] -- Up-to-date symlink: /home/bbcontact/magician_ros2/install/orbbec_camera_msgs/share/orbbec_camera_msgs/msg/IMUInfo.json
[10.344s] -- Up-to-date symlink: /home/bbcontact/magician_ros2/install/orbbec_camera_msgs/share/orbbec_camera_msgs/msg/RGBD.json
[10.345s] -- Up-to-date symlink: /home/bbcontact/magician_ros2/install/orbbec_camera_msgs/share/orbbec_camera_msgs/msg/StreamProfile.json
[10.345s] -- Up-to-date symlink: /home/bbcontact/magician_ros2/install/orbbec_camera_msgs/share/orbbec_camera_msgs/srv/GetBool.json
[10.345s] -- Up-to-date symlink: /home/bbcontact/magician_ros2/install/orbbec_camera_msgs/share/orbbec_camera_msgs/srv/GetDeviceInfo.json
[10.346s] -- Up-to-date symlink: /home/bbcontact/magician_ros2/install/orbbec_camera_msgs/share/orbbec_camera_msgs/srv/GetCameraInfo.json
[10.346s] -- Up-to-date symlink: /home/bbcontact/magician_ros2/install/orbbec_camera_msgs/share/orbbec_camera_msgs/srv/GetInt32.json
[10.346s] -- Up-to-date symlink: /home/bbcontact/magician_ros2/install/orbbec_camera_msgs/share/orbbec_camera_msgs/srv/GetString.json
[10.347s] -- Up-to-date symlink: /home/bbcontact/magician_ros2/install/orbbec_camera_msgs/share/orbbec_camera_msgs/srv/SetInt32.json
[10.347s] -- Up-to-date symlink: /home/bbcontact/magician_ros2/install/orbbec_camera_msgs/share/orbbec_camera_msgs/srv/SetString.json
[10.347s] -- Up-to-date symlink: /home/bbcontact/magician_ros2/install/orbbec_camera_msgs/share/orbbec_camera_msgs/srv/SetStreamProfile.json
[10.348s] -- Up-to-date symlink: /home/bbcontact/magician_ros2/install/orbbec_camera_msgs/include/orbbec_camera_msgs/orbbec_camera_msgs/msg/detail/device_info__functions.h
[10.348s] -- Up-to-date symlink: /home/bbcontact/magician_ros2/install/orbbec_camera_msgs/include/orbbec_camera_msgs/orbbec_camera_msgs/msg/detail/device_info__struct.h
[10.348s] -- Up-to-date symlink: /home/bbcontact/magician_ros2/install/orbbec_camera_msgs/include/orbbec_camera_msgs/orbbec_camera_msgs/msg/detail/device_info__type_support.h
[10.349s] -- Up-to-date symlink: /home/bbcontact/magician_ros2/install/orbbec_camera_msgs/include/orbbec_camera_msgs/orbbec_camera_msgs/msg/detail/extrinsics__functions.h
[10.349s] -- Up-to-date symlink: /home/bbcontact/magician_ros2/install/orbbec_camera_msgs/include/orbbec_camera_msgs/orbbec_camera_msgs/msg/detail/extrinsics__struct.h
[10.350s] -- Up-to-date symlink: /home/bbcontact/magician_ros2/install/orbbec_camera_msgs/include/orbbec_camera_msgs/orbbec_camera_msgs/msg/detail/extrinsics__type_support.h
[10.351s] -- Up-to-date symlink: /home/bbcontact/magician_ros2/install/orbbec_camera_msgs/include/orbbec_camera_msgs/orbbec_camera_msgs/msg/detail/imu_info__functions.h
[10.351s] -- Up-to-date symlink: /home/bbcontact/magician_ros2/install/orbbec_camera_msgs/include/orbbec_camera_msgs/orbbec_camera_msgs/msg/detail/imu_info__struct.h
[10.352s] -- Up-to-date symlink: /home/bbcontact/magician_ros2/install/orbbec_camera_msgs/include/orbbec_camera_msgs/orbbec_camera_msgs/msg/detail/imu_info__type_support.h
[10.352s] -- Up-to-date symlink: /home/bbcontact/magician_ros2/install/orbbec_camera_msgs/include/orbbec_camera_msgs/orbbec_camera_msgs/msg/detail/metadata__functions.h
[10.352s] -- Up-to-date symlink: /home/bbcontact/magician_ros2/install/orbbec_camera_msgs/include/orbbec_camera_msgs/orbbec_camera_msgs/msg/detail/metadata__struct.h
[10.353s] -- Up-to-date symlink: /home/bbcontact/magician_ros2/install/orbbec_camera_msgs/include/orbbec_camera_msgs/orbbec_camera_msgs/msg/detail/metadata__type_support.h
[10.353s] -- Up-to-date symlink: /home/bbcontact/magician_ros2/install/orbbec_camera_msgs/include/orbbec_camera_msgs/orbbec_camera_msgs/msg/detail/rgbd__functions.h
[10.353s] -- Up-to-date symlink: /home/bbcontact/magician_ros2/install/orbbec_camera_msgs/include/orbbec_camera_msgs/orbbec_camera_msgs/msg/detail/rgbd__struct.h
[10.354s] -- Up-to-date symlink: /home/bbcontact/magician_ros2/install/orbbec_camera_msgs/include/orbbec_camera_msgs/orbbec_camera_msgs/msg/detail/rgbd__type_support.h
[10.354s] -- Up-to-date symlink: /home/bbcontact/magician_ros2/install/orbbec_camera_msgs/include/orbbec_camera_msgs/orbbec_camera_msgs/msg/detail/stream_profile__functions.h
[10.354s] -- Up-to-date symlink: /home/bbcontact/magician_ros2/install/orbbec_camera_msgs/include/orbbec_camera_msgs/orbbec_camera_msgs/msg/detail/stream_profile__struct.h
[10.355s] -- Up-to-date symlink: /home/bbcontact/magician_ros2/install/orbbec_camera_msgs/include/orbbec_camera_msgs/orbbec_camera_msgs/msg/detail/stream_profile__type_support.h
[10.355s] -- Up-to-date symlink: /home/bbcontact/magician_ros2/install/orbbec_camera_msgs/include/orbbec_camera_msgs/orbbec_camera_msgs/msg/device_info.h
[10.357s] -- Up-to-date symlink: /home/bbcontact/magician_ros2/install/orbbec_camera_msgs/include/orbbec_camera_msgs/orbbec_camera_msgs/msg/extrinsics.h
[10.358s] -- Up-to-date symlink: /home/bbcontact/magician_ros2/install/orbbec_camera_msgs/include/orbbec_camera_msgs/orbbec_camera_msgs/msg/imu_info.h
[10.358s] -- Up-to-date symlink: /home/bbcontact/magician_ros2/install/orbbec_camera_msgs/include/orbbec_camera_msgs/orbbec_camera_msgs/msg/metadata.h
[10.358s] -- Up-to-date symlink: /home/bbcontact/magician_ros2/install/orbbec_camera_msgs/include/orbbec_camera_msgs/orbbec_camera_msgs/msg/rgbd.h
[10.359s] -- Up-to-date symlink: /home/bbcontact/magician_ros2/install/orbbec_camera_msgs/include/orbbec_camera_msgs/orbbec_camera_msgs/msg/rosidl_generator_c__visibility_control.h
[10.359s] -- Up-to-date symlink: /home/bbcontact/magician_ros2/install/orbbec_camera_msgs/include/orbbec_camera_msgs/orbbec_camera_msgs/msg/stream_profile.h
[10.360s] -- Up-to-date symlink: /home/bbcontact/magician_ros2/install/orbbec_camera_msgs/include/orbbec_camera_msgs/orbbec_camera_msgs/srv/detail/get_bool__functions.h
[10.360s] -- Up-to-date symlink: /home/bbcontact/magician_ros2/install/orbbec_camera_msgs/include/orbbec_camera_msgs/orbbec_camera_msgs/srv/detail/get_bool__struct.h
[10.360s] -- Up-to-date symlink: /home/bbcontact/magician_ros2/install/orbbec_camera_msgs/include/orbbec_camera_msgs/orbbec_camera_msgs/srv/detail/get_bool__type_support.h
[10.361s] -- Up-to-date symlink: /home/bbcontact/magician_ros2/install/orbbec_camera_msgs/include/orbbec_camera_msgs/orbbec_camera_msgs/srv/detail/get_camera_info__functions.h
[10.361s] -- Up-to-date symlink: /home/bbcontact/magician_ros2/install/orbbec_camera_msgs/include/orbbec_camera_msgs/orbbec_camera_msgs/srv/detail/get_camera_info__struct.h
[10.361s] -- Up-to-date symlink: /home/bbcontact/magician_ros2/install/orbbec_camera_msgs/include/orbbec_camera_msgs/orbbec_camera_msgs/srv/detail/get_camera_info__type_support.h
[10.362s] -- Up-to-date symlink: /home/bbcontact/magician_ros2/install/orbbec_camera_msgs/include/orbbec_camera_msgs/orbbec_camera_msgs/srv/detail/get_device_info__functions.h
[10.362s] -- Up-to-date symlink: /home/bbcontact/magician_ros2/install/orbbec_camera_msgs/include/orbbec_camera_msgs/orbbec_camera_msgs/srv/detail/get_device_info__struct.h
[10.363s] -- Up-to-date symlink: /home/bbcontact/magician_ros2/install/orbbec_camera_msgs/include/orbbec_camera_msgs/orbbec_camera_msgs/srv/detail/get_device_info__type_support.h
[10.363s] -- Up-to-date symlink: /home/bbcontact/magician_ros2/install/orbbec_camera_msgs/include/orbbec_camera_msgs/orbbec_camera_msgs/srv/detail/get_int32__functions.h
[10.363s] -- Up-to-date symlink: /home/bbcontact/magician_ros2/install/orbbec_camera_msgs/include/orbbec_camera_msgs/orbbec_camera_msgs/srv/detail/get_int32__struct.h
[10.364s] -- Up-to-date symlink: /home/bbcontact/magician_ros2/install/orbbec_camera_msgs/include/orbbec_camera_msgs/orbbec_camera_msgs/srv/detail/get_int32__type_support.h
[10.364s] -- Up-to-date symlink: /home/bbcontact/magician_ros2/install/orbbec_camera_msgs/include/orbbec_camera_msgs/orbbec_camera_msgs/srv/detail/get_string__functions.h
[10.365s] -- Up-to-date symlink: /home/bbcontact/magician_ros2/install/orbbec_camera_msgs/include/orbbec_camera_msgs/orbbec_camera_msgs/srv/detail/get_string__struct.h
[10.366s] -- Up-to-date symlink: /home/bbcontact/magician_ros2/install/orbbec_camera_msgs/include/orbbec_camera_msgs/orbbec_camera_msgs/srv/detail/get_string__type_support.h
[10.367s] -- Up-to-date symlink: /home/bbcontact/magician_ros2/install/orbbec_camera_msgs/include/orbbec_camera_msgs/orbbec_camera_msgs/srv/detail/set_int32__functions.h
[10.371s] -- Up-to-date symlink: /home/bbcontact/magician_ros2/install/orbbec_camera_msgs/include/orbbec_camera_msgs/orbbec_camera_msgs/srv/detail/set_int32__struct.h
[10.371s] -- Up-to-date symlink: /home/bbcontact/magician_ros2/install/orbbec_camera_msgs/include/orbbec_camera_msgs/orbbec_camera_msgs/srv/detail/set_int32__type_support.h
[10.371s] -- Up-to-date symlink: /home/bbcontact/magician_ros2/install/orbbec_camera_msgs/include/orbbec_camera_msgs/orbbec_camera_msgs/srv/detail/set_stream_profile__functions.h
[10.372s] -- Up-to-date symlink: /home/bbcontact/magician_ros2/install/orbbec_camera_msgs/include/orbbec_camera_msgs/orbbec_camera_msgs/srv/detail/set_stream_profile__struct.h
[10.372s] -- Up-to-date symlink: /home/bbcontact/magician_ros2/install/orbbec_camera_msgs/include/orbbec_camera_msgs/orbbec_camera_msgs/srv/detail/set_stream_profile__type_support.h
[10.373s] -- Up-to-date symlink: /home/bbcontact/magician_ros2/install/orbbec_camera_msgs/include/orbbec_camera_msgs/orbbec_camera_msgs/srv/detail/set_string__functions.h
[10.373s] -- Up-to-date symlink: /home/bbcontact/magician_ros2/install/orbbec_camera_msgs/include/orbbec_camera_msgs/orbbec_camera_msgs/srv/detail/set_string__struct.h
[10.375s] -- Up-to-date symlink: /home/bbcontact/magician_ros2/install/orbbec_camera_msgs/include/orbbec_camera_msgs/orbbec_camera_msgs/srv/detail/set_string__type_support.h
[10.375s] -- Up-to-date symlink: /home/bbcontact/magician_ros2/install/orbbec_camera_msgs/include/orbbec_camera_msgs/orbbec_camera_msgs/srv/get_bool.h
[10.375s] -- Up-to-date symlink: /home/bbcontact/magician_ros2/install/orbbec_camera_msgs/include/orbbec_camera_msgs/orbbec_camera_msgs/srv/get_camera_info.h
[10.376s] -- Up-to-date symlink: /home/bbcontact/magician_ros2/install/orbbec_camera_msgs/include/orbbec_camera_msgs/orbbec_camera_msgs/srv/get_device_info.h
[10.376s] -- Up-to-date symlink: /home/bbcontact/magician_ros2/install/orbbec_camera_msgs/include/orbbec_camera_msgs/orbbec_camera_msgs/srv/get_int32.h
[10.377s] -- Up-to-date symlink: /home/bbcontact/magician_ros2/install/orbbec_camera_msgs/include/orbbec_camera_msgs/orbbec_camera_msgs/srv/get_string.h
[10.377s] -- Up-to-date symlink: /home/bbcontact/magician_ros2/install/orbbec_camera_msgs/include/orbbec_camera_msgs/orbbec_camera_msgs/srv/set_int32.h
[10.377s] -- Up-to-date symlink: /home/bbcontact/magician_ros2/install/orbbec_camera_msgs/include/orbbec_camera_msgs/orbbec_camera_msgs/srv/set_stream_profile.h
[10.378s] -- Up-to-date symlink: /home/bbcontact/magician_ros2/install/orbbec_camera_msgs/include/orbbec_camera_msgs/orbbec_camera_msgs/srv/set_string.h
[10.378s] -- Up-to-date symlink: /home/bbcontact/magician_ros2/install/orbbec_camera_msgs/share/orbbec_camera_msgs/environment/library_path.sh
[10.378s] -- Up-to-date symlink: /home/bbcontact/magician_ros2/install/orbbec_camera_msgs/share/orbbec_camera_msgs/environment/library_path.dsv
[10.379s] -- Up-to-date symlink: /home/bbcontact/magician_ros2/install/orbbec_camera_msgs/include/orbbec_camera_msgs/orbbec_camera_msgs/msg/detail/device_info__rosidl_typesupport_fastrtps_c.h
[10.379s] -- Up-to-date symlink: /home/bbcontact/magician_ros2/install/orbbec_camera_msgs/include/orbbec_camera_msgs/orbbec_camera_msgs/msg/detail/extrinsics__rosidl_typesupport_fastrtps_c.h
[10.379s] -- Up-to-date symlink: /home/bbcontact/magician_ros2/install/orbbec_camera_msgs/include/orbbec_camera_msgs/orbbec_camera_msgs/msg/detail/imu_info__rosidl_typesupport_fastrtps_c.h
[10.383s] -- Up-to-date symlink: /home/bbcontact/magician_ros2/install/orbbec_camera_msgs/include/orbbec_camera_msgs/orbbec_camera_msgs/msg/detail/metadata__rosidl_typesupport_fastrtps_c.h
[10.385s] -- Up-to-date symlink: /home/bbcontact/magician_ros2/install/orbbec_camera_msgs/include/orbbec_camera_msgs/orbbec_camera_msgs/msg/detail/rgbd__rosidl_typesupport_fastrtps_c.h
[10.385s] -- Up-to-date symlink: /home/bbcontact/magician_ros2/install/orbbec_camera_msgs/include/orbbec_camera_msgs/orbbec_camera_msgs/msg/detail/stream_profile__rosidl_typesupport_fastrtps_c.h
[10.386s] -- Up-to-date symlink: /home/bbcontact/magician_ros2/install/orbbec_camera_msgs/include/orbbec_camera_msgs/orbbec_camera_msgs/msg/rosidl_typesupport_fastrtps_c__visibility_control.h
[10.386s] -- Up-to-date symlink: /home/bbcontact/magician_ros2/install/orbbec_camera_msgs/include/orbbec_camera_msgs/orbbec_camera_msgs/srv/detail/get_bool__rosidl_typesupport_fastrtps_c.h
[10.386s] -- Up-to-date symlink: /home/bbcontact/magician_ros2/install/orbbec_camera_msgs/include/orbbec_camera_msgs/orbbec_camera_msgs/srv/detail/get_camera_info__rosidl_typesupport_fastrtps_c.h
[10.387s] -- Up-to-date symlink: /home/bbcontact/magician_ros2/install/orbbec_camera_msgs/include/orbbec_camera_msgs/orbbec_camera_msgs/srv/detail/get_device_info__rosidl_typesupport_fastrtps_c.h
[10.387s] -- Up-to-date symlink: /home/bbcontact/magician_ros2/install/orbbec_camera_msgs/include/orbbec_camera_msgs/orbbec_camera_msgs/srv/detail/get_int32__rosidl_typesupport_fastrtps_c.h
[10.389s] -- Up-to-date symlink: /home/bbcontact/magician_ros2/install/orbbec_camera_msgs/include/orbbec_camera_msgs/orbbec_camera_msgs/srv/detail/get_string__rosidl_typesupport_fastrtps_c.h
[10.389s] -- Up-to-date symlink: /home/bbcontact/magician_ros2/install/orbbec_camera_msgs/include/orbbec_camera_msgs/orbbec_camera_msgs/srv/detail/set_int32__rosidl_typesupport_fastrtps_c.h
[10.389s] -- Up-to-date symlink: /home/bbcontact/magician_ros2/install/orbbec_camera_msgs/include/orbbec_camera_msgs/orbbec_camera_msgs/srv/detail/set_stream_profile__rosidl_typesupport_fastrtps_c.h
[10.390s] -- Up-to-date symlink: /home/bbcontact/magician_ros2/install/orbbec_camera_msgs/include/orbbec_camera_msgs/orbbec_camera_msgs/srv/detail/set_string__rosidl_typesupport_fastrtps_c.h
[10.390s] -- Up-to-date symlink: /home/bbcontact/magician_ros2/install/orbbec_camera_msgs/include/orbbec_camera_msgs/orbbec_camera_msgs/msg/detail/device_info__rosidl_typesupport_introspection_c.h
[10.390s] -- Up-to-date symlink: /home/bbcontact/magician_ros2/install/orbbec_camera_msgs/include/orbbec_camera_msgs/orbbec_camera_msgs/msg/detail/extrinsics__rosidl_typesupport_introspection_c.h
[10.395s] -- Up-to-date symlink: /home/bbcontact/magician_ros2/install/orbbec_camera_msgs/include/orbbec_camera_msgs/orbbec_camera_msgs/msg/detail/imu_info__rosidl_typesupport_introspection_c.h
[10.395s] -- Up-to-date symlink: /home/bbcontact/magician_ros2/install/orbbec_camera_msgs/include/orbbec_camera_msgs/orbbec_camera_msgs/msg/detail/metadata__rosidl_typesupport_introspection_c.h
[10.395s] -- Up-to-date symlink: /home/bbcontact/magician_ros2/install/orbbec_camera_msgs/include/orbbec_camera_msgs/orbbec_camera_msgs/msg/detail/rgbd__rosidl_typesupport_introspection_c.h
[10.396s] -- Up-to-date symlink: /home/bbcontact/magician_ros2/install/orbbec_camera_msgs/include/orbbec_camera_msgs/orbbec_camera_msgs/msg/detail/stream_profile__rosidl_typesupport_introspection_c.h
[10.396s] -- Up-to-date symlink: /home/bbcontact/magician_ros2/install/orbbec_camera_msgs/include/orbbec_camera_msgs/orbbec_camera_msgs/msg/rosidl_typesupport_introspection_c__visibility_control.h
[10.396s] -- Up-to-date symlink: /home/bbcontact/magician_ros2/install/orbbec_camera_msgs/include/orbbec_camera_msgs/orbbec_camera_msgs/srv/detail/get_bool__rosidl_typesupport_introspection_c.h
[10.397s] -- Up-to-date symlink: /home/bbcontact/magician_ros2/install/orbbec_camera_msgs/include/orbbec_camera_msgs/orbbec_camera_msgs/srv/detail/get_camera_info__rosidl_typesupport_introspection_c.h
[10.397s] -- Up-to-date symlink: /home/bbcontact/magician_ros2/install/orbbec_camera_msgs/include/orbbec_camera_msgs/orbbec_camera_msgs/srv/detail/get_device_info__rosidl_typesupport_introspection_c.h
[10.397s] -- Up-to-date symlink: /home/bbcontact/magician_ros2/install/orbbec_camera_msgs/include/orbbec_camera_msgs/orbbec_camera_msgs/srv/detail/get_int32__rosidl_typesupport_introspection_c.h
[10.398s] -- Up-to-date symlink: /home/bbcontact/magician_ros2/install/orbbec_camera_msgs/include/orbbec_camera_msgs/orbbec_camera_msgs/srv/detail/get_string__rosidl_typesupport_introspection_c.h
[10.398s] -- Up-to-date symlink: /home/bbcontact/magician_ros2/install/orbbec_camera_msgs/include/orbbec_camera_msgs/orbbec_camera_msgs/srv/detail/set_int32__rosidl_typesupport_introspection_c.h
[10.401s] -- Up-to-date symlink: /home/bbcontact/magician_ros2/install/orbbec_camera_msgs/include/orbbec_camera_msgs/orbbec_camera_msgs/srv/detail/set_stream_profile__rosidl_typesupport_introspection_c.h
[10.402s] -- Up-to-date symlink: /home/bbcontact/magician_ros2/install/orbbec_camera_msgs/include/orbbec_camera_msgs/orbbec_camera_msgs/srv/detail/set_string__rosidl_typesupport_introspection_c.h
[10.402s] -- Up-to-date symlink: /home/bbcontact/magician_ros2/install/orbbec_camera_msgs/include/orbbec_camera_msgs/orbbec_camera_msgs/msg/detail/device_info__builder.hpp
[10.402s] -- Up-to-date symlink: /home/bbcontact/magician_ros2/install/orbbec_camera_msgs/include/orbbec_camera_msgs/orbbec_camera_msgs/msg/detail/device_info__struct.hpp
[10.403s] -- Up-to-date symlink: /home/bbcontact/magician_ros2/install/orbbec_camera_msgs/include/orbbec_camera_msgs/orbbec_camera_msgs/msg/detail/device_info__traits.hpp
[10.405s] -- Up-to-date symlink: /home/bbcontact/magician_ros2/install/orbbec_camera_msgs/include/orbbec_camera_msgs/orbbec_camera_msgs/msg/detail/device_info__type_support.hpp
[10.406s] -- Up-to-date symlink: /home/bbcontact/magician_ros2/install/orbbec_camera_msgs/include/orbbec_camera_msgs/orbbec_camera_msgs/msg/detail/extrinsics__builder.hpp
[10.406s] -- Up-to-date symlink: /home/bbcontact/magician_ros2/install/orbbec_camera_msgs/include/orbbec_camera_msgs/orbbec_camera_msgs/msg/detail/extrinsics__struct.hpp
[10.406s] -- Up-to-date symlink: /home/bbcontact/magician_ros2/install/orbbec_camera_msgs/include/orbbec_camera_msgs/orbbec_camera_msgs/msg/detail/extrinsics__traits.hpp
[10.407s] -- Up-to-date symlink: /home/bbcontact/magician_ros2/install/orbbec_camera_msgs/include/orbbec_camera_msgs/orbbec_camera_msgs/msg/detail/extrinsics__type_support.hpp
[10.409s] -- Up-to-date symlink: /home/bbcontact/magician_ros2/install/orbbec_camera_msgs/include/orbbec_camera_msgs/orbbec_camera_msgs/msg/detail/imu_info__builder.hpp
[10.410s] -- Up-to-date symlink: /home/bbcontact/magician_ros2/install/orbbec_camera_msgs/include/orbbec_camera_msgs/orbbec_camera_msgs/msg/detail/imu_info__struct.hpp
[10.410s] -- Up-to-date symlink: /home/bbcontact/magician_ros2/install/orbbec_camera_msgs/include/orbbec_camera_msgs/orbbec_camera_msgs/msg/detail/imu_info__traits.hpp
[10.410s] -- Up-to-date symlink: /home/bbcontact/magician_ros2/install/orbbec_camera_msgs/include/orbbec_camera_msgs/orbbec_camera_msgs/msg/detail/imu_info__type_support.hpp
[10.411s] -- Up-to-date symlink: /home/bbcontact/magician_ros2/install/orbbec_camera_msgs/include/orbbec_camera_msgs/orbbec_camera_msgs/msg/detail/metadata__builder.hpp
[10.411s] -- Up-to-date symlink: /home/bbcontact/magician_ros2/install/orbbec_camera_msgs/include/orbbec_camera_msgs/orbbec_camera_msgs/msg/detail/metadata__struct.hpp
[10.411s] -- Up-to-date symlink: /home/bbcontact/magician_ros2/install/orbbec_camera_msgs/include/orbbec_camera_msgs/orbbec_camera_msgs/msg/detail/metadata__traits.hpp
[10.411s] -- Up-to-date symlink: /home/bbcontact/magician_ros2/install/orbbec_camera_msgs/include/orbbec_camera_msgs/orbbec_camera_msgs/msg/detail/metadata__type_support.hpp
[10.412s] -- Up-to-date symlink: /home/bbcontact/magician_ros2/install/orbbec_camera_msgs/include/orbbec_camera_msgs/orbbec_camera_msgs/msg/detail/rgbd__builder.hpp
[10.415s] -- Up-to-date symlink: /home/bbcontact/magician_ros2/install/orbbec_camera_msgs/include/orbbec_camera_msgs/orbbec_camera_msgs/msg/detail/rgbd__struct.hpp
[10.416s] -- Up-to-date symlink: /home/bbcontact/magician_ros2/install/orbbec_camera_msgs/include/orbbec_camera_msgs/orbbec_camera_msgs/msg/detail/rgbd__traits.hpp
[10.420s] -- Up-to-date symlink: /home/bbcontact/magician_ros2/install/orbbec_camera_msgs/include/orbbec_camera_msgs/orbbec_camera_msgs/msg/detail/rgbd__type_support.hpp
[10.420s] -- Up-to-date symlink: /home/bbcontact/magician_ros2/install/orbbec_camera_msgs/include/orbbec_camera_msgs/orbbec_camera_msgs/msg/detail/stream_profile__builder.hpp
[10.422s] -- Up-to-date symlink: /home/bbcontact/magician_ros2/install/orbbec_camera_msgs/include/orbbec_camera_msgs/orbbec_camera_msgs/msg/detail/stream_profile__struct.hpp
[10.423s] -- Up-to-date symlink: /home/bbcontact/magician_ros2/install/orbbec_camera_msgs/include/orbbec_camera_msgs/orbbec_camera_msgs/msg/detail/stream_profile__traits.hpp
[10.424s] -- Up-to-date symlink: /home/bbcontact/magician_ros2/install/orbbec_camera_msgs/include/orbbec_camera_msgs/orbbec_camera_msgs/msg/detail/stream_profile__type_support.hpp
[10.424s] -- Up-to-date symlink: /home/bbcontact/magician_ros2/install/orbbec_camera_msgs/include/orbbec_camera_msgs/orbbec_camera_msgs/msg/device_info.hpp
[10.427s] -- Up-to-date symlink: /home/bbcontact/magician_ros2/install/orbbec_camera_msgs/include/orbbec_camera_msgs/orbbec_camera_msgs/msg/extrinsics.hpp
[10.427s] -- Up-to-date symlink: /home/bbcontact/magician_ros2/install/orbbec_camera_msgs/include/orbbec_camera_msgs/orbbec_camera_msgs/msg/imu_info.hpp
[10.427s] -- Up-to-date symlink: /home/bbcontact/magician_ros2/install/orbbec_camera_msgs/include/orbbec_camera_msgs/orbbec_camera_msgs/msg/metadata.hpp
[10.428s] -- Up-to-date symlink: /home/bbcontact/magician_ros2/install/orbbec_camera_msgs/include/orbbec_camera_msgs/orbbec_camera_msgs/msg/rgbd.hpp
[10.428s] -- Up-to-date symlink: /home/bbcontact/magician_ros2/install/orbbec_camera_msgs/include/orbbec_camera_msgs/orbbec_camera_msgs/msg/rosidl_generator_cpp__visibility_control.hpp
[10.428s] -- Up-to-date symlink: /home/bbcontact/magician_ros2/install/orbbec_camera_msgs/include/orbbec_camera_msgs/orbbec_camera_msgs/msg/stream_profile.hpp
[10.429s] -- Up-to-date symlink: /home/bbcontact/magician_ros2/install/orbbec_camera_msgs/include/orbbec_camera_msgs/orbbec_camera_msgs/srv/detail/get_bool__builder.hpp
[10.429s] -- Up-to-date symlink: /home/bbcontact/magician_ros2/install/orbbec_camera_msgs/include/orbbec_camera_msgs/orbbec_camera_msgs/srv/detail/get_bool__struct.hpp
[10.432s] -- Up-to-date symlink: /home/bbcontact/magician_ros2/install/orbbec_camera_msgs/include/orbbec_camera_msgs/orbbec_camera_msgs/srv/detail/get_bool__traits.hpp
[10.432s] -- Up-to-date symlink: /home/bbcontact/magician_ros2/install/orbbec_camera_msgs/include/orbbec_camera_msgs/orbbec_camera_msgs/srv/detail/get_bool__type_support.hpp
[10.433s] -- Up-to-date symlink: /home/bbcontact/magician_ros2/install/orbbec_camera_msgs/include/orbbec_camera_msgs/orbbec_camera_msgs/srv/detail/get_camera_info__builder.hpp
[10.433s] -- Up-to-date symlink: /home/bbcontact/magician_ros2/install/orbbec_camera_msgs/include/orbbec_camera_msgs/orbbec_camera_msgs/srv/detail/get_camera_info__struct.hpp
[10.436s] -- Up-to-date symlink: /home/bbcontact/magician_ros2/install/orbbec_camera_msgs/include/orbbec_camera_msgs/orbbec_camera_msgs/srv/detail/get_camera_info__traits.hpp
[10.437s] -- Up-to-date symlink: /home/bbcontact/magician_ros2/install/orbbec_camera_msgs/include/orbbec_camera_msgs/orbbec_camera_msgs/srv/detail/get_camera_info__type_support.hpp
[10.437s] -- Up-to-date symlink: /home/bbcontact/magician_ros2/install/orbbec_camera_msgs/include/orbbec_camera_msgs/orbbec_camera_msgs/srv/detail/get_device_info__builder.hpp
[10.437s] -- Up-to-date symlink: /home/bbcontact/magician_ros2/install/orbbec_camera_msgs/include/orbbec_camera_msgs/orbbec_camera_msgs/srv/detail/get_device_info__struct.hpp
[10.438s] -- Up-to-date symlink: /home/bbcontact/magician_ros2/install/orbbec_camera_msgs/include/orbbec_camera_msgs/orbbec_camera_msgs/srv/detail/get_device_info__traits.hpp
[10.438s] -- Up-to-date symlink: /home/bbcontact/magician_ros2/install/orbbec_camera_msgs/include/orbbec_camera_msgs/orbbec_camera_msgs/srv/detail/get_device_info__type_support.hpp
[10.440s] -- Up-to-date symlink: /home/bbcontact/magician_ros2/install/orbbec_camera_msgs/include/orbbec_camera_msgs/orbbec_camera_msgs/srv/detail/get_int32__builder.hpp
[10.441s] -- Up-to-date symlink: /home/bbcontact/magician_ros2/install/orbbec_camera_msgs/include/orbbec_camera_msgs/orbbec_camera_msgs/srv/detail/get_int32__struct.hpp
[10.441s] -- Up-to-date symlink: /home/bbcontact/magician_ros2/install/orbbec_camera_msgs/include/orbbec_camera_msgs/orbbec_camera_msgs/srv/detail/get_int32__traits.hpp
[10.441s] -- Up-to-date symlink: /home/bbcontact/magician_ros2/install/orbbec_camera_msgs/include/orbbec_camera_msgs/orbbec_camera_msgs/srv/detail/get_int32__type_support.hpp
[10.442s] -- Up-to-date symlink: /home/bbcontact/magician_ros2/install/orbbec_camera_msgs/include/orbbec_camera_msgs/orbbec_camera_msgs/srv/detail/get_string__builder.hpp
[10.442s] -- Up-to-date symlink: /home/bbcontact/magician_ros2/install/orbbec_camera_msgs/include/orbbec_camera_msgs/orbbec_camera_msgs/srv/detail/get_string__struct.hpp
[10.442s] -- Up-to-date symlink: /home/bbcontact/magician_ros2/install/orbbec_camera_msgs/include/orbbec_camera_msgs/orbbec_camera_msgs/srv/detail/get_string__traits.hpp
[10.443s] -- Up-to-date symlink: /home/bbcontact/magician_ros2/install/orbbec_camera_msgs/include/orbbec_camera_msgs/orbbec_camera_msgs/srv/detail/get_string__type_support.hpp
[10.446s] -- Up-to-date symlink: /home/bbcontact/magician_ros2/install/orbbec_camera_msgs/include/orbbec_camera_msgs/orbbec_camera_msgs/srv/detail/set_int32__builder.hpp
[10.447s] -- Up-to-date symlink: /home/bbcontact/magician_ros2/install/orbbec_camera_msgs/include/orbbec_camera_msgs/orbbec_camera_msgs/srv/detail/set_int32__struct.hpp
[10.447s] -- Up-to-date symlink: /home/bbcontact/magician_ros2/install/orbbec_camera_msgs/include/orbbec_camera_msgs/orbbec_camera_msgs/srv/detail/set_int32__traits.hpp
[10.447s] -- Up-to-date symlink: /home/bbcontact/magician_ros2/install/orbbec_camera_msgs/include/orbbec_camera_msgs/orbbec_camera_msgs/srv/detail/set_int32__type_support.hpp
[10.448s] -- Up-to-date symlink: /home/bbcontact/magician_ros2/install/orbbec_camera_msgs/include/orbbec_camera_msgs/orbbec_camera_msgs/srv/detail/set_stream_profile__builder.hpp
[10.448s] -- Up-to-date symlink: /home/bbcontact/magician_ros2/install/orbbec_camera_msgs/include/orbbec_camera_msgs/orbbec_camera_msgs/srv/detail/set_stream_profile__struct.hpp
[10.448s] -- Up-to-date symlink: /home/bbcontact/magician_ros2/install/orbbec_camera_msgs/include/orbbec_camera_msgs/orbbec_camera_msgs/srv/detail/set_stream_profile__traits.hpp
[10.449s] -- Up-to-date symlink: /home/bbcontact/magician_ros2/install/orbbec_camera_msgs/include/orbbec_camera_msgs/orbbec_camera_msgs/srv/detail/set_stream_profile__type_support.hpp
[10.449s] -- Up-to-date symlink: /home/bbcontact/magician_ros2/install/orbbec_camera_msgs/include/orbbec_camera_msgs/orbbec_camera_msgs/srv/detail/set_string__builder.hpp
[10.452s] -- Up-to-date symlink: /home/bbcontact/magician_ros2/install/orbbec_camera_msgs/include/orbbec_camera_msgs/orbbec_camera_msgs/srv/detail/set_string__struct.hpp
[10.453s] -- Up-to-date symlink: /home/bbcontact/magician_ros2/install/orbbec_camera_msgs/include/orbbec_camera_msgs/orbbec_camera_msgs/srv/detail/set_string__traits.hpp
[10.453s] -- Up-to-date symlink: /home/bbcontact/magician_ros2/install/orbbec_camera_msgs/include/orbbec_camera_msgs/orbbec_camera_msgs/srv/detail/set_string__type_support.hpp
[10.453s] -- Up-to-date symlink: /home/bbcontact/magician_ros2/install/orbbec_camera_msgs/include/orbbec_camera_msgs/orbbec_camera_msgs/srv/get_bool.hpp
[10.454s] -- Up-to-date symlink: /home/bbcontact/magician_ros2/install/orbbec_camera_msgs/include/orbbec_camera_msgs/orbbec_camera_msgs/srv/get_camera_info.hpp
[10.454s] -- Up-to-date symlink: /home/bbcontact/magician_ros2/install/orbbec_camera_msgs/include/orbbec_camera_msgs/orbbec_camera_msgs/srv/get_device_info.hpp
[10.454s] -- Up-to-date symlink: /home/bbcontact/magician_ros2/install/orbbec_camera_msgs/include/orbbec_camera_msgs/orbbec_camera_msgs/srv/get_int32.hpp
[10.455s] -- Up-to-date symlink: /home/bbcontact/magician_ros2/install/orbbec_camera_msgs/include/orbbec_camera_msgs/orbbec_camera_msgs/srv/get_string.hpp
[10.459s] -- Up-to-date symlink: /home/bbcontact/magician_ros2/install/orbbec_camera_msgs/include/orbbec_camera_msgs/orbbec_camera_msgs/srv/set_int32.hpp
[10.460s] -- Up-to-date symlink: /home/bbcontact/magician_ros2/install/orbbec_camera_msgs/include/orbbec_camera_msgs/orbbec_camera_msgs/srv/set_stream_profile.hpp
[10.460s] -- Up-to-date symlink: /home/bbcontact/magician_ros2/install/orbbec_camera_msgs/include/orbbec_camera_msgs/orbbec_camera_msgs/srv/set_string.hpp
[10.460s] -- Up-to-date symlink: /home/bbcontact/magician_ros2/install/orbbec_camera_msgs/include/orbbec_camera_msgs/orbbec_camera_msgs/msg/detail/device_info__rosidl_typesupport_fastrtps_cpp.hpp
[10.462s] -- Up-to-date symlink: /home/bbcontact/magician_ros2/install/orbbec_camera_msgs/include/orbbec_camera_msgs/orbbec_camera_msgs/msg/detail/extrinsics__rosidl_typesupport_fastrtps_cpp.hpp
[10.462s] -- Up-to-date symlink: /home/bbcontact/magician_ros2/install/orbbec_camera_msgs/include/orbbec_camera_msgs/orbbec_camera_msgs/msg/detail/imu_info__rosidl_typesupport_fastrtps_cpp.hpp
[10.462s] -- Up-to-date symlink: /home/bbcontact/magician_ros2/install/orbbec_camera_msgs/include/orbbec_camera_msgs/orbbec_camera_msgs/msg/detail/metadata__rosidl_typesupport_fastrtps_cpp.hpp
[10.463s] -- Up-to-date symlink: /home/bbcontact/magician_ros2/install/orbbec_camera_msgs/include/orbbec_camera_msgs/orbbec_camera_msgs/msg/detail/rgbd__rosidl_typesupport_fastrtps_cpp.hpp
[10.463s] -- Up-to-date symlink: /home/bbcontact/magician_ros2/install/orbbec_camera_msgs/include/orbbec_camera_msgs/orbbec_camera_msgs/msg/detail/stream_profile__rosidl_typesupport_fastrtps_cpp.hpp
[10.466s] -- Up-to-date symlink: /home/bbcontact/magician_ros2/install/orbbec_camera_msgs/include/orbbec_camera_msgs/orbbec_camera_msgs/msg/rosidl_typesupport_fastrtps_cpp__visibility_control.h
[10.466s] -- Up-to-date symlink: /home/bbcontact/magician_ros2/install/orbbec_camera_msgs/include/orbbec_camera_msgs/orbbec_camera_msgs/srv/detail/get_bool__rosidl_typesupport_fastrtps_cpp.hpp
[10.466s] -- Up-to-date symlink: /home/bbcontact/magician_ros2/install/orbbec_camera_msgs/include/orbbec_camera_msgs/orbbec_camera_msgs/srv/detail/get_camera_info__rosidl_typesupport_fastrtps_cpp.hpp
[10.467s] -- Up-to-date symlink: /home/bbcontact/magician_ros2/install/orbbec_camera_msgs/include/orbbec_camera_msgs/orbbec_camera_msgs/srv/detail/get_device_info__rosidl_typesupport_fastrtps_cpp.hpp
[10.469s] -- Up-to-date symlink: /home/bbcontact/magician_ros2/install/orbbec_camera_msgs/include/orbbec_camera_msgs/orbbec_camera_msgs/srv/detail/get_int32__rosidl_typesupport_fastrtps_cpp.hpp
[10.470s] -- Up-to-date symlink: /home/bbcontact/magician_ros2/install/orbbec_camera_msgs/include/orbbec_camera_msgs/orbbec_camera_msgs/srv/detail/get_string__rosidl_typesupport_fastrtps_cpp.hpp
[10.471s] -- Up-to-date symlink: /home/bbcontact/magician_ros2/install/orbbec_camera_msgs/include/orbbec_camera_msgs/orbbec_camera_msgs/srv/detail/set_int32__rosidl_typesupport_fastrtps_cpp.hpp
[10.471s] -- Up-to-date symlink: /home/bbcontact/magician_ros2/install/orbbec_camera_msgs/include/orbbec_camera_msgs/orbbec_camera_msgs/srv/detail/set_stream_profile__rosidl_typesupport_fastrtps_cpp.hpp
[10.473s] -- Up-to-date symlink: /home/bbcontact/magician_ros2/install/orbbec_camera_msgs/include/orbbec_camera_msgs/orbbec_camera_msgs/srv/detail/set_string__rosidl_typesupport_fastrtps_cpp.hpp
[10.474s] -- Up-to-date symlink: /home/bbcontact/magician_ros2/install/orbbec_camera_msgs/include/orbbec_camera_msgs/orbbec_camera_msgs/msg/detail/device_info__rosidl_typesupport_introspection_cpp.hpp
[10.474s] -- Up-to-date symlink: /home/bbcontact/magician_ros2/install/orbbec_camera_msgs/include/orbbec_camera_msgs/orbbec_camera_msgs/msg/detail/extrinsics__rosidl_typesupport_introspection_cpp.hpp
[10.474s] -- Up-to-date symlink: /home/bbcontact/magician_ros2/install/orbbec_camera_msgs/include/orbbec_camera_msgs/orbbec_camera_msgs/msg/detail/imu_info__rosidl_typesupport_introspection_cpp.hpp
[10.475s] -- Up-to-date symlink: /home/bbcontact/magician_ros2/install/orbbec_camera_msgs/include/orbbec_camera_msgs/orbbec_camera_msgs/msg/detail/metadata__rosidl_typesupport_introspection_cpp.hpp
[10.475s] -- Up-to-date symlink: /home/bbcontact/magician_ros2/install/orbbec_camera_msgs/include/orbbec_camera_msgs/orbbec_camera_msgs/msg/detail/rgbd__rosidl_typesupport_introspection_cpp.hpp
[10.475s] -- Up-to-date symlink: /home/bbcontact/magician_ros2/install/orbbec_camera_msgs/include/orbbec_camera_msgs/orbbec_camera_msgs/msg/detail/stream_profile__rosidl_typesupport_introspection_cpp.hpp
[10.476s] -- Up-to-date symlink: /home/bbcontact/magician_ros2/install/orbbec_camera_msgs/include/orbbec_camera_msgs/orbbec_camera_msgs/srv/detail/get_bool__rosidl_typesupport_introspection_cpp.hpp
[10.476s] -- Up-to-date symlink: /home/bbcontact/magician_ros2/install/orbbec_camera_msgs/include/orbbec_camera_msgs/orbbec_camera_msgs/srv/detail/get_camera_info__rosidl_typesupport_introspection_cpp.hpp
[10.479s] -- Up-to-date symlink: /home/bbcontact/magician_ros2/install/orbbec_camera_msgs/include/orbbec_camera_msgs/orbbec_camera_msgs/srv/detail/get_device_info__rosidl_typesupport_introspection_cpp.hpp
[10.480s] -- Up-to-date symlink: /home/bbcontact/magician_ros2/install/orbbec_camera_msgs/include/orbbec_camera_msgs/orbbec_camera_msgs/srv/detail/get_int32__rosidl_typesupport_introspection_cpp.hpp
[10.480s] -- Up-to-date symlink: /home/bbcontact/magician_ros2/install/orbbec_camera_msgs/include/orbbec_camera_msgs/orbbec_camera_msgs/srv/detail/get_string__rosidl_typesupport_introspection_cpp.hpp
[10.480s] -- Up-to-date symlink: /home/bbcontact/magician_ros2/install/orbbec_camera_msgs/include/orbbec_camera_msgs/orbbec_camera_msgs/srv/detail/set_int32__rosidl_typesupport_introspection_cpp.hpp
[10.481s] -- Up-to-date symlink: /home/bbcontact/magician_ros2/install/orbbec_camera_msgs/include/orbbec_camera_msgs/orbbec_camera_msgs/srv/detail/set_stream_profile__rosidl_typesupport_introspection_cpp.hpp
[10.481s] -- Up-to-date symlink: /home/bbcontact/magician_ros2/install/orbbec_camera_msgs/include/orbbec_camera_msgs/orbbec_camera_msgs/srv/detail/set_string__rosidl_typesupport_introspection_cpp.hpp
[10.481s] -- Up-to-date symlink: /home/bbcontact/magician_ros2/install/orbbec_camera_msgs/share/orbbec_camera_msgs/environment/pythonpath.sh
[10.482s] -- Up-to-date symlink: /home/bbcontact/magician_ros2/install/orbbec_camera_msgs/share/orbbec_camera_msgs/environment/pythonpath.dsv
[10.482s] -- Up-to-date symlink: /home/bbcontact/magician_ros2/install/orbbec_camera_msgs/lib/python3.12/site-packages/orbbec_camera_msgs-1.5.22-py3.12.egg-info/PKG-INFO
[10.486s] -- Up-to-date symlink: /home/bbcontact/magician_ros2/install/orbbec_camera_msgs/lib/python3.12/site-packages/orbbec_camera_msgs-1.5.22-py3.12.egg-info/SOURCES.txt
[10.487s] -- Up-to-date symlink: /home/bbcontact/magician_ros2/install/orbbec_camera_msgs/lib/python3.12/site-packages/orbbec_camera_msgs-1.5.22-py3.12.egg-info/dependency_links.txt
[10.487s] -- Up-to-date symlink: /home/bbcontact/magician_ros2/install/orbbec_camera_msgs/lib/python3.12/site-packages/orbbec_camera_msgs-1.5.22-py3.12.egg-info/top_level.txt
[10.487s] -- Up-to-date symlink: /home/bbcontact/magician_ros2/install/orbbec_camera_msgs/lib/python3.12/site-packages/orbbec_camera_msgs/__init__.py
[10.488s] -- Up-to-date symlink: /home/bbcontact/magician_ros2/install/orbbec_camera_msgs/lib/python3.12/site-packages/orbbec_camera_msgs/_orbbec_camera_msgs_s.ep.rosidl_typesupport_c.c
[10.488s] -- Up-to-date symlink: /home/bbcontact/magician_ros2/install/orbbec_camera_msgs/lib/python3.12/site-packages/orbbec_camera_msgs/_orbbec_camera_msgs_s.ep.rosidl_typesupport_fastrtps_c.c
[10.488s] -- Up-to-date symlink: /home/bbcontact/magician_ros2/install/orbbec_camera_msgs/lib/python3.12/site-packages/orbbec_camera_msgs/_orbbec_camera_msgs_s.ep.rosidl_typesupport_introspection_c.c
[10.489s] -- Up-to-date symlink: /home/bbcontact/magician_ros2/install/orbbec_camera_msgs/lib/python3.12/site-packages/orbbec_camera_msgs/msg/__init__.py
[10.489s] -- Up-to-date symlink: /home/bbcontact/magician_ros2/install/orbbec_camera_msgs/lib/python3.12/site-packages/orbbec_camera_msgs/msg/_device_info.py
[10.492s] -- Up-to-date symlink: /home/bbcontact/magician_ros2/install/orbbec_camera_msgs/lib/python3.12/site-packages/orbbec_camera_msgs/msg/_device_info_s.c
[10.493s] -- Up-to-date symlink: /home/bbcontact/magician_ros2/install/orbbec_camera_msgs/lib/python3.12/site-packages/orbbec_camera_msgs/msg/_extrinsics.py
[10.493s] -- Up-to-date symlink: /home/bbcontact/magician_ros2/install/orbbec_camera_msgs/lib/python3.12/site-packages/orbbec_camera_msgs/msg/_extrinsics_s.c
[10.493s] -- Up-to-date symlink: /home/bbcontact/magician_ros2/install/orbbec_camera_msgs/lib/python3.12/site-packages/orbbec_camera_msgs/msg/_imu_info.py
[10.494s] -- Up-to-date symlink: /home/bbcontact/magician_ros2/install/orbbec_camera_msgs/lib/python3.12/site-packages/orbbec_camera_msgs/msg/_imu_info_s.c
[10.494s] -- Up-to-date symlink: /home/bbcontact/magician_ros2/install/orbbec_camera_msgs/lib/python3.12/site-packages/orbbec_camera_msgs/msg/_metadata.py
[10.494s] -- Up-to-date symlink: /home/bbcontact/magician_ros2/install/orbbec_camera_msgs/lib/python3.12/site-packages/orbbec_camera_msgs/msg/_metadata_s.c
[10.498s] -- Up-to-date symlink: /home/bbcontact/magician_ros2/install/orbbec_camera_msgs/lib/python3.12/site-packages/orbbec_camera_msgs/msg/_rgbd.py
[10.498s] -- Up-to-date symlink: /home/bbcontact/magician_ros2/install/orbbec_camera_msgs/lib/python3.12/site-packages/orbbec_camera_msgs/msg/_rgbd_s.c
[10.499s] -- Up-to-date symlink: /home/bbcontact/magician_ros2/install/orbbec_camera_msgs/lib/python3.12/site-packages/orbbec_camera_msgs/msg/_stream_profile.py
[10.499s] -- Up-to-date symlink: /home/bbcontact/magician_ros2/install/orbbec_camera_msgs/lib/python3.12/site-packages/orbbec_camera_msgs/msg/_stream_profile_s.c
[10.499s] -- Up-to-date symlink: /home/bbcontact/magician_ros2/install/orbbec_camera_msgs/lib/python3.12/site-packages/orbbec_camera_msgs/orbbec_camera_msgs_s__rosidl_typesupport_c.so
[10.500s] -- Up-to-date symlink: /home/bbcontact/magician_ros2/install/orbbec_camera_msgs/lib/python3.12/site-packages/orbbec_camera_msgs/orbbec_camera_msgs_s__rosidl_typesupport_fastrtps_c.so
[10.500s] -- Up-to-date symlink: /home/bbcontact/magician_ros2/install/orbbec_camera_msgs/lib/python3.12/site-packages/orbbec_camera_msgs/orbbec_camera_msgs_s__rosidl_typesupport_introspection_c.so
[10.500s] -- Up-to-date symlink: /home/bbcontact/magician_ros2/install/orbbec_camera_msgs/lib/python3.12/site-packages/orbbec_camera_msgs/srv/__init__.py
[10.501s] -- Up-to-date symlink: /home/bbcontact/magician_ros2/install/orbbec_camera_msgs/lib/python3.12/site-packages/orbbec_camera_msgs/srv/_get_bool.py
[10.504s] -- Up-to-date symlink: /home/bbcontact/magician_ros2/install/orbbec_camera_msgs/lib/python3.12/site-packages/orbbec_camera_msgs/srv/_get_bool_s.c
[10.504s] -- Up-to-date symlink: /home/bbcontact/magician_ros2/install/orbbec_camera_msgs/lib/python3.12/site-packages/orbbec_camera_msgs/srv/_get_camera_info.py
[10.505s] -- Up-to-date symlink: /home/bbcontact/magician_ros2/install/orbbec_camera_msgs/lib/python3.12/site-packages/orbbec_camera_msgs/srv/_get_camera_info_s.c
[10.505s] -- Up-to-date symlink: /home/bbcontact/magician_ros2/install/orbbec_camera_msgs/lib/python3.12/site-packages/orbbec_camera_msgs/srv/_get_device_info.py
[10.505s] -- Up-to-date symlink: /home/bbcontact/magician_ros2/install/orbbec_camera_msgs/lib/python3.12/site-packages/orbbec_camera_msgs/srv/_get_device_info_s.c
[10.506s] -- Up-to-date symlink: /home/bbcontact/magician_ros2/install/orbbec_camera_msgs/lib/python3.12/site-packages/orbbec_camera_msgs/srv/_get_int32.py
[10.506s] -- Up-to-date symlink: /home/bbcontact/magician_ros2/install/orbbec_camera_msgs/lib/python3.12/site-packages/orbbec_camera_msgs/srv/_get_int32_s.c
[10.506s] -- Up-to-date symlink: /home/bbcontact/magician_ros2/install/orbbec_camera_msgs/lib/python3.12/site-packages/orbbec_camera_msgs/srv/_get_string.py
[10.507s] -- Up-to-date symlink: /home/bbcontact/magician_ros2/install/orbbec_camera_msgs/lib/python3.12/site-packages/orbbec_camera_msgs/srv/_get_string_s.c
[10.507s] -- Up-to-date symlink: /home/bbcontact/magician_ros2/install/orbbec_camera_msgs/lib/python3.12/site-packages/orbbec_camera_msgs/srv/_set_int32.py
[10.507s] -- Up-to-date symlink: /home/bbcontact/magician_ros2/install/orbbec_camera_msgs/lib/python3.12/site-packages/orbbec_camera_msgs/srv/_set_int32_s.c
[10.508s] -- Up-to-date symlink: /home/bbcontact/magician_ros2/install/orbbec_camera_msgs/lib/python3.12/site-packages/orbbec_camera_msgs/srv/_set_stream_profile.py
[10.508s] -- Up-to-date symlink: /home/bbcontact/magician_ros2/install/orbbec_camera_msgs/lib/python3.12/site-packages/orbbec_camera_msgs/srv/_set_stream_profile_s.c
[10.508s] -- Up-to-date symlink: /home/bbcontact/magician_ros2/install/orbbec_camera_msgs/lib/python3.12/site-packages/orbbec_camera_msgs/srv/_set_string.py
[10.509s] -- Up-to-date symlink: /home/bbcontact/magician_ros2/install/orbbec_camera_msgs/lib/python3.12/site-packages/orbbec_camera_msgs/srv/_set_string_s.c
[10.509s] -- Up-to-date symlink: /home/bbcontact/magician_ros2/install/orbbec_camera_msgs/lib/python3.12/site-packages/orbbec_camera_msgs/orbbec_camera_msgs_s__rosidl_typesupport_fastrtps_c.so
[10.509s] -- Up-to-date symlink: /home/bbcontact/magician_ros2/install/orbbec_camera_msgs/lib/python3.12/site-packages/orbbec_camera_msgs/orbbec_camera_msgs_s__rosidl_typesupport_introspection_c.so
[10.510s] -- Up-to-date symlink: /home/bbcontact/magician_ros2/install/orbbec_camera_msgs/lib/python3.12/site-packages/orbbec_camera_msgs/orbbec_camera_msgs_s__rosidl_typesupport_c.so
[10.510s] -- Up-to-date symlink: /home/bbcontact/magician_ros2/install/orbbec_camera_msgs/share/ament_index/resource_index/rust_packages/orbbec_camera_msgs
[10.510s] -- Up-to-date symlink: /home/bbcontact/magician_ros2/install/orbbec_camera_msgs/share/orbbec_camera_msgs/rust/Cargo.toml
[10.511s] -- Up-to-date symlink: /home/bbcontact/magician_ros2/install/orbbec_camera_msgs/share/orbbec_camera_msgs/rust/build.rs
[10.511s] -- Up-to-date symlink: /home/bbcontact/magician_ros2/install/orbbec_camera_msgs/share/orbbec_camera_msgs/rust/src/lib.rs
[10.511s] -- Up-to-date symlink: /home/bbcontact/magician_ros2/install/orbbec_camera_msgs/share/orbbec_camera_msgs/rust/src/msg.rs
[10.512s] -- Up-to-date symlink: /home/bbcontact/magician_ros2/install/orbbec_camera_msgs/share/orbbec_camera_msgs/rust/src/msg/rmw.rs
[10.512s] -- Up-to-date symlink: /home/bbcontact/magician_ros2/install/orbbec_camera_msgs/share/orbbec_camera_msgs/rust/src/srv.rs
[10.512s] -- Up-to-date symlink: /home/bbcontact/magician_ros2/install/orbbec_camera_msgs/share/orbbec_camera_msgs/rust/src/srv/rmw.rs
[10.512s] -- Up-to-date symlink: /home/bbcontact/magician_ros2/install/orbbec_camera_msgs/share/orbbec_camera_msgs/msg/DeviceInfo.idl
[10.513s] -- Up-to-date symlink: /home/bbcontact/magician_ros2/install/orbbec_camera_msgs/share/orbbec_camera_msgs/msg/Extrinsics.idl
[10.513s] -- Up-to-date symlink: /home/bbcontact/magician_ros2/install/orbbec_camera_msgs/share/orbbec_camera_msgs/msg/Metadata.idl
[10.513s] -- Up-to-date symlink: /home/bbcontact/magician_ros2/install/orbbec_camera_msgs/share/orbbec_camera_msgs/msg/IMUInfo.idl
[10.514s] -- Up-to-date symlink: /home/bbcontact/magician_ros2/install/orbbec_camera_msgs/share/orbbec_camera_msgs/msg/RGBD.idl
[10.514s] -- Up-to-date symlink: /home/bbcontact/magician_ros2/install/orbbec_camera_msgs/share/orbbec_camera_msgs/msg/StreamProfile.idl
[10.514s] -- Up-to-date symlink: /home/bbcontact/magician_ros2/install/orbbec_camera_msgs/share/orbbec_camera_msgs/srv/GetBool.idl
[10.515s] -- Up-to-date symlink: /home/bbcontact/magician_ros2/install/orbbec_camera_msgs/share/orbbec_camera_msgs/srv/GetDeviceInfo.idl
[10.515s] -- Up-to-date symlink: /home/bbcontact/magician_ros2/install/orbbec_camera_msgs/share/orbbec_camera_msgs/srv/GetCameraInfo.idl
[10.515s] -- Up-to-date symlink: /home/bbcontact/magician_ros2/install/orbbec_camera_msgs/share/orbbec_camera_msgs/srv/GetInt32.idl
[10.516s] -- Up-to-date symlink: /home/bbcontact/magician_ros2/install/orbbec_camera_msgs/share/orbbec_camera_msgs/srv/GetString.idl
[10.516s] -- Up-to-date symlink: /home/bbcontact/magician_ros2/install/orbbec_camera_msgs/share/orbbec_camera_msgs/srv/SetInt32.idl
[10.516s] -- Up-to-date symlink: /home/bbcontact/magician_ros2/install/orbbec_camera_msgs/share/orbbec_camera_msgs/srv/SetString.idl
[10.517s] -- Up-to-date symlink: /home/bbcontact/magician_ros2/install/orbbec_camera_msgs/share/orbbec_camera_msgs/srv/SetStreamProfile.idl
[10.517s] -- Up-to-date symlink: /home/bbcontact/magician_ros2/install/orbbec_camera_msgs/share/orbbec_camera_msgs/msg/DeviceInfo.msg
[10.517s] -- Up-to-date symlink: /home/bbcontact/magician_ros2/install/orbbec_camera_msgs/share/orbbec_camera_msgs/msg/Extrinsics.msg
[10.517s] -- Up-to-date symlink: /home/bbcontact/magician_ros2/install/orbbec_camera_msgs/share/orbbec_camera_msgs/msg/Metadata.msg
[10.518s] -- Up-to-date symlink: /home/bbcontact/magician_ros2/install/orbbec_camera_msgs/share/orbbec_camera_msgs/msg/IMUInfo.msg
[10.518s] -- Up-to-date symlink: /home/bbcontact/magician_ros2/install/orbbec_camera_msgs/share/orbbec_camera_msgs/msg/RGBD.msg
[10.518s] -- Up-to-date symlink: /home/bbcontact/magician_ros2/install/orbbec_camera_msgs/share/orbbec_camera_msgs/msg/StreamProfile.msg
[10.519s] -- Up-to-date symlink: /home/bbcontact/magician_ros2/install/orbbec_camera_msgs/share/orbbec_camera_msgs/srv/GetBool.srv
[10.519s] -- Up-to-date symlink: /home/bbcontact/magician_ros2/install/orbbec_camera_msgs/share/orbbec_camera_msgs/srv/GetDeviceInfo.srv
[10.519s] -- Up-to-date symlink: /home/bbcontact/magician_ros2/install/orbbec_camera_msgs/share/orbbec_camera_msgs/srv/GetCameraInfo.srv
[10.520s] -- Up-to-date symlink: /home/bbcontact/magician_ros2/install/orbbec_camera_msgs/share/orbbec_camera_msgs/srv/GetInt32.srv
[10.520s] -- Up-to-date symlink: /home/bbcontact/magician_ros2/install/orbbec_camera_msgs/share/orbbec_camera_msgs/srv/GetString.srv
[10.520s] -- Up-to-date symlink: /home/bbcontact/magician_ros2/install/orbbec_camera_msgs/share/orbbec_camera_msgs/srv/SetInt32.srv
[10.521s] -- Up-to-date symlink: /home/bbcontact/magician_ros2/install/orbbec_camera_msgs/share/orbbec_camera_msgs/srv/SetString.srv
[10.521s] -- Up-to-date symlink: /home/bbcontact/magician_ros2/install/orbbec_camera_msgs/share/orbbec_camera_msgs/srv/SetStreamProfile.srv
[10.521s] -- Up-to-date symlink: /home/bbcontact/magician_ros2/install/orbbec_camera_msgs/share/ament_index/resource_index/package_run_dependencies/orbbec_camera_msgs
[10.522s] -- Up-to-date symlink: /home/bbcontact/magician_ros2/install/orbbec_camera_msgs/share/ament_index/resource_index/parent_prefix_path/orbbec_camera_msgs
[10.522s] -- Up-to-date symlink: /home/bbcontact/magician_ros2/install/orbbec_camera_msgs/share/orbbec_camera_msgs/environment/ament_prefix_path.sh
[10.522s] -- Up-to-date symlink: /home/bbcontact/magician_ros2/install/orbbec_camera_msgs/share/orbbec_camera_msgs/environment/ament_prefix_path.dsv
[10.523s] -- Up-to-date symlink: /home/bbcontact/magician_ros2/install/orbbec_camera_msgs/share/orbbec_camera_msgs/environment/path.sh
[10.523s] -- Up-to-date symlink: /home/bbcontact/magician_ros2/install/orbbec_camera_msgs/share/orbbec_camera_msgs/environment/path.dsv
[10.523s] -- Up-to-date symlink: /home/bbcontact/magician_ros2/install/orbbec_camera_msgs/share/orbbec_camera_msgs/local_setup.bash
[10.523s] -- Up-to-date symlink: /home/bbcontact/magician_ros2/install/orbbec_camera_msgs/share/orbbec_camera_msgs/local_setup.sh
[10.524s] -- Up-to-date symlink: /home/bbcontact/magician_ros2/install/orbbec_camera_msgs/share/orbbec_camera_msgs/local_setup.zsh
[10.524s] -- Up-to-date symlink: /home/bbcontact/magician_ros2/install/orbbec_camera_msgs/share/orbbec_camera_msgs/local_setup.dsv
[10.524s] -- Symlinking: /home/bbcontact/magician_ros2/install/orbbec_camera_msgs/share/orbbec_camera_msgs/package.dsv
[10.570s] -- Up-to-date symlink: /home/bbcontact/magician_ros2/install/orbbec_camera_msgs/share/ament_index/resource_index/packages/orbbec_camera_msgs
[10.571s] -- Up-to-date symlink: /home/bbcontact/magician_ros2/install/orbbec_camera_msgs/share/orbbec_camera_msgs/cmake/rosidl_cmake-extras.cmake
[10.572s] -- Up-to-date symlink: /home/bbcontact/magician_ros2/install/orbbec_camera_msgs/share/orbbec_camera_msgs/cmake/ament_cmake_export_dependencies-extras.cmake
[10.579s] -- Up-to-date symlink: /home/bbcontact/magician_ros2/install/orbbec_camera_msgs/share/orbbec_camera_msgs/cmake/ament_cmake_export_include_directories-extras.cmake
[10.579s] -- Up-to-date symlink: /home/bbcontact/magician_ros2/install/orbbec_camera_msgs/share/orbbec_camera_msgs/cmake/ament_cmake_export_libraries-extras.cmake
[10.580s] -- Up-to-date symlink: /home/bbcontact/magician_ros2/install/orbbec_camera_msgs/share/orbbec_camera_msgs/cmake/ament_cmake_export_targets-extras.cmake
[10.580s] -- Up-to-date symlink: /home/bbcontact/magician_ros2/install/orbbec_camera_msgs/share/orbbec_camera_msgs/cmake/rosidl_cmake_export_typesupport_targets-extras.cmake
[10.581s] -- Up-to-date symlink: /home/bbcontact/magician_ros2/install/orbbec_camera_msgs/share/orbbec_camera_msgs/cmake/rosidl_cmake_export_typesupport_libraries-extras.cmake
[10.589s] -- Up-to-date symlink: /home/bbcontact/magician_ros2/install/orbbec_camera_msgs/share/orbbec_camera_msgs/cmake/rosidl_cmake_aggregate_target-extras.cmake
[10.590s] -- Up-to-date symlink: /home/bbcontact/magician_ros2/install/orbbec_camera_msgs/share/orbbec_camera_msgs/cmake/orbbec_camera_msgsConfig.cmake
[10.590s] -- Up-to-date symlink: /home/bbcontact/magician_ros2/install/orbbec_camera_msgs/share/orbbec_camera_msgs/cmake/orbbec_camera_msgsConfig-version.cmake
[10.590s] -- Up-to-date symlink: /home/bbcontact/magician_ros2/install/orbbec_camera_msgs/share/orbbec_camera_msgs/package.xml
[10.591s] -- Up-to-date: /home/bbcontact/magician_ros2/install/orbbec_camera_msgs/lib/liborbbec_camera_msgs__rosidl_generator_c.so
[10.598s] -- Up-to-date: /home/bbcontact/magician_ros2/install/orbbec_camera_msgs/lib/liborbbec_camera_msgs__rosidl_typesupport_fastrtps_c.so
[10.599s] -- Up-to-date: /home/bbcontact/magician_ros2/install/orbbec_camera_msgs/lib/liborbbec_camera_msgs__rosidl_typesupport_introspection_c.so
[10.599s] -- Up-to-date: /home/bbcontact/magician_ros2/install/orbbec_camera_msgs/lib/liborbbec_camera_msgs__rosidl_typesupport_c.so
[10.600s] -- Up-to-date: /home/bbcontact/magician_ros2/install/orbbec_camera_msgs/lib/liborbbec_camera_msgs__rosidl_typesupport_fastrtps_cpp.so
[10.606s] -- Up-to-date: /home/bbcontact/magician_ros2/install/orbbec_camera_msgs/lib/liborbbec_camera_msgs__rosidl_typesupport_introspection_cpp.so
[10.607s] -- Up-to-date: /home/bbcontact/magician_ros2/install/orbbec_camera_msgs/lib/liborbbec_camera_msgs__rosidl_typesupport_cpp.so
[10.827s] Listing '/home/bbcontact/magician_ros2/install/orbbec_camera_msgs/lib/python3.12/site-packages/orbbec_camera_msgs'...
[10.828s] Compiling '/home/bbcontact/magician_ros2/install/orbbec_camera_msgs/lib/python3.12/site-packages/orbbec_camera_msgs/__init__.py'...
[10.828s] Listing '/home/bbcontact/magician_ros2/install/orbbec_camera_msgs/lib/python3.12/site-packages/orbbec_camera_msgs/msg'...
[10.829s] Listing '/home/bbcontact/magician_ros2/install/orbbec_camera_msgs/lib/python3.12/site-packages/orbbec_camera_msgs/srv'...
[10.845s] -- Up-to-date: /home/bbcontact/magician_ros2/install/orbbec_camera_msgs/lib/liborbbec_camera_msgs__rosidl_generator_py.so
[10.850s] -- Up-to-date: /home/bbcontact/magician_ros2/install/orbbec_camera_msgs/share/orbbec_camera_msgs/cmake/export_orbbec_camera_msgs__rosidl_generator_cExport.cmake
[10.855s] -- Up-to-date: /home/bbcontact/magician_ros2/install/orbbec_camera_msgs/share/orbbec_camera_msgs/cmake/export_orbbec_camera_msgs__rosidl_generator_cExport-noconfig.cmake
[10.856s] -- Up-to-date: /home/bbcontact/magician_ros2/install/orbbec_camera_msgs/share/orbbec_camera_msgs/cmake/export_orbbec_camera_msgs__rosidl_typesupport_fastrtps_cExport.cmake
[10.857s] -- Up-to-date: /home/bbcontact/magician_ros2/install/orbbec_camera_msgs/share/orbbec_camera_msgs/cmake/export_orbbec_camera_msgs__rosidl_typesupport_fastrtps_cExport-noconfig.cmake
[10.859s] -- Up-to-date: /home/bbcontact/magician_ros2/install/orbbec_camera_msgs/share/orbbec_camera_msgs/cmake/orbbec_camera_msgs__rosidl_typesupport_introspection_cExport.cmake
[10.861s] -- Up-to-date: /home/bbcontact/magician_ros2/install/orbbec_camera_msgs/share/orbbec_camera_msgs/cmake/orbbec_camera_msgs__rosidl_typesupport_introspection_cExport-noconfig.cmake
[10.863s] -- Up-to-date: /home/bbcontact/magician_ros2/install/orbbec_camera_msgs/share/orbbec_camera_msgs/cmake/orbbec_camera_msgs__rosidl_typesupport_cExport.cmake
[10.865s] -- Up-to-date: /home/bbcontact/magician_ros2/install/orbbec_camera_msgs/share/orbbec_camera_msgs/cmake/orbbec_camera_msgs__rosidl_typesupport_cExport-noconfig.cmake
[10.865s] -- Up-to-date: /home/bbcontact/magician_ros2/install/orbbec_camera_msgs/share/orbbec_camera_msgs/cmake/export_orbbec_camera_msgs__rosidl_generator_cppExport.cmake
[10.865s] -- Up-to-date: /home/bbcontact/magician_ros2/install/orbbec_camera_msgs/share/orbbec_camera_msgs/cmake/export_orbbec_camera_msgs__rosidl_typesupport_fastrtps_cppExport.cmake
[10.868s] -- Up-to-date: /home/bbcontact/magician_ros2/install/orbbec_camera_msgs/share/orbbec_camera_msgs/cmake/export_orbbec_camera_msgs__rosidl_typesupport_fastrtps_cppExport-noconfig.cmake
[10.869s] -- Up-to-date: /home/bbcontact/magician_ros2/install/orbbec_camera_msgs/share/orbbec_camera_msgs/cmake/orbbec_camera_msgs__rosidl_typesupport_introspection_cppExport.cmake
[10.869s] -- Up-to-date: /home/bbcontact/magician_ros2/install/orbbec_camera_msgs/share/orbbec_camera_msgs/cmake/orbbec_camera_msgs__rosidl_typesupport_introspection_cppExport-noconfig.cmake
[10.870s] -- Up-to-date: /home/bbcontact/magician_ros2/install/orbbec_camera_msgs/share/orbbec_camera_msgs/cmake/orbbec_camera_msgs__rosidl_typesupport_cppExport.cmake
[10.872s] -- Up-to-date: /home/bbcontact/magician_ros2/install/orbbec_camera_msgs/share/orbbec_camera_msgs/cmake/orbbec_camera_msgs__rosidl_typesupport_cppExport-noconfig.cmake
[10.872s] -- Up-to-date: /home/bbcontact/magician_ros2/install/orbbec_camera_msgs/share/orbbec_camera_msgs/cmake/export_orbbec_camera_msgs__rosidl_generator_pyExport.cmake
[10.875s] -- Up-to-date: /home/bbcontact/magician_ros2/install/orbbec_camera_msgs/share/orbbec_camera_msgs/cmake/export_orbbec_camera_msgs__rosidl_generator_pyExport-noconfig.cmake
[10.879s] Invoked command in '/home/bbcontact/magician_ros2/build/orbbec_camera_msgs' returned '0': CMAKE_PREFIX_PATH=${CMAKE_PREFIX_PATH}:/opt/ros/jazzy DEBUGINFOD_URLS=https://debuginfod.ubuntu.com /usr/bin/cmake --install /home/bbcontact/magician_ros2/build/orbbec_camera_msgs
