[0.110s] Invoking command in '/home/bbcontact/magician_ros2/build/orbbec_camera_msgs': CMAKE_PREFIX_PATH=${CMAKE_PREFIX_PATH}:/opt/ros/jazzy DEBUGINFOD_URLS=https://debuginfod.ubuntu.com /usr/bin/cmake --build /home/bbcontact/magician_ros2/build/orbbec_camera_msgs -- -j8 -l8
[3.176s] [  1%] Built target orbbec_camera_msgs__rs
[3.176s] [  2%] Built target orbbec_camera_msgs__rosidl_generator_type_description
[3.180s] [  2%] Built target ament_cmake_python_symlink_orbbec_camera_msgs
[3.181s] [  2%] Built target orbbec_camera_msgs__cpp
[3.182s] [ 28%] Built target orbbec_camera_msgs__rosidl_generator_c
[3.184s] [ 38%] Built target orbbec_camera_msgs__rosidl_typesupport_c
[3.185s] [ 48%] Built target orbbec_camera_msgs__rosidl_typesupport_fastrtps_c
[3.186s] [ 58%] Built target orbbec_camera_msgs__rosidl_typesupport_introspection_c
[3.189s] [ 68%] Built target orbbec_camera_msgs__rosidl_typesupport_fastrtps_cpp
[3.189s] [ 77%] Built target orbbec_camera_msgs__rosidl_typesupport_cpp
[3.190s] [ 86%] Built target orbbec_camera_msgs__rosidl_typesupport_introspection_cpp
[3.190s] [ 86%] Built target orbbec_camera_msgs
[3.191s] [ 87%] Built target orbbec_camera_msgs__py
[3.191s] [ 96%] Built target orbbec_camera_msgs__rosidl_generator_py
[3.191s] [ 97%] Built target orbbec_camera_msgs_s__rosidl_typesupport_fastrtps_c
[3.192s] [ 98%] Built target orbbec_camera_msgs_s__rosidl_typesupport_c
[3.192s] [100%] Built target orbbec_camera_msgs_s__rosidl_typesupport_introspection_c
[3.193s] running egg_info
[3.194s] writing orbbec_camera_msgs.egg-info/PKG-INFO
[3.194s] writing dependency_links to orbbec_camera_msgs.egg-info/dependency_links.txt
[3.195s] writing top-level names to orbbec_camera_msgs.egg-info/top_level.txt
[3.196s] reading manifest file 'orbbec_camera_msgs.egg-info/SOURCES.txt'
[3.198s] writing manifest file 'orbbec_camera_msgs.egg-info/SOURCES.txt'
[3.198s] [100%] Built target ament_cmake_python_build_orbbec_camera_msgs_egg
[3.235s] Invoked command in '/home/bbcontact/magician_ros2/build/orbbec_camera_msgs' returned '0': CMAKE_PREFIX_PATH=${CMAKE_PREFIX_PATH}:/opt/ros/jazzy DEBUGINFOD_URLS=https://debuginfod.ubuntu.com /usr/bin/cmake --build /home/bbcontact/magician_ros2/build/orbbec_camera_msgs -- -j8 -l8
[3.239s] Invoking command in '/home/bbcontact/magician_ros2/build/orbbec_camera_msgs': CMAKE_PREFIX_PATH=${CMAKE_PREFIX_PATH}:/opt/ros/jazzy DEBUGINFOD_URLS=https://debuginfod.ubuntu.com /usr/bin/cmake --install /home/bbcontact/magician_ros2/build/orbbec_camera_msgs
[3.325s] -- Install configuration: ""
[3.327s] -- Execute custom install script
[3.328s] -- Up-to-date symlink: /home/bbcontact/magician_ros2/install/orbbec_camera_msgs/share/ament_index/resource_index/rosidl_interfaces/orbbec_camera_msgs
[3.328s] -- Up-to-date symlink: /home/bbcontact/magician_ros2/install/orbbec_camera_msgs/share/orbbec_camera_msgs/msg/DeviceInfo.json
[3.335s] -- Up-to-date symlink: /home/bbcontact/magician_ros2/install/orbbec_camera_msgs/share/orbbec_camera_msgs/msg/Extrinsics.json
[3.336s] -- Up-to-date symlink: /home/bbcontact/magician_ros2/install/orbbec_camera_msgs/share/orbbec_camera_msgs/msg/Metadata.json
[3.337s] -- Up-to-date symlink: /home/bbcontact/magician_ros2/install/orbbec_camera_msgs/share/orbbec_camera_msgs/msg/IMUInfo.json
[3.344s] -- Up-to-date symlink: /home/bbcontact/magician_ros2/install/orbbec_camera_msgs/share/orbbec_camera_msgs/msg/RGBD.json
[3.346s] -- Up-to-date symlink: /home/bbcontact/magician_ros2/install/orbbec_camera_msgs/share/orbbec_camera_msgs/msg/StreamProfile.json
[3.355s] -- Up-to-date symlink: /home/bbcontact/magician_ros2/install/orbbec_camera_msgs/share/orbbec_camera_msgs/srv/GetBool.json
[3.360s] -- Up-to-date symlink: /home/bbcontact/magician_ros2/install/orbbec_camera_msgs/share/orbbec_camera_msgs/srv/GetDeviceInfo.json
[3.360s] -- Up-to-date symlink: /home/bbcontact/magician_ros2/install/orbbec_camera_msgs/share/orbbec_camera_msgs/srv/GetCameraInfo.json
[3.361s] -- Up-to-date symlink: /home/bbcontact/magician_ros2/install/orbbec_camera_msgs/share/orbbec_camera_msgs/srv/GetInt32.json
[3.362s] -- Up-to-date symlink: /home/bbcontact/magician_ros2/install/orbbec_camera_msgs/share/orbbec_camera_msgs/srv/GetString.json
[3.369s] -- Up-to-date symlink: /home/bbcontact/magician_ros2/install/orbbec_camera_msgs/share/orbbec_camera_msgs/srv/SetInt32.json
[3.371s] -- Up-to-date symlink: /home/bbcontact/magician_ros2/install/orbbec_camera_msgs/share/orbbec_camera_msgs/srv/SetString.json
[3.374s] -- Up-to-date symlink: /home/bbcontact/magician_ros2/install/orbbec_camera_msgs/share/orbbec_camera_msgs/srv/SetStreamProfile.json
[3.377s] -- Up-to-date symlink: /home/bbcontact/magician_ros2/install/orbbec_camera_msgs/include/orbbec_camera_msgs/orbbec_camera_msgs/msg/detail/device_info__functions.h
[3.385s] -- Up-to-date symlink: /home/bbcontact/magician_ros2/install/orbbec_camera_msgs/include/orbbec_camera_msgs/orbbec_camera_msgs/msg/detail/device_info__struct.h
[3.387s] -- Up-to-date symlink: /home/bbcontact/magician_ros2/install/orbbec_camera_msgs/include/orbbec_camera_msgs/orbbec_camera_msgs/msg/detail/device_info__type_support.h
[3.388s] -- Up-to-date symlink: /home/bbcontact/magician_ros2/install/orbbec_camera_msgs/include/orbbec_camera_msgs/orbbec_camera_msgs/msg/detail/extrinsics__functions.h
[3.389s] -- Up-to-date symlink: /home/bbcontact/magician_ros2/install/orbbec_camera_msgs/include/orbbec_camera_msgs/orbbec_camera_msgs/msg/detail/extrinsics__struct.h
[3.456s] -- Up-to-date symlink: /home/bbcontact/magician_ros2/install/orbbec_camera_msgs/include/orbbec_camera_msgs/orbbec_camera_msgs/msg/detail/extrinsics__type_support.h
[3.456s] -- Up-to-date symlink: /home/bbcontact/magician_ros2/install/orbbec_camera_msgs/include/orbbec_camera_msgs/orbbec_camera_msgs/msg/detail/imu_info__functions.h
[3.457s] -- Up-to-date symlink: /home/bbcontact/magician_ros2/install/orbbec_camera_msgs/include/orbbec_camera_msgs/orbbec_camera_msgs/msg/detail/imu_info__struct.h
[3.457s] -- Up-to-date symlink: /home/bbcontact/magician_ros2/install/orbbec_camera_msgs/include/orbbec_camera_msgs/orbbec_camera_msgs/msg/detail/imu_info__type_support.h
[3.458s] -- Up-to-date symlink: /home/bbcontact/magician_ros2/install/orbbec_camera_msgs/include/orbbec_camera_msgs/orbbec_camera_msgs/msg/detail/metadata__functions.h
[3.458s] -- Up-to-date symlink: /home/bbcontact/magician_ros2/install/orbbec_camera_msgs/include/orbbec_camera_msgs/orbbec_camera_msgs/msg/detail/metadata__struct.h
[3.459s] -- Up-to-date symlink: /home/bbcontact/magician_ros2/install/orbbec_camera_msgs/include/orbbec_camera_msgs/orbbec_camera_msgs/msg/detail/metadata__type_support.h
[3.462s] -- Up-to-date symlink: /home/bbcontact/magician_ros2/install/orbbec_camera_msgs/include/orbbec_camera_msgs/orbbec_camera_msgs/msg/detail/rgbd__functions.h
[3.462s] -- Up-to-date symlink: /home/bbcontact/magician_ros2/install/orbbec_camera_msgs/include/orbbec_camera_msgs/orbbec_camera_msgs/msg/detail/rgbd__struct.h
[3.463s] -- Up-to-date symlink: /home/bbcontact/magician_ros2/install/orbbec_camera_msgs/include/orbbec_camera_msgs/orbbec_camera_msgs/msg/detail/rgbd__type_support.h
[3.463s] -- Up-to-date symlink: /home/bbcontact/magician_ros2/install/orbbec_camera_msgs/include/orbbec_camera_msgs/orbbec_camera_msgs/msg/detail/stream_profile__functions.h
[3.464s] -- Up-to-date symlink: /home/bbcontact/magician_ros2/install/orbbec_camera_msgs/include/orbbec_camera_msgs/orbbec_camera_msgs/msg/detail/stream_profile__struct.h
[3.464s] -- Up-to-date symlink: /home/bbcontact/magician_ros2/install/orbbec_camera_msgs/include/orbbec_camera_msgs/orbbec_camera_msgs/msg/detail/stream_profile__type_support.h
[3.469s] -- Up-to-date symlink: /home/bbcontact/magician_ros2/install/orbbec_camera_msgs/include/orbbec_camera_msgs/orbbec_camera_msgs/msg/device_info.h
[3.471s] -- Up-to-date symlink: /home/bbcontact/magician_ros2/install/orbbec_camera_msgs/include/orbbec_camera_msgs/orbbec_camera_msgs/msg/extrinsics.h
[3.477s] -- Up-to-date symlink: /home/bbcontact/magician_ros2/install/orbbec_camera_msgs/include/orbbec_camera_msgs/orbbec_camera_msgs/msg/imu_info.h
[3.478s] -- Up-to-date symlink: /home/bbcontact/magician_ros2/install/orbbec_camera_msgs/include/orbbec_camera_msgs/orbbec_camera_msgs/msg/metadata.h
[3.478s] -- Up-to-date symlink: /home/bbcontact/magician_ros2/install/orbbec_camera_msgs/include/orbbec_camera_msgs/orbbec_camera_msgs/msg/rgbd.h
[3.483s] -- Up-to-date symlink: /home/bbcontact/magician_ros2/install/orbbec_camera_msgs/include/orbbec_camera_msgs/orbbec_camera_msgs/msg/rosidl_generator_c__visibility_control.h
[3.483s] -- Up-to-date symlink: /home/bbcontact/magician_ros2/install/orbbec_camera_msgs/include/orbbec_camera_msgs/orbbec_camera_msgs/msg/stream_profile.h
[3.484s] -- Up-to-date symlink: /home/bbcontact/magician_ros2/install/orbbec_camera_msgs/include/orbbec_camera_msgs/orbbec_camera_msgs/srv/detail/get_bool__functions.h
[3.484s] -- Up-to-date symlink: /home/bbcontact/magician_ros2/install/orbbec_camera_msgs/include/orbbec_camera_msgs/orbbec_camera_msgs/srv/detail/get_bool__struct.h
[3.485s] -- Up-to-date symlink: /home/bbcontact/magician_ros2/install/orbbec_camera_msgs/include/orbbec_camera_msgs/orbbec_camera_msgs/srv/detail/get_bool__type_support.h
[3.487s] -- Up-to-date symlink: /home/bbcontact/magician_ros2/install/orbbec_camera_msgs/include/orbbec_camera_msgs/orbbec_camera_msgs/srv/detail/get_camera_info__functions.h
[3.490s] -- Up-to-date symlink: /home/bbcontact/magician_ros2/install/orbbec_camera_msgs/include/orbbec_camera_msgs/orbbec_camera_msgs/srv/detail/get_camera_info__struct.h
[3.491s] -- Up-to-date symlink: /home/bbcontact/magician_ros2/install/orbbec_camera_msgs/include/orbbec_camera_msgs/orbbec_camera_msgs/srv/detail/get_camera_info__type_support.h
[3.491s] -- Up-to-date symlink: /home/bbcontact/magician_ros2/install/orbbec_camera_msgs/include/orbbec_camera_msgs/orbbec_camera_msgs/srv/detail/get_device_info__functions.h
[3.492s] -- Up-to-date symlink: /home/bbcontact/magician_ros2/install/orbbec_camera_msgs/include/orbbec_camera_msgs/orbbec_camera_msgs/srv/detail/get_device_info__struct.h
[3.496s] -- Up-to-date symlink: /home/bbcontact/magician_ros2/install/orbbec_camera_msgs/include/orbbec_camera_msgs/orbbec_camera_msgs/srv/detail/get_device_info__type_support.h
[3.500s] -- Up-to-date symlink: /home/bbcontact/magician_ros2/install/orbbec_camera_msgs/include/orbbec_camera_msgs/orbbec_camera_msgs/srv/detail/get_int32__functions.h
[3.500s] -- Up-to-date symlink: /home/bbcontact/magician_ros2/install/orbbec_camera_msgs/include/orbbec_camera_msgs/orbbec_camera_msgs/srv/detail/get_int32__struct.h
[3.500s] -- Up-to-date symlink: /home/bbcontact/magician_ros2/install/orbbec_camera_msgs/include/orbbec_camera_msgs/orbbec_camera_msgs/srv/detail/get_int32__type_support.h
[3.505s] -- Up-to-date symlink: /home/bbcontact/magician_ros2/install/orbbec_camera_msgs/include/orbbec_camera_msgs/orbbec_camera_msgs/srv/detail/get_string__functions.h
[3.509s] -- Up-to-date symlink: /home/bbcontact/magician_ros2/install/orbbec_camera_msgs/include/orbbec_camera_msgs/orbbec_camera_msgs/srv/detail/get_string__struct.h
[3.509s] -- Up-to-date symlink: /home/bbcontact/magician_ros2/install/orbbec_camera_msgs/include/orbbec_camera_msgs/orbbec_camera_msgs/srv/detail/get_string__type_support.h
[3.510s] -- Up-to-date symlink: /home/bbcontact/magician_ros2/install/orbbec_camera_msgs/include/orbbec_camera_msgs/orbbec_camera_msgs/srv/detail/set_int32__functions.h
[3.549s] -- Up-to-date symlink: /home/bbcontact/magician_ros2/install/orbbec_camera_msgs/include/orbbec_camera_msgs/orbbec_camera_msgs/srv/detail/set_int32__struct.h
[3.550s] -- Up-to-date symlink: /home/bbcontact/magician_ros2/install/orbbec_camera_msgs/include/orbbec_camera_msgs/orbbec_camera_msgs/srv/detail/set_int32__type_support.h
[3.560s] -- Up-to-date symlink: /home/bbcontact/magician_ros2/install/orbbec_camera_msgs/include/orbbec_camera_msgs/orbbec_camera_msgs/srv/detail/set_stream_profile__functions.h
[3.579s] -- Up-to-date symlink: /home/bbcontact/magician_ros2/install/orbbec_camera_msgs/include/orbbec_camera_msgs/orbbec_camera_msgs/srv/detail/set_stream_profile__struct.h
[3.579s] -- Up-to-date symlink: /home/bbcontact/magician_ros2/install/orbbec_camera_msgs/include/orbbec_camera_msgs/orbbec_camera_msgs/srv/detail/set_stream_profile__type_support.h
[3.580s] -- Up-to-date symlink: /home/bbcontact/magician_ros2/install/orbbec_camera_msgs/include/orbbec_camera_msgs/orbbec_camera_msgs/srv/detail/set_string__functions.h
[3.580s] -- Up-to-date symlink: /home/bbcontact/magician_ros2/install/orbbec_camera_msgs/include/orbbec_camera_msgs/orbbec_camera_msgs/srv/detail/set_string__struct.h
[3.586s] -- Up-to-date symlink: /home/bbcontact/magician_ros2/install/orbbec_camera_msgs/include/orbbec_camera_msgs/orbbec_camera_msgs/srv/detail/set_string__type_support.h
[3.587s] -- Up-to-date symlink: /home/bbcontact/magician_ros2/install/orbbec_camera_msgs/include/orbbec_camera_msgs/orbbec_camera_msgs/srv/get_bool.h
[3.587s] -- Up-to-date symlink: /home/bbcontact/magician_ros2/install/orbbec_camera_msgs/include/orbbec_camera_msgs/orbbec_camera_msgs/srv/get_camera_info.h
[3.588s] -- Up-to-date symlink: /home/bbcontact/magician_ros2/install/orbbec_camera_msgs/include/orbbec_camera_msgs/orbbec_camera_msgs/srv/get_device_info.h
[3.588s] -- Up-to-date symlink: /home/bbcontact/magician_ros2/install/orbbec_camera_msgs/include/orbbec_camera_msgs/orbbec_camera_msgs/srv/get_int32.h
[3.588s] -- Up-to-date symlink: /home/bbcontact/magician_ros2/install/orbbec_camera_msgs/include/orbbec_camera_msgs/orbbec_camera_msgs/srv/get_string.h
[3.590s] -- Up-to-date symlink: /home/bbcontact/magician_ros2/install/orbbec_camera_msgs/include/orbbec_camera_msgs/orbbec_camera_msgs/srv/set_int32.h
[3.594s] -- Up-to-date symlink: /home/bbcontact/magician_ros2/install/orbbec_camera_msgs/include/orbbec_camera_msgs/orbbec_camera_msgs/srv/set_stream_profile.h
[3.595s] -- Up-to-date symlink: /home/bbcontact/magician_ros2/install/orbbec_camera_msgs/include/orbbec_camera_msgs/orbbec_camera_msgs/srv/set_string.h
[3.595s] -- Up-to-date symlink: /home/bbcontact/magician_ros2/install/orbbec_camera_msgs/share/orbbec_camera_msgs/environment/library_path.sh
[3.596s] -- Up-to-date symlink: /home/bbcontact/magician_ros2/install/orbbec_camera_msgs/share/orbbec_camera_msgs/environment/library_path.dsv
[3.596s] -- Up-to-date symlink: /home/bbcontact/magician_ros2/install/orbbec_camera_msgs/include/orbbec_camera_msgs/orbbec_camera_msgs/msg/detail/device_info__rosidl_typesupport_fastrtps_c.h
[3.601s] -- Up-to-date symlink: /home/bbcontact/magician_ros2/install/orbbec_camera_msgs/include/orbbec_camera_msgs/orbbec_camera_msgs/msg/detail/extrinsics__rosidl_typesupport_fastrtps_c.h
[3.602s] -- Up-to-date symlink: /home/bbcontact/magician_ros2/install/orbbec_camera_msgs/include/orbbec_camera_msgs/orbbec_camera_msgs/msg/detail/imu_info__rosidl_typesupport_fastrtps_c.h
[3.603s] -- Up-to-date symlink: /home/bbcontact/magician_ros2/install/orbbec_camera_msgs/include/orbbec_camera_msgs/orbbec_camera_msgs/msg/detail/metadata__rosidl_typesupport_fastrtps_c.h
[3.608s] -- Up-to-date symlink: /home/bbcontact/magician_ros2/install/orbbec_camera_msgs/include/orbbec_camera_msgs/orbbec_camera_msgs/msg/detail/rgbd__rosidl_typesupport_fastrtps_c.h
[3.611s] -- Up-to-date symlink: /home/bbcontact/magician_ros2/install/orbbec_camera_msgs/include/orbbec_camera_msgs/orbbec_camera_msgs/msg/detail/stream_profile__rosidl_typesupport_fastrtps_c.h
[3.612s] -- Up-to-date symlink: /home/bbcontact/magician_ros2/install/orbbec_camera_msgs/include/orbbec_camera_msgs/orbbec_camera_msgs/msg/rosidl_typesupport_fastrtps_c__visibility_control.h
[3.613s] -- Up-to-date symlink: /home/bbcontact/magician_ros2/install/orbbec_camera_msgs/include/orbbec_camera_msgs/orbbec_camera_msgs/srv/detail/get_bool__rosidl_typesupport_fastrtps_c.h
[3.613s] -- Up-to-date symlink: /home/bbcontact/magician_ros2/install/orbbec_camera_msgs/include/orbbec_camera_msgs/orbbec_camera_msgs/srv/detail/get_camera_info__rosidl_typesupport_fastrtps_c.h
[3.617s] -- Up-to-date symlink: /home/bbcontact/magician_ros2/install/orbbec_camera_msgs/include/orbbec_camera_msgs/orbbec_camera_msgs/srv/detail/get_device_info__rosidl_typesupport_fastrtps_c.h
[3.618s] -- Up-to-date symlink: /home/bbcontact/magician_ros2/install/orbbec_camera_msgs/include/orbbec_camera_msgs/orbbec_camera_msgs/srv/detail/get_int32__rosidl_typesupport_fastrtps_c.h
[3.619s] -- Up-to-date symlink: /home/bbcontact/magician_ros2/install/orbbec_camera_msgs/include/orbbec_camera_msgs/orbbec_camera_msgs/srv/detail/get_string__rosidl_typesupport_fastrtps_c.h
[3.619s] -- Up-to-date symlink: /home/bbcontact/magician_ros2/install/orbbec_camera_msgs/include/orbbec_camera_msgs/orbbec_camera_msgs/srv/detail/set_int32__rosidl_typesupport_fastrtps_c.h
[3.621s] -- Up-to-date symlink: /home/bbcontact/magician_ros2/install/orbbec_camera_msgs/include/orbbec_camera_msgs/orbbec_camera_msgs/srv/detail/set_stream_profile__rosidl_typesupport_fastrtps_c.h
[3.624s] -- Up-to-date symlink: /home/bbcontact/magician_ros2/install/orbbec_camera_msgs/include/orbbec_camera_msgs/orbbec_camera_msgs/srv/detail/set_string__rosidl_typesupport_fastrtps_c.h
[3.625s] -- Up-to-date symlink: /home/bbcontact/magician_ros2/install/orbbec_camera_msgs/include/orbbec_camera_msgs/orbbec_camera_msgs/msg/detail/device_info__rosidl_typesupport_introspection_c.h
[3.629s] -- Up-to-date symlink: /home/bbcontact/magician_ros2/install/orbbec_camera_msgs/include/orbbec_camera_msgs/orbbec_camera_msgs/msg/detail/extrinsics__rosidl_typesupport_introspection_c.h
[3.631s] -- Up-to-date symlink: /home/bbcontact/magician_ros2/install/orbbec_camera_msgs/include/orbbec_camera_msgs/orbbec_camera_msgs/msg/detail/imu_info__rosidl_typesupport_introspection_c.h
[3.635s] -- Up-to-date symlink: /home/bbcontact/magician_ros2/install/orbbec_camera_msgs/include/orbbec_camera_msgs/orbbec_camera_msgs/msg/detail/metadata__rosidl_typesupport_introspection_c.h
[3.635s] -- Up-to-date symlink: /home/bbcontact/magician_ros2/install/orbbec_camera_msgs/include/orbbec_camera_msgs/orbbec_camera_msgs/msg/detail/rgbd__rosidl_typesupport_introspection_c.h
[3.637s] -- Up-to-date symlink: /home/bbcontact/magician_ros2/install/orbbec_camera_msgs/include/orbbec_camera_msgs/orbbec_camera_msgs/msg/detail/stream_profile__rosidl_typesupport_introspection_c.h
[3.639s] -- Up-to-date symlink: /home/bbcontact/magician_ros2/install/orbbec_camera_msgs/include/orbbec_camera_msgs/orbbec_camera_msgs/msg/rosidl_typesupport_introspection_c__visibility_control.h
[3.640s] -- Up-to-date symlink: /home/bbcontact/magician_ros2/install/orbbec_camera_msgs/include/orbbec_camera_msgs/orbbec_camera_msgs/srv/detail/get_bool__rosidl_typesupport_introspection_c.h
[3.642s] -- Up-to-date symlink: /home/bbcontact/magician_ros2/install/orbbec_camera_msgs/include/orbbec_camera_msgs/orbbec_camera_msgs/srv/detail/get_camera_info__rosidl_typesupport_introspection_c.h
[3.643s] -- Up-to-date symlink: /home/bbcontact/magician_ros2/install/orbbec_camera_msgs/include/orbbec_camera_msgs/orbbec_camera_msgs/srv/detail/get_device_info__rosidl_typesupport_introspection_c.h
[3.643s] -- Up-to-date symlink: /home/bbcontact/magician_ros2/install/orbbec_camera_msgs/include/orbbec_camera_msgs/orbbec_camera_msgs/srv/detail/get_int32__rosidl_typesupport_introspection_c.h
[3.643s] -- Up-to-date symlink: /home/bbcontact/magician_ros2/install/orbbec_camera_msgs/include/orbbec_camera_msgs/orbbec_camera_msgs/srv/detail/get_string__rosidl_typesupport_introspection_c.h
[3.646s] -- Up-to-date symlink: /home/bbcontact/magician_ros2/install/orbbec_camera_msgs/include/orbbec_camera_msgs/orbbec_camera_msgs/srv/detail/set_int32__rosidl_typesupport_introspection_c.h
[3.647s] -- Up-to-date symlink: /home/bbcontact/magician_ros2/install/orbbec_camera_msgs/include/orbbec_camera_msgs/orbbec_camera_msgs/srv/detail/set_stream_profile__rosidl_typesupport_introspection_c.h
[3.649s] -- Up-to-date symlink: /home/bbcontact/magician_ros2/install/orbbec_camera_msgs/include/orbbec_camera_msgs/orbbec_camera_msgs/srv/detail/set_string__rosidl_typesupport_introspection_c.h
[3.653s] -- Up-to-date symlink: /home/bbcontact/magician_ros2/install/orbbec_camera_msgs/include/orbbec_camera_msgs/orbbec_camera_msgs/msg/detail/device_info__builder.hpp
[3.654s] -- Up-to-date symlink: /home/bbcontact/magician_ros2/install/orbbec_camera_msgs/include/orbbec_camera_msgs/orbbec_camera_msgs/msg/detail/device_info__struct.hpp
[3.654s] -- Up-to-date symlink: /home/bbcontact/magician_ros2/install/orbbec_camera_msgs/include/orbbec_camera_msgs/orbbec_camera_msgs/msg/detail/device_info__traits.hpp
[3.654s] -- Up-to-date symlink: /home/bbcontact/magician_ros2/install/orbbec_camera_msgs/include/orbbec_camera_msgs/orbbec_camera_msgs/msg/detail/device_info__type_support.hpp
[3.656s] -- Up-to-date symlink: /home/bbcontact/magician_ros2/install/orbbec_camera_msgs/include/orbbec_camera_msgs/orbbec_camera_msgs/msg/detail/extrinsics__builder.hpp
[3.656s] -- Up-to-date symlink: /home/bbcontact/magician_ros2/install/orbbec_camera_msgs/include/orbbec_camera_msgs/orbbec_camera_msgs/msg/detail/extrinsics__struct.hpp
[3.657s] -- Up-to-date symlink: /home/bbcontact/magician_ros2/install/orbbec_camera_msgs/include/orbbec_camera_msgs/orbbec_camera_msgs/msg/detail/extrinsics__traits.hpp
[3.658s] -- Up-to-date symlink: /home/bbcontact/magician_ros2/install/orbbec_camera_msgs/include/orbbec_camera_msgs/orbbec_camera_msgs/msg/detail/extrinsics__type_support.hpp
[3.659s] -- Up-to-date symlink: /home/bbcontact/magician_ros2/install/orbbec_camera_msgs/include/orbbec_camera_msgs/orbbec_camera_msgs/msg/detail/imu_info__builder.hpp
[3.660s] -- Up-to-date symlink: /home/bbcontact/magician_ros2/install/orbbec_camera_msgs/include/orbbec_camera_msgs/orbbec_camera_msgs/msg/detail/imu_info__struct.hpp
[3.661s] -- Up-to-date symlink: /home/bbcontact/magician_ros2/install/orbbec_camera_msgs/include/orbbec_camera_msgs/orbbec_camera_msgs/msg/detail/imu_info__traits.hpp
[3.662s] -- Up-to-date symlink: /home/bbcontact/magician_ros2/install/orbbec_camera_msgs/include/orbbec_camera_msgs/orbbec_camera_msgs/msg/detail/imu_info__type_support.hpp
[3.663s] -- Up-to-date symlink: /home/bbcontact/magician_ros2/install/orbbec_camera_msgs/include/orbbec_camera_msgs/orbbec_camera_msgs/msg/detail/metadata__builder.hpp
[3.663s] -- Up-to-date symlink: /home/bbcontact/magician_ros2/install/orbbec_camera_msgs/include/orbbec_camera_msgs/orbbec_camera_msgs/msg/detail/metadata__struct.hpp
[3.665s] -- Up-to-date symlink: /home/bbcontact/magician_ros2/install/orbbec_camera_msgs/include/orbbec_camera_msgs/orbbec_camera_msgs/msg/detail/metadata__traits.hpp
[3.668s] -- Up-to-date symlink: /home/bbcontact/magician_ros2/install/orbbec_camera_msgs/include/orbbec_camera_msgs/orbbec_camera_msgs/msg/detail/metadata__type_support.hpp
[3.668s] -- Up-to-date symlink: /home/bbcontact/magician_ros2/install/orbbec_camera_msgs/include/orbbec_camera_msgs/orbbec_camera_msgs/msg/detail/rgbd__builder.hpp
[3.669s] -- Up-to-date symlink: /home/bbcontact/magician_ros2/install/orbbec_camera_msgs/include/orbbec_camera_msgs/orbbec_camera_msgs/msg/detail/rgbd__struct.hpp
[3.670s] -- Up-to-date symlink: /home/bbcontact/magician_ros2/install/orbbec_camera_msgs/include/orbbec_camera_msgs/orbbec_camera_msgs/msg/detail/rgbd__traits.hpp
[3.670s] -- Up-to-date symlink: /home/bbcontact/magician_ros2/install/orbbec_camera_msgs/include/orbbec_camera_msgs/orbbec_camera_msgs/msg/detail/rgbd__type_support.hpp
[3.670s] -- Up-to-date symlink: /home/bbcontact/magician_ros2/install/orbbec_camera_msgs/include/orbbec_camera_msgs/orbbec_camera_msgs/msg/detail/stream_profile__builder.hpp
[3.671s] -- Up-to-date symlink: /home/bbcontact/magician_ros2/install/orbbec_camera_msgs/include/orbbec_camera_msgs/orbbec_camera_msgs/msg/detail/stream_profile__struct.hpp
[3.671s] -- Up-to-date symlink: /home/bbcontact/magician_ros2/install/orbbec_camera_msgs/include/orbbec_camera_msgs/orbbec_camera_msgs/msg/detail/stream_profile__traits.hpp
[3.672s] -- Up-to-date symlink: /home/bbcontact/magician_ros2/install/orbbec_camera_msgs/include/orbbec_camera_msgs/orbbec_camera_msgs/msg/detail/stream_profile__type_support.hpp
[3.677s] -- Up-to-date symlink: /home/bbcontact/magician_ros2/install/orbbec_camera_msgs/include/orbbec_camera_msgs/orbbec_camera_msgs/msg/device_info.hpp
[3.679s] -- Up-to-date symlink: /home/bbcontact/magician_ros2/install/orbbec_camera_msgs/include/orbbec_camera_msgs/orbbec_camera_msgs/msg/extrinsics.hpp
[3.683s] -- Up-to-date symlink: /home/bbcontact/magician_ros2/install/orbbec_camera_msgs/include/orbbec_camera_msgs/orbbec_camera_msgs/msg/imu_info.hpp
[3.685s] -- Up-to-date symlink: /home/bbcontact/magician_ros2/install/orbbec_camera_msgs/include/orbbec_camera_msgs/orbbec_camera_msgs/msg/metadata.hpp
[3.690s] -- Up-to-date symlink: /home/bbcontact/magician_ros2/install/orbbec_camera_msgs/include/orbbec_camera_msgs/orbbec_camera_msgs/msg/rgbd.hpp
[3.690s] -- Up-to-date symlink: /home/bbcontact/magician_ros2/install/orbbec_camera_msgs/include/orbbec_camera_msgs/orbbec_camera_msgs/msg/rosidl_generator_cpp__visibility_control.hpp
[3.691s] -- Up-to-date symlink: /home/bbcontact/magician_ros2/install/orbbec_camera_msgs/include/orbbec_camera_msgs/orbbec_camera_msgs/msg/stream_profile.hpp
[3.695s] -- Up-to-date symlink: /home/bbcontact/magician_ros2/install/orbbec_camera_msgs/include/orbbec_camera_msgs/orbbec_camera_msgs/srv/detail/get_bool__builder.hpp
[3.696s] -- Up-to-date symlink: /home/bbcontact/magician_ros2/install/orbbec_camera_msgs/include/orbbec_camera_msgs/orbbec_camera_msgs/srv/detail/get_bool__struct.hpp
[3.697s] -- Up-to-date symlink: /home/bbcontact/magician_ros2/install/orbbec_camera_msgs/include/orbbec_camera_msgs/orbbec_camera_msgs/srv/detail/get_bool__traits.hpp
[3.698s] -- Up-to-date symlink: /home/bbcontact/magician_ros2/install/orbbec_camera_msgs/include/orbbec_camera_msgs/orbbec_camera_msgs/srv/detail/get_bool__type_support.hpp
[3.702s] -- Up-to-date symlink: /home/bbcontact/magician_ros2/install/orbbec_camera_msgs/include/orbbec_camera_msgs/orbbec_camera_msgs/srv/detail/get_camera_info__builder.hpp
[3.703s] -- Up-to-date symlink: /home/bbcontact/magician_ros2/install/orbbec_camera_msgs/include/orbbec_camera_msgs/orbbec_camera_msgs/srv/detail/get_camera_info__struct.hpp
[3.704s] -- Up-to-date symlink: /home/bbcontact/magician_ros2/install/orbbec_camera_msgs/include/orbbec_camera_msgs/orbbec_camera_msgs/srv/detail/get_camera_info__traits.hpp
[3.708s] -- Up-to-date symlink: /home/bbcontact/magician_ros2/install/orbbec_camera_msgs/include/orbbec_camera_msgs/orbbec_camera_msgs/srv/detail/get_camera_info__type_support.hpp
[3.712s] -- Up-to-date symlink: /home/bbcontact/magician_ros2/install/orbbec_camera_msgs/include/orbbec_camera_msgs/orbbec_camera_msgs/srv/detail/get_device_info__builder.hpp
[3.712s] -- Up-to-date symlink: /home/bbcontact/magician_ros2/install/orbbec_camera_msgs/include/orbbec_camera_msgs/orbbec_camera_msgs/srv/detail/get_device_info__struct.hpp
[3.715s] -- Up-to-date symlink: /home/bbcontact/magician_ros2/install/orbbec_camera_msgs/include/orbbec_camera_msgs/orbbec_camera_msgs/srv/detail/get_device_info__traits.hpp
[3.715s] -- Up-to-date symlink: /home/bbcontact/magician_ros2/install/orbbec_camera_msgs/include/orbbec_camera_msgs/orbbec_camera_msgs/srv/detail/get_device_info__type_support.hpp
[3.721s] -- Up-to-date symlink: /home/bbcontact/magician_ros2/install/orbbec_camera_msgs/include/orbbec_camera_msgs/orbbec_camera_msgs/srv/detail/get_int32__builder.hpp
[3.725s] -- Up-to-date symlink: /home/bbcontact/magician_ros2/install/orbbec_camera_msgs/include/orbbec_camera_msgs/orbbec_camera_msgs/srv/detail/get_int32__struct.hpp
[3.725s] -- Up-to-date symlink: /home/bbcontact/magician_ros2/install/orbbec_camera_msgs/include/orbbec_camera_msgs/orbbec_camera_msgs/srv/detail/get_int32__traits.hpp
[3.726s] -- Up-to-date symlink: /home/bbcontact/magician_ros2/install/orbbec_camera_msgs/include/orbbec_camera_msgs/orbbec_camera_msgs/srv/detail/get_int32__type_support.hpp
[3.726s] -- Up-to-date symlink: /home/bbcontact/magician_ros2/install/orbbec_camera_msgs/include/orbbec_camera_msgs/orbbec_camera_msgs/srv/detail/get_string__builder.hpp
[3.727s] -- Up-to-date symlink: /home/bbcontact/magician_ros2/install/orbbec_camera_msgs/include/orbbec_camera_msgs/orbbec_camera_msgs/srv/detail/get_string__struct.hpp
[3.727s] -- Up-to-date symlink: /home/bbcontact/magician_ros2/install/orbbec_camera_msgs/include/orbbec_camera_msgs/orbbec_camera_msgs/srv/detail/get_string__traits.hpp
[3.739s] -- Up-to-date symlink: /home/bbcontact/magician_ros2/install/orbbec_camera_msgs/include/orbbec_camera_msgs/orbbec_camera_msgs/srv/detail/get_string__type_support.hpp
[3.740s] -- Up-to-date symlink: /home/bbcontact/magician_ros2/install/orbbec_camera_msgs/include/orbbec_camera_msgs/orbbec_camera_msgs/srv/detail/set_int32__builder.hpp
[3.743s] -- Up-to-date symlink: /home/bbcontact/magician_ros2/install/orbbec_camera_msgs/include/orbbec_camera_msgs/orbbec_camera_msgs/srv/detail/set_int32__struct.hpp
[3.743s] -- Up-to-date symlink: /home/bbcontact/magician_ros2/install/orbbec_camera_msgs/include/orbbec_camera_msgs/orbbec_camera_msgs/srv/detail/set_int32__traits.hpp
[3.744s] -- Up-to-date symlink: /home/bbcontact/magician_ros2/install/orbbec_camera_msgs/include/orbbec_camera_msgs/orbbec_camera_msgs/srv/detail/set_int32__type_support.hpp
[3.744s] -- Up-to-date symlink: /home/bbcontact/magician_ros2/install/orbbec_camera_msgs/include/orbbec_camera_msgs/orbbec_camera_msgs/srv/detail/set_stream_profile__builder.hpp
[3.744s] -- Up-to-date symlink: /home/bbcontact/magician_ros2/install/orbbec_camera_msgs/include/orbbec_camera_msgs/orbbec_camera_msgs/srv/detail/set_stream_profile__struct.hpp
[3.745s] -- Up-to-date symlink: /home/bbcontact/magician_ros2/install/orbbec_camera_msgs/include/orbbec_camera_msgs/orbbec_camera_msgs/srv/detail/set_stream_profile__traits.hpp
[3.745s] -- Up-to-date symlink: /home/bbcontact/magician_ros2/install/orbbec_camera_msgs/include/orbbec_camera_msgs/orbbec_camera_msgs/srv/detail/set_stream_profile__type_support.hpp
[3.752s] -- Up-to-date symlink: /home/bbcontact/magician_ros2/install/orbbec_camera_msgs/include/orbbec_camera_msgs/orbbec_camera_msgs/srv/detail/set_string__builder.hpp
[3.753s] -- Up-to-date symlink: /home/bbcontact/magician_ros2/install/orbbec_camera_msgs/include/orbbec_camera_msgs/orbbec_camera_msgs/srv/detail/set_string__struct.hpp
[3.760s] -- Up-to-date symlink: /home/bbcontact/magician_ros2/install/orbbec_camera_msgs/include/orbbec_camera_msgs/orbbec_camera_msgs/srv/detail/set_string__traits.hpp
[3.861s] -- Up-to-date symlink: /home/bbcontact/magician_ros2/install/orbbec_camera_msgs/include/orbbec_camera_msgs/orbbec_camera_msgs/srv/detail/set_string__type_support.hpp
[3.862s] -- Up-to-date symlink: /home/bbcontact/magician_ros2/install/orbbec_camera_msgs/include/orbbec_camera_msgs/orbbec_camera_msgs/srv/get_bool.hpp
[3.866s] -- Up-to-date symlink: /home/bbcontact/magician_ros2/install/orbbec_camera_msgs/include/orbbec_camera_msgs/orbbec_camera_msgs/srv/get_camera_info.hpp
[3.867s] -- Up-to-date symlink: /home/bbcontact/magician_ros2/install/orbbec_camera_msgs/include/orbbec_camera_msgs/orbbec_camera_msgs/srv/get_device_info.hpp
[3.868s] -- Up-to-date symlink: /home/bbcontact/magician_ros2/install/orbbec_camera_msgs/include/orbbec_camera_msgs/orbbec_camera_msgs/srv/get_int32.hpp
[3.871s] -- Up-to-date symlink: /home/bbcontact/magician_ros2/install/orbbec_camera_msgs/include/orbbec_camera_msgs/orbbec_camera_msgs/srv/get_string.hpp
[3.874s] -- Up-to-date symlink: /home/bbcontact/magician_ros2/install/orbbec_camera_msgs/include/orbbec_camera_msgs/orbbec_camera_msgs/srv/set_int32.hpp
[3.878s] -- Up-to-date symlink: /home/bbcontact/magician_ros2/install/orbbec_camera_msgs/include/orbbec_camera_msgs/orbbec_camera_msgs/srv/set_stream_profile.hpp
[3.879s] -- Up-to-date symlink: /home/bbcontact/magician_ros2/install/orbbec_camera_msgs/include/orbbec_camera_msgs/orbbec_camera_msgs/srv/set_string.hpp
[3.880s] -- Up-to-date symlink: /home/bbcontact/magician_ros2/install/orbbec_camera_msgs/include/orbbec_camera_msgs/orbbec_camera_msgs/msg/detail/device_info__rosidl_typesupport_fastrtps_cpp.hpp
[3.882s] -- Up-to-date symlink: /home/bbcontact/magician_ros2/install/orbbec_camera_msgs/include/orbbec_camera_msgs/orbbec_camera_msgs/msg/detail/extrinsics__rosidl_typesupport_fastrtps_cpp.hpp
[3.884s] -- Up-to-date symlink: /home/bbcontact/magician_ros2/install/orbbec_camera_msgs/include/orbbec_camera_msgs/orbbec_camera_msgs/msg/detail/imu_info__rosidl_typesupport_fastrtps_cpp.hpp
[3.884s] -- Up-to-date symlink: /home/bbcontact/magician_ros2/install/orbbec_camera_msgs/include/orbbec_camera_msgs/orbbec_camera_msgs/msg/detail/metadata__rosidl_typesupport_fastrtps_cpp.hpp
[3.887s] -- Up-to-date symlink: /home/bbcontact/magician_ros2/install/orbbec_camera_msgs/include/orbbec_camera_msgs/orbbec_camera_msgs/msg/detail/rgbd__rosidl_typesupport_fastrtps_cpp.hpp
[3.893s] -- Up-to-date symlink: /home/bbcontact/magician_ros2/install/orbbec_camera_msgs/include/orbbec_camera_msgs/orbbec_camera_msgs/msg/detail/stream_profile__rosidl_typesupport_fastrtps_cpp.hpp
[3.899s] -- Up-to-date symlink: /home/bbcontact/magician_ros2/install/orbbec_camera_msgs/include/orbbec_camera_msgs/orbbec_camera_msgs/msg/rosidl_typesupport_fastrtps_cpp__visibility_control.h
[3.901s] -- Up-to-date symlink: /home/bbcontact/magician_ros2/install/orbbec_camera_msgs/include/orbbec_camera_msgs/orbbec_camera_msgs/srv/detail/get_bool__rosidl_typesupport_fastrtps_cpp.hpp
[3.902s] -- Up-to-date symlink: /home/bbcontact/magician_ros2/install/orbbec_camera_msgs/include/orbbec_camera_msgs/orbbec_camera_msgs/srv/detail/get_camera_info__rosidl_typesupport_fastrtps_cpp.hpp
[3.902s] -- Up-to-date symlink: /home/bbcontact/magician_ros2/install/orbbec_camera_msgs/include/orbbec_camera_msgs/orbbec_camera_msgs/srv/detail/get_device_info__rosidl_typesupport_fastrtps_cpp.hpp
[3.902s] -- Up-to-date symlink: /home/bbcontact/magician_ros2/install/orbbec_camera_msgs/include/orbbec_camera_msgs/orbbec_camera_msgs/srv/detail/get_int32__rosidl_typesupport_fastrtps_cpp.hpp
[3.907s] -- Up-to-date symlink: /home/bbcontact/magician_ros2/install/orbbec_camera_msgs/include/orbbec_camera_msgs/orbbec_camera_msgs/srv/detail/get_string__rosidl_typesupport_fastrtps_cpp.hpp
[3.907s] -- Up-to-date symlink: /home/bbcontact/magician_ros2/install/orbbec_camera_msgs/include/orbbec_camera_msgs/orbbec_camera_msgs/srv/detail/set_int32__rosidl_typesupport_fastrtps_cpp.hpp
[3.908s] -- Up-to-date symlink: /home/bbcontact/magician_ros2/install/orbbec_camera_msgs/include/orbbec_camera_msgs/orbbec_camera_msgs/srv/detail/set_stream_profile__rosidl_typesupport_fastrtps_cpp.hpp
[3.908s] -- Up-to-date symlink: /home/bbcontact/magician_ros2/install/orbbec_camera_msgs/include/orbbec_camera_msgs/orbbec_camera_msgs/srv/detail/set_string__rosidl_typesupport_fastrtps_cpp.hpp
[3.909s] -- Up-to-date symlink: /home/bbcontact/magician_ros2/install/orbbec_camera_msgs/include/orbbec_camera_msgs/orbbec_camera_msgs/msg/detail/device_info__rosidl_typesupport_introspection_cpp.hpp
[3.909s] -- Up-to-date symlink: /home/bbcontact/magician_ros2/install/orbbec_camera_msgs/include/orbbec_camera_msgs/orbbec_camera_msgs/msg/detail/extrinsics__rosidl_typesupport_introspection_cpp.hpp
[3.916s] -- Up-to-date symlink: /home/bbcontact/magician_ros2/install/orbbec_camera_msgs/include/orbbec_camera_msgs/orbbec_camera_msgs/msg/detail/imu_info__rosidl_typesupport_introspection_cpp.hpp
[3.916s] -- Up-to-date symlink: /home/bbcontact/magician_ros2/install/orbbec_camera_msgs/include/orbbec_camera_msgs/orbbec_camera_msgs/msg/detail/metadata__rosidl_typesupport_introspection_cpp.hpp
[3.917s] -- Up-to-date symlink: /home/bbcontact/magician_ros2/install/orbbec_camera_msgs/include/orbbec_camera_msgs/orbbec_camera_msgs/msg/detail/rgbd__rosidl_typesupport_introspection_cpp.hpp
[3.917s] -- Up-to-date symlink: /home/bbcontact/magician_ros2/install/orbbec_camera_msgs/include/orbbec_camera_msgs/orbbec_camera_msgs/msg/detail/stream_profile__rosidl_typesupport_introspection_cpp.hpp
[3.921s] -- Up-to-date symlink: /home/bbcontact/magician_ros2/install/orbbec_camera_msgs/include/orbbec_camera_msgs/orbbec_camera_msgs/srv/detail/get_bool__rosidl_typesupport_introspection_cpp.hpp
[3.925s] -- Up-to-date symlink: /home/bbcontact/magician_ros2/install/orbbec_camera_msgs/include/orbbec_camera_msgs/orbbec_camera_msgs/srv/detail/get_camera_info__rosidl_typesupport_introspection_cpp.hpp
[3.933s] -- Up-to-date symlink: /home/bbcontact/magician_ros2/install/orbbec_camera_msgs/include/orbbec_camera_msgs/orbbec_camera_msgs/srv/detail/get_device_info__rosidl_typesupport_introspection_cpp.hpp
[3.934s] -- Up-to-date symlink: /home/bbcontact/magician_ros2/install/orbbec_camera_msgs/include/orbbec_camera_msgs/orbbec_camera_msgs/srv/detail/get_int32__rosidl_typesupport_introspection_cpp.hpp
[3.934s] -- Up-to-date symlink: /home/bbcontact/magician_ros2/install/orbbec_camera_msgs/include/orbbec_camera_msgs/orbbec_camera_msgs/srv/detail/get_string__rosidl_typesupport_introspection_cpp.hpp
[3.935s] -- Up-to-date symlink: /home/bbcontact/magician_ros2/install/orbbec_camera_msgs/include/orbbec_camera_msgs/orbbec_camera_msgs/srv/detail/set_int32__rosidl_typesupport_introspection_cpp.hpp
[3.938s] -- Up-to-date symlink: /home/bbcontact/magician_ros2/install/orbbec_camera_msgs/include/orbbec_camera_msgs/orbbec_camera_msgs/srv/detail/set_stream_profile__rosidl_typesupport_introspection_cpp.hpp
[3.942s] -- Up-to-date symlink: /home/bbcontact/magician_ros2/install/orbbec_camera_msgs/include/orbbec_camera_msgs/orbbec_camera_msgs/srv/detail/set_string__rosidl_typesupport_introspection_cpp.hpp
[3.943s] -- Up-to-date symlink: /home/bbcontact/magician_ros2/install/orbbec_camera_msgs/share/orbbec_camera_msgs/environment/pythonpath.sh
[3.943s] -- Up-to-date symlink: /home/bbcontact/magician_ros2/install/orbbec_camera_msgs/share/orbbec_camera_msgs/environment/pythonpath.dsv
[3.948s] -- Up-to-date symlink: /home/bbcontact/magician_ros2/install/orbbec_camera_msgs/lib/python3.12/site-packages/orbbec_camera_msgs-1.5.22-py3.12.egg-info/PKG-INFO
[3.948s] -- Up-to-date symlink: /home/bbcontact/magician_ros2/install/orbbec_camera_msgs/lib/python3.12/site-packages/orbbec_camera_msgs-1.5.22-py3.12.egg-info/SOURCES.txt
[3.949s] -- Up-to-date symlink: /home/bbcontact/magician_ros2/install/orbbec_camera_msgs/lib/python3.12/site-packages/orbbec_camera_msgs-1.5.22-py3.12.egg-info/dependency_links.txt
[3.949s] -- Up-to-date symlink: /home/bbcontact/magician_ros2/install/orbbec_camera_msgs/lib/python3.12/site-packages/orbbec_camera_msgs-1.5.22-py3.12.egg-info/top_level.txt
[3.950s] -- Up-to-date symlink: /home/bbcontact/magician_ros2/install/orbbec_camera_msgs/lib/python3.12/site-packages/orbbec_camera_msgs/__init__.py
[3.951s] -- Up-to-date symlink: /home/bbcontact/magician_ros2/install/orbbec_camera_msgs/lib/python3.12/site-packages/orbbec_camera_msgs/_orbbec_camera_msgs_s.ep.rosidl_typesupport_c.c
[3.952s] -- Up-to-date symlink: /home/bbcontact/magician_ros2/install/orbbec_camera_msgs/lib/python3.12/site-packages/orbbec_camera_msgs/_orbbec_camera_msgs_s.ep.rosidl_typesupport_fastrtps_c.c
[3.964s] -- Up-to-date symlink: /home/bbcontact/magician_ros2/install/orbbec_camera_msgs/lib/python3.12/site-packages/orbbec_camera_msgs/_orbbec_camera_msgs_s.ep.rosidl_typesupport_introspection_c.c
[3.968s] -- Up-to-date symlink: /home/bbcontact/magician_ros2/install/orbbec_camera_msgs/lib/python3.12/site-packages/orbbec_camera_msgs/msg/__init__.py
[3.969s] -- Up-to-date symlink: /home/bbcontact/magician_ros2/install/orbbec_camera_msgs/lib/python3.12/site-packages/orbbec_camera_msgs/msg/_device_info.py
[3.970s] -- Up-to-date symlink: /home/bbcontact/magician_ros2/install/orbbec_camera_msgs/lib/python3.12/site-packages/orbbec_camera_msgs/msg/_device_info_s.c
[3.970s] -- Up-to-date symlink: /home/bbcontact/magician_ros2/install/orbbec_camera_msgs/lib/python3.12/site-packages/orbbec_camera_msgs/msg/_extrinsics.py
[3.973s] -- Up-to-date symlink: /home/bbcontact/magician_ros2/install/orbbec_camera_msgs/lib/python3.12/site-packages/orbbec_camera_msgs/msg/_extrinsics_s.c
[3.974s] -- Up-to-date symlink: /home/bbcontact/magician_ros2/install/orbbec_camera_msgs/lib/python3.12/site-packages/orbbec_camera_msgs/msg/_imu_info.py
[3.975s] -- Up-to-date symlink: /home/bbcontact/magician_ros2/install/orbbec_camera_msgs/lib/python3.12/site-packages/orbbec_camera_msgs/msg/_imu_info_s.c
[3.975s] -- Up-to-date symlink: /home/bbcontact/magician_ros2/install/orbbec_camera_msgs/lib/python3.12/site-packages/orbbec_camera_msgs/msg/_metadata.py
[3.978s] -- Up-to-date symlink: /home/bbcontact/magician_ros2/install/orbbec_camera_msgs/lib/python3.12/site-packages/orbbec_camera_msgs/msg/_metadata_s.c
[3.980s] -- Up-to-date symlink: /home/bbcontact/magician_ros2/install/orbbec_camera_msgs/lib/python3.12/site-packages/orbbec_camera_msgs/msg/_rgbd.py
[3.981s] -- Up-to-date symlink: /home/bbcontact/magician_ros2/install/orbbec_camera_msgs/lib/python3.12/site-packages/orbbec_camera_msgs/msg/_rgbd_s.c
[3.981s] -- Up-to-date symlink: /home/bbcontact/magician_ros2/install/orbbec_camera_msgs/lib/python3.12/site-packages/orbbec_camera_msgs/msg/_stream_profile.py
[3.986s] -- Up-to-date symlink: /home/bbcontact/magician_ros2/install/orbbec_camera_msgs/lib/python3.12/site-packages/orbbec_camera_msgs/msg/_stream_profile_s.c
[3.994s] -- Up-to-date symlink: /home/bbcontact/magician_ros2/install/orbbec_camera_msgs/lib/python3.12/site-packages/orbbec_camera_msgs/orbbec_camera_msgs_s__rosidl_typesupport_c.so
[3.994s] -- Up-to-date symlink: /home/bbcontact/magician_ros2/install/orbbec_camera_msgs/lib/python3.12/site-packages/orbbec_camera_msgs/orbbec_camera_msgs_s__rosidl_typesupport_fastrtps_c.so
[3.995s] -- Up-to-date symlink: /home/bbcontact/magician_ros2/install/orbbec_camera_msgs/lib/python3.12/site-packages/orbbec_camera_msgs/orbbec_camera_msgs_s__rosidl_typesupport_introspection_c.so
[3.995s] -- Up-to-date symlink: /home/bbcontact/magician_ros2/install/orbbec_camera_msgs/lib/python3.12/site-packages/orbbec_camera_msgs/srv/__init__.py
[3.996s] -- Up-to-date symlink: /home/bbcontact/magician_ros2/install/orbbec_camera_msgs/lib/python3.12/site-packages/orbbec_camera_msgs/srv/_get_bool.py
[3.996s] -- Up-to-date symlink: /home/bbcontact/magician_ros2/install/orbbec_camera_msgs/lib/python3.12/site-packages/orbbec_camera_msgs/srv/_get_bool_s.c
[3.997s] -- Up-to-date symlink: /home/bbcontact/magician_ros2/install/orbbec_camera_msgs/lib/python3.12/site-packages/orbbec_camera_msgs/srv/_get_camera_info.py
[3.997s] -- Up-to-date symlink: /home/bbcontact/magician_ros2/install/orbbec_camera_msgs/lib/python3.12/site-packages/orbbec_camera_msgs/srv/_get_camera_info_s.c
[3.998s] -- Up-to-date symlink: /home/bbcontact/magician_ros2/install/orbbec_camera_msgs/lib/python3.12/site-packages/orbbec_camera_msgs/srv/_get_device_info.py
[3.999s] -- Up-to-date symlink: /home/bbcontact/magician_ros2/install/orbbec_camera_msgs/lib/python3.12/site-packages/orbbec_camera_msgs/srv/_get_device_info_s.c
[4.000s] -- Up-to-date symlink: /home/bbcontact/magician_ros2/install/orbbec_camera_msgs/lib/python3.12/site-packages/orbbec_camera_msgs/srv/_get_int32.py
[4.000s] -- Up-to-date symlink: /home/bbcontact/magician_ros2/install/orbbec_camera_msgs/lib/python3.12/site-packages/orbbec_camera_msgs/srv/_get_int32_s.c
[4.001s] -- Up-to-date symlink: /home/bbcontact/magician_ros2/install/orbbec_camera_msgs/lib/python3.12/site-packages/orbbec_camera_msgs/srv/_get_string.py
[4.002s] -- Up-to-date symlink: /home/bbcontact/magician_ros2/install/orbbec_camera_msgs/lib/python3.12/site-packages/orbbec_camera_msgs/srv/_get_string_s.c
[4.003s] -- Up-to-date symlink: /home/bbcontact/magician_ros2/install/orbbec_camera_msgs/lib/python3.12/site-packages/orbbec_camera_msgs/srv/_set_int32.py
[4.003s] -- Up-to-date symlink: /home/bbcontact/magician_ros2/install/orbbec_camera_msgs/lib/python3.12/site-packages/orbbec_camera_msgs/srv/_set_int32_s.c
[4.009s] -- Up-to-date symlink: /home/bbcontact/magician_ros2/install/orbbec_camera_msgs/lib/python3.12/site-packages/orbbec_camera_msgs/srv/_set_stream_profile.py
[4.017s] -- Up-to-date symlink: /home/bbcontact/magician_ros2/install/orbbec_camera_msgs/lib/python3.12/site-packages/orbbec_camera_msgs/srv/_set_stream_profile_s.c
[4.017s] -- Up-to-date symlink: /home/bbcontact/magician_ros2/install/orbbec_camera_msgs/lib/python3.12/site-packages/orbbec_camera_msgs/srv/_set_string.py
[4.018s] -- Up-to-date symlink: /home/bbcontact/magician_ros2/install/orbbec_camera_msgs/lib/python3.12/site-packages/orbbec_camera_msgs/srv/_set_string_s.c
[4.018s] -- Up-to-date symlink: /home/bbcontact/magician_ros2/install/orbbec_camera_msgs/lib/python3.12/site-packages/orbbec_camera_msgs/orbbec_camera_msgs_s__rosidl_typesupport_fastrtps_c.so
[4.019s] -- Up-to-date symlink: /home/bbcontact/magician_ros2/install/orbbec_camera_msgs/lib/python3.12/site-packages/orbbec_camera_msgs/orbbec_camera_msgs_s__rosidl_typesupport_introspection_c.so
[4.020s] -- Up-to-date symlink: /home/bbcontact/magician_ros2/install/orbbec_camera_msgs/lib/python3.12/site-packages/orbbec_camera_msgs/orbbec_camera_msgs_s__rosidl_typesupport_c.so
[4.022s] -- Up-to-date symlink: /home/bbcontact/magician_ros2/install/orbbec_camera_msgs/share/ament_index/resource_index/rust_packages/orbbec_camera_msgs
[4.022s] -- Up-to-date symlink: /home/bbcontact/magician_ros2/install/orbbec_camera_msgs/share/orbbec_camera_msgs/rust/Cargo.toml
[4.027s] -- Up-to-date symlink: /home/bbcontact/magician_ros2/install/orbbec_camera_msgs/share/orbbec_camera_msgs/rust/build.rs
[4.028s] -- Up-to-date symlink: /home/bbcontact/magician_ros2/install/orbbec_camera_msgs/share/orbbec_camera_msgs/rust/src/lib.rs
[4.031s] -- Up-to-date symlink: /home/bbcontact/magician_ros2/install/orbbec_camera_msgs/share/orbbec_camera_msgs/rust/src/msg.rs
[4.032s] -- Up-to-date symlink: /home/bbcontact/magician_ros2/install/orbbec_camera_msgs/share/orbbec_camera_msgs/rust/src/msg/rmw.rs
[4.033s] -- Up-to-date symlink: /home/bbcontact/magician_ros2/install/orbbec_camera_msgs/share/orbbec_camera_msgs/rust/src/srv.rs
[4.034s] -- Up-to-date symlink: /home/bbcontact/magician_ros2/install/orbbec_camera_msgs/share/orbbec_camera_msgs/rust/src/srv/rmw.rs
[4.034s] -- Up-to-date symlink: /home/bbcontact/magician_ros2/install/orbbec_camera_msgs/share/orbbec_camera_msgs/msg/DeviceInfo.idl
[4.035s] -- Up-to-date symlink: /home/bbcontact/magician_ros2/install/orbbec_camera_msgs/share/orbbec_camera_msgs/msg/Extrinsics.idl
[4.039s] -- Up-to-date symlink: /home/bbcontact/magician_ros2/install/orbbec_camera_msgs/share/orbbec_camera_msgs/msg/Metadata.idl
[4.039s] -- Up-to-date symlink: /home/bbcontact/magician_ros2/install/orbbec_camera_msgs/share/orbbec_camera_msgs/msg/IMUInfo.idl
[4.040s] -- Up-to-date symlink: /home/bbcontact/magician_ros2/install/orbbec_camera_msgs/share/orbbec_camera_msgs/msg/RGBD.idl
[4.040s] -- Up-to-date symlink: /home/bbcontact/magician_ros2/install/orbbec_camera_msgs/share/orbbec_camera_msgs/msg/StreamProfile.idl
[4.041s] -- Up-to-date symlink: /home/bbcontact/magician_ros2/install/orbbec_camera_msgs/share/orbbec_camera_msgs/srv/GetBool.idl
[4.041s] -- Up-to-date symlink: /home/bbcontact/magician_ros2/install/orbbec_camera_msgs/share/orbbec_camera_msgs/srv/GetDeviceInfo.idl
[4.042s] -- Up-to-date symlink: /home/bbcontact/magician_ros2/install/orbbec_camera_msgs/share/orbbec_camera_msgs/srv/GetCameraInfo.idl
[4.042s] -- Up-to-date symlink: /home/bbcontact/magician_ros2/install/orbbec_camera_msgs/share/orbbec_camera_msgs/srv/GetInt32.idl
[4.042s] -- Up-to-date symlink: /home/bbcontact/magician_ros2/install/orbbec_camera_msgs/share/orbbec_camera_msgs/srv/GetString.idl
[4.043s] -- Up-to-date symlink: /home/bbcontact/magician_ros2/install/orbbec_camera_msgs/share/orbbec_camera_msgs/srv/SetInt32.idl
[4.044s] -- Up-to-date symlink: /home/bbcontact/magician_ros2/install/orbbec_camera_msgs/share/orbbec_camera_msgs/srv/SetString.idl
[4.048s] -- Up-to-date symlink: /home/bbcontact/magician_ros2/install/orbbec_camera_msgs/share/orbbec_camera_msgs/srv/SetStreamProfile.idl
[4.049s] -- Up-to-date symlink: /home/bbcontact/magician_ros2/install/orbbec_camera_msgs/share/orbbec_camera_msgs/msg/DeviceInfo.msg
[4.049s] -- Up-to-date symlink: /home/bbcontact/magician_ros2/install/orbbec_camera_msgs/share/orbbec_camera_msgs/msg/Extrinsics.msg
[4.049s] -- Up-to-date symlink: /home/bbcontact/magician_ros2/install/orbbec_camera_msgs/share/orbbec_camera_msgs/msg/Metadata.msg
[4.050s] -- Up-to-date symlink: /home/bbcontact/magician_ros2/install/orbbec_camera_msgs/share/orbbec_camera_msgs/msg/IMUInfo.msg
[4.050s] -- Up-to-date symlink: /home/bbcontact/magician_ros2/install/orbbec_camera_msgs/share/orbbec_camera_msgs/msg/RGBD.msg
[4.050s] -- Up-to-date symlink: /home/bbcontact/magician_ros2/install/orbbec_camera_msgs/share/orbbec_camera_msgs/msg/StreamProfile.msg
[4.051s] -- Up-to-date symlink: /home/bbcontact/magician_ros2/install/orbbec_camera_msgs/share/orbbec_camera_msgs/srv/GetBool.srv
[4.052s] -- Up-to-date symlink: /home/bbcontact/magician_ros2/install/orbbec_camera_msgs/share/orbbec_camera_msgs/srv/GetDeviceInfo.srv
[4.053s] -- Up-to-date symlink: /home/bbcontact/magician_ros2/install/orbbec_camera_msgs/share/orbbec_camera_msgs/srv/GetCameraInfo.srv
[4.053s] -- Up-to-date symlink: /home/bbcontact/magician_ros2/install/orbbec_camera_msgs/share/orbbec_camera_msgs/srv/GetInt32.srv
[4.055s] -- Up-to-date symlink: /home/bbcontact/magician_ros2/install/orbbec_camera_msgs/share/orbbec_camera_msgs/srv/GetString.srv
[4.056s] -- Up-to-date symlink: /home/bbcontact/magician_ros2/install/orbbec_camera_msgs/share/orbbec_camera_msgs/srv/SetInt32.srv
[4.057s] -- Up-to-date symlink: /home/bbcontact/magician_ros2/install/orbbec_camera_msgs/share/orbbec_camera_msgs/srv/SetString.srv
[4.057s] -- Up-to-date symlink: /home/bbcontact/magician_ros2/install/orbbec_camera_msgs/share/orbbec_camera_msgs/srv/SetStreamProfile.srv
[4.057s] -- Up-to-date symlink: /home/bbcontact/magician_ros2/install/orbbec_camera_msgs/share/ament_index/resource_index/package_run_dependencies/orbbec_camera_msgs
[4.058s] -- Up-to-date symlink: /home/bbcontact/magician_ros2/install/orbbec_camera_msgs/share/ament_index/resource_index/parent_prefix_path/orbbec_camera_msgs
[4.058s] -- Up-to-date symlink: /home/bbcontact/magician_ros2/install/orbbec_camera_msgs/share/orbbec_camera_msgs/environment/ament_prefix_path.sh
[4.060s] -- Up-to-date symlink: /home/bbcontact/magician_ros2/install/orbbec_camera_msgs/share/orbbec_camera_msgs/environment/ament_prefix_path.dsv
[4.061s] -- Up-to-date symlink: /home/bbcontact/magician_ros2/install/orbbec_camera_msgs/share/orbbec_camera_msgs/environment/path.sh
[4.061s] -- Up-to-date symlink: /home/bbcontact/magician_ros2/install/orbbec_camera_msgs/share/orbbec_camera_msgs/environment/path.dsv
[4.064s] -- Up-to-date symlink: /home/bbcontact/magician_ros2/install/orbbec_camera_msgs/share/orbbec_camera_msgs/local_setup.bash
[4.064s] -- Up-to-date symlink: /home/bbcontact/magician_ros2/install/orbbec_camera_msgs/share/orbbec_camera_msgs/local_setup.sh
[4.065s] -- Up-to-date symlink: /home/bbcontact/magician_ros2/install/orbbec_camera_msgs/share/orbbec_camera_msgs/local_setup.zsh
[4.065s] -- Up-to-date symlink: /home/bbcontact/magician_ros2/install/orbbec_camera_msgs/share/orbbec_camera_msgs/local_setup.dsv
[4.066s] -- Symlinking: /home/bbcontact/magician_ros2/install/orbbec_camera_msgs/share/orbbec_camera_msgs/package.dsv
[4.066s] -- Up-to-date symlink: /home/bbcontact/magician_ros2/install/orbbec_camera_msgs/share/ament_index/resource_index/packages/orbbec_camera_msgs
[4.070s] -- Up-to-date symlink: /home/bbcontact/magician_ros2/install/orbbec_camera_msgs/share/orbbec_camera_msgs/cmake/rosidl_cmake-extras.cmake
[4.070s] -- Up-to-date symlink: /home/bbcontact/magician_ros2/install/orbbec_camera_msgs/share/orbbec_camera_msgs/cmake/ament_cmake_export_dependencies-extras.cmake
[4.070s] -- Up-to-date symlink: /home/bbcontact/magician_ros2/install/orbbec_camera_msgs/share/orbbec_camera_msgs/cmake/ament_cmake_export_include_directories-extras.cmake
[4.071s] -- Up-to-date symlink: /home/bbcontact/magician_ros2/install/orbbec_camera_msgs/share/orbbec_camera_msgs/cmake/ament_cmake_export_libraries-extras.cmake
[4.071s] -- Up-to-date symlink: /home/bbcontact/magician_ros2/install/orbbec_camera_msgs/share/orbbec_camera_msgs/cmake/ament_cmake_export_targets-extras.cmake
[4.072s] -- Up-to-date symlink: /home/bbcontact/magician_ros2/install/orbbec_camera_msgs/share/orbbec_camera_msgs/cmake/rosidl_cmake_export_typesupport_targets-extras.cmake
[4.072s] -- Up-to-date symlink: /home/bbcontact/magician_ros2/install/orbbec_camera_msgs/share/orbbec_camera_msgs/cmake/rosidl_cmake_export_typesupport_libraries-extras.cmake
[4.072s] -- Up-to-date symlink: /home/bbcontact/magician_ros2/install/orbbec_camera_msgs/share/orbbec_camera_msgs/cmake/rosidl_cmake_aggregate_target-extras.cmake
[4.073s] -- Up-to-date symlink: /home/bbcontact/magician_ros2/install/orbbec_camera_msgs/share/orbbec_camera_msgs/cmake/orbbec_camera_msgsConfig.cmake
[4.073s] -- Up-to-date symlink: /home/bbcontact/magician_ros2/install/orbbec_camera_msgs/share/orbbec_camera_msgs/cmake/orbbec_camera_msgsConfig-version.cmake
[4.074s] -- Up-to-date symlink: /home/bbcontact/magician_ros2/install/orbbec_camera_msgs/share/orbbec_camera_msgs/package.xml
[4.074s] -- Up-to-date: /home/bbcontact/magician_ros2/install/orbbec_camera_msgs/lib/liborbbec_camera_msgs__rosidl_generator_c.so
[4.074s] -- Up-to-date: /home/bbcontact/magician_ros2/install/orbbec_camera_msgs/lib/liborbbec_camera_msgs__rosidl_typesupport_fastrtps_c.so
[4.075s] -- Up-to-date: /home/bbcontact/magician_ros2/install/orbbec_camera_msgs/lib/liborbbec_camera_msgs__rosidl_typesupport_introspection_c.so
[4.075s] -- Up-to-date: /home/bbcontact/magician_ros2/install/orbbec_camera_msgs/lib/liborbbec_camera_msgs__rosidl_typesupport_c.so
[4.075s] -- Up-to-date: /home/bbcontact/magician_ros2/install/orbbec_camera_msgs/lib/liborbbec_camera_msgs__rosidl_typesupport_fastrtps_cpp.so
[4.076s] -- Up-to-date: /home/bbcontact/magician_ros2/install/orbbec_camera_msgs/lib/liborbbec_camera_msgs__rosidl_typesupport_introspection_cpp.so
[4.076s] -- Up-to-date: /home/bbcontact/magician_ros2/install/orbbec_camera_msgs/lib/liborbbec_camera_msgs__rosidl_typesupport_cpp.so
[4.280s] Listing '/home/bbcontact/magician_ros2/install/orbbec_camera_msgs/lib/python3.12/site-packages/orbbec_camera_msgs'...
[4.281s] Listing '/home/bbcontact/magician_ros2/install/orbbec_camera_msgs/lib/python3.12/site-packages/orbbec_camera_msgs/msg'...
[4.288s] Listing '/home/bbcontact/magician_ros2/install/orbbec_camera_msgs/lib/python3.12/site-packages/orbbec_camera_msgs/srv'...
[4.288s] -- Up-to-date: /home/bbcontact/magician_ros2/install/orbbec_camera_msgs/lib/liborbbec_camera_msgs__rosidl_generator_py.so
[4.289s] -- Up-to-date: /home/bbcontact/magician_ros2/install/orbbec_camera_msgs/share/orbbec_camera_msgs/cmake/export_orbbec_camera_msgs__rosidl_generator_cExport.cmake
[4.289s] -- Up-to-date: /home/bbcontact/magician_ros2/install/orbbec_camera_msgs/share/orbbec_camera_msgs/cmake/export_orbbec_camera_msgs__rosidl_generator_cExport-noconfig.cmake
[4.289s] -- Up-to-date: /home/bbcontact/magician_ros2/install/orbbec_camera_msgs/share/orbbec_camera_msgs/cmake/export_orbbec_camera_msgs__rosidl_typesupport_fastrtps_cExport.cmake
[4.290s] -- Up-to-date: /home/bbcontact/magician_ros2/install/orbbec_camera_msgs/share/orbbec_camera_msgs/cmake/export_orbbec_camera_msgs__rosidl_typesupport_fastrtps_cExport-noconfig.cmake
[4.290s] -- Up-to-date: /home/bbcontact/magician_ros2/install/orbbec_camera_msgs/share/orbbec_camera_msgs/cmake/orbbec_camera_msgs__rosidl_typesupport_introspection_cExport.cmake
[4.297s] -- Up-to-date: /home/bbcontact/magician_ros2/install/orbbec_camera_msgs/share/orbbec_camera_msgs/cmake/orbbec_camera_msgs__rosidl_typesupport_introspection_cExport-noconfig.cmake
[4.297s] -- Up-to-date: /home/bbcontact/magician_ros2/install/orbbec_camera_msgs/share/orbbec_camera_msgs/cmake/orbbec_camera_msgs__rosidl_typesupport_cExport.cmake
[4.298s] -- Up-to-date: /home/bbcontact/magician_ros2/install/orbbec_camera_msgs/share/orbbec_camera_msgs/cmake/orbbec_camera_msgs__rosidl_typesupport_cExport-noconfig.cmake
[4.298s] -- Up-to-date: /home/bbcontact/magician_ros2/install/orbbec_camera_msgs/share/orbbec_camera_msgs/cmake/export_orbbec_camera_msgs__rosidl_generator_cppExport.cmake
[4.298s] -- Up-to-date: /home/bbcontact/magician_ros2/install/orbbec_camera_msgs/share/orbbec_camera_msgs/cmake/export_orbbec_camera_msgs__rosidl_typesupport_fastrtps_cppExport.cmake
[4.299s] -- Up-to-date: /home/bbcontact/magician_ros2/install/orbbec_camera_msgs/share/orbbec_camera_msgs/cmake/export_orbbec_camera_msgs__rosidl_typesupport_fastrtps_cppExport-noconfig.cmake
[4.299s] -- Up-to-date: /home/bbcontact/magician_ros2/install/orbbec_camera_msgs/share/orbbec_camera_msgs/cmake/orbbec_camera_msgs__rosidl_typesupport_introspection_cppExport.cmake
[4.299s] -- Up-to-date: /home/bbcontact/magician_ros2/install/orbbec_camera_msgs/share/orbbec_camera_msgs/cmake/orbbec_camera_msgs__rosidl_typesupport_introspection_cppExport-noconfig.cmake
[4.300s] -- Up-to-date: /home/bbcontact/magician_ros2/install/orbbec_camera_msgs/share/orbbec_camera_msgs/cmake/orbbec_camera_msgs__rosidl_typesupport_cppExport.cmake
[4.300s] -- Up-to-date: /home/bbcontact/magician_ros2/install/orbbec_camera_msgs/share/orbbec_camera_msgs/cmake/orbbec_camera_msgs__rosidl_typesupport_cppExport-noconfig.cmake
[4.305s] -- Up-to-date: /home/bbcontact/magician_ros2/install/orbbec_camera_msgs/share/orbbec_camera_msgs/cmake/export_orbbec_camera_msgs__rosidl_generator_pyExport.cmake
[4.305s] -- Up-to-date: /home/bbcontact/magician_ros2/install/orbbec_camera_msgs/share/orbbec_camera_msgs/cmake/export_orbbec_camera_msgs__rosidl_generator_pyExport-noconfig.cmake
[4.321s] Invoked command in '/home/bbcontact/magician_ros2/build/orbbec_camera_msgs' returned '0': CMAKE_PREFIX_PATH=${CMAKE_PREFIX_PATH}:/opt/ros/jazzy DEBUGINFOD_URLS=https://debuginfod.ubuntu.com /usr/bin/cmake --install /home/bbcontact/magician_ros2/build/orbbec_camera_msgs
