[0.057s] Invoking command in '/home/bbcontact/magician_ros2/build/dobot_driver': CMAKE_PREFIX_PATH=${CMAKE_PREFIX_PATH}:/opt/ros/jazzy DEBUGINFOD_URLS=https://debuginfod.ubuntu.com /usr/bin/cmake /home/bbcontact/magician_ros2/src/magician_ros2/dobot_driver -DCMAKE_INSTALL_PREFIX=/home/bbcontact/magician_ros2/install/dobot_driver
[1.976s] -- Found ament_cmake: 2.5.6 (/opt/ros/jazzy/share/ament_cmake/cmake)
[1.978s] -- Override CMake install command with custom implementation using symlinks instead of copying resources
[1.979s] -- Found ament_lint_auto: 0.17.5 (/opt/ros/jazzy/share/ament_lint_auto/cmake)
[1.979s] -- Added test 'copyright' to check source files copyright and LICENSE
[1.980s] -- Added test 'flake8' to check Python code syntax and style conventions
[1.980s] -- Configured 'flake8' exclude dirs and/or files: 
[1.981s] -- Added test 'lint_cmake' to check CMake code style
[1.982s] -- Added test 'pep257' to check Python code against some of the docstring style conventions in PEP 257
[1.982s] -- Added test 'xmllint' to check XML markup files
[1.983s] -- Configuring done (1.5s)
[1.984s] -- Generating done (0.0s)
[1.984s] -- Build files have been written to: /home/bbcontact/magician_ros2/build/dobot_driver
[2.037s] Invoked command in '/home/bbcontact/magician_ros2/build/dobot_driver' returned '0': CMAKE_PREFIX_PATH=${CMAKE_PREFIX_PATH}:/opt/ros/jazzy DEBUGINFOD_URLS=https://debuginfod.ubuntu.com /usr/bin/cmake /home/bbcontact/magician_ros2/src/magician_ros2/dobot_driver -DCMAKE_INSTALL_PREFIX=/home/bbcontact/magician_ros2/install/dobot_driver
[2.039s] Invoking command in '/home/bbcontact/magician_ros2/build/dobot_driver': CMAKE_PREFIX_PATH=${CMAKE_PREFIX_PATH}:/opt/ros/jazzy DEBUGINFOD_URLS=https://debuginfod.ubuntu.com /usr/bin/cmake --build /home/bbcontact/magician_ros2/build/dobot_driver -- -j8 -l8
[2.232s] Built target ament_cmake_python_symlink_dobot_driver
[3.435s] running egg_info
[3.560s] writing dobot_driver.egg-info/PKG-INFO
[3.561s] writing dependency_links to dobot_driver.egg-info/dependency_links.txt
[3.561s] writing top-level names to dobot_driver.egg-info/top_level.txt
[3.955s] reading manifest file 'dobot_driver.egg-info/SOURCES.txt'
[3.957s] writing manifest file 'dobot_driver.egg-info/SOURCES.txt'
[4.049s] Built target ament_cmake_python_build_dobot_driver_egg
[4.078s] Invoked command in '/home/bbcontact/magician_ros2/build/dobot_driver' returned '0': CMAKE_PREFIX_PATH=${CMAKE_PREFIX_PATH}:/opt/ros/jazzy DEBUGINFOD_URLS=https://debuginfod.ubuntu.com /usr/bin/cmake --build /home/bbcontact/magician_ros2/build/dobot_driver -- -j8 -l8
[4.082s] Invoking command in '/home/bbcontact/magician_ros2/build/dobot_driver': CMAKE_PREFIX_PATH=${CMAKE_PREFIX_PATH}:/opt/ros/jazzy DEBUGINFOD_URLS=https://debuginfod.ubuntu.com /usr/bin/cmake --install /home/bbcontact/magician_ros2/build/dobot_driver
[4.103s] -- Install configuration: ""
[4.105s] -- Execute custom install script
[4.106s] -- Up-to-date symlink: /home/bbcontact/magician_ros2/install/dobot_driver/share/dobot_driver/environment/pythonpath.sh
[4.106s] -- Up-to-date symlink: /home/bbcontact/magician_ros2/install/dobot_driver/share/dobot_driver/environment/pythonpath.dsv
[4.107s] -- Up-to-date symlink: /home/bbcontact/magician_ros2/install/dobot_driver/lib/python3.12/site-packages/dobot_driver-1.0.0-py3.12.egg-info/PKG-INFO
[4.108s] -- Up-to-date symlink: /home/bbcontact/magician_ros2/install/dobot_driver/lib/python3.12/site-packages/dobot_driver-1.0.0-py3.12.egg-info/SOURCES.txt
[4.109s] -- Up-to-date symlink: /home/bbcontact/magician_ros2/install/dobot_driver/lib/python3.12/site-packages/dobot_driver-1.0.0-py3.12.egg-info/dependency_links.txt
[4.109s] -- Up-to-date symlink: /home/bbcontact/magician_ros2/install/dobot_driver/lib/python3.12/site-packages/dobot_driver-1.0.0-py3.12.egg-info/top_level.txt
[4.110s] -- Up-to-date symlink: /home/bbcontact/magician_ros2/install/dobot_driver/lib/python3.12/site-packages/dobot_driver/__init__.py
[4.110s] -- Up-to-date symlink: /home/bbcontact/magician_ros2/install/dobot_driver/lib/python3.12/site-packages/dobot_driver/dobot_handle.py
[4.111s] -- Up-to-date symlink: /home/bbcontact/magician_ros2/install/dobot_driver/lib/python3.12/site-packages/dobot_driver/interface.py
[4.111s] -- Up-to-date symlink: /home/bbcontact/magician_ros2/install/dobot_driver/lib/python3.12/site-packages/dobot_driver/message.py
[4.112s] -- Up-to-date symlink: /home/bbcontact/magician_ros2/install/dobot_driver/lib/python3.12/site-packages/dobot_driver/parsers.py
[4.112s] -- Up-to-date symlink: /home/bbcontact/magician_ros2/install/dobot_driver/share/ament_index/resource_index/package_run_dependencies/dobot_driver
[4.113s] -- Up-to-date symlink: /home/bbcontact/magician_ros2/install/dobot_driver/share/ament_index/resource_index/parent_prefix_path/dobot_driver
[4.114s] -- Up-to-date symlink: /home/bbcontact/magician_ros2/install/dobot_driver/share/dobot_driver/environment/ament_prefix_path.sh
[4.114s] -- Up-to-date symlink: /home/bbcontact/magician_ros2/install/dobot_driver/share/dobot_driver/environment/ament_prefix_path.dsv
[4.115s] -- Up-to-date symlink: /home/bbcontact/magician_ros2/install/dobot_driver/share/dobot_driver/environment/path.sh
[4.116s] -- Up-to-date symlink: /home/bbcontact/magician_ros2/install/dobot_driver/share/dobot_driver/environment/path.dsv
[4.116s] -- Up-to-date symlink: /home/bbcontact/magician_ros2/install/dobot_driver/share/dobot_driver/local_setup.bash
[4.117s] -- Up-to-date symlink: /home/bbcontact/magician_ros2/install/dobot_driver/share/dobot_driver/local_setup.sh
[4.118s] -- Up-to-date symlink: /home/bbcontact/magician_ros2/install/dobot_driver/share/dobot_driver/local_setup.zsh
[4.119s] -- Up-to-date symlink: /home/bbcontact/magician_ros2/install/dobot_driver/share/dobot_driver/local_setup.dsv
[4.119s] -- Symlinking: /home/bbcontact/magician_ros2/install/dobot_driver/share/dobot_driver/package.dsv
[4.145s] -- Up-to-date symlink: /home/bbcontact/magician_ros2/install/dobot_driver/share/ament_index/resource_index/packages/dobot_driver
[4.145s] -- Up-to-date symlink: /home/bbcontact/magician_ros2/install/dobot_driver/share/dobot_driver/cmake/dobot_driverConfig.cmake
[4.146s] -- Up-to-date symlink: /home/bbcontact/magician_ros2/install/dobot_driver/share/dobot_driver/cmake/dobot_driverConfig-version.cmake
[4.147s] -- Up-to-date symlink: /home/bbcontact/magician_ros2/install/dobot_driver/share/dobot_driver/package.xml
[4.279s] Listing '/home/bbcontact/magician_ros2/install/dobot_driver/lib/python3.12/site-packages/dobot_driver'...
[4.306s] Invoked command in '/home/bbcontact/magician_ros2/build/dobot_driver' returned '0': CMAKE_PREFIX_PATH=${CMAKE_PREFIX_PATH}:/opt/ros/jazzy DEBUGINFOD_URLS=https://debuginfod.ubuntu.com /usr/bin/cmake --install /home/bbcontact/magician_ros2/build/dobot_driver
