[6.433s] Invoking command in '/home/bbcontact/magician_ros2/build/dobot_homing': AMENT_PREFIX_PATH=/home/bbcontact/magician_ros2/install/dobot_msgs:/home/bbcontact/magician_ros2/install/dobot_driver:${AMENT_PREFIX_PATH} CMAKE_PREFIX_PATH=/home/bbcontact/magician_ros2/install/dobot_msgs:/home/bbcontact/magician_ros2/install/dobot_driver:${CMAKE_PREFIX_PATH} DEBUGINFOD_URLS=https://debuginfod.ubuntu.com LD_LIBRARY_PATH=/home/bbcontact/magician_ros2/install/dobot_msgs/lib:${LD_LIBRARY_PATH} PYTHONPATH=/home/bbcontact/magician_ros2/build/dobot_homing/prefix_override:/usr/lib/python3/dist-packages/colcon_core/task/python/colcon_distutils_commands:/home/bbcontact/magician_ros2/install/dobot_homing/lib/python3.12/site-packages:/home/bbcontact/magician_ros2/install/dobot_msgs/lib/python3.12/site-packages:/home/bbcontact/magician_ros2/install/dobot_driver/lib/python3.12/site-packages:${PYTHONPATH} /usr/bin/python3 -W ignore:setup.py install is deprecated -W ignore:easy_install command is deprecated setup.py develop --uninstall --editable --build-directory /home/bbcontact/magician_ros2/build/dobot_homing/build
[8.220s] running develop
[9.913s] Removing /home/bbcontact/magician_ros2/install/dobot_homing/lib/python3.12/site-packages/dobot-homing.egg-link (link to .)
[10.044s] Invoked command in '/home/bbcontact/magician_ros2/build/dobot_homing' returned '0': AMENT_PREFIX_PATH=/home/bbcontact/magician_ros2/install/dobot_msgs:/home/bbcontact/magician_ros2/install/dobot_driver:${AMENT_PREFIX_PATH} CMAKE_PREFIX_PATH=/home/bbcontact/magician_ros2/install/dobot_msgs:/home/bbcontact/magician_ros2/install/dobot_driver:${CMAKE_PREFIX_PATH} DEBUGINFOD_URLS=https://debuginfod.ubuntu.com LD_LIBRARY_PATH=/home/bbcontact/magician_ros2/install/dobot_msgs/lib:${LD_LIBRARY_PATH} PYTHONPATH=/home/bbcontact/magician_ros2/build/dobot_homing/prefix_override:/usr/lib/python3/dist-packages/colcon_core/task/python/colcon_distutils_commands:/home/bbcontact/magician_ros2/install/dobot_homing/lib/python3.12/site-packages:/home/bbcontact/magician_ros2/install/dobot_msgs/lib/python3.12/site-packages:/home/bbcontact/magician_ros2/install/dobot_driver/lib/python3.12/site-packages:${PYTHONPATH} /usr/bin/python3 -W ignore:setup.py install is deprecated -W ignore:easy_install command is deprecated setup.py develop --uninstall --editable --build-directory /home/bbcontact/magician_ros2/build/dobot_homing/build
[10.045s] Invoking command in '/home/bbcontact/magician_ros2/src/magician_ros2/dobot_homing': AMENT_PREFIX_PATH=/home/bbcontact/magician_ros2/install/dobot_msgs:/home/bbcontact/magician_ros2/install/dobot_driver:${AMENT_PREFIX_PATH} CMAKE_PREFIX_PATH=/home/bbcontact/magician_ros2/install/dobot_msgs:/home/bbcontact/magician_ros2/install/dobot_driver:${CMAKE_PREFIX_PATH} DEBUGINFOD_URLS=https://debuginfod.ubuntu.com LD_LIBRARY_PATH=/home/bbcontact/magician_ros2/install/dobot_msgs/lib:${LD_LIBRARY_PATH} PYTHONPATH=/home/bbcontact/magician_ros2/build/dobot_homing/prefix_override:/usr/lib/python3/dist-packages/colcon_core/task/python/colcon_distutils_commands:/home/bbcontact/magician_ros2/install/dobot_homing/lib/python3.12/site-packages:/home/bbcontact/magician_ros2/install/dobot_msgs/lib/python3.12/site-packages:/home/bbcontact/magician_ros2/install/dobot_driver/lib/python3.12/site-packages:${PYTHONPATH} /usr/bin/python3 -W ignore:setup.py install is deprecated -W ignore:easy_install command is deprecated setup.py egg_info --egg-base ../../../build/dobot_homing build --build-base /home/bbcontact/magician_ros2/build/dobot_homing/build install --record /home/bbcontact/magician_ros2/build/dobot_homing/install.log --install-scripts $base/lib/dobot_homing --single-version-externally-managed install_data --force
[11.459s] running egg_info
[11.573s] writing ../../../build/dobot_homing/dobot_homing.egg-info/PKG-INFO
[11.573s] writing dependency_links to ../../../build/dobot_homing/dobot_homing.egg-info/dependency_links.txt
[11.574s] writing entry points to ../../../build/dobot_homing/dobot_homing.egg-info/entry_points.txt
[11.575s] writing requirements to ../../../build/dobot_homing/dobot_homing.egg-info/requires.txt
[11.575s] writing top-level names to ../../../build/dobot_homing/dobot_homing.egg-info/top_level.txt
[11.946s] reading manifest file '../../../build/dobot_homing/dobot_homing.egg-info/SOURCES.txt'
[11.947s] writing manifest file '../../../build/dobot_homing/dobot_homing.egg-info/SOURCES.txt'
[11.948s] running build
[11.950s] running build_py
[11.950s] creating /home/bbcontact/magician_ros2/build/dobot_homing/build
[11.951s] creating /home/bbcontact/magician_ros2/build/dobot_homing/build/lib
[11.951s] creating /home/bbcontact/magician_ros2/build/dobot_homing/build/lib/dobot_homing
[11.951s] copying dobot_homing/__init__.py -> /home/bbcontact/magician_ros2/build/dobot_homing/build/lib/dobot_homing
[11.952s] copying dobot_homing/homing_server.py -> /home/bbcontact/magician_ros2/build/dobot_homing/build/lib/dobot_homing
[11.952s] running install
[11.985s] running install_lib
[12.125s] creating /home/bbcontact/magician_ros2/install/dobot_homing/lib/python3.12/site-packages/dobot_homing
[12.126s] copying /home/bbcontact/magician_ros2/build/dobot_homing/build/lib/dobot_homing/__init__.py -> /home/bbcontact/magician_ros2/install/dobot_homing/lib/python3.12/site-packages/dobot_homing
[12.127s] copying /home/bbcontact/magician_ros2/build/dobot_homing/build/lib/dobot_homing/homing_server.py -> /home/bbcontact/magician_ros2/install/dobot_homing/lib/python3.12/site-packages/dobot_homing
[12.132s] byte-compiling /home/bbcontact/magician_ros2/install/dobot_homing/lib/python3.12/site-packages/dobot_homing/__init__.py to __init__.cpython-312.pyc
[12.132s] byte-compiling /home/bbcontact/magician_ros2/install/dobot_homing/lib/python3.12/site-packages/dobot_homing/homing_server.py to homing_server.cpython-312.pyc
[12.133s] running install_data
[12.133s] copying resource/dobot_homing -> /home/bbcontact/magician_ros2/install/dobot_homing/share/ament_index/resource_index/packages
[12.134s] copying package.xml -> /home/bbcontact/magician_ros2/install/dobot_homing/share/dobot_homing
[12.137s] copying launch/dobot_homing.launch.py -> /home/bbcontact/magician_ros2/install/dobot_homing/share/dobot_homing/launch
[12.137s] copying config/homing_params.yaml -> /home/bbcontact/magician_ros2/install/dobot_homing/share/dobot_homing/config
[12.138s] running install_egg_info
[12.298s] Copying ../../../build/dobot_homing/dobot_homing.egg-info to /home/bbcontact/magician_ros2/install/dobot_homing/lib/python3.12/site-packages/dobot_homing-1.0.0-py3.12.egg-info
[12.299s] running install_scripts
[13.088s] Installing homing_server script to /home/bbcontact/magician_ros2/install/dobot_homing/lib/dobot_homing
[13.089s] writing list of installed files to '/home/bbcontact/magician_ros2/build/dobot_homing/install.log'
[13.182s] Invoked command in '/home/bbcontact/magician_ros2/src/magician_ros2/dobot_homing' returned '0': AMENT_PREFIX_PATH=/home/bbcontact/magician_ros2/install/dobot_msgs:/home/bbcontact/magician_ros2/install/dobot_driver:${AMENT_PREFIX_PATH} CMAKE_PREFIX_PATH=/home/bbcontact/magician_ros2/install/dobot_msgs:/home/bbcontact/magician_ros2/install/dobot_driver:${CMAKE_PREFIX_PATH} DEBUGINFOD_URLS=https://debuginfod.ubuntu.com LD_LIBRARY_PATH=/home/bbcontact/magician_ros2/install/dobot_msgs/lib:${LD_LIBRARY_PATH} PYTHONPATH=/home/bbcontact/magician_ros2/build/dobot_homing/prefix_override:/usr/lib/python3/dist-packages/colcon_core/task/python/colcon_distutils_commands:/home/bbcontact/magician_ros2/install/dobot_homing/lib/python3.12/site-packages:/home/bbcontact/magician_ros2/install/dobot_msgs/lib/python3.12/site-packages:/home/bbcontact/magician_ros2/install/dobot_driver/lib/python3.12/site-packages:${PYTHONPATH} /usr/bin/python3 -W ignore:setup.py install is deprecated -W ignore:easy_install command is deprecated setup.py egg_info --egg-base ../../../build/dobot_homing build --build-base /home/bbcontact/magician_ros2/build/dobot_homing/build install --record /home/bbcontact/magician_ros2/build/dobot_homing/install.log --install-scripts $base/lib/dobot_homing --single-version-externally-managed install_data --force
