[0.084s] Invoking command in '/home/bbcontact/magician_ros2/build/dobot_msgs': CMAKE_PREFIX_PATH=${CMAKE_PREFIX_PATH}:/opt/ros/jazzy DEBUGINFOD_URLS=https://debuginfod.ubuntu.com /usr/bin/cmake /home/bbcontact/magician_ros2/src/magician_ros2/dobot_msgs -DAMENT_CMAKE_SYMLINK_INSTALL=1 -DCMAKE_INSTALL_PREFIX=/home/bbcontact/magician_ros2/install/dobot_msgs
[2.102s] -- The C compiler identification is GNU 13.3.0
[2.103s] -- The CXX compiler identification is GNU 13.3.0
[2.103s] -- Detecting C compiler ABI info
[2.104s] -- Detecting C compiler ABI info - done
[2.104s] -- Check for working C compiler: /usr/bin/cc - skipped
[2.105s] -- Detecting C compile features
[2.107s] -- Detecting C compile features - done
[2.107s] -- Detecting CXX compiler ABI info
[2.108s] -- Detecting CXX compiler ABI info - done
[2.108s] -- Check for working CXX compiler: /usr/bin/c++ - skipped
[2.108s] -- Detecting CXX compile features
[2.108s] -- Detecting CXX compile features - done
[2.109s] -- Found ament_cmake: 2.5.6 (/opt/ros/jazzy/share/ament_cmake/cmake)
[2.109s] -- Found Python3: /usr/bin/python3 (found version "3.12.3") found components: Interpreter 
[2.109s] -- Override CMake install command with custom implementation using symlinks instead of copying resources
[2.167s] -- Found rosidl_default_generators: 1.6.1 (/opt/ros/jazzy/share/rosidl_default_generators/cmake)
[2.178s] -- Using all available rosidl_typesupport_c: rosidl_typesupport_fastrtps_c;rosidl_typesupport_introspection_c
[2.437s] -- Using all available rosidl_typesupport_cpp: rosidl_typesupport_fastrtps_cpp;rosidl_typesupport_introspection_cpp
[2.675s] -- Found rosidl_adapter: 4.6.9 (/opt/ros/jazzy/share/rosidl_adapter/cmake)
[2.692s] -- Found std_msgs: 5.3.8 (/opt/ros/jazzy/share/std_msgs/cmake)
[2.855s] -- Found geometry_msgs: 5.3.8 (/opt/ros/jazzy/share/geometry_msgs/cmake)
[6.389s] -- Found ament_cmake_ros: 0.12.1 (/opt/ros/jazzy/share/ament_cmake_ros/cmake)
[8.381s] -- Using all available rosidl_typesupport_c: rosidl_typesupport_fastrtps_c;rosidl_typesupport_introspection_c
[12.563s] -- Using all available rosidl_typesupport_cpp: rosidl_typesupport_fastrtps_cpp;rosidl_typesupport_introspection_cpp
[12.583s] -- Found python_cmake_module: 0.11.1 (/opt/ros/jazzy/share/python_cmake_module/cmake)
[13.466s] -- Found PythonExtra: /usr/bin/python3  
[15.224s] -- Found Python3: /usr/bin/python3 (found version "3.12.3") found components: Interpreter Development NumPy Development.Module Development.Embed 
[15.770s] -- Found Python3: /usr/bin/python3 (found version "3.12.3") found components: Interpreter 
[15.806s] -- Found ament_lint_auto: 0.17.5 (/opt/ros/jazzy/share/ament_lint_auto/cmake)
[15.899s] -- Added test 'copyright' to check source files copyright and LICENSE
[15.905s] -- Added test 'lint_cmake' to check CMake code style
[15.910s] -- Added test 'xmllint' to check XML markup files
[15.923s] -- Configuring done (15.8s)
[16.185s] -- Generating done (0.2s)
[16.247s] -- Build files have been written to: /home/bbcontact/magician_ros2/build/dobot_msgs
[16.280s] Invoked command in '/home/bbcontact/magician_ros2/build/dobot_msgs' returned '0': CMAKE_PREFIX_PATH=${CMAKE_PREFIX_PATH}:/opt/ros/jazzy DEBUGINFOD_URLS=https://debuginfod.ubuntu.com /usr/bin/cmake /home/bbcontact/magician_ros2/src/magician_ros2/dobot_msgs -DAMENT_CMAKE_SYMLINK_INSTALL=1 -DCMAKE_INSTALL_PREFIX=/home/bbcontact/magician_ros2/install/dobot_msgs
[16.282s] Invoking command in '/home/bbcontact/magician_ros2/build/dobot_msgs': CMAKE_PREFIX_PATH=${CMAKE_PREFIX_PATH}:/opt/ros/jazzy DEBUGINFOD_URLS=https://debuginfod.ubuntu.com /usr/bin/cmake --build /home/bbcontact/magician_ros2/build/dobot_msgs -- -j8 -l8
[16.494s] [  0%] [34m[1mGenerating type hashes for ROS interfaces[0m
[16.494s] [  1%] [34m[1mGenerating Rust code for ROS interfaces[0m
[16.544s] [  1%] Built target ament_cmake_python_symlink_dobot_msgs
[17.728s] running egg_info
[17.730s] creating dobot_msgs.egg-info
[17.850s] writing dobot_msgs.egg-info/PKG-INFO
[17.851s] writing dependency_links to dobot_msgs.egg-info/dependency_links.txt
[17.852s] writing top-level names to dobot_msgs.egg-info/top_level.txt
[17.852s] writing manifest file 'dobot_msgs.egg-info/SOURCES.txt'
[18.342s] reading manifest file 'dobot_msgs.egg-info/SOURCES.txt'
[18.351s] writing manifest file 'dobot_msgs.egg-info/SOURCES.txt'
[18.450s] [  1%] Built target ament_cmake_python_build_dobot_msgs_egg
[19.288s] [  1%] Built target dobot_msgs__rosidl_generator_type_description
[19.332s] [  2%] [34m[1mGenerating C code for ROS interfaces[0m
[19.356s] [  2%] [34m[1mGenerating C++ code for ROS interfaces[0m
[19.657s] [  2%] Built target dobot_msgs__rs
[23.767s] [  2%] Built target dobot_msgs__cpp
[25.458s] [  3%] [32mBuilding C object CMakeFiles/dobot_msgs__rosidl_generator_c.dir/rosidl_generator_c/dobot_msgs/action/detail/point_to_point__description.c.o[0m
[25.520s] [  4%] [32mBuilding C object CMakeFiles/dobot_msgs__rosidl_generator_c.dir/rosidl_generator_c/dobot_msgs/action/detail/sliding_rail__description.c.o[0m
[25.523s] [  5%] [32mBuilding C object CMakeFiles/dobot_msgs__rosidl_generator_c.dir/rosidl_generator_c/dobot_msgs/action/detail/point_to_point__functions.c.o[0m
[25.527s] [  6%] [32mBuilding C object CMakeFiles/dobot_msgs__rosidl_generator_c.dir/rosidl_generator_c/dobot_msgs/action/detail/sliding_rail__functions.c.o[0m
[25.557s] [  6%] [32mBuilding C object CMakeFiles/dobot_msgs__rosidl_generator_c.dir/rosidl_generator_c/dobot_msgs/action/detail/point_to_point__type_support.c.o[0m
[25.569s] [  7%] [32mBuilding C object CMakeFiles/dobot_msgs__rosidl_generator_c.dir/rosidl_generator_c/dobot_msgs/msg/detail/dobot_alarm_codes__description.c.o[0m
[25.617s] [  7%] [32mBuilding C object CMakeFiles/dobot_msgs__rosidl_generator_c.dir/rosidl_generator_c/dobot_msgs/msg/detail/dobot_alarm_codes__functions.c.o[0m
[25.672s] [  8%] [32mBuilding C object CMakeFiles/dobot_msgs__rosidl_generator_c.dir/rosidl_generator_c/dobot_msgs/action/detail/sliding_rail__type_support.c.o[0m
[26.080s] [  9%] [32mBuilding C object CMakeFiles/dobot_msgs__rosidl_generator_c.dir/rosidl_generator_c/dobot_msgs/msg/detail/dobot_alarm_codes__type_support.c.o[0m
[26.153s] [ 10%] [32mBuilding C object CMakeFiles/dobot_msgs__rosidl_generator_c.dir/rosidl_generator_c/dobot_msgs/msg/detail/gripper_status__description.c.o[0m
[26.168s] [ 11%] [32mBuilding C object CMakeFiles/dobot_msgs__rosidl_generator_c.dir/rosidl_generator_c/dobot_msgs/msg/detail/gripper_status__functions.c.o[0m
[26.406s] [ 12%] [32mBuilding C object CMakeFiles/dobot_msgs__rosidl_generator_c.dir/rosidl_generator_c/dobot_msgs/msg/detail/gripper_status__type_support.c.o[0m
[26.411s] [ 12%] [32mBuilding C object CMakeFiles/dobot_msgs__rosidl_generator_c.dir/rosidl_generator_c/dobot_msgs/msg/detail/circle_target__description.c.o[0m
[26.477s] [ 13%] [32mBuilding C object CMakeFiles/dobot_msgs__rosidl_generator_c.dir/rosidl_generator_c/dobot_msgs/msg/detail/circle_target__type_support.c.o[0m
[26.490s] [ 14%] [32mBuilding C object CMakeFiles/dobot_msgs__rosidl_generator_c.dir/rosidl_generator_c/dobot_msgs/msg/detail/circle_target__functions.c.o[0m
[26.524s] [ 15%] [32mBuilding C object CMakeFiles/dobot_msgs__rosidl_generator_c.dir/rosidl_generator_c/dobot_msgs/msg/detail/circle_target_array__description.c.o[0m
[26.546s] [ 16%] [32mBuilding C object CMakeFiles/dobot_msgs__rosidl_generator_c.dir/rosidl_generator_c/dobot_msgs/msg/detail/circle_target_array__functions.c.o[0m
[26.676s] [ 16%] [32mBuilding C object CMakeFiles/dobot_msgs__rosidl_generator_c.dir/rosidl_generator_c/dobot_msgs/msg/detail/circle_target_array__type_support.c.o[0m
[26.757s] [ 17%] [32mBuilding C object CMakeFiles/dobot_msgs__rosidl_generator_c.dir/rosidl_generator_c/dobot_msgs/srv/detail/evaluate_ptp_trajectory__description.c.o[0m
[26.790s] [ 18%] [32mBuilding C object CMakeFiles/dobot_msgs__rosidl_generator_c.dir/rosidl_generator_c/dobot_msgs/srv/detail/evaluate_ptp_trajectory__functions.c.o[0m
[26.803s] [ 19%] [32mBuilding C object CMakeFiles/dobot_msgs__rosidl_generator_c.dir/rosidl_generator_c/dobot_msgs/srv/detail/evaluate_ptp_trajectory__type_support.c.o[0m
[26.953s] [ 20%] [32mBuilding C object CMakeFiles/dobot_msgs__rosidl_generator_c.dir/rosidl_generator_c/dobot_msgs/srv/detail/execute_homing_procedure__description.c.o[0m
[26.969s] [ 20%] [32mBuilding C object CMakeFiles/dobot_msgs__rosidl_generator_c.dir/rosidl_generator_c/dobot_msgs/srv/detail/execute_homing_procedure__functions.c.o[0m
[27.052s] [ 21%] [32mBuilding C object CMakeFiles/dobot_msgs__rosidl_generator_c.dir/rosidl_generator_c/dobot_msgs/srv/detail/execute_homing_procedure__type_support.c.o[0m
[27.139s] [ 22%] [32mBuilding C object CMakeFiles/dobot_msgs__rosidl_generator_c.dir/rosidl_generator_c/dobot_msgs/srv/detail/gripper_control__description.c.o[0m
[27.227s] [ 23%] [32mBuilding C object CMakeFiles/dobot_msgs__rosidl_generator_c.dir/rosidl_generator_c/dobot_msgs/srv/detail/gripper_control__functions.c.o[0m
[27.283s] [ 24%] [32mBuilding C object CMakeFiles/dobot_msgs__rosidl_generator_c.dir/rosidl_generator_c/dobot_msgs/srv/detail/gripper_control__type_support.c.o[0m
[27.471s] [ 24%] [32mBuilding C object CMakeFiles/dobot_msgs__rosidl_generator_c.dir/rosidl_generator_c/dobot_msgs/srv/detail/suction_cup_control__description.c.o[0m
[27.531s] [ 25%] [32mBuilding C object CMakeFiles/dobot_msgs__rosidl_generator_c.dir/rosidl_generator_c/dobot_msgs/srv/detail/suction_cup_control__functions.c.o[0m
[27.569s] [ 26%] [32mBuilding C object CMakeFiles/dobot_msgs__rosidl_generator_c.dir/rosidl_generator_c/dobot_msgs/srv/detail/suction_cup_control__type_support.c.o[0m
[28.077s] [ 27%] [32m[1mLinking C shared library libdobot_msgs__rosidl_generator_c.so[0m
[28.369s] [ 27%] Built target dobot_msgs__rosidl_generator_c
[28.426s] [ 28%] [34m[1mGenerating C type support dispatch for ROS interfaces[0m
[28.498s] [ 28%] [34m[1mGenerating C type support for eProsima Fast-RTPS[0m
[28.506s] [ 29%] [34m[1mGenerating C++ type support for eProsima Fast-RTPS[0m
[28.555s] [ 30%] [34m[1mGenerating C++ type support dispatch for ROS interfaces[0m
[28.570s] [ 31%] [34m[1mGenerating C introspection for ROS interfaces[0m
[28.584s] [ 32%] [34m[1mGenerating C++ introspection for ROS interfaces[0m
[37.447s] [ 33%] [32mBuilding CXX object CMakeFiles/dobot_msgs__rosidl_typesupport_cpp.dir/rosidl_typesupport_cpp/dobot_msgs/msg/dobot_alarm_codes__type_support.cpp.o[0m
[37.457s] [ 33%] [32mBuilding CXX object CMakeFiles/dobot_msgs__rosidl_typesupport_cpp.dir/rosidl_typesupport_cpp/dobot_msgs/action/sliding_rail__type_support.cpp.o[0m
[37.468s] [ 34%] [32mBuilding CXX object CMakeFiles/dobot_msgs__rosidl_typesupport_cpp.dir/rosidl_typesupport_cpp/dobot_msgs/action/point_to_point__type_support.cpp.o[0m
[37.576s] [ 35%] [32mBuilding CXX object CMakeFiles/dobot_msgs__rosidl_typesupport_c.dir/rosidl_typesupport_c/dobot_msgs/action/point_to_point__type_support.cpp.o[0m
[38.574s] [ 36%] [32mBuilding CXX object CMakeFiles/dobot_msgs__rosidl_typesupport_c.dir/rosidl_typesupport_c/dobot_msgs/action/sliding_rail__type_support.cpp.o[0m
[39.655s] [ 37%] [32mBuilding CXX object CMakeFiles/dobot_msgs__rosidl_typesupport_c.dir/rosidl_typesupport_c/dobot_msgs/msg/dobot_alarm_codes__type_support.cpp.o[0m
[40.240s] [ 37%] [32mBuilding CXX object CMakeFiles/dobot_msgs__rosidl_typesupport_c.dir/rosidl_typesupport_c/dobot_msgs/msg/gripper_status__type_support.cpp.o[0m
[40.814s] [ 38%] [32mBuilding CXX object CMakeFiles/dobot_msgs__rosidl_typesupport_c.dir/rosidl_typesupport_c/dobot_msgs/msg/circle_target__type_support.cpp.o[0m
[41.272s] [ 39%] [32mBuilding CXX object CMakeFiles/dobot_msgs__rosidl_typesupport_c.dir/rosidl_typesupport_c/dobot_msgs/msg/circle_target_array__type_support.cpp.o[0m
[41.629s] [ 40%] [32mBuilding CXX object CMakeFiles/dobot_msgs__rosidl_typesupport_c.dir/rosidl_typesupport_c/dobot_msgs/srv/evaluate_ptp_trajectory__type_support.cpp.o[0m
[42.210s] [ 41%] [32mBuilding CXX object CMakeFiles/dobot_msgs__rosidl_typesupport_c.dir/rosidl_typesupport_c/dobot_msgs/srv/execute_homing_procedure__type_support.cpp.o[0m
[42.262s] [ 42%] [32mBuilding CXX object CMakeFiles/dobot_msgs__rosidl_typesupport_introspection_cpp.dir/rosidl_typesupport_introspection_cpp/dobot_msgs/action/detail/point_to_point__type_support.cpp.o[0m
[42.685s] [ 42%] [32mBuilding CXX object CMakeFiles/dobot_msgs__rosidl_typesupport_c.dir/rosidl_typesupport_c/dobot_msgs/srv/gripper_control__type_support.cpp.o[0m
[43.030s] [ 43%] [32mBuilding CXX object CMakeFiles/dobot_msgs__rosidl_typesupport_c.dir/rosidl_typesupport_c/dobot_msgs/srv/suction_cup_control__type_support.cpp.o[0m
[43.453s] [ 44%] [32m[1mLinking CXX shared library libdobot_msgs__rosidl_typesupport_c.so[0m
[43.488s] [ 44%] [32mBuilding C object CMakeFiles/dobot_msgs__rosidl_typesupport_introspection_c.dir/rosidl_typesupport_introspection_c/dobot_msgs/action/detail/point_to_point__type_support.c.o[0m
[43.859s] [ 44%] Built target dobot_msgs__rosidl_typesupport_c
[43.997s] [ 45%] [32mBuilding C object CMakeFiles/dobot_msgs__rosidl_typesupport_introspection_c.dir/rosidl_typesupport_introspection_c/dobot_msgs/action/detail/sliding_rail__type_support.c.o[0m
[44.449s] [ 46%] [32mBuilding C object CMakeFiles/dobot_msgs__rosidl_typesupport_introspection_c.dir/rosidl_typesupport_introspection_c/dobot_msgs/msg/detail/dobot_alarm_codes__type_support.c.o[0m
[44.739s] [ 47%] [32mBuilding C object CMakeFiles/dobot_msgs__rosidl_typesupport_introspection_c.dir/rosidl_typesupport_introspection_c/dobot_msgs/msg/detail/gripper_status__type_support.c.o[0m
[44.876s] [ 48%] [32mBuilding C object CMakeFiles/dobot_msgs__rosidl_typesupport_introspection_c.dir/rosidl_typesupport_introspection_c/dobot_msgs/msg/detail/circle_target__type_support.c.o[0m
[45.038s] [ 48%] [32mBuilding C object CMakeFiles/dobot_msgs__rosidl_typesupport_introspection_c.dir/rosidl_typesupport_introspection_c/dobot_msgs/msg/detail/circle_target_array__type_support.c.o[0m
[45.105s] [ 49%] [32mBuilding CXX object CMakeFiles/dobot_msgs__rosidl_typesupport_cpp.dir/rosidl_typesupport_cpp/dobot_msgs/msg/circle_target_array__type_support.cpp.o[0m
[45.245s] [ 50%] [32mBuilding C object CMakeFiles/dobot_msgs__rosidl_typesupport_introspection_c.dir/rosidl_typesupport_introspection_c/dobot_msgs/srv/detail/evaluate_ptp_trajectory__type_support.c.o[0m
[45.681s] [ 51%] [32mBuilding C object CMakeFiles/dobot_msgs__rosidl_typesupport_introspection_c.dir/rosidl_typesupport_introspection_c/dobot_msgs/srv/detail/execute_homing_procedure__type_support.c.o[0m
[46.042s] [ 52%] [32mBuilding C object CMakeFiles/dobot_msgs__rosidl_typesupport_introspection_c.dir/rosidl_typesupport_introspection_c/dobot_msgs/srv/detail/gripper_control__type_support.c.o[0m
[46.331s] [ 53%] [32mBuilding C object CMakeFiles/dobot_msgs__rosidl_typesupport_introspection_c.dir/rosidl_typesupport_introspection_c/dobot_msgs/srv/detail/suction_cup_control__type_support.c.o[0m
[46.493s] [ 54%] [32mBuilding CXX object CMakeFiles/dobot_msgs__rosidl_typesupport_introspection_cpp.dir/rosidl_typesupport_introspection_cpp/dobot_msgs/action/detail/sliding_rail__type_support.cpp.o[0m
[46.549s] [ 54%] [32m[1mLinking C shared library libdobot_msgs__rosidl_typesupport_introspection_c.so[0m
[46.572s] [ 54%] [32mBuilding CXX object CMakeFiles/dobot_msgs__rosidl_typesupport_cpp.dir/rosidl_typesupport_cpp/dobot_msgs/srv/evaluate_ptp_trajectory__type_support.cpp.o[0m
[46.776s] [ 54%] Built target dobot_msgs__rosidl_typesupport_introspection_c
[46.949s] [ 55%] [32mBuilding CXX object CMakeFiles/dobot_msgs__rosidl_typesupport_fastrtps_c.dir/rosidl_typesupport_fastrtps_c/dobot_msgs/action/detail/point_to_point__type_support_c.cpp.o[0m
[47.243s] [ 56%] [32mBuilding CXX object CMakeFiles/dobot_msgs__rosidl_typesupport_fastrtps_cpp.dir/rosidl_typesupport_fastrtps_cpp/dobot_msgs/action/detail/dds_fastrtps/point_to_point__type_support.cpp.o[0m
[48.213s] [ 57%] [32mBuilding CXX object CMakeFiles/dobot_msgs__rosidl_typesupport_cpp.dir/rosidl_typesupport_cpp/dobot_msgs/srv/execute_homing_procedure__type_support.cpp.o[0m
[49.882s] [ 58%] [32mBuilding CXX object CMakeFiles/dobot_msgs__rosidl_typesupport_introspection_cpp.dir/rosidl_typesupport_introspection_cpp/dobot_msgs/msg/detail/dobot_alarm_codes__type_support.cpp.o[0m
[49.953s] [ 59%] [32mBuilding CXX object CMakeFiles/dobot_msgs__rosidl_typesupport_fastrtps_c.dir/rosidl_typesupport_fastrtps_c/dobot_msgs/action/detail/sliding_rail__type_support_c.cpp.o[0m
[50.340s] [ 60%] [32mBuilding CXX object CMakeFiles/dobot_msgs__rosidl_typesupport_cpp.dir/rosidl_typesupport_cpp/dobot_msgs/srv/gripper_control__type_support.cpp.o[0m
[51.447s] [ 60%] [32mBuilding CXX object CMakeFiles/dobot_msgs__rosidl_typesupport_introspection_cpp.dir/rosidl_typesupport_introspection_cpp/dobot_msgs/msg/detail/gripper_status__type_support.cpp.o[0m
[52.244s] [ 60%] [32mBuilding CXX object CMakeFiles/dobot_msgs__rosidl_typesupport_fastrtps_cpp.dir/rosidl_typesupport_fastrtps_cpp/dobot_msgs/msg/detail/dds_fastrtps/dobot_alarm_codes__type_support.cpp.o[0m
[52.291s] [ 61%] [32mBuilding CXX object CMakeFiles/dobot_msgs__rosidl_typesupport_cpp.dir/rosidl_typesupport_cpp/dobot_msgs/msg/circle_target__type_support.cpp.o[0m
[52.582s] [ 62%] [32mBuilding CXX object CMakeFiles/dobot_msgs__rosidl_typesupport_fastrtps_c.dir/rosidl_typesupport_fastrtps_c/dobot_msgs/msg/detail/dobot_alarm_codes__type_support_c.cpp.o[0m
[52.831s] [ 63%] [32mBuilding CXX object CMakeFiles/dobot_msgs__rosidl_typesupport_introspection_cpp.dir/rosidl_typesupport_introspection_cpp/dobot_msgs/msg/detail/circle_target_array__type_support.cpp.o[0m
[53.716s] [ 64%] [32mBuilding CXX object CMakeFiles/dobot_msgs__rosidl_typesupport_cpp.dir/rosidl_typesupport_cpp/dobot_msgs/srv/suction_cup_control__type_support.cpp.o[0m
[54.692s] [ 65%] [32mBuilding CXX object CMakeFiles/dobot_msgs__rosidl_typesupport_introspection_cpp.dir/rosidl_typesupport_introspection_cpp/dobot_msgs/msg/detail/circle_target__type_support.cpp.o[0m
[54.840s] [ 66%] [32mBuilding CXX object CMakeFiles/dobot_msgs__rosidl_typesupport_fastrtps_cpp.dir/rosidl_typesupport_fastrtps_cpp/dobot_msgs/msg/detail/dds_fastrtps/gripper_status__type_support.cpp.o[0m
[54.875s] [ 66%] [32mBuilding CXX object CMakeFiles/dobot_msgs__rosidl_typesupport_fastrtps_c.dir/rosidl_typesupport_fastrtps_c/dobot_msgs/msg/detail/circle_target__type_support_c.cpp.o[0m
[55.591s] [ 67%] [32mBuilding CXX object CMakeFiles/dobot_msgs__rosidl_typesupport_cpp.dir/rosidl_typesupport_cpp/dobot_msgs/msg/gripper_status__type_support.cpp.o[0m
[56.155s] [ 68%] [32mBuilding CXX object CMakeFiles/dobot_msgs__rosidl_typesupport_introspection_cpp.dir/rosidl_typesupport_introspection_cpp/dobot_msgs/srv/detail/evaluate_ptp_trajectory__type_support.cpp.o[0m
[57.036s] [ 69%] [32m[1mLinking CXX shared library libdobot_msgs__rosidl_typesupport_cpp.so[0m
[57.097s] [ 70%] [32mBuilding CXX object CMakeFiles/dobot_msgs__rosidl_typesupport_fastrtps_cpp.dir/rosidl_typesupport_fastrtps_cpp/dobot_msgs/action/detail/dds_fastrtps/sliding_rail__type_support.cpp.o[0m
[57.132s] [ 71%] [32mBuilding CXX object CMakeFiles/dobot_msgs__rosidl_typesupport_fastrtps_c.dir/rosidl_typesupport_fastrtps_c/dobot_msgs/srv/detail/execute_homing_procedure__type_support_c.cpp.o[0m
[57.406s] [ 71%] Built target dobot_msgs__rosidl_typesupport_cpp
[58.115s] [ 72%] [32mBuilding CXX object CMakeFiles/dobot_msgs__rosidl_typesupport_introspection_cpp.dir/rosidl_typesupport_introspection_cpp/dobot_msgs/srv/detail/execute_homing_procedure__type_support.cpp.o[0m
[59.258s] [ 73%] [32mBuilding CXX object CMakeFiles/dobot_msgs__rosidl_typesupport_fastrtps_c.dir/rosidl_typesupport_fastrtps_c/dobot_msgs/srv/detail/gripper_control__type_support_c.cpp.o[0m
[59.863s] [ 73%] [32mBuilding CXX object CMakeFiles/dobot_msgs__rosidl_typesupport_introspection_cpp.dir/rosidl_typesupport_introspection_cpp/dobot_msgs/srv/detail/gripper_control__type_support.cpp.o[0m
[60.951s] [ 74%] [32mBuilding CXX object CMakeFiles/dobot_msgs__rosidl_typesupport_fastrtps_cpp.dir/rosidl_typesupport_fastrtps_cpp/dobot_msgs/msg/detail/dds_fastrtps/circle_target__type_support.cpp.o[0m
[61.248s] [ 74%] [32mBuilding CXX object CMakeFiles/dobot_msgs__rosidl_typesupport_fastrtps_c.dir/rosidl_typesupport_fastrtps_c/dobot_msgs/srv/detail/suction_cup_control__type_support_c.cpp.o[0m
[61.590s] [ 75%] [32mBuilding CXX object CMakeFiles/dobot_msgs__rosidl_typesupport_introspection_cpp.dir/rosidl_typesupport_introspection_cpp/dobot_msgs/srv/detail/suction_cup_control__type_support.cpp.o[0m
[62.868s] [ 76%] [32mBuilding CXX object CMakeFiles/dobot_msgs__rosidl_typesupport_fastrtps_c.dir/rosidl_typesupport_fastrtps_c/dobot_msgs/srv/detail/evaluate_ptp_trajectory__type_support_c.cpp.o[0m
[63.055s] [ 76%] [32mBuilding CXX object CMakeFiles/dobot_msgs__rosidl_typesupport_fastrtps_cpp.dir/rosidl_typesupport_fastrtps_cpp/dobot_msgs/srv/detail/dds_fastrtps/execute_homing_procedure__type_support.cpp.o[0m
[63.705s] [ 77%] [32m[1mLinking CXX shared library libdobot_msgs__rosidl_typesupport_introspection_cpp.so[0m
[64.191s] [ 77%] Built target dobot_msgs__rosidl_typesupport_introspection_cpp
[65.303s] [ 78%] [32mBuilding CXX object CMakeFiles/dobot_msgs__rosidl_typesupport_fastrtps_c.dir/rosidl_typesupport_fastrtps_c/dobot_msgs/msg/detail/circle_target_array__type_support_c.cpp.o[0m
[66.126s] [ 79%] [32mBuilding CXX object CMakeFiles/dobot_msgs__rosidl_typesupport_fastrtps_cpp.dir/rosidl_typesupport_fastrtps_cpp/dobot_msgs/srv/detail/dds_fastrtps/suction_cup_control__type_support.cpp.o[0m
[67.311s] [ 80%] [32mBuilding CXX object CMakeFiles/dobot_msgs__rosidl_typesupport_fastrtps_c.dir/rosidl_typesupport_fastrtps_c/dobot_msgs/msg/detail/gripper_status__type_support_c.cpp.o[0m
[68.712s] [ 81%] [32mBuilding CXX object CMakeFiles/dobot_msgs__rosidl_typesupport_fastrtps_cpp.dir/rosidl_typesupport_fastrtps_cpp/dobot_msgs/srv/detail/dds_fastrtps/gripper_control__type_support.cpp.o[0m
[69.346s] [ 82%] [32m[1mLinking CXX shared library libdobot_msgs__rosidl_typesupport_fastrtps_c.so[0m
[69.686s] [ 82%] Built target dobot_msgs__rosidl_typesupport_fastrtps_c
[71.291s] [ 83%] [32mBuilding CXX object CMakeFiles/dobot_msgs__rosidl_typesupport_fastrtps_cpp.dir/rosidl_typesupport_fastrtps_cpp/dobot_msgs/srv/detail/dds_fastrtps/evaluate_ptp_trajectory__type_support.cpp.o[0m
[73.720s] [ 84%] [32mBuilding CXX object CMakeFiles/dobot_msgs__rosidl_typesupport_fastrtps_cpp.dir/rosidl_typesupport_fastrtps_cpp/dobot_msgs/msg/detail/dds_fastrtps/circle_target_array__type_support.cpp.o[0m
[75.761s] [ 85%] [32m[1mLinking CXX shared library libdobot_msgs__rosidl_typesupport_fastrtps_cpp.so[0m
[76.178s] [ 85%] Built target dobot_msgs__rosidl_typesupport_fastrtps_cpp
[76.234s] [ 85%] Built target dobot_msgs
[76.307s] [ 86%] [34m[1mGenerating Python code for ROS interfaces[0m
[84.623s] [ 86%] Built target dobot_msgs__py
[84.666s] [ 87%] [32mBuilding C object CMakeFiles/dobot_msgs__rosidl_generator_py.dir/rosidl_generator_py/dobot_msgs/action/_point_to_point_s.c.o[0m
[85.140s] [ 88%] [32mBuilding C object CMakeFiles/dobot_msgs__rosidl_generator_py.dir/rosidl_generator_py/dobot_msgs/srv/_execute_homing_procedure_s.c.o[0m
[85.439s] [ 89%] [32mBuilding C object CMakeFiles/dobot_msgs__rosidl_generator_py.dir/rosidl_generator_py/dobot_msgs/srv/_gripper_control_s.c.o[0m
[85.765s] [ 90%] [32mBuilding C object CMakeFiles/dobot_msgs__rosidl_generator_py.dir/rosidl_generator_py/dobot_msgs/srv/_suction_cup_control_s.c.o[0m
[86.100s] [ 90%] [32mBuilding C object CMakeFiles/dobot_msgs__rosidl_generator_py.dir/rosidl_generator_py/dobot_msgs/srv/_evaluate_ptp_trajectory_s.c.o[0m
[86.423s] [ 91%] [32mBuilding C object CMakeFiles/dobot_msgs__rosidl_generator_py.dir/rosidl_generator_py/dobot_msgs/msg/_circle_target_array_s.c.o[0m
[86.720s] [ 92%] [32mBuilding C object CMakeFiles/dobot_msgs__rosidl_generator_py.dir/rosidl_generator_py/dobot_msgs/msg/_circle_target_s.c.o[0m
[87.016s] [ 93%] [32mBuilding C object CMakeFiles/dobot_msgs__rosidl_generator_py.dir/rosidl_generator_py/dobot_msgs/msg/_gripper_status_s.c.o[0m
[87.267s] [ 94%] [32mBuilding C object CMakeFiles/dobot_msgs__rosidl_generator_py.dir/rosidl_generator_py/dobot_msgs/msg/_dobot_alarm_codes_s.c.o[0m
[87.529s] [ 94%] [32mBuilding C object CMakeFiles/dobot_msgs__rosidl_generator_py.dir/rosidl_generator_py/dobot_msgs/action/_sliding_rail_s.c.o[0m
[87.945s] [ 95%] [32m[1mLinking C shared library libdobot_msgs__rosidl_generator_py.so[0m
[88.044s] [ 95%] Built target dobot_msgs__rosidl_generator_py
[88.085s] [ 96%] [32mBuilding C object CMakeFiles/dobot_msgs_s__rosidl_typesupport_fastrtps_c.dir/rosidl_generator_py/dobot_msgs/_dobot_msgs_s.ep.rosidl_typesupport_fastrtps_c.c.o[0m
[88.537s] [ 97%] [32m[1mLinking C shared module rosidl_generator_py/dobot_msgs/dobot_msgs_s__rosidl_typesupport_fastrtps_c.so[0m
[88.609s] [ 97%] Built target dobot_msgs_s__rosidl_typesupport_fastrtps_c
[88.651s] [ 98%] [32mBuilding C object CMakeFiles/dobot_msgs_s__rosidl_typesupport_c.dir/rosidl_generator_py/dobot_msgs/_dobot_msgs_s.ep.rosidl_typesupport_c.c.o[0m
[89.139s] [ 98%] [32m[1mLinking C shared module rosidl_generator_py/dobot_msgs/dobot_msgs_s__rosidl_typesupport_c.so[0m
[89.205s] [ 98%] Built target dobot_msgs_s__rosidl_typesupport_c
[89.244s] [ 99%] [32mBuilding C object CMakeFiles/dobot_msgs_s__rosidl_typesupport_introspection_c.dir/rosidl_generator_py/dobot_msgs/_dobot_msgs_s.ep.rosidl_typesupport_introspection_c.c.o[0m
[89.692s] [100%] [32m[1mLinking C shared module rosidl_generator_py/dobot_msgs/dobot_msgs_s__rosidl_typesupport_introspection_c.so[0m
[89.760s] [100%] Built target dobot_msgs_s__rosidl_typesupport_introspection_c
[89.784s] Invoked command in '/home/bbcontact/magician_ros2/build/dobot_msgs' returned '0': CMAKE_PREFIX_PATH=${CMAKE_PREFIX_PATH}:/opt/ros/jazzy DEBUGINFOD_URLS=https://debuginfod.ubuntu.com /usr/bin/cmake --build /home/bbcontact/magician_ros2/build/dobot_msgs -- -j8 -l8
[89.787s] Invoking command in '/home/bbcontact/magician_ros2/build/dobot_msgs': CMAKE_PREFIX_PATH=${CMAKE_PREFIX_PATH}:/opt/ros/jazzy DEBUGINFOD_URLS=https://debuginfod.ubuntu.com /usr/bin/cmake --install /home/bbcontact/magician_ros2/build/dobot_msgs
[89.804s] -- Install configuration: ""
[89.805s] -- Execute custom install script
[89.806s] -- Symlinking: /home/bbcontact/magician_ros2/install/dobot_msgs/share/ament_index/resource_index/rosidl_interfaces/dobot_msgs
[89.823s] -- Symlinking: /home/bbcontact/magician_ros2/install/dobot_msgs/share/dobot_msgs/action/PointToPoint.json
[89.841s] -- Symlinking: /home/bbcontact/magician_ros2/install/dobot_msgs/share/dobot_msgs/action/SlidingRail.json
[89.858s] -- Symlinking: /home/bbcontact/magician_ros2/install/dobot_msgs/share/dobot_msgs/msg/DobotAlarmCodes.json
[89.876s] -- Symlinking: /home/bbcontact/magician_ros2/install/dobot_msgs/share/dobot_msgs/msg/GripperStatus.json
[89.893s] -- Symlinking: /home/bbcontact/magician_ros2/install/dobot_msgs/share/dobot_msgs/msg/CircleTarget.json
[89.912s] -- Symlinking: /home/bbcontact/magician_ros2/install/dobot_msgs/share/dobot_msgs/msg/CircleTargetArray.json
[89.930s] -- Symlinking: /home/bbcontact/magician_ros2/install/dobot_msgs/share/dobot_msgs/srv/EvaluatePTPTrajectory.json
[89.949s] -- Symlinking: /home/bbcontact/magician_ros2/install/dobot_msgs/share/dobot_msgs/srv/ExecuteHomingProcedure.json
[89.968s] -- Symlinking: /home/bbcontact/magician_ros2/install/dobot_msgs/share/dobot_msgs/srv/GripperControl.json
[89.987s] -- Symlinking: /home/bbcontact/magician_ros2/install/dobot_msgs/share/dobot_msgs/srv/SuctionCupControl.json
[90.009s] -- Symlinking: /home/bbcontact/magician_ros2/install/dobot_msgs/include/dobot_msgs/dobot_msgs/action/detail/point_to_point__functions.h
[90.027s] -- Symlinking: /home/bbcontact/magician_ros2/install/dobot_msgs/include/dobot_msgs/dobot_msgs/action/detail/point_to_point__struct.h
[90.044s] -- Symlinking: /home/bbcontact/magician_ros2/install/dobot_msgs/include/dobot_msgs/dobot_msgs/action/detail/point_to_point__type_support.h
[90.064s] -- Symlinking: /home/bbcontact/magician_ros2/install/dobot_msgs/include/dobot_msgs/dobot_msgs/action/detail/sliding_rail__functions.h
[90.083s] -- Symlinking: /home/bbcontact/magician_ros2/install/dobot_msgs/include/dobot_msgs/dobot_msgs/action/detail/sliding_rail__struct.h
[90.103s] -- Symlinking: /home/bbcontact/magician_ros2/install/dobot_msgs/include/dobot_msgs/dobot_msgs/action/detail/sliding_rail__type_support.h
[90.122s] -- Symlinking: /home/bbcontact/magician_ros2/install/dobot_msgs/include/dobot_msgs/dobot_msgs/action/point_to_point.h
[90.141s] -- Symlinking: /home/bbcontact/magician_ros2/install/dobot_msgs/include/dobot_msgs/dobot_msgs/action/sliding_rail.h
[90.162s] -- Symlinking: /home/bbcontact/magician_ros2/install/dobot_msgs/include/dobot_msgs/dobot_msgs/msg/circle_target.h
[90.181s] -- Symlinking: /home/bbcontact/magician_ros2/install/dobot_msgs/include/dobot_msgs/dobot_msgs/msg/circle_target_array.h
[90.201s] -- Symlinking: /home/bbcontact/magician_ros2/install/dobot_msgs/include/dobot_msgs/dobot_msgs/msg/detail/circle_target__functions.h
[90.219s] -- Symlinking: /home/bbcontact/magician_ros2/install/dobot_msgs/include/dobot_msgs/dobot_msgs/msg/detail/circle_target__struct.h
[90.237s] -- Symlinking: /home/bbcontact/magician_ros2/install/dobot_msgs/include/dobot_msgs/dobot_msgs/msg/detail/circle_target__type_support.h
[90.257s] -- Symlinking: /home/bbcontact/magician_ros2/install/dobot_msgs/include/dobot_msgs/dobot_msgs/msg/detail/circle_target_array__functions.h
[90.275s] -- Symlinking: /home/bbcontact/magician_ros2/install/dobot_msgs/include/dobot_msgs/dobot_msgs/msg/detail/circle_target_array__struct.h
[90.294s] -- Symlinking: /home/bbcontact/magician_ros2/install/dobot_msgs/include/dobot_msgs/dobot_msgs/msg/detail/circle_target_array__type_support.h
[90.313s] -- Symlinking: /home/bbcontact/magician_ros2/install/dobot_msgs/include/dobot_msgs/dobot_msgs/msg/detail/dobot_alarm_codes__functions.h
[90.331s] -- Symlinking: /home/bbcontact/magician_ros2/install/dobot_msgs/include/dobot_msgs/dobot_msgs/msg/detail/dobot_alarm_codes__struct.h
[90.349s] -- Symlinking: /home/bbcontact/magician_ros2/install/dobot_msgs/include/dobot_msgs/dobot_msgs/msg/detail/dobot_alarm_codes__type_support.h
[90.368s] -- Symlinking: /home/bbcontact/magician_ros2/install/dobot_msgs/include/dobot_msgs/dobot_msgs/msg/detail/gripper_status__functions.h
[90.386s] -- Symlinking: /home/bbcontact/magician_ros2/install/dobot_msgs/include/dobot_msgs/dobot_msgs/msg/detail/gripper_status__struct.h
[90.404s] -- Symlinking: /home/bbcontact/magician_ros2/install/dobot_msgs/include/dobot_msgs/dobot_msgs/msg/detail/gripper_status__type_support.h
[90.422s] -- Symlinking: /home/bbcontact/magician_ros2/install/dobot_msgs/include/dobot_msgs/dobot_msgs/msg/dobot_alarm_codes.h
[90.441s] -- Symlinking: /home/bbcontact/magician_ros2/install/dobot_msgs/include/dobot_msgs/dobot_msgs/msg/gripper_status.h
[90.461s] -- Symlinking: /home/bbcontact/magician_ros2/install/dobot_msgs/include/dobot_msgs/dobot_msgs/msg/rosidl_generator_c__visibility_control.h
[90.479s] -- Symlinking: /home/bbcontact/magician_ros2/install/dobot_msgs/include/dobot_msgs/dobot_msgs/srv/detail/evaluate_ptp_trajectory__functions.h
[90.497s] -- Symlinking: /home/bbcontact/magician_ros2/install/dobot_msgs/include/dobot_msgs/dobot_msgs/srv/detail/evaluate_ptp_trajectory__struct.h
[90.516s] -- Symlinking: /home/bbcontact/magician_ros2/install/dobot_msgs/include/dobot_msgs/dobot_msgs/srv/detail/evaluate_ptp_trajectory__type_support.h
[90.534s] -- Symlinking: /home/bbcontact/magician_ros2/install/dobot_msgs/include/dobot_msgs/dobot_msgs/srv/detail/execute_homing_procedure__functions.h
[90.552s] -- Symlinking: /home/bbcontact/magician_ros2/install/dobot_msgs/include/dobot_msgs/dobot_msgs/srv/detail/execute_homing_procedure__struct.h
[90.570s] -- Symlinking: /home/bbcontact/magician_ros2/install/dobot_msgs/include/dobot_msgs/dobot_msgs/srv/detail/execute_homing_procedure__type_support.h
[90.588s] -- Symlinking: /home/bbcontact/magician_ros2/install/dobot_msgs/include/dobot_msgs/dobot_msgs/srv/detail/gripper_control__functions.h
[90.607s] -- Symlinking: /home/bbcontact/magician_ros2/install/dobot_msgs/include/dobot_msgs/dobot_msgs/srv/detail/gripper_control__struct.h
[90.625s] -- Symlinking: /home/bbcontact/magician_ros2/install/dobot_msgs/include/dobot_msgs/dobot_msgs/srv/detail/gripper_control__type_support.h
[90.643s] -- Symlinking: /home/bbcontact/magician_ros2/install/dobot_msgs/include/dobot_msgs/dobot_msgs/srv/detail/suction_cup_control__functions.h
[90.663s] -- Symlinking: /home/bbcontact/magician_ros2/install/dobot_msgs/include/dobot_msgs/dobot_msgs/srv/detail/suction_cup_control__struct.h
[90.682s] -- Symlinking: /home/bbcontact/magician_ros2/install/dobot_msgs/include/dobot_msgs/dobot_msgs/srv/detail/suction_cup_control__type_support.h
[90.705s] -- Symlinking: /home/bbcontact/magician_ros2/install/dobot_msgs/include/dobot_msgs/dobot_msgs/srv/evaluate_ptp_trajectory.h
[90.724s] -- Symlinking: /home/bbcontact/magician_ros2/install/dobot_msgs/include/dobot_msgs/dobot_msgs/srv/execute_homing_procedure.h
[90.743s] -- Symlinking: /home/bbcontact/magician_ros2/install/dobot_msgs/include/dobot_msgs/dobot_msgs/srv/gripper_control.h
[90.767s] -- Symlinking: /home/bbcontact/magician_ros2/install/dobot_msgs/include/dobot_msgs/dobot_msgs/srv/suction_cup_control.h
[90.786s] -- Symlinking: /home/bbcontact/magician_ros2/install/dobot_msgs/share/dobot_msgs/environment/library_path.sh
[90.805s] -- Symlinking: /home/bbcontact/magician_ros2/install/dobot_msgs/share/dobot_msgs/environment/library_path.dsv
[90.826s] -- Symlinking: /home/bbcontact/magician_ros2/install/dobot_msgs/include/dobot_msgs/dobot_msgs/action/detail/point_to_point__rosidl_typesupport_fastrtps_c.h
[90.844s] -- Symlinking: /home/bbcontact/magician_ros2/install/dobot_msgs/include/dobot_msgs/dobot_msgs/action/detail/sliding_rail__rosidl_typesupport_fastrtps_c.h
[90.865s] -- Symlinking: /home/bbcontact/magician_ros2/install/dobot_msgs/include/dobot_msgs/dobot_msgs/msg/detail/circle_target__rosidl_typesupport_fastrtps_c.h
[90.882s] -- Symlinking: /home/bbcontact/magician_ros2/install/dobot_msgs/include/dobot_msgs/dobot_msgs/msg/detail/circle_target_array__rosidl_typesupport_fastrtps_c.h
[90.901s] -- Symlinking: /home/bbcontact/magician_ros2/install/dobot_msgs/include/dobot_msgs/dobot_msgs/msg/detail/dobot_alarm_codes__rosidl_typesupport_fastrtps_c.h
[90.919s] -- Symlinking: /home/bbcontact/magician_ros2/install/dobot_msgs/include/dobot_msgs/dobot_msgs/msg/detail/gripper_status__rosidl_typesupport_fastrtps_c.h
[90.938s] -- Symlinking: /home/bbcontact/magician_ros2/install/dobot_msgs/include/dobot_msgs/dobot_msgs/msg/rosidl_typesupport_fastrtps_c__visibility_control.h
[90.958s] -- Symlinking: /home/bbcontact/magician_ros2/install/dobot_msgs/include/dobot_msgs/dobot_msgs/srv/detail/evaluate_ptp_trajectory__rosidl_typesupport_fastrtps_c.h
[90.976s] -- Symlinking: /home/bbcontact/magician_ros2/install/dobot_msgs/include/dobot_msgs/dobot_msgs/srv/detail/execute_homing_procedure__rosidl_typesupport_fastrtps_c.h
[90.995s] -- Symlinking: /home/bbcontact/magician_ros2/install/dobot_msgs/include/dobot_msgs/dobot_msgs/srv/detail/gripper_control__rosidl_typesupport_fastrtps_c.h
[91.013s] -- Symlinking: /home/bbcontact/magician_ros2/install/dobot_msgs/include/dobot_msgs/dobot_msgs/srv/detail/suction_cup_control__rosidl_typesupport_fastrtps_c.h
[91.034s] -- Symlinking: /home/bbcontact/magician_ros2/install/dobot_msgs/include/dobot_msgs/dobot_msgs/action/detail/point_to_point__rosidl_typesupport_introspection_c.h
[91.053s] -- Symlinking: /home/bbcontact/magician_ros2/install/dobot_msgs/include/dobot_msgs/dobot_msgs/action/detail/sliding_rail__rosidl_typesupport_introspection_c.h
[91.071s] -- Symlinking: /home/bbcontact/magician_ros2/install/dobot_msgs/include/dobot_msgs/dobot_msgs/msg/detail/circle_target__rosidl_typesupport_introspection_c.h
[91.089s] -- Symlinking: /home/bbcontact/magician_ros2/install/dobot_msgs/include/dobot_msgs/dobot_msgs/msg/detail/circle_target_array__rosidl_typesupport_introspection_c.h
[91.107s] -- Symlinking: /home/bbcontact/magician_ros2/install/dobot_msgs/include/dobot_msgs/dobot_msgs/msg/detail/dobot_alarm_codes__rosidl_typesupport_introspection_c.h
[91.124s] -- Symlinking: /home/bbcontact/magician_ros2/install/dobot_msgs/include/dobot_msgs/dobot_msgs/msg/detail/gripper_status__rosidl_typesupport_introspection_c.h
[91.141s] -- Symlinking: /home/bbcontact/magician_ros2/install/dobot_msgs/include/dobot_msgs/dobot_msgs/msg/rosidl_typesupport_introspection_c__visibility_control.h
[91.159s] -- Symlinking: /home/bbcontact/magician_ros2/install/dobot_msgs/include/dobot_msgs/dobot_msgs/srv/detail/evaluate_ptp_trajectory__rosidl_typesupport_introspection_c.h
[91.176s] -- Symlinking: /home/bbcontact/magician_ros2/install/dobot_msgs/include/dobot_msgs/dobot_msgs/srv/detail/execute_homing_procedure__rosidl_typesupport_introspection_c.h
[91.194s] -- Symlinking: /home/bbcontact/magician_ros2/install/dobot_msgs/include/dobot_msgs/dobot_msgs/srv/detail/gripper_control__rosidl_typesupport_introspection_c.h
[91.211s] -- Symlinking: /home/bbcontact/magician_ros2/install/dobot_msgs/include/dobot_msgs/dobot_msgs/srv/detail/suction_cup_control__rosidl_typesupport_introspection_c.h
[91.230s] -- Symlinking: /home/bbcontact/magician_ros2/install/dobot_msgs/include/dobot_msgs/dobot_msgs/action/detail/point_to_point__builder.hpp
[91.248s] -- Symlinking: /home/bbcontact/magician_ros2/install/dobot_msgs/include/dobot_msgs/dobot_msgs/action/detail/point_to_point__struct.hpp
[91.267s] -- Symlinking: /home/bbcontact/magician_ros2/install/dobot_msgs/include/dobot_msgs/dobot_msgs/action/detail/point_to_point__traits.hpp
[91.286s] -- Symlinking: /home/bbcontact/magician_ros2/install/dobot_msgs/include/dobot_msgs/dobot_msgs/action/detail/point_to_point__type_support.hpp
[91.308s] -- Symlinking: /home/bbcontact/magician_ros2/install/dobot_msgs/include/dobot_msgs/dobot_msgs/action/detail/sliding_rail__builder.hpp
[91.327s] -- Symlinking: /home/bbcontact/magician_ros2/install/dobot_msgs/include/dobot_msgs/dobot_msgs/action/detail/sliding_rail__struct.hpp
[91.346s] -- Symlinking: /home/bbcontact/magician_ros2/install/dobot_msgs/include/dobot_msgs/dobot_msgs/action/detail/sliding_rail__traits.hpp
[91.367s] -- Symlinking: /home/bbcontact/magician_ros2/install/dobot_msgs/include/dobot_msgs/dobot_msgs/action/detail/sliding_rail__type_support.hpp
[91.387s] -- Symlinking: /home/bbcontact/magician_ros2/install/dobot_msgs/include/dobot_msgs/dobot_msgs/action/point_to_point.hpp
[91.406s] -- Symlinking: /home/bbcontact/magician_ros2/install/dobot_msgs/include/dobot_msgs/dobot_msgs/action/sliding_rail.hpp
[91.425s] -- Symlinking: /home/bbcontact/magician_ros2/install/dobot_msgs/include/dobot_msgs/dobot_msgs/msg/circle_target.hpp
[91.442s] -- Symlinking: /home/bbcontact/magician_ros2/install/dobot_msgs/include/dobot_msgs/dobot_msgs/msg/circle_target_array.hpp
[91.461s] -- Symlinking: /home/bbcontact/magician_ros2/install/dobot_msgs/include/dobot_msgs/dobot_msgs/msg/detail/circle_target__builder.hpp
[91.479s] -- Symlinking: /home/bbcontact/magician_ros2/install/dobot_msgs/include/dobot_msgs/dobot_msgs/msg/detail/circle_target__struct.hpp
[91.498s] -- Symlinking: /home/bbcontact/magician_ros2/install/dobot_msgs/include/dobot_msgs/dobot_msgs/msg/detail/circle_target__traits.hpp
[91.517s] -- Symlinking: /home/bbcontact/magician_ros2/install/dobot_msgs/include/dobot_msgs/dobot_msgs/msg/detail/circle_target__type_support.hpp
[91.535s] -- Symlinking: /home/bbcontact/magician_ros2/install/dobot_msgs/include/dobot_msgs/dobot_msgs/msg/detail/circle_target_array__builder.hpp
[91.555s] -- Symlinking: /home/bbcontact/magician_ros2/install/dobot_msgs/include/dobot_msgs/dobot_msgs/msg/detail/circle_target_array__struct.hpp
[91.573s] -- Symlinking: /home/bbcontact/magician_ros2/install/dobot_msgs/include/dobot_msgs/dobot_msgs/msg/detail/circle_target_array__traits.hpp
[91.591s] -- Symlinking: /home/bbcontact/magician_ros2/install/dobot_msgs/include/dobot_msgs/dobot_msgs/msg/detail/circle_target_array__type_support.hpp
[91.610s] -- Symlinking: /home/bbcontact/magician_ros2/install/dobot_msgs/include/dobot_msgs/dobot_msgs/msg/detail/dobot_alarm_codes__builder.hpp
[91.628s] -- Symlinking: /home/bbcontact/magician_ros2/install/dobot_msgs/include/dobot_msgs/dobot_msgs/msg/detail/dobot_alarm_codes__struct.hpp
[91.647s] -- Symlinking: /home/bbcontact/magician_ros2/install/dobot_msgs/include/dobot_msgs/dobot_msgs/msg/detail/dobot_alarm_codes__traits.hpp
[91.665s] -- Symlinking: /home/bbcontact/magician_ros2/install/dobot_msgs/include/dobot_msgs/dobot_msgs/msg/detail/dobot_alarm_codes__type_support.hpp
[91.683s] -- Symlinking: /home/bbcontact/magician_ros2/install/dobot_msgs/include/dobot_msgs/dobot_msgs/msg/detail/gripper_status__builder.hpp
[91.701s] -- Symlinking: /home/bbcontact/magician_ros2/install/dobot_msgs/include/dobot_msgs/dobot_msgs/msg/detail/gripper_status__struct.hpp
[91.720s] -- Symlinking: /home/bbcontact/magician_ros2/install/dobot_msgs/include/dobot_msgs/dobot_msgs/msg/detail/gripper_status__traits.hpp
[91.737s] -- Symlinking: /home/bbcontact/magician_ros2/install/dobot_msgs/include/dobot_msgs/dobot_msgs/msg/detail/gripper_status__type_support.hpp
[91.755s] -- Symlinking: /home/bbcontact/magician_ros2/install/dobot_msgs/include/dobot_msgs/dobot_msgs/msg/dobot_alarm_codes.hpp
[91.773s] -- Symlinking: /home/bbcontact/magician_ros2/install/dobot_msgs/include/dobot_msgs/dobot_msgs/msg/gripper_status.hpp
[91.790s] -- Symlinking: /home/bbcontact/magician_ros2/install/dobot_msgs/include/dobot_msgs/dobot_msgs/msg/rosidl_generator_cpp__visibility_control.hpp
[91.809s] -- Symlinking: /home/bbcontact/magician_ros2/install/dobot_msgs/include/dobot_msgs/dobot_msgs/srv/detail/evaluate_ptp_trajectory__builder.hpp
[91.827s] -- Symlinking: /home/bbcontact/magician_ros2/install/dobot_msgs/include/dobot_msgs/dobot_msgs/srv/detail/evaluate_ptp_trajectory__struct.hpp
[91.845s] -- Symlinking: /home/bbcontact/magician_ros2/install/dobot_msgs/include/dobot_msgs/dobot_msgs/srv/detail/evaluate_ptp_trajectory__traits.hpp
[91.863s] -- Symlinking: /home/bbcontact/magician_ros2/install/dobot_msgs/include/dobot_msgs/dobot_msgs/srv/detail/evaluate_ptp_trajectory__type_support.hpp
[91.880s] -- Symlinking: /home/bbcontact/magician_ros2/install/dobot_msgs/include/dobot_msgs/dobot_msgs/srv/detail/execute_homing_procedure__builder.hpp
[91.900s] -- Symlinking: /home/bbcontact/magician_ros2/install/dobot_msgs/include/dobot_msgs/dobot_msgs/srv/detail/execute_homing_procedure__struct.hpp
[91.918s] -- Symlinking: /home/bbcontact/magician_ros2/install/dobot_msgs/include/dobot_msgs/dobot_msgs/srv/detail/execute_homing_procedure__traits.hpp
[91.937s] -- Symlinking: /home/bbcontact/magician_ros2/install/dobot_msgs/include/dobot_msgs/dobot_msgs/srv/detail/execute_homing_procedure__type_support.hpp
[91.958s] -- Symlinking: /home/bbcontact/magician_ros2/install/dobot_msgs/include/dobot_msgs/dobot_msgs/srv/detail/gripper_control__builder.hpp
[91.977s] -- Symlinking: /home/bbcontact/magician_ros2/install/dobot_msgs/include/dobot_msgs/dobot_msgs/srv/detail/gripper_control__struct.hpp
[91.998s] -- Symlinking: /home/bbcontact/magician_ros2/install/dobot_msgs/include/dobot_msgs/dobot_msgs/srv/detail/gripper_control__traits.hpp
[92.018s] -- Symlinking: /home/bbcontact/magician_ros2/install/dobot_msgs/include/dobot_msgs/dobot_msgs/srv/detail/gripper_control__type_support.hpp
[92.038s] -- Symlinking: /home/bbcontact/magician_ros2/install/dobot_msgs/include/dobot_msgs/dobot_msgs/srv/detail/suction_cup_control__builder.hpp
[92.058s] -- Symlinking: /home/bbcontact/magician_ros2/install/dobot_msgs/include/dobot_msgs/dobot_msgs/srv/detail/suction_cup_control__struct.hpp
[92.077s] -- Symlinking: /home/bbcontact/magician_ros2/install/dobot_msgs/include/dobot_msgs/dobot_msgs/srv/detail/suction_cup_control__traits.hpp
[92.096s] -- Symlinking: /home/bbcontact/magician_ros2/install/dobot_msgs/include/dobot_msgs/dobot_msgs/srv/detail/suction_cup_control__type_support.hpp
[92.115s] -- Symlinking: /home/bbcontact/magician_ros2/install/dobot_msgs/include/dobot_msgs/dobot_msgs/srv/evaluate_ptp_trajectory.hpp
[92.134s] -- Symlinking: /home/bbcontact/magician_ros2/install/dobot_msgs/include/dobot_msgs/dobot_msgs/srv/execute_homing_procedure.hpp
[92.153s] -- Symlinking: /home/bbcontact/magician_ros2/install/dobot_msgs/include/dobot_msgs/dobot_msgs/srv/gripper_control.hpp
[92.172s] -- Symlinking: /home/bbcontact/magician_ros2/install/dobot_msgs/include/dobot_msgs/dobot_msgs/srv/suction_cup_control.hpp
[92.193s] -- Symlinking: /home/bbcontact/magician_ros2/install/dobot_msgs/include/dobot_msgs/dobot_msgs/action/detail/point_to_point__rosidl_typesupport_fastrtps_cpp.hpp
[92.211s] -- Symlinking: /home/bbcontact/magician_ros2/install/dobot_msgs/include/dobot_msgs/dobot_msgs/action/detail/sliding_rail__rosidl_typesupport_fastrtps_cpp.hpp
[92.229s] -- Symlinking: /home/bbcontact/magician_ros2/install/dobot_msgs/include/dobot_msgs/dobot_msgs/msg/detail/circle_target__rosidl_typesupport_fastrtps_cpp.hpp
[92.247s] -- Symlinking: /home/bbcontact/magician_ros2/install/dobot_msgs/include/dobot_msgs/dobot_msgs/msg/detail/circle_target_array__rosidl_typesupport_fastrtps_cpp.hpp
[92.265s] -- Symlinking: /home/bbcontact/magician_ros2/install/dobot_msgs/include/dobot_msgs/dobot_msgs/msg/detail/dobot_alarm_codes__rosidl_typesupport_fastrtps_cpp.hpp
[92.282s] -- Symlinking: /home/bbcontact/magician_ros2/install/dobot_msgs/include/dobot_msgs/dobot_msgs/msg/detail/gripper_status__rosidl_typesupport_fastrtps_cpp.hpp
[92.300s] -- Symlinking: /home/bbcontact/magician_ros2/install/dobot_msgs/include/dobot_msgs/dobot_msgs/msg/rosidl_typesupport_fastrtps_cpp__visibility_control.h
[92.318s] -- Symlinking: /home/bbcontact/magician_ros2/install/dobot_msgs/include/dobot_msgs/dobot_msgs/srv/detail/evaluate_ptp_trajectory__rosidl_typesupport_fastrtps_cpp.hpp
[92.336s] -- Symlinking: /home/bbcontact/magician_ros2/install/dobot_msgs/include/dobot_msgs/dobot_msgs/srv/detail/execute_homing_procedure__rosidl_typesupport_fastrtps_cpp.hpp
[92.355s] -- Symlinking: /home/bbcontact/magician_ros2/install/dobot_msgs/include/dobot_msgs/dobot_msgs/srv/detail/gripper_control__rosidl_typesupport_fastrtps_cpp.hpp
[92.373s] -- Symlinking: /home/bbcontact/magician_ros2/install/dobot_msgs/include/dobot_msgs/dobot_msgs/srv/detail/suction_cup_control__rosidl_typesupport_fastrtps_cpp.hpp
[92.392s] -- Symlinking: /home/bbcontact/magician_ros2/install/dobot_msgs/include/dobot_msgs/dobot_msgs/action/detail/point_to_point__rosidl_typesupport_introspection_cpp.hpp
[92.411s] -- Symlinking: /home/bbcontact/magician_ros2/install/dobot_msgs/include/dobot_msgs/dobot_msgs/action/detail/sliding_rail__rosidl_typesupport_introspection_cpp.hpp
[92.428s] -- Symlinking: /home/bbcontact/magician_ros2/install/dobot_msgs/include/dobot_msgs/dobot_msgs/msg/detail/circle_target__rosidl_typesupport_introspection_cpp.hpp
[92.447s] -- Symlinking: /home/bbcontact/magician_ros2/install/dobot_msgs/include/dobot_msgs/dobot_msgs/msg/detail/circle_target_array__rosidl_typesupport_introspection_cpp.hpp
[92.466s] -- Symlinking: /home/bbcontact/magician_ros2/install/dobot_msgs/include/dobot_msgs/dobot_msgs/msg/detail/dobot_alarm_codes__rosidl_typesupport_introspection_cpp.hpp
[92.484s] -- Symlinking: /home/bbcontact/magician_ros2/install/dobot_msgs/include/dobot_msgs/dobot_msgs/msg/detail/gripper_status__rosidl_typesupport_introspection_cpp.hpp
[92.504s] -- Symlinking: /home/bbcontact/magician_ros2/install/dobot_msgs/include/dobot_msgs/dobot_msgs/srv/detail/evaluate_ptp_trajectory__rosidl_typesupport_introspection_cpp.hpp
[92.524s] -- Symlinking: /home/bbcontact/magician_ros2/install/dobot_msgs/include/dobot_msgs/dobot_msgs/srv/detail/execute_homing_procedure__rosidl_typesupport_introspection_cpp.hpp
[92.543s] -- Symlinking: /home/bbcontact/magician_ros2/install/dobot_msgs/include/dobot_msgs/dobot_msgs/srv/detail/gripper_control__rosidl_typesupport_introspection_cpp.hpp
[92.564s] -- Symlinking: /home/bbcontact/magician_ros2/install/dobot_msgs/include/dobot_msgs/dobot_msgs/srv/detail/suction_cup_control__rosidl_typesupport_introspection_cpp.hpp
[92.584s] -- Symlinking: /home/bbcontact/magician_ros2/install/dobot_msgs/share/dobot_msgs/environment/pythonpath.sh
[92.604s] -- Symlinking: /home/bbcontact/magician_ros2/install/dobot_msgs/share/dobot_msgs/environment/pythonpath.dsv
[92.625s] -- Symlinking: /home/bbcontact/magician_ros2/install/dobot_msgs/lib/python3.12/site-packages/dobot_msgs-1.0.0-py3.12.egg-info/PKG-INFO
[92.642s] -- Symlinking: /home/bbcontact/magician_ros2/install/dobot_msgs/lib/python3.12/site-packages/dobot_msgs-1.0.0-py3.12.egg-info/SOURCES.txt
[92.662s] -- Symlinking: /home/bbcontact/magician_ros2/install/dobot_msgs/lib/python3.12/site-packages/dobot_msgs-1.0.0-py3.12.egg-info/dependency_links.txt
[92.680s] -- Symlinking: /home/bbcontact/magician_ros2/install/dobot_msgs/lib/python3.12/site-packages/dobot_msgs-1.0.0-py3.12.egg-info/top_level.txt
[92.700s] -- Symlinking: /home/bbcontact/magician_ros2/install/dobot_msgs/lib/python3.12/site-packages/dobot_msgs/__init__.py
[92.718s] -- Symlinking: /home/bbcontact/magician_ros2/install/dobot_msgs/lib/python3.12/site-packages/dobot_msgs/_dobot_msgs_s.ep.rosidl_typesupport_c.c
[92.736s] -- Symlinking: /home/bbcontact/magician_ros2/install/dobot_msgs/lib/python3.12/site-packages/dobot_msgs/_dobot_msgs_s.ep.rosidl_typesupport_fastrtps_c.c
[92.754s] -- Symlinking: /home/bbcontact/magician_ros2/install/dobot_msgs/lib/python3.12/site-packages/dobot_msgs/_dobot_msgs_s.ep.rosidl_typesupport_introspection_c.c
[92.773s] -- Symlinking: /home/bbcontact/magician_ros2/install/dobot_msgs/lib/python3.12/site-packages/dobot_msgs/action/__init__.py
[92.792s] -- Symlinking: /home/bbcontact/magician_ros2/install/dobot_msgs/lib/python3.12/site-packages/dobot_msgs/action/_point_to_point.py
[92.810s] -- Symlinking: /home/bbcontact/magician_ros2/install/dobot_msgs/lib/python3.12/site-packages/dobot_msgs/action/_point_to_point_s.c
[92.828s] -- Symlinking: /home/bbcontact/magician_ros2/install/dobot_msgs/lib/python3.12/site-packages/dobot_msgs/action/_sliding_rail.py
[92.847s] -- Symlinking: /home/bbcontact/magician_ros2/install/dobot_msgs/lib/python3.12/site-packages/dobot_msgs/action/_sliding_rail_s.c
[92.866s] -- Symlinking: /home/bbcontact/magician_ros2/install/dobot_msgs/lib/python3.12/site-packages/dobot_msgs/dobot_msgs_s__rosidl_typesupport_c.so
[92.884s] -- Symlinking: /home/bbcontact/magician_ros2/install/dobot_msgs/lib/python3.12/site-packages/dobot_msgs/dobot_msgs_s__rosidl_typesupport_fastrtps_c.so
[92.902s] -- Symlinking: /home/bbcontact/magician_ros2/install/dobot_msgs/lib/python3.12/site-packages/dobot_msgs/dobot_msgs_s__rosidl_typesupport_introspection_c.so
[92.920s] -- Symlinking: /home/bbcontact/magician_ros2/install/dobot_msgs/lib/python3.12/site-packages/dobot_msgs/msg/__init__.py
[92.937s] -- Symlinking: /home/bbcontact/magician_ros2/install/dobot_msgs/lib/python3.12/site-packages/dobot_msgs/msg/_circle_target.py
[92.956s] -- Symlinking: /home/bbcontact/magician_ros2/install/dobot_msgs/lib/python3.12/site-packages/dobot_msgs/msg/_circle_target_array.py
[92.973s] -- Symlinking: /home/bbcontact/magician_ros2/install/dobot_msgs/lib/python3.12/site-packages/dobot_msgs/msg/_circle_target_array_s.c
[92.991s] -- Symlinking: /home/bbcontact/magician_ros2/install/dobot_msgs/lib/python3.12/site-packages/dobot_msgs/msg/_circle_target_s.c
[93.010s] -- Symlinking: /home/bbcontact/magician_ros2/install/dobot_msgs/lib/python3.12/site-packages/dobot_msgs/msg/_dobot_alarm_codes.py
[93.026s] -- Symlinking: /home/bbcontact/magician_ros2/install/dobot_msgs/lib/python3.12/site-packages/dobot_msgs/msg/_dobot_alarm_codes_s.c
[93.044s] -- Symlinking: /home/bbcontact/magician_ros2/install/dobot_msgs/lib/python3.12/site-packages/dobot_msgs/msg/_gripper_status.py
[93.062s] -- Symlinking: /home/bbcontact/magician_ros2/install/dobot_msgs/lib/python3.12/site-packages/dobot_msgs/msg/_gripper_status_s.c
[93.080s] -- Symlinking: /home/bbcontact/magician_ros2/install/dobot_msgs/lib/python3.12/site-packages/dobot_msgs/srv/__init__.py
[93.099s] -- Symlinking: /home/bbcontact/magician_ros2/install/dobot_msgs/lib/python3.12/site-packages/dobot_msgs/srv/_evaluate_ptp_trajectory.py
[93.119s] -- Symlinking: /home/bbcontact/magician_ros2/install/dobot_msgs/lib/python3.12/site-packages/dobot_msgs/srv/_evaluate_ptp_trajectory_s.c
[93.140s] -- Symlinking: /home/bbcontact/magician_ros2/install/dobot_msgs/lib/python3.12/site-packages/dobot_msgs/srv/_execute_homing_procedure.py
[93.160s] -- Symlinking: /home/bbcontact/magician_ros2/install/dobot_msgs/lib/python3.12/site-packages/dobot_msgs/srv/_execute_homing_procedure_s.c
[93.180s] -- Symlinking: /home/bbcontact/magician_ros2/install/dobot_msgs/lib/python3.12/site-packages/dobot_msgs/srv/_gripper_control.py
[93.201s] -- Symlinking: /home/bbcontact/magician_ros2/install/dobot_msgs/lib/python3.12/site-packages/dobot_msgs/srv/_gripper_control_s.c
[93.222s] -- Symlinking: /home/bbcontact/magician_ros2/install/dobot_msgs/lib/python3.12/site-packages/dobot_msgs/srv/_suction_cup_control.py
[93.241s] -- Symlinking: /home/bbcontact/magician_ros2/install/dobot_msgs/lib/python3.12/site-packages/dobot_msgs/srv/_suction_cup_control_s.c
[93.262s] -- Up-to-date symlink: /home/bbcontact/magician_ros2/install/dobot_msgs/lib/python3.12/site-packages/dobot_msgs/dobot_msgs_s__rosidl_typesupport_fastrtps_c.so
[93.262s] -- Up-to-date symlink: /home/bbcontact/magician_ros2/install/dobot_msgs/lib/python3.12/site-packages/dobot_msgs/dobot_msgs_s__rosidl_typesupport_introspection_c.so
[93.263s] -- Up-to-date symlink: /home/bbcontact/magician_ros2/install/dobot_msgs/lib/python3.12/site-packages/dobot_msgs/dobot_msgs_s__rosidl_typesupport_c.so
[93.263s] -- Symlinking: /home/bbcontact/magician_ros2/install/dobot_msgs/share/ament_index/resource_index/rust_packages/dobot_msgs
[93.282s] -- Symlinking: /home/bbcontact/magician_ros2/install/dobot_msgs/share/dobot_msgs/rust/Cargo.toml
[93.301s] -- Symlinking: /home/bbcontact/magician_ros2/install/dobot_msgs/share/dobot_msgs/rust/build.rs
[93.319s] -- Symlinking: /home/bbcontact/magician_ros2/install/dobot_msgs/share/dobot_msgs/rust/src/action.rs
[93.336s] -- Symlinking: /home/bbcontact/magician_ros2/install/dobot_msgs/share/dobot_msgs/rust/src/action/rmw.rs
[93.355s] -- Symlinking: /home/bbcontact/magician_ros2/install/dobot_msgs/share/dobot_msgs/rust/src/lib.rs
[93.373s] -- Symlinking: /home/bbcontact/magician_ros2/install/dobot_msgs/share/dobot_msgs/rust/src/msg.rs
[93.391s] -- Symlinking: /home/bbcontact/magician_ros2/install/dobot_msgs/share/dobot_msgs/rust/src/msg/rmw.rs
[93.410s] -- Symlinking: /home/bbcontact/magician_ros2/install/dobot_msgs/share/dobot_msgs/rust/src/srv.rs
[93.428s] -- Symlinking: /home/bbcontact/magician_ros2/install/dobot_msgs/share/dobot_msgs/rust/src/srv/rmw.rs
[93.446s] -- Symlinking: /home/bbcontact/magician_ros2/install/dobot_msgs/share/dobot_msgs/action/PointToPoint.idl
[93.465s] -- Symlinking: /home/bbcontact/magician_ros2/install/dobot_msgs/share/dobot_msgs/action/SlidingRail.idl
[93.483s] -- Symlinking: /home/bbcontact/magician_ros2/install/dobot_msgs/share/dobot_msgs/msg/DobotAlarmCodes.idl
[93.501s] -- Symlinking: /home/bbcontact/magician_ros2/install/dobot_msgs/share/dobot_msgs/msg/GripperStatus.idl
[93.520s] -- Symlinking: /home/bbcontact/magician_ros2/install/dobot_msgs/share/dobot_msgs/msg/CircleTarget.idl
[93.538s] -- Symlinking: /home/bbcontact/magician_ros2/install/dobot_msgs/share/dobot_msgs/msg/CircleTargetArray.idl
[93.557s] -- Symlinking: /home/bbcontact/magician_ros2/install/dobot_msgs/share/dobot_msgs/srv/EvaluatePTPTrajectory.idl
[93.575s] -- Symlinking: /home/bbcontact/magician_ros2/install/dobot_msgs/share/dobot_msgs/srv/ExecuteHomingProcedure.idl
[93.594s] -- Symlinking: /home/bbcontact/magician_ros2/install/dobot_msgs/share/dobot_msgs/srv/GripperControl.idl
[93.612s] -- Symlinking: /home/bbcontact/magician_ros2/install/dobot_msgs/share/dobot_msgs/srv/SuctionCupControl.idl
[93.631s] -- Symlinking: /home/bbcontact/magician_ros2/install/dobot_msgs/share/dobot_msgs/action/PointToPoint.action
[93.653s] -- Symlinking: /home/bbcontact/magician_ros2/install/dobot_msgs/share/dobot_msgs/action/SlidingRail.action
[93.673s] -- Symlinking: /home/bbcontact/magician_ros2/install/dobot_msgs/share/dobot_msgs/msg/DobotAlarmCodes.msg
[93.692s] -- Symlinking: /home/bbcontact/magician_ros2/install/dobot_msgs/share/dobot_msgs/msg/GripperStatus.msg
[93.711s] -- Symlinking: /home/bbcontact/magician_ros2/install/dobot_msgs/share/dobot_msgs/msg/CircleTarget.msg
[93.730s] -- Symlinking: /home/bbcontact/magician_ros2/install/dobot_msgs/share/dobot_msgs/msg/CircleTargetArray.msg
[93.751s] -- Symlinking: /home/bbcontact/magician_ros2/install/dobot_msgs/share/dobot_msgs/srv/EvaluatePTPTrajectory.srv
[93.780s] -- Symlinking: /home/bbcontact/magician_ros2/install/dobot_msgs/share/dobot_msgs/srv/ExecuteHomingProcedure.srv
[93.803s] -- Symlinking: /home/bbcontact/magician_ros2/install/dobot_msgs/share/dobot_msgs/srv/GripperControl.srv
[93.825s] -- Symlinking: /home/bbcontact/magician_ros2/install/dobot_msgs/share/dobot_msgs/srv/SuctionCupControl.srv
[93.847s] -- Symlinking: /home/bbcontact/magician_ros2/install/dobot_msgs/share/ament_index/resource_index/package_run_dependencies/dobot_msgs
[93.868s] -- Symlinking: /home/bbcontact/magician_ros2/install/dobot_msgs/share/ament_index/resource_index/parent_prefix_path/dobot_msgs
[93.888s] -- Symlinking: /home/bbcontact/magician_ros2/install/dobot_msgs/share/dobot_msgs/environment/ament_prefix_path.sh
[93.909s] -- Symlinking: /home/bbcontact/magician_ros2/install/dobot_msgs/share/dobot_msgs/environment/ament_prefix_path.dsv
[93.929s] -- Symlinking: /home/bbcontact/magician_ros2/install/dobot_msgs/share/dobot_msgs/environment/path.sh
[93.951s] -- Symlinking: /home/bbcontact/magician_ros2/install/dobot_msgs/share/dobot_msgs/environment/path.dsv
[93.974s] -- Symlinking: /home/bbcontact/magician_ros2/install/dobot_msgs/share/dobot_msgs/local_setup.bash
[93.995s] -- Symlinking: /home/bbcontact/magician_ros2/install/dobot_msgs/share/dobot_msgs/local_setup.sh
[94.019s] -- Symlinking: /home/bbcontact/magician_ros2/install/dobot_msgs/share/dobot_msgs/local_setup.zsh
[94.040s] -- Symlinking: /home/bbcontact/magician_ros2/install/dobot_msgs/share/dobot_msgs/local_setup.dsv
[94.064s] -- Symlinking: /home/bbcontact/magician_ros2/install/dobot_msgs/share/dobot_msgs/package.dsv
[94.086s] -- Symlinking: /home/bbcontact/magician_ros2/install/dobot_msgs/share/ament_index/resource_index/packages/dobot_msgs
[94.108s] -- Symlinking: /home/bbcontact/magician_ros2/install/dobot_msgs/share/dobot_msgs/cmake/rosidl_cmake-extras.cmake
[94.130s] -- Symlinking: /home/bbcontact/magician_ros2/install/dobot_msgs/share/dobot_msgs/cmake/ament_cmake_export_dependencies-extras.cmake
[94.150s] -- Symlinking: /home/bbcontact/magician_ros2/install/dobot_msgs/share/dobot_msgs/cmake/ament_cmake_export_include_directories-extras.cmake
[94.170s] -- Symlinking: /home/bbcontact/magician_ros2/install/dobot_msgs/share/dobot_msgs/cmake/ament_cmake_export_libraries-extras.cmake
[94.189s] -- Symlinking: /home/bbcontact/magician_ros2/install/dobot_msgs/share/dobot_msgs/cmake/ament_cmake_export_targets-extras.cmake
[94.208s] -- Symlinking: /home/bbcontact/magician_ros2/install/dobot_msgs/share/dobot_msgs/cmake/rosidl_cmake_export_typesupport_targets-extras.cmake
[94.227s] -- Symlinking: /home/bbcontact/magician_ros2/install/dobot_msgs/share/dobot_msgs/cmake/rosidl_cmake_export_typesupport_libraries-extras.cmake
[94.245s] -- Symlinking: /home/bbcontact/magician_ros2/install/dobot_msgs/share/dobot_msgs/cmake/rosidl_cmake_aggregate_target-extras.cmake
[94.263s] -- Symlinking: /home/bbcontact/magician_ros2/install/dobot_msgs/share/dobot_msgs/cmake/dobot_msgsConfig.cmake
[94.282s] -- Symlinking: /home/bbcontact/magician_ros2/install/dobot_msgs/share/dobot_msgs/cmake/dobot_msgsConfig-version.cmake
[94.302s] -- Symlinking: /home/bbcontact/magician_ros2/install/dobot_msgs/share/dobot_msgs/package.xml
[94.321s] -- Installing: /home/bbcontact/magician_ros2/install/dobot_msgs/lib/libdobot_msgs__rosidl_generator_c.so
[94.322s] -- Set non-toolchain portion of runtime path of "/home/bbcontact/magician_ros2/install/dobot_msgs/lib/libdobot_msgs__rosidl_generator_c.so" to ""
[94.322s] -- Installing: /home/bbcontact/magician_ros2/install/dobot_msgs/lib/libdobot_msgs__rosidl_typesupport_fastrtps_c.so
[94.323s] -- Set non-toolchain portion of runtime path of "/home/bbcontact/magician_ros2/install/dobot_msgs/lib/libdobot_msgs__rosidl_typesupport_fastrtps_c.so" to ""
[94.323s] -- Installing: /home/bbcontact/magician_ros2/install/dobot_msgs/lib/libdobot_msgs__rosidl_typesupport_introspection_c.so
[94.324s] -- Set non-toolchain portion of runtime path of "/home/bbcontact/magician_ros2/install/dobot_msgs/lib/libdobot_msgs__rosidl_typesupport_introspection_c.so" to ""
[94.324s] -- Installing: /home/bbcontact/magician_ros2/install/dobot_msgs/lib/libdobot_msgs__rosidl_typesupport_c.so
[94.325s] -- Set non-toolchain portion of runtime path of "/home/bbcontact/magician_ros2/install/dobot_msgs/lib/libdobot_msgs__rosidl_typesupport_c.so" to ""
[94.325s] -- Installing: /home/bbcontact/magician_ros2/install/dobot_msgs/lib/libdobot_msgs__rosidl_typesupport_fastrtps_cpp.so
[94.327s] -- Set non-toolchain portion of runtime path of "/home/bbcontact/magician_ros2/install/dobot_msgs/lib/libdobot_msgs__rosidl_typesupport_fastrtps_cpp.so" to ""
[94.327s] -- Installing: /home/bbcontact/magician_ros2/install/dobot_msgs/lib/libdobot_msgs__rosidl_typesupport_introspection_cpp.so
[94.328s] -- Set non-toolchain portion of runtime path of "/home/bbcontact/magician_ros2/install/dobot_msgs/lib/libdobot_msgs__rosidl_typesupport_introspection_cpp.so" to ""
[94.328s] -- Installing: /home/bbcontact/magician_ros2/install/dobot_msgs/lib/libdobot_msgs__rosidl_typesupport_cpp.so
[94.329s] -- Set non-toolchain portion of runtime path of "/home/bbcontact/magician_ros2/install/dobot_msgs/lib/libdobot_msgs__rosidl_typesupport_cpp.so" to ""
[94.529s] Listing '/home/bbcontact/magician_ros2/install/dobot_msgs/lib/python3.12/site-packages/dobot_msgs'...
[94.529s] Compiling '/home/bbcontact/magician_ros2/install/dobot_msgs/lib/python3.12/site-packages/dobot_msgs/__init__.py'...
[94.530s] Listing '/home/bbcontact/magician_ros2/install/dobot_msgs/lib/python3.12/site-packages/dobot_msgs/action'...
[94.530s] Compiling '/home/bbcontact/magician_ros2/install/dobot_msgs/lib/python3.12/site-packages/dobot_msgs/action/__init__.py'...
[94.530s] Compiling '/home/bbcontact/magician_ros2/install/dobot_msgs/lib/python3.12/site-packages/dobot_msgs/action/_point_to_point.py'...
[94.530s] Compiling '/home/bbcontact/magician_ros2/install/dobot_msgs/lib/python3.12/site-packages/dobot_msgs/action/_sliding_rail.py'...
[94.530s] Listing '/home/bbcontact/magician_ros2/install/dobot_msgs/lib/python3.12/site-packages/dobot_msgs/msg'...
[94.531s] Compiling '/home/bbcontact/magician_ros2/install/dobot_msgs/lib/python3.12/site-packages/dobot_msgs/msg/__init__.py'...
[94.531s] Compiling '/home/bbcontact/magician_ros2/install/dobot_msgs/lib/python3.12/site-packages/dobot_msgs/msg/_circle_target.py'...
[94.531s] Compiling '/home/bbcontact/magician_ros2/install/dobot_msgs/lib/python3.12/site-packages/dobot_msgs/msg/_circle_target_array.py'...
[94.531s] Compiling '/home/bbcontact/magician_ros2/install/dobot_msgs/lib/python3.12/site-packages/dobot_msgs/msg/_dobot_alarm_codes.py'...
[94.531s] Compiling '/home/bbcontact/magician_ros2/install/dobot_msgs/lib/python3.12/site-packages/dobot_msgs/msg/_gripper_status.py'...
[94.531s] Listing '/home/bbcontact/magician_ros2/install/dobot_msgs/lib/python3.12/site-packages/dobot_msgs/srv'...
[94.532s] Compiling '/home/bbcontact/magician_ros2/install/dobot_msgs/lib/python3.12/site-packages/dobot_msgs/srv/__init__.py'...
[94.532s] Compiling '/home/bbcontact/magician_ros2/install/dobot_msgs/lib/python3.12/site-packages/dobot_msgs/srv/_evaluate_ptp_trajectory.py'...
[94.532s] Compiling '/home/bbcontact/magician_ros2/install/dobot_msgs/lib/python3.12/site-packages/dobot_msgs/srv/_execute_homing_procedure.py'...
[94.532s] Compiling '/home/bbcontact/magician_ros2/install/dobot_msgs/lib/python3.12/site-packages/dobot_msgs/srv/_gripper_control.py'...
[94.532s] Compiling '/home/bbcontact/magician_ros2/install/dobot_msgs/lib/python3.12/site-packages/dobot_msgs/srv/_suction_cup_control.py'...
[94.542s] -- Installing: /home/bbcontact/magician_ros2/install/dobot_msgs/lib/libdobot_msgs__rosidl_generator_py.so
[94.543s] -- Set non-toolchain portion of runtime path of "/home/bbcontact/magician_ros2/install/dobot_msgs/lib/libdobot_msgs__rosidl_generator_py.so" to ""
[94.543s] -- Installing: /home/bbcontact/magician_ros2/install/dobot_msgs/share/dobot_msgs/cmake/export_dobot_msgs__rosidl_generator_cExport.cmake
[94.543s] -- Installing: /home/bbcontact/magician_ros2/install/dobot_msgs/share/dobot_msgs/cmake/export_dobot_msgs__rosidl_generator_cExport-noconfig.cmake
[94.544s] -- Installing: /home/bbcontact/magician_ros2/install/dobot_msgs/share/dobot_msgs/cmake/export_dobot_msgs__rosidl_typesupport_fastrtps_cExport.cmake
[94.544s] -- Installing: /home/bbcontact/magician_ros2/install/dobot_msgs/share/dobot_msgs/cmake/export_dobot_msgs__rosidl_typesupport_fastrtps_cExport-noconfig.cmake
[94.544s] -- Installing: /home/bbcontact/magician_ros2/install/dobot_msgs/share/dobot_msgs/cmake/dobot_msgs__rosidl_typesupport_introspection_cExport.cmake
[94.544s] -- Installing: /home/bbcontact/magician_ros2/install/dobot_msgs/share/dobot_msgs/cmake/dobot_msgs__rosidl_typesupport_introspection_cExport-noconfig.cmake
[94.544s] -- Installing: /home/bbcontact/magician_ros2/install/dobot_msgs/share/dobot_msgs/cmake/dobot_msgs__rosidl_typesupport_cExport.cmake
[94.545s] -- Installing: /home/bbcontact/magician_ros2/install/dobot_msgs/share/dobot_msgs/cmake/dobot_msgs__rosidl_typesupport_cExport-noconfig.cmake
[94.546s] -- Installing: /home/bbcontact/magician_ros2/install/dobot_msgs/share/dobot_msgs/cmake/export_dobot_msgs__rosidl_generator_cppExport.cmake
[94.547s] -- Installing: /home/bbcontact/magician_ros2/install/dobot_msgs/share/dobot_msgs/cmake/export_dobot_msgs__rosidl_typesupport_fastrtps_cppExport.cmake
[94.547s] -- Installing: /home/bbcontact/magician_ros2/install/dobot_msgs/share/dobot_msgs/cmake/export_dobot_msgs__rosidl_typesupport_fastrtps_cppExport-noconfig.cmake
[94.548s] -- Installing: /home/bbcontact/magician_ros2/install/dobot_msgs/share/dobot_msgs/cmake/dobot_msgs__rosidl_typesupport_introspection_cppExport.cmake
[94.548s] -- Installing: /home/bbcontact/magician_ros2/install/dobot_msgs/share/dobot_msgs/cmake/dobot_msgs__rosidl_typesupport_introspection_cppExport-noconfig.cmake
[94.548s] -- Installing: /home/bbcontact/magician_ros2/install/dobot_msgs/share/dobot_msgs/cmake/dobot_msgs__rosidl_typesupport_cppExport.cmake
[94.548s] -- Installing: /home/bbcontact/magician_ros2/install/dobot_msgs/share/dobot_msgs/cmake/dobot_msgs__rosidl_typesupport_cppExport-noconfig.cmake
[94.549s] -- Installing: /home/bbcontact/magician_ros2/install/dobot_msgs/share/dobot_msgs/cmake/export_dobot_msgs__rosidl_generator_pyExport.cmake
[94.549s] -- Installing: /home/bbcontact/magician_ros2/install/dobot_msgs/share/dobot_msgs/cmake/export_dobot_msgs__rosidl_generator_pyExport-noconfig.cmake
[94.554s] Invoked command in '/home/bbcontact/magician_ros2/build/dobot_msgs' returned '0': CMAKE_PREFIX_PATH=${CMAKE_PREFIX_PATH}:/opt/ros/jazzy DEBUGINFOD_URLS=https://debuginfod.ubuntu.com /usr/bin/cmake --install /home/bbcontact/magician_ros2/build/dobot_msgs
