[10.134s] Invoking command in '/home/bbcontact/magician_ros2/build/dobot_vision_yolo': DEBUGINFOD_URLS=https://debuginfod.ubuntu.com PYTHONPATH=/home/bbcontact/magician_ros2/build/dobot_vision_yolo/prefix_override:/usr/lib/python3/dist-packages/colcon_core/task/python/colcon_distutils_commands:/home/bbcontact/magician_ros2/install/dobot_vision_yolo/lib/python3.12/site-packages:${PYTHONPATH} /usr/bin/python3 -W ignore:setup.py install is deprecated -W ignore:easy_install command is deprecated setup.py develop --editable --build-directory /home/bbcontact/magician_ros2/build/dobot_vision_yolo/build --no-deps symlink_data --force
[12.706s] running develop
[14.815s] running egg_info
[14.997s] writing dobot_vision_yolo.egg-info/PKG-INFO
[14.998s] writing dependency_links to dobot_vision_yolo.egg-info/dependency_links.txt
[14.998s] writing entry points to dobot_vision_yolo.egg-info/entry_points.txt
[15.002s] writing requirements to dobot_vision_yolo.egg-info/requires.txt
[15.002s] writing top-level names to dobot_vision_yolo.egg-info/top_level.txt
[15.327s] reading manifest file 'dobot_vision_yolo.egg-info/SOURCES.txt'
[15.331s] writing manifest file 'dobot_vision_yolo.egg-info/SOURCES.txt'
[15.478s] running build_ext
[15.478s] Creating /home/bbcontact/magician_ros2/install/dobot_vision_yolo/lib/python3.12/site-packages/dobot-vision-yolo.egg-link (link to .)
[15.478s] Installing camera_calibration_tool script to /home/bbcontact/magician_ros2/install/dobot_vision_yolo/lib/dobot_vision_yolo
[15.479s] Installing eye_in_hand_calibration_node script to /home/bbcontact/magician_ros2/install/dobot_vision_yolo/lib/dobot_vision_yolo
[15.486s] Installing pixel_to_robot_node script to /home/bbcontact/magician_ros2/install/dobot_vision_yolo/lib/dobot_vision_yolo
[15.486s] Installing safety_guard_node script to /home/bbcontact/magician_ros2/install/dobot_vision_yolo/lib/dobot_vision_yolo
[15.487s] Installing target_selector_node script to /home/bbcontact/magician_ros2/install/dobot_vision_yolo/lib/dobot_vision_yolo
[15.487s] Installing vision_pick_place_node script to /home/bbcontact/magician_ros2/install/dobot_vision_yolo/lib/dobot_vision_yolo
[15.487s] Installing yolo_detector_node script to /home/bbcontact/magician_ros2/install/dobot_vision_yolo/lib/dobot_vision_yolo
[15.488s] 
[15.488s] Installed /home/bbcontact/magician_ros2/build/dobot_vision_yolo
[15.498s] running symlink_data
[15.498s] symbolically linking /home/bbcontact/magician_ros2/build/dobot_vision_yolo/resource/dobot_vision_yolo -> /home/bbcontact/magician_ros2/install/dobot_vision_yolo/share/ament_index/resource_index/packages
[15.498s] symbolically linking /home/bbcontact/magician_ros2/build/dobot_vision_yolo/package.xml -> /home/bbcontact/magician_ros2/install/dobot_vision_yolo/share/dobot_vision_yolo
[15.499s] symbolically linking /home/bbcontact/magician_ros2/build/dobot_vision_yolo/README.md -> /home/bbcontact/magician_ros2/install/dobot_vision_yolo/share/dobot_vision_yolo
[15.499s] symbolically linking /home/bbcontact/magician_ros2/build/dobot_vision_yolo/launch/vision_pick_place.launch.py -> /home/bbcontact/magician_ros2/install/dobot_vision_yolo/share/dobot_vision_yolo/launch
[15.500s] symbolically linking /home/bbcontact/magician_ros2/build/dobot_vision_yolo/config/camera_intrinsics.yaml -> /home/bbcontact/magician_ros2/install/dobot_vision_yolo/share/dobot_vision_yolo/config
[15.500s] symbolically linking /home/bbcontact/magician_ros2/build/dobot_vision_yolo/config/aruco_board.yaml -> /home/bbcontact/magician_ros2/install/dobot_vision_yolo/share/dobot_vision_yolo/config
[15.502s] symbolically linking /home/bbcontact/magician_ros2/build/dobot_vision_yolo/config/camera_to_robot.yaml -> /home/bbcontact/magician_ros2/install/dobot_vision_yolo/share/dobot_vision_yolo/config
[15.502s] symbolically linking /home/bbcontact/magician_ros2/build/dobot_vision_yolo/config/eye_in_hand.yaml -> /home/bbcontact/magician_ros2/install/dobot_vision_yolo/share/dobot_vision_yolo/config
[15.508s] symbolically linking /home/bbcontact/magician_ros2/build/dobot_vision_yolo/config/place_positions.yaml -> /home/bbcontact/magician_ros2/install/dobot_vision_yolo/share/dobot_vision_yolo/config
[15.508s] symbolically linking /home/bbcontact/magician_ros2/build/dobot_vision_yolo/config/workspace.yaml -> /home/bbcontact/magician_ros2/install/dobot_vision_yolo/share/dobot_vision_yolo/config
[15.509s] symbolically linking /home/bbcontact/magician_ros2/build/dobot_vision_yolo/config/yolo.yaml -> /home/bbcontact/magician_ros2/install/dobot_vision_yolo/share/dobot_vision_yolo/config
[15.677s] Invoked command in '/home/bbcontact/magician_ros2/build/dobot_vision_yolo' returned '0': DEBUGINFOD_URLS=https://debuginfod.ubuntu.com PYTHONPATH=/home/bbcontact/magician_ros2/build/dobot_vision_yolo/prefix_override:/usr/lib/python3/dist-packages/colcon_core/task/python/colcon_distutils_commands:/home/bbcontact/magician_ros2/install/dobot_vision_yolo/lib/python3.12/site-packages:${PYTHONPATH} /usr/bin/python3 -W ignore:setup.py install is deprecated -W ignore:easy_install command is deprecated setup.py develop --editable --build-directory /home/bbcontact/magician_ros2/build/dobot_vision_yolo/build --no-deps symlink_data --force
