[5.061s] Invoking command in '/home/bbcontact/magician_ros2/build/dobot_calibration': AMENT_PREFIX_PATH=/home/bbcontact/magician_ros2/install/dobot_msgs:${AMENT_PREFIX_PATH} CMAKE_PREFIX_PATH=/home/bbcontact/magician_ros2/install/dobot_msgs:${CMAKE_PREFIX_PATH} DEBUGINFOD_URLS=https://debuginfod.ubuntu.com LD_LIBRARY_PATH=/home/bbcontact/magician_ros2/install/dobot_msgs/lib:${LD_LIBRARY_PATH} PYTHONPATH=/home/bbcontact/magician_ros2/build/dobot_calibration/prefix_override:/usr/lib/python3/dist-packages/colcon_core/task/python/colcon_distutils_commands:/home/bbcontact/magician_ros2/install/dobot_calibration/lib/python3.12/site-packages:/home/bbcontact/magician_ros2/install/dobot_msgs/lib/python3.12/site-packages:${PYTHONPATH} /usr/bin/python3 -W ignore:setup.py install is deprecated -W ignore:easy_install command is deprecated setup.py develop --editable --build-directory /home/bbcontact/magician_ros2/build/dobot_calibration/build --no-deps symlink_data
[6.453s] running develop
[7.418s] running egg_info
[7.515s] writing dobot_calibration.egg-info/PKG-INFO
[7.516s] writing dependency_links to dobot_calibration.egg-info/dependency_links.txt
[7.518s] writing entry points to dobot_calibration.egg-info/entry_points.txt
[7.518s] writing requirements to dobot_calibration.egg-info/requires.txt
[7.518s] writing top-level names to dobot_calibration.egg-info/top_level.txt
[7.709s] reading manifest file 'dobot_calibration.egg-info/SOURCES.txt'
[7.712s] writing manifest file 'dobot_calibration.egg-info/SOURCES.txt'
[7.809s] running build_ext
[7.810s] Creating /home/bbcontact/magician_ros2/install/dobot_calibration/lib/python3.12/site-packages/dobot-calibration.egg-link (link to .)
[7.812s] Installing markerless_calibration script to /home/bbcontact/magician_ros2/install/dobot_calibration/lib/dobot_calibration
[7.813s] Installing target_rotation_calibration script to /home/bbcontact/magician_ros2/install/dobot_calibration/lib/dobot_calibration
[7.813s] 
[7.813s] Installed /home/bbcontact/magician_ros2/build/dobot_calibration
[7.814s] running symlink_data
[7.814s] symbolically linking /home/bbcontact/magician_ros2/build/dobot_calibration/config/charuco_target.yaml -> /home/bbcontact/magician_ros2/install/dobot_calibration/share/dobot_calibration/config
[7.814s] symbolically linking /home/bbcontact/magician_ros2/build/dobot_calibration/launch/target_rotation_calibration.launch.py -> /home/bbcontact/magician_ros2/install/dobot_calibration/share/dobot_calibration/launch
[7.936s] Invoked command in '/home/bbcontact/magician_ros2/build/dobot_calibration' returned '0': AMENT_PREFIX_PATH=/home/bbcontact/magician_ros2/install/dobot_msgs:${AMENT_PREFIX_PATH} CMAKE_PREFIX_PATH=/home/bbcontact/magician_ros2/install/dobot_msgs:${CMAKE_PREFIX_PATH} DEBUGINFOD_URLS=https://debuginfod.ubuntu.com LD_LIBRARY_PATH=/home/bbcontact/magician_ros2/install/dobot_msgs/lib:${LD_LIBRARY_PATH} PYTHONPATH=/home/bbcontact/magician_ros2/build/dobot_calibration/prefix_override:/usr/lib/python3/dist-packages/colcon_core/task/python/colcon_distutils_commands:/home/bbcontact/magician_ros2/install/dobot_calibration/lib/python3.12/site-packages:/home/bbcontact/magician_ros2/install/dobot_msgs/lib/python3.12/site-packages:${PYTHONPATH} /usr/bin/python3 -W ignore:setup.py install is deprecated -W ignore:easy_install command is deprecated setup.py develop --editable --build-directory /home/bbcontact/magician_ros2/build/dobot_calibration/build --no-deps symlink_data
