[5.355s] Invoking command in '/home/bbcontact/magician_ros2/build/dobot_visualization_tools': DEBUGINFOD_URLS=https://debuginfod.ubuntu.com PYTHONPATH=/home/bbcontact/magician_ros2/build/dobot_visualization_tools/prefix_override:/usr/lib/python3/dist-packages/colcon_core/task/python/colcon_distutils_commands:/home/bbcontact/magician_ros2/install/dobot_visualization_tools/lib/python3.12/site-packages:${PYTHONPATH} /usr/bin/python3 -W ignore:setup.py install is deprecated -W ignore:easy_install command is deprecated setup.py develop --uninstall --editable --build-directory /home/bbcontact/magician_ros2/build/dobot_visualization_tools/build
[7.025s] running develop
[7.871s] Removing /home/bbcontact/magician_ros2/install/dobot_visualization_tools/lib/python3.12/site-packages/dobot-visualization-tools.egg-link (link to .)
[9.666s] Invoked command in '/home/bbcontact/magician_ros2/build/dobot_visualization_tools' returned '0': DEBUGINFOD_URLS=https://debuginfod.ubuntu.com PYTHONPATH=/home/bbcontact/magician_ros2/build/dobot_visualization_tools/prefix_override:/usr/lib/python3/dist-packages/colcon_core/task/python/colcon_distutils_commands:/home/bbcontact/magician_ros2/install/dobot_visualization_tools/lib/python3.12/site-packages:${PYTHONPATH} /usr/bin/python3 -W ignore:setup.py install is deprecated -W ignore:easy_install command is deprecated setup.py develop --uninstall --editable --build-directory /home/bbcontact/magician_ros2/build/dobot_visualization_tools/build
[9.668s] Invoking command in '/home/bbcontact/magician_ros2/src/magician_ros2/dobot_visualization_tools': DEBUGINFOD_URLS=https://debuginfod.ubuntu.com PYTHONPATH=/home/bbcontact/magician_ros2/build/dobot_visualization_tools/prefix_override:/usr/lib/python3/dist-packages/colcon_core/task/python/colcon_distutils_commands:/home/bbcontact/magician_ros2/install/dobot_visualization_tools/lib/python3.12/site-packages:${PYTHONPATH} /usr/bin/python3 -W ignore:setup.py install is deprecated -W ignore:easy_install command is deprecated setup.py egg_info --egg-base ../../../build/dobot_visualization_tools build --build-base /home/bbcontact/magician_ros2/build/dobot_visualization_tools/build install --record /home/bbcontact/magician_ros2/build/dobot_visualization_tools/install.log --install-scripts $base/lib/dobot_visualization_tools --single-version-externally-managed install_data --force
[10.889s] running egg_info
[11.015s] writing ../../../build/dobot_visualization_tools/dobot_visualization_tools.egg-info/PKG-INFO
[11.015s] writing dependency_links to ../../../build/dobot_visualization_tools/dobot_visualization_tools.egg-info/dependency_links.txt
[11.019s] writing entry points to ../../../build/dobot_visualization_tools/dobot_visualization_tools.egg-info/entry_points.txt
[11.019s] writing requirements to ../../../build/dobot_visualization_tools/dobot_visualization_tools.egg-info/requires.txt
[11.019s] writing top-level names to ../../../build/dobot_visualization_tools/dobot_visualization_tools.egg-info/top_level.txt
[11.246s] reading manifest file '../../../build/dobot_visualization_tools/dobot_visualization_tools.egg-info/SOURCES.txt'
[11.249s] writing manifest file '../../../build/dobot_visualization_tools/dobot_visualization_tools.egg-info/SOURCES.txt'
[11.250s] running build
[11.250s] running build_py
[11.253s] creating /home/bbcontact/magician_ros2/build/dobot_visualization_tools/build
[11.253s] creating /home/bbcontact/magician_ros2/build/dobot_visualization_tools/build/lib
[11.253s] creating /home/bbcontact/magician_ros2/build/dobot_visualization_tools/build/lib/dobot_visualization_tools
[11.253s] copying dobot_visualization_tools/__init__.py -> /home/bbcontact/magician_ros2/build/dobot_visualization_tools/build/lib/dobot_visualization_tools
[11.254s] copying dobot_visualization_tools/camera_range.py -> /home/bbcontact/magician_ros2/build/dobot_visualization_tools/build/lib/dobot_visualization_tools
[11.254s] copying dobot_visualization_tools/dobot_range.py -> /home/bbcontact/magician_ros2/build/dobot_visualization_tools/build/lib/dobot_visualization_tools
[11.254s] copying dobot_visualization_tools/int_marker.py -> /home/bbcontact/magician_ros2/build/dobot_visualization_tools/build/lib/dobot_visualization_tools
[11.255s] copying dobot_visualization_tools/trajectory_markers.py -> /home/bbcontact/magician_ros2/build/dobot_visualization_tools/build/lib/dobot_visualization_tools
[11.255s] running install
[11.277s] running install_lib
[11.407s] creating /home/bbcontact/magician_ros2/install/dobot_visualization_tools/lib/python3.12/site-packages/dobot_visualization_tools
[11.407s] copying /home/bbcontact/magician_ros2/build/dobot_visualization_tools/build/lib/dobot_visualization_tools/__init__.py -> /home/bbcontact/magician_ros2/install/dobot_visualization_tools/lib/python3.12/site-packages/dobot_visualization_tools
[11.408s] copying /home/bbcontact/magician_ros2/build/dobot_visualization_tools/build/lib/dobot_visualization_tools/camera_range.py -> /home/bbcontact/magician_ros2/install/dobot_visualization_tools/lib/python3.12/site-packages/dobot_visualization_tools
[11.408s] copying /home/bbcontact/magician_ros2/build/dobot_visualization_tools/build/lib/dobot_visualization_tools/dobot_range.py -> /home/bbcontact/magician_ros2/install/dobot_visualization_tools/lib/python3.12/site-packages/dobot_visualization_tools
[11.409s] copying /home/bbcontact/magician_ros2/build/dobot_visualization_tools/build/lib/dobot_visualization_tools/int_marker.py -> /home/bbcontact/magician_ros2/install/dobot_visualization_tools/lib/python3.12/site-packages/dobot_visualization_tools
[11.409s] copying /home/bbcontact/magician_ros2/build/dobot_visualization_tools/build/lib/dobot_visualization_tools/trajectory_markers.py -> /home/bbcontact/magician_ros2/install/dobot_visualization_tools/lib/python3.12/site-packages/dobot_visualization_tools
[11.413s] byte-compiling /home/bbcontact/magician_ros2/install/dobot_visualization_tools/lib/python3.12/site-packages/dobot_visualization_tools/__init__.py to __init__.cpython-312.pyc
[11.413s] byte-compiling /home/bbcontact/magician_ros2/install/dobot_visualization_tools/lib/python3.12/site-packages/dobot_visualization_tools/camera_range.py to camera_range.cpython-312.pyc
[11.417s] byte-compiling /home/bbcontact/magician_ros2/install/dobot_visualization_tools/lib/python3.12/site-packages/dobot_visualization_tools/dobot_range.py to dobot_range.cpython-312.pyc
[11.423s] byte-compiling /home/bbcontact/magician_ros2/install/dobot_visualization_tools/lib/python3.12/site-packages/dobot_visualization_tools/int_marker.py to int_marker.cpython-312.pyc
[11.442s] byte-compiling /home/bbcontact/magician_ros2/install/dobot_visualization_tools/lib/python3.12/site-packages/dobot_visualization_tools/trajectory_markers.py to trajectory_markers.cpython-312.pyc
[11.448s] running install_data
[11.449s] copying resource/dobot_visualization_tools -> /home/bbcontact/magician_ros2/install/dobot_visualization_tools/share/ament_index/resource_index/packages
[11.449s] copying package.xml -> /home/bbcontact/magician_ros2/install/dobot_visualization_tools/share/dobot_visualization_tools
[11.453s] copying dae_models/dobot_range.dae -> /home/bbcontact/magician_ros2/install/dobot_visualization_tools/share/dobot_visualization_tools/dae_models
[11.454s] copying dae_models/realsense_FOV.dae -> /home/bbcontact/magician_ros2/install/dobot_visualization_tools/share/dobot_visualization_tools/dae_models
[11.455s] running install_egg_info
[11.607s] Copying ../../../build/dobot_visualization_tools/dobot_visualization_tools.egg-info to /home/bbcontact/magician_ros2/install/dobot_visualization_tools/lib/python3.12/site-packages/dobot_visualization_tools-1.0.0-py3.12.egg-info
[11.610s] running install_scripts
[12.343s] Installing int_marker script to /home/bbcontact/magician_ros2/install/dobot_visualization_tools/lib/dobot_visualization_tools
[12.343s] Installing show_camera_FOV script to /home/bbcontact/magician_ros2/install/dobot_visualization_tools/lib/dobot_visualization_tools
[12.346s] Installing show_dobot_range script to /home/bbcontact/magician_ros2/install/dobot_visualization_tools/lib/dobot_visualization_tools
[12.347s] Installing show_trajectory script to /home/bbcontact/magician_ros2/install/dobot_visualization_tools/lib/dobot_visualization_tools
[12.347s] writing list of installed files to '/home/bbcontact/magician_ros2/build/dobot_visualization_tools/install.log'
[12.437s] Invoked command in '/home/bbcontact/magician_ros2/src/magician_ros2/dobot_visualization_tools' returned '0': DEBUGINFOD_URLS=https://debuginfod.ubuntu.com PYTHONPATH=/home/bbcontact/magician_ros2/build/dobot_visualization_tools/prefix_override:/usr/lib/python3/dist-packages/colcon_core/task/python/colcon_distutils_commands:/home/bbcontact/magician_ros2/install/dobot_visualization_tools/lib/python3.12/site-packages:${PYTHONPATH} /usr/bin/python3 -W ignore:setup.py install is deprecated -W ignore:easy_install command is deprecated setup.py egg_info --egg-base ../../../build/dobot_visualization_tools build --build-base /home/bbcontact/magician_ros2/build/dobot_visualization_tools/build install --record /home/bbcontact/magician_ros2/build/dobot_visualization_tools/install.log --install-scripts $base/lib/dobot_visualization_tools --single-version-externally-managed install_data --force
