[10.870s] Invoking command in '/home/bbcontact/magician_ros2/build/dobot_calibration': AMENT_PREFIX_PATH=/home/bbcontact/magician_ros2/install/dobot_msgs:${AMENT_PREFIX_PATH} CMAKE_PREFIX_PATH=/home/bbcontact/magician_ros2/install/dobot_msgs:${CMAKE_PREFIX_PATH} DEBUGINFOD_URLS=https://debuginfod.ubuntu.com LD_LIBRARY_PATH=/home/bbcontact/magician_ros2/install/dobot_msgs/lib:${LD_LIBRARY_PATH} PYTHONPATH=/home/bbcontact/magician_ros2/build/dobot_calibration/prefix_override:/usr/lib/python3/dist-packages/colcon_core/task/python/colcon_distutils_commands:/home/bbcontact/magician_ros2/install/dobot_calibration/lib/python3.12/site-packages:/home/bbcontact/magician_ros2/install/dobot_msgs/lib/python3.12/site-packages:${PYTHONPATH} /usr/bin/python3 -W ignore:setup.py install is deprecated -W ignore:easy_install command is deprecated setup.py develop --editable --build-directory /home/bbcontact/magician_ros2/build/dobot_calibration/build --no-deps symlink_data --force
[14.235s] running develop
[16.029s] running egg_info
[16.029s] writing dobot_calibration.egg-info/PKG-INFO
[16.030s] writing dependency_links to dobot_calibration.egg-info/dependency_links.txt
[16.030s] writing entry points to dobot_calibration.egg-info/entry_points.txt
[16.030s] writing requirements to dobot_calibration.egg-info/requires.txt
[16.031s] writing top-level names to dobot_calibration.egg-info/top_level.txt
[16.031s] reading manifest file 'dobot_calibration.egg-info/SOURCES.txt'
[16.031s] writing manifest file 'dobot_calibration.egg-info/SOURCES.txt'
[16.032s] running build_ext
[16.033s] Creating /home/bbcontact/magician_ros2/install/dobot_calibration/lib/python3.12/site-packages/dobot-calibration.egg-link (link to .)
[16.040s] Installing markerless_calibration script to /home/bbcontact/magician_ros2/install/dobot_calibration/lib/dobot_calibration
[16.040s] 
[16.040s] Installed /home/bbcontact/magician_ros2/build/dobot_calibration
[16.041s] running symlink_data
[16.041s] symbolically linking /home/bbcontact/magician_ros2/build/dobot_calibration/resource/dobot_calibration -> /home/bbcontact/magician_ros2/install/dobot_calibration/share/ament_index/resource_index/packages
[16.041s] symbolically linking /home/bbcontact/magician_ros2/build/dobot_calibration/package.xml -> /home/bbcontact/magician_ros2/install/dobot_calibration/share/dobot_calibration
[16.042s] symbolically linking /home/bbcontact/magician_ros2/build/dobot_calibration/README.md -> /home/bbcontact/magician_ros2/install/dobot_calibration/share/dobot_calibration
[16.042s] symbolically linking /home/bbcontact/magician_ros2/build/dobot_calibration/config/mount_model.yaml -> /home/bbcontact/magician_ros2/install/dobot_calibration/share/dobot_calibration/config
[16.042s] symbolically linking /home/bbcontact/magician_ros2/build/dobot_calibration/config/calibration.yaml -> /home/bbcontact/magician_ros2/install/dobot_calibration/share/dobot_calibration/config
[16.043s] symbolically linking /home/bbcontact/magician_ros2/build/dobot_calibration/launch/markerless_calibration.launch.py -> /home/bbcontact/magician_ros2/install/dobot_calibration/share/dobot_calibration/launch
[16.062s] Invoked command in '/home/bbcontact/magician_ros2/build/dobot_calibration' returned '0': AMENT_PREFIX_PATH=/home/bbcontact/magician_ros2/install/dobot_msgs:${AMENT_PREFIX_PATH} CMAKE_PREFIX_PATH=/home/bbcontact/magician_ros2/install/dobot_msgs:${CMAKE_PREFIX_PATH} DEBUGINFOD_URLS=https://debuginfod.ubuntu.com LD_LIBRARY_PATH=/home/bbcontact/magician_ros2/install/dobot_msgs/lib:${LD_LIBRARY_PATH} PYTHONPATH=/home/bbcontact/magician_ros2/build/dobot_calibration/prefix_override:/usr/lib/python3/dist-packages/colcon_core/task/python/colcon_distutils_commands:/home/bbcontact/magician_ros2/install/dobot_calibration/lib/python3.12/site-packages:/home/bbcontact/magician_ros2/install/dobot_msgs/lib/python3.12/site-packages:${PYTHONPATH} /usr/bin/python3 -W ignore:setup.py install is deprecated -W ignore:easy_install command is deprecated setup.py develop --editable --build-directory /home/bbcontact/magician_ros2/build/dobot_calibration/build --no-deps symlink_data --force
