[0.033s] Invoking command in '/home/bbcontact/magician_ros2/build/dobot_msgs': CMAKE_PREFIX_PATH=${CMAKE_PREFIX_PATH}:/opt/ros/jazzy DEBUGINFOD_URLS=https://debuginfod.ubuntu.com /usr/bin/cmake /home/bbcontact/magician_ros2/src/magician_ros2/dobot_msgs -DAMENT_CMAKE_SYMLINK_INSTALL=1 -DCMAKE_INSTALL_PREFIX=/home/bbcontact/magician_ros2/install/dobot_msgs
[0.091s] -- Found ament_cmake: 2.5.6 (/opt/ros/jazzy/share/ament_cmake/cmake)
[0.412s] -- Override CMake install command with custom implementation using symlinks instead of copying resources
[0.446s] -- Found rosidl_default_generators: 1.6.1 (/opt/ros/jazzy/share/rosidl_default_generators/cmake)
[0.455s] -- Using all available rosidl_typesupport_c: rosidl_typesupport_fastrtps_c;rosidl_typesupport_introspection_c
[0.576s] -- Using all available rosidl_typesupport_cpp: rosidl_typesupport_fastrtps_cpp;rosidl_typesupport_introspection_cpp
[0.686s] -- Found rosidl_adapter: 4.6.9 (/opt/ros/jazzy/share/rosidl_adapter/cmake)
[0.693s] -- Found std_msgs: 5.3.8 (/opt/ros/jazzy/share/std_msgs/cmake)
[0.784s] -- Found geometry_msgs: 5.3.8 (/opt/ros/jazzy/share/geometry_msgs/cmake)
[2.300s] -- Found ament_cmake_ros: 0.12.1 (/opt/ros/jazzy/share/ament_cmake_ros/cmake)
[2.843s] -- Using all available rosidl_typesupport_c: rosidl_typesupport_fastrtps_c;rosidl_typesupport_introspection_c
[3.663s] -- Using all available rosidl_typesupport_cpp: rosidl_typesupport_fastrtps_cpp;rosidl_typesupport_introspection_cpp
[3.668s] -- Found python_cmake_module: 0.11.1 (/opt/ros/jazzy/share/python_cmake_module/cmake)
[4.459s] -- Found Python3: /usr/bin/python3 (found version "3.12.3") found components: Interpreter Development NumPy Development.Module Development.Embed 
[4.793s] -- Found Python3: /usr/bin/python3 (found version "3.12.3") found components: Interpreter 
[4.807s] -- Found ament_lint_auto: 0.17.5 (/opt/ros/jazzy/share/ament_lint_auto/cmake)
[4.856s] -- Added test 'copyright' to check source files copyright and LICENSE
[4.864s] -- Added test 'lint_cmake' to check CMake code style
[4.869s] -- Added test 'xmllint' to check XML markup files
[4.879s] -- Configuring done (4.8s)
[5.096s] -- Generating done (0.2s)
[5.147s] -- Build files have been written to: /home/bbcontact/magician_ros2/build/dobot_msgs
[5.171s] Invoked command in '/home/bbcontact/magician_ros2/build/dobot_msgs' returned '0': CMAKE_PREFIX_PATH=${CMAKE_PREFIX_PATH}:/opt/ros/jazzy DEBUGINFOD_URLS=https://debuginfod.ubuntu.com /usr/bin/cmake /home/bbcontact/magician_ros2/src/magician_ros2/dobot_msgs -DAMENT_CMAKE_SYMLINK_INSTALL=1 -DCMAKE_INSTALL_PREFIX=/home/bbcontact/magician_ros2/install/dobot_msgs
[5.176s] Invoking command in '/home/bbcontact/magician_ros2/build/dobot_msgs': CMAKE_PREFIX_PATH=${CMAKE_PREFIX_PATH}:/opt/ros/jazzy DEBUGINFOD_URLS=https://debuginfod.ubuntu.com /usr/bin/cmake --build /home/bbcontact/magician_ros2/build/dobot_msgs -- -j8 -l8
[5.336s] [  1%] Built target dobot_msgs__rs
[5.337s] [  1%] Built target dobot_msgs__rosidl_generator_type_description
[5.358s] [  1%] Built target ament_cmake_python_symlink_dobot_msgs
[5.405s] [  1%] Built target dobot_msgs__cpp
[5.460s] [ 27%] Built target dobot_msgs__rosidl_generator_c
[5.568s] [ 36%] Built target dobot_msgs__rosidl_typesupport_introspection_c
[5.587s] [ 46%] Built target dobot_msgs__rosidl_typesupport_c
[5.608s] [ 56%] Built target dobot_msgs__rosidl_typesupport_cpp
[5.613s] [ 66%] Built target dobot_msgs__rosidl_typesupport_introspection_cpp
[5.615s] [ 75%] Built target dobot_msgs__rosidl_typesupport_fastrtps_c
[5.623s] [ 85%] Built target dobot_msgs__rosidl_typesupport_fastrtps_cpp
[5.687s] [ 85%] Built target dobot_msgs
[5.745s] [ 86%] Built target dobot_msgs__py
[5.836s] [ 95%] Built target dobot_msgs__rosidl_generator_py
[5.914s] [ 97%] Built target dobot_msgs_s__rosidl_typesupport_fastrtps_c
[5.917s] [ 98%] Built target dobot_msgs_s__rosidl_typesupport_c
[5.925s] [100%] Built target dobot_msgs_s__rosidl_typesupport_introspection_c
[6.246s] running egg_info
[6.344s] writing dobot_msgs.egg-info/PKG-INFO
[6.345s] writing dependency_links to dobot_msgs.egg-info/dependency_links.txt
[6.345s] writing top-level names to dobot_msgs.egg-info/top_level.txt
[6.614s] reading manifest file 'dobot_msgs.egg-info/SOURCES.txt'
[6.618s] writing manifest file 'dobot_msgs.egg-info/SOURCES.txt'
[6.692s] [100%] Built target ament_cmake_python_build_dobot_msgs_egg
[6.728s] Invoked command in '/home/bbcontact/magician_ros2/build/dobot_msgs' returned '0': CMAKE_PREFIX_PATH=${CMAKE_PREFIX_PATH}:/opt/ros/jazzy DEBUGINFOD_URLS=https://debuginfod.ubuntu.com /usr/bin/cmake --build /home/bbcontact/magician_ros2/build/dobot_msgs -- -j8 -l8
[6.756s] Invoking command in '/home/bbcontact/magician_ros2/build/dobot_msgs': CMAKE_PREFIX_PATH=${CMAKE_PREFIX_PATH}:/opt/ros/jazzy DEBUGINFOD_URLS=https://debuginfod.ubuntu.com /usr/bin/cmake --install /home/bbcontact/magician_ros2/build/dobot_msgs
[6.780s] -- Install configuration: ""
[6.782s] -- Execute custom install script
[6.782s] -- Up-to-date symlink: /home/bbcontact/magician_ros2/install/dobot_msgs/share/ament_index/resource_index/rosidl_interfaces/dobot_msgs
[6.783s] -- Up-to-date symlink: /home/bbcontact/magician_ros2/install/dobot_msgs/share/dobot_msgs/action/PointToPoint.json
[6.784s] -- Up-to-date symlink: /home/bbcontact/magician_ros2/install/dobot_msgs/share/dobot_msgs/action/SlidingRail.json
[6.784s] -- Up-to-date symlink: /home/bbcontact/magician_ros2/install/dobot_msgs/share/dobot_msgs/msg/DobotAlarmCodes.json
[6.785s] -- Up-to-date symlink: /home/bbcontact/magician_ros2/install/dobot_msgs/share/dobot_msgs/msg/GripperStatus.json
[6.785s] -- Up-to-date symlink: /home/bbcontact/magician_ros2/install/dobot_msgs/share/dobot_msgs/msg/CircleTarget.json
[6.785s] -- Up-to-date symlink: /home/bbcontact/magician_ros2/install/dobot_msgs/share/dobot_msgs/msg/CircleTargetArray.json
[6.786s] -- Up-to-date symlink: /home/bbcontact/magician_ros2/install/dobot_msgs/share/dobot_msgs/srv/EvaluatePTPTrajectory.json
[6.786s] -- Up-to-date symlink: /home/bbcontact/magician_ros2/install/dobot_msgs/share/dobot_msgs/srv/ExecuteHomingProcedure.json
[6.786s] -- Up-to-date symlink: /home/bbcontact/magician_ros2/install/dobot_msgs/share/dobot_msgs/srv/GripperControl.json
[6.787s] -- Up-to-date symlink: /home/bbcontact/magician_ros2/install/dobot_msgs/share/dobot_msgs/srv/SuctionCupControl.json
[6.789s] -- Up-to-date symlink: /home/bbcontact/magician_ros2/install/dobot_msgs/include/dobot_msgs/dobot_msgs/action/detail/point_to_point__functions.h
[6.789s] -- Up-to-date symlink: /home/bbcontact/magician_ros2/install/dobot_msgs/include/dobot_msgs/dobot_msgs/action/detail/point_to_point__struct.h
[6.790s] -- Up-to-date symlink: /home/bbcontact/magician_ros2/install/dobot_msgs/include/dobot_msgs/dobot_msgs/action/detail/point_to_point__type_support.h
[6.790s] -- Up-to-date symlink: /home/bbcontact/magician_ros2/install/dobot_msgs/include/dobot_msgs/dobot_msgs/action/detail/sliding_rail__functions.h
[6.791s] -- Up-to-date symlink: /home/bbcontact/magician_ros2/install/dobot_msgs/include/dobot_msgs/dobot_msgs/action/detail/sliding_rail__struct.h
[6.791s] -- Up-to-date symlink: /home/bbcontact/magician_ros2/install/dobot_msgs/include/dobot_msgs/dobot_msgs/action/detail/sliding_rail__type_support.h
[6.792s] -- Up-to-date symlink: /home/bbcontact/magician_ros2/install/dobot_msgs/include/dobot_msgs/dobot_msgs/action/point_to_point.h
[6.793s] -- Up-to-date symlink: /home/bbcontact/magician_ros2/install/dobot_msgs/include/dobot_msgs/dobot_msgs/action/sliding_rail.h
[6.794s] -- Up-to-date symlink: /home/bbcontact/magician_ros2/install/dobot_msgs/include/dobot_msgs/dobot_msgs/msg/circle_target.h
[6.794s] -- Up-to-date symlink: /home/bbcontact/magician_ros2/install/dobot_msgs/include/dobot_msgs/dobot_msgs/msg/circle_target_array.h
[6.795s] -- Up-to-date symlink: /home/bbcontact/magician_ros2/install/dobot_msgs/include/dobot_msgs/dobot_msgs/msg/detail/circle_target__functions.h
[6.795s] -- Up-to-date symlink: /home/bbcontact/magician_ros2/install/dobot_msgs/include/dobot_msgs/dobot_msgs/msg/detail/circle_target__struct.h
[6.796s] -- Up-to-date symlink: /home/bbcontact/magician_ros2/install/dobot_msgs/include/dobot_msgs/dobot_msgs/msg/detail/circle_target__type_support.h
[6.796s] -- Up-to-date symlink: /home/bbcontact/magician_ros2/install/dobot_msgs/include/dobot_msgs/dobot_msgs/msg/detail/circle_target_array__functions.h
[6.797s] -- Up-to-date symlink: /home/bbcontact/magician_ros2/install/dobot_msgs/include/dobot_msgs/dobot_msgs/msg/detail/circle_target_array__struct.h
[6.797s] -- Up-to-date symlink: /home/bbcontact/magician_ros2/install/dobot_msgs/include/dobot_msgs/dobot_msgs/msg/detail/circle_target_array__type_support.h
[6.797s] -- Up-to-date symlink: /home/bbcontact/magician_ros2/install/dobot_msgs/include/dobot_msgs/dobot_msgs/msg/detail/dobot_alarm_codes__functions.h
[6.798s] -- Up-to-date symlink: /home/bbcontact/magician_ros2/install/dobot_msgs/include/dobot_msgs/dobot_msgs/msg/detail/dobot_alarm_codes__struct.h
[6.798s] -- Up-to-date symlink: /home/bbcontact/magician_ros2/install/dobot_msgs/include/dobot_msgs/dobot_msgs/msg/detail/dobot_alarm_codes__type_support.h
[6.798s] -- Up-to-date symlink: /home/bbcontact/magician_ros2/install/dobot_msgs/include/dobot_msgs/dobot_msgs/msg/detail/gripper_status__functions.h
[6.799s] -- Up-to-date symlink: /home/bbcontact/magician_ros2/install/dobot_msgs/include/dobot_msgs/dobot_msgs/msg/detail/gripper_status__struct.h
[6.799s] -- Up-to-date symlink: /home/bbcontact/magician_ros2/install/dobot_msgs/include/dobot_msgs/dobot_msgs/msg/detail/gripper_status__type_support.h
[6.800s] -- Up-to-date symlink: /home/bbcontact/magician_ros2/install/dobot_msgs/include/dobot_msgs/dobot_msgs/msg/dobot_alarm_codes.h
[6.800s] -- Up-to-date symlink: /home/bbcontact/magician_ros2/install/dobot_msgs/include/dobot_msgs/dobot_msgs/msg/gripper_status.h
[6.801s] -- Up-to-date symlink: /home/bbcontact/magician_ros2/install/dobot_msgs/include/dobot_msgs/dobot_msgs/msg/rosidl_generator_c__visibility_control.h
[6.801s] -- Up-to-date symlink: /home/bbcontact/magician_ros2/install/dobot_msgs/include/dobot_msgs/dobot_msgs/srv/detail/evaluate_ptp_trajectory__functions.h
[6.801s] -- Up-to-date symlink: /home/bbcontact/magician_ros2/install/dobot_msgs/include/dobot_msgs/dobot_msgs/srv/detail/evaluate_ptp_trajectory__struct.h
[6.802s] -- Up-to-date symlink: /home/bbcontact/magician_ros2/install/dobot_msgs/include/dobot_msgs/dobot_msgs/srv/detail/evaluate_ptp_trajectory__type_support.h
[6.802s] -- Up-to-date symlink: /home/bbcontact/magician_ros2/install/dobot_msgs/include/dobot_msgs/dobot_msgs/srv/detail/execute_homing_procedure__functions.h
[6.803s] -- Up-to-date symlink: /home/bbcontact/magician_ros2/install/dobot_msgs/include/dobot_msgs/dobot_msgs/srv/detail/execute_homing_procedure__struct.h
[6.803s] -- Up-to-date symlink: /home/bbcontact/magician_ros2/install/dobot_msgs/include/dobot_msgs/dobot_msgs/srv/detail/execute_homing_procedure__type_support.h
[6.803s] -- Up-to-date symlink: /home/bbcontact/magician_ros2/install/dobot_msgs/include/dobot_msgs/dobot_msgs/srv/detail/gripper_control__functions.h
[6.804s] -- Up-to-date symlink: /home/bbcontact/magician_ros2/install/dobot_msgs/include/dobot_msgs/dobot_msgs/srv/detail/gripper_control__struct.h
[6.804s] -- Up-to-date symlink: /home/bbcontact/magician_ros2/install/dobot_msgs/include/dobot_msgs/dobot_msgs/srv/detail/gripper_control__type_support.h
[6.805s] -- Up-to-date symlink: /home/bbcontact/magician_ros2/install/dobot_msgs/include/dobot_msgs/dobot_msgs/srv/detail/suction_cup_control__functions.h
[6.805s] -- Up-to-date symlink: /home/bbcontact/magician_ros2/install/dobot_msgs/include/dobot_msgs/dobot_msgs/srv/detail/suction_cup_control__struct.h
[6.806s] -- Up-to-date symlink: /home/bbcontact/magician_ros2/install/dobot_msgs/include/dobot_msgs/dobot_msgs/srv/detail/suction_cup_control__type_support.h
[6.806s] -- Up-to-date symlink: /home/bbcontact/magician_ros2/install/dobot_msgs/include/dobot_msgs/dobot_msgs/srv/evaluate_ptp_trajectory.h
[6.806s] -- Up-to-date symlink: /home/bbcontact/magician_ros2/install/dobot_msgs/include/dobot_msgs/dobot_msgs/srv/execute_homing_procedure.h
[6.807s] -- Up-to-date symlink: /home/bbcontact/magician_ros2/install/dobot_msgs/include/dobot_msgs/dobot_msgs/srv/gripper_control.h
[6.807s] -- Up-to-date symlink: /home/bbcontact/magician_ros2/install/dobot_msgs/include/dobot_msgs/dobot_msgs/srv/suction_cup_control.h
[6.807s] -- Up-to-date symlink: /home/bbcontact/magician_ros2/install/dobot_msgs/share/dobot_msgs/environment/library_path.sh
[6.807s] -- Up-to-date symlink: /home/bbcontact/magician_ros2/install/dobot_msgs/share/dobot_msgs/environment/library_path.dsv
[6.808s] -- Up-to-date symlink: /home/bbcontact/magician_ros2/install/dobot_msgs/include/dobot_msgs/dobot_msgs/action/detail/point_to_point__rosidl_typesupport_fastrtps_c.h
[6.809s] -- Up-to-date symlink: /home/bbcontact/magician_ros2/install/dobot_msgs/include/dobot_msgs/dobot_msgs/action/detail/sliding_rail__rosidl_typesupport_fastrtps_c.h
[6.809s] -- Up-to-date symlink: /home/bbcontact/magician_ros2/install/dobot_msgs/include/dobot_msgs/dobot_msgs/msg/detail/circle_target__rosidl_typesupport_fastrtps_c.h
[6.810s] -- Up-to-date symlink: /home/bbcontact/magician_ros2/install/dobot_msgs/include/dobot_msgs/dobot_msgs/msg/detail/circle_target_array__rosidl_typesupport_fastrtps_c.h
[6.810s] -- Up-to-date symlink: /home/bbcontact/magician_ros2/install/dobot_msgs/include/dobot_msgs/dobot_msgs/msg/detail/dobot_alarm_codes__rosidl_typesupport_fastrtps_c.h
[6.812s] -- Up-to-date symlink: /home/bbcontact/magician_ros2/install/dobot_msgs/include/dobot_msgs/dobot_msgs/msg/detail/gripper_status__rosidl_typesupport_fastrtps_c.h
[6.812s] -- Up-to-date symlink: /home/bbcontact/magician_ros2/install/dobot_msgs/include/dobot_msgs/dobot_msgs/msg/rosidl_typesupport_fastrtps_c__visibility_control.h
[6.812s] -- Up-to-date symlink: /home/bbcontact/magician_ros2/install/dobot_msgs/include/dobot_msgs/dobot_msgs/srv/detail/evaluate_ptp_trajectory__rosidl_typesupport_fastrtps_c.h
[6.813s] -- Up-to-date symlink: /home/bbcontact/magician_ros2/install/dobot_msgs/include/dobot_msgs/dobot_msgs/srv/detail/execute_homing_procedure__rosidl_typesupport_fastrtps_c.h
[6.813s] -- Up-to-date symlink: /home/bbcontact/magician_ros2/install/dobot_msgs/include/dobot_msgs/dobot_msgs/srv/detail/gripper_control__rosidl_typesupport_fastrtps_c.h
[6.813s] -- Up-to-date symlink: /home/bbcontact/magician_ros2/install/dobot_msgs/include/dobot_msgs/dobot_msgs/srv/detail/suction_cup_control__rosidl_typesupport_fastrtps_c.h
[6.814s] -- Up-to-date symlink: /home/bbcontact/magician_ros2/install/dobot_msgs/include/dobot_msgs/dobot_msgs/action/detail/point_to_point__rosidl_typesupport_introspection_c.h
[6.814s] -- Up-to-date symlink: /home/bbcontact/magician_ros2/install/dobot_msgs/include/dobot_msgs/dobot_msgs/action/detail/sliding_rail__rosidl_typesupport_introspection_c.h
[6.814s] -- Up-to-date symlink: /home/bbcontact/magician_ros2/install/dobot_msgs/include/dobot_msgs/dobot_msgs/msg/detail/circle_target__rosidl_typesupport_introspection_c.h
[6.815s] -- Up-to-date symlink: /home/bbcontact/magician_ros2/install/dobot_msgs/include/dobot_msgs/dobot_msgs/msg/detail/circle_target_array__rosidl_typesupport_introspection_c.h
[6.815s] -- Up-to-date symlink: /home/bbcontact/magician_ros2/install/dobot_msgs/include/dobot_msgs/dobot_msgs/msg/detail/dobot_alarm_codes__rosidl_typesupport_introspection_c.h
[6.816s] -- Up-to-date symlink: /home/bbcontact/magician_ros2/install/dobot_msgs/include/dobot_msgs/dobot_msgs/msg/detail/gripper_status__rosidl_typesupport_introspection_c.h
[6.816s] -- Up-to-date symlink: /home/bbcontact/magician_ros2/install/dobot_msgs/include/dobot_msgs/dobot_msgs/msg/rosidl_typesupport_introspection_c__visibility_control.h
[6.816s] -- Up-to-date symlink: /home/bbcontact/magician_ros2/install/dobot_msgs/include/dobot_msgs/dobot_msgs/srv/detail/evaluate_ptp_trajectory__rosidl_typesupport_introspection_c.h
[6.817s] -- Up-to-date symlink: /home/bbcontact/magician_ros2/install/dobot_msgs/include/dobot_msgs/dobot_msgs/srv/detail/execute_homing_procedure__rosidl_typesupport_introspection_c.h
[6.817s] -- Up-to-date symlink: /home/bbcontact/magician_ros2/install/dobot_msgs/include/dobot_msgs/dobot_msgs/srv/detail/gripper_control__rosidl_typesupport_introspection_c.h
[6.818s] -- Up-to-date symlink: /home/bbcontact/magician_ros2/install/dobot_msgs/include/dobot_msgs/dobot_msgs/srv/detail/suction_cup_control__rosidl_typesupport_introspection_c.h
[6.819s] -- Up-to-date symlink: /home/bbcontact/magician_ros2/install/dobot_msgs/include/dobot_msgs/dobot_msgs/action/detail/point_to_point__builder.hpp
[6.819s] -- Up-to-date symlink: /home/bbcontact/magician_ros2/install/dobot_msgs/include/dobot_msgs/dobot_msgs/action/detail/point_to_point__struct.hpp
[6.820s] -- Up-to-date symlink: /home/bbcontact/magician_ros2/install/dobot_msgs/include/dobot_msgs/dobot_msgs/action/detail/point_to_point__traits.hpp
[6.820s] -- Up-to-date symlink: /home/bbcontact/magician_ros2/install/dobot_msgs/include/dobot_msgs/dobot_msgs/action/detail/point_to_point__type_support.hpp
[6.820s] -- Up-to-date symlink: /home/bbcontact/magician_ros2/install/dobot_msgs/include/dobot_msgs/dobot_msgs/action/detail/sliding_rail__builder.hpp
[6.821s] -- Up-to-date symlink: /home/bbcontact/magician_ros2/install/dobot_msgs/include/dobot_msgs/dobot_msgs/action/detail/sliding_rail__struct.hpp
[6.821s] -- Up-to-date symlink: /home/bbcontact/magician_ros2/install/dobot_msgs/include/dobot_msgs/dobot_msgs/action/detail/sliding_rail__traits.hpp
[6.821s] -- Up-to-date symlink: /home/bbcontact/magician_ros2/install/dobot_msgs/include/dobot_msgs/dobot_msgs/action/detail/sliding_rail__type_support.hpp
[6.822s] -- Up-to-date symlink: /home/bbcontact/magician_ros2/install/dobot_msgs/include/dobot_msgs/dobot_msgs/action/point_to_point.hpp
[6.822s] -- Up-to-date symlink: /home/bbcontact/magician_ros2/install/dobot_msgs/include/dobot_msgs/dobot_msgs/action/sliding_rail.hpp
[6.822s] -- Up-to-date symlink: /home/bbcontact/magician_ros2/install/dobot_msgs/include/dobot_msgs/dobot_msgs/msg/circle_target.hpp
[6.823s] -- Up-to-date symlink: /home/bbcontact/magician_ros2/install/dobot_msgs/include/dobot_msgs/dobot_msgs/msg/circle_target_array.hpp
[6.823s] -- Up-to-date symlink: /home/bbcontact/magician_ros2/install/dobot_msgs/include/dobot_msgs/dobot_msgs/msg/detail/circle_target__builder.hpp
[6.823s] -- Up-to-date symlink: /home/bbcontact/magician_ros2/install/dobot_msgs/include/dobot_msgs/dobot_msgs/msg/detail/circle_target__struct.hpp
[6.823s] -- Up-to-date symlink: /home/bbcontact/magician_ros2/install/dobot_msgs/include/dobot_msgs/dobot_msgs/msg/detail/circle_target__traits.hpp
[6.824s] -- Up-to-date symlink: /home/bbcontact/magician_ros2/install/dobot_msgs/include/dobot_msgs/dobot_msgs/msg/detail/circle_target__type_support.hpp
[6.824s] -- Up-to-date symlink: /home/bbcontact/magician_ros2/install/dobot_msgs/include/dobot_msgs/dobot_msgs/msg/detail/circle_target_array__builder.hpp
[6.825s] -- Up-to-date symlink: /home/bbcontact/magician_ros2/install/dobot_msgs/include/dobot_msgs/dobot_msgs/msg/detail/circle_target_array__struct.hpp
[6.825s] -- Up-to-date symlink: /home/bbcontact/magician_ros2/install/dobot_msgs/include/dobot_msgs/dobot_msgs/msg/detail/circle_target_array__traits.hpp
[6.825s] -- Up-to-date symlink: /home/bbcontact/magician_ros2/install/dobot_msgs/include/dobot_msgs/dobot_msgs/msg/detail/circle_target_array__type_support.hpp
[6.827s] -- Up-to-date symlink: /home/bbcontact/magician_ros2/install/dobot_msgs/include/dobot_msgs/dobot_msgs/msg/detail/dobot_alarm_codes__builder.hpp
[6.827s] -- Up-to-date symlink: /home/bbcontact/magician_ros2/install/dobot_msgs/include/dobot_msgs/dobot_msgs/msg/detail/dobot_alarm_codes__struct.hpp
[6.828s] -- Up-to-date symlink: /home/bbcontact/magician_ros2/install/dobot_msgs/include/dobot_msgs/dobot_msgs/msg/detail/dobot_alarm_codes__traits.hpp
[6.828s] -- Up-to-date symlink: /home/bbcontact/magician_ros2/install/dobot_msgs/include/dobot_msgs/dobot_msgs/msg/detail/dobot_alarm_codes__type_support.hpp
[6.828s] -- Up-to-date symlink: /home/bbcontact/magician_ros2/install/dobot_msgs/include/dobot_msgs/dobot_msgs/msg/detail/gripper_status__builder.hpp
[6.829s] -- Up-to-date symlink: /home/bbcontact/magician_ros2/install/dobot_msgs/include/dobot_msgs/dobot_msgs/msg/detail/gripper_status__struct.hpp
[6.830s] -- Up-to-date symlink: /home/bbcontact/magician_ros2/install/dobot_msgs/include/dobot_msgs/dobot_msgs/msg/detail/gripper_status__traits.hpp
[6.830s] -- Up-to-date symlink: /home/bbcontact/magician_ros2/install/dobot_msgs/include/dobot_msgs/dobot_msgs/msg/detail/gripper_status__type_support.hpp
[6.831s] -- Up-to-date symlink: /home/bbcontact/magician_ros2/install/dobot_msgs/include/dobot_msgs/dobot_msgs/msg/dobot_alarm_codes.hpp
[6.831s] -- Up-to-date symlink: /home/bbcontact/magician_ros2/install/dobot_msgs/include/dobot_msgs/dobot_msgs/msg/gripper_status.hpp
[6.832s] -- Up-to-date symlink: /home/bbcontact/magician_ros2/install/dobot_msgs/include/dobot_msgs/dobot_msgs/msg/rosidl_generator_cpp__visibility_control.hpp
[6.832s] -- Up-to-date symlink: /home/bbcontact/magician_ros2/install/dobot_msgs/include/dobot_msgs/dobot_msgs/srv/detail/evaluate_ptp_trajectory__builder.hpp
[6.833s] -- Up-to-date symlink: /home/bbcontact/magician_ros2/install/dobot_msgs/include/dobot_msgs/dobot_msgs/srv/detail/evaluate_ptp_trajectory__struct.hpp
[6.833s] -- Up-to-date symlink: /home/bbcontact/magician_ros2/install/dobot_msgs/include/dobot_msgs/dobot_msgs/srv/detail/evaluate_ptp_trajectory__traits.hpp
[6.833s] -- Up-to-date symlink: /home/bbcontact/magician_ros2/install/dobot_msgs/include/dobot_msgs/dobot_msgs/srv/detail/evaluate_ptp_trajectory__type_support.hpp
[6.834s] -- Up-to-date symlink: /home/bbcontact/magician_ros2/install/dobot_msgs/include/dobot_msgs/dobot_msgs/srv/detail/execute_homing_procedure__builder.hpp
[6.834s] -- Up-to-date symlink: /home/bbcontact/magician_ros2/install/dobot_msgs/include/dobot_msgs/dobot_msgs/srv/detail/execute_homing_procedure__struct.hpp
[6.834s] -- Up-to-date symlink: /home/bbcontact/magician_ros2/install/dobot_msgs/include/dobot_msgs/dobot_msgs/srv/detail/execute_homing_procedure__traits.hpp
[6.834s] -- Up-to-date symlink: /home/bbcontact/magician_ros2/install/dobot_msgs/include/dobot_msgs/dobot_msgs/srv/detail/execute_homing_procedure__type_support.hpp
[6.834s] -- Up-to-date symlink: /home/bbcontact/magician_ros2/install/dobot_msgs/include/dobot_msgs/dobot_msgs/srv/detail/gripper_control__builder.hpp
[6.835s] -- Up-to-date symlink: /home/bbcontact/magician_ros2/install/dobot_msgs/include/dobot_msgs/dobot_msgs/srv/detail/gripper_control__struct.hpp
[6.835s] -- Up-to-date symlink: /home/bbcontact/magician_ros2/install/dobot_msgs/include/dobot_msgs/dobot_msgs/srv/detail/gripper_control__traits.hpp
[6.835s] -- Up-to-date symlink: /home/bbcontact/magician_ros2/install/dobot_msgs/include/dobot_msgs/dobot_msgs/srv/detail/gripper_control__type_support.hpp
[6.835s] -- Up-to-date symlink: /home/bbcontact/magician_ros2/install/dobot_msgs/include/dobot_msgs/dobot_msgs/srv/detail/suction_cup_control__builder.hpp
[6.835s] -- Up-to-date symlink: /home/bbcontact/magician_ros2/install/dobot_msgs/include/dobot_msgs/dobot_msgs/srv/detail/suction_cup_control__struct.hpp
[6.836s] -- Up-to-date symlink: /home/bbcontact/magician_ros2/install/dobot_msgs/include/dobot_msgs/dobot_msgs/srv/detail/suction_cup_control__traits.hpp
[6.836s] -- Up-to-date symlink: /home/bbcontact/magician_ros2/install/dobot_msgs/include/dobot_msgs/dobot_msgs/srv/detail/suction_cup_control__type_support.hpp
[6.836s] -- Up-to-date symlink: /home/bbcontact/magician_ros2/install/dobot_msgs/include/dobot_msgs/dobot_msgs/srv/evaluate_ptp_trajectory.hpp
[6.836s] -- Up-to-date symlink: /home/bbcontact/magician_ros2/install/dobot_msgs/include/dobot_msgs/dobot_msgs/srv/execute_homing_procedure.hpp
[6.836s] -- Up-to-date symlink: /home/bbcontact/magician_ros2/install/dobot_msgs/include/dobot_msgs/dobot_msgs/srv/gripper_control.hpp
[6.837s] -- Up-to-date symlink: /home/bbcontact/magician_ros2/install/dobot_msgs/include/dobot_msgs/dobot_msgs/srv/suction_cup_control.hpp
[6.837s] -- Up-to-date symlink: /home/bbcontact/magician_ros2/install/dobot_msgs/include/dobot_msgs/dobot_msgs/action/detail/point_to_point__rosidl_typesupport_fastrtps_cpp.hpp
[6.837s] -- Up-to-date symlink: /home/bbcontact/magician_ros2/install/dobot_msgs/include/dobot_msgs/dobot_msgs/action/detail/sliding_rail__rosidl_typesupport_fastrtps_cpp.hpp
[6.838s] -- Up-to-date symlink: /home/bbcontact/magician_ros2/install/dobot_msgs/include/dobot_msgs/dobot_msgs/msg/detail/circle_target__rosidl_typesupport_fastrtps_cpp.hpp
[6.838s] -- Up-to-date symlink: /home/bbcontact/magician_ros2/install/dobot_msgs/include/dobot_msgs/dobot_msgs/msg/detail/circle_target_array__rosidl_typesupport_fastrtps_cpp.hpp
[6.838s] -- Up-to-date symlink: /home/bbcontact/magician_ros2/install/dobot_msgs/include/dobot_msgs/dobot_msgs/msg/detail/dobot_alarm_codes__rosidl_typesupport_fastrtps_cpp.hpp
[6.839s] -- Up-to-date symlink: /home/bbcontact/magician_ros2/install/dobot_msgs/include/dobot_msgs/dobot_msgs/msg/detail/gripper_status__rosidl_typesupport_fastrtps_cpp.hpp
[6.839s] -- Up-to-date symlink: /home/bbcontact/magician_ros2/install/dobot_msgs/include/dobot_msgs/dobot_msgs/msg/rosidl_typesupport_fastrtps_cpp__visibility_control.h
[6.840s] -- Up-to-date symlink: /home/bbcontact/magician_ros2/install/dobot_msgs/include/dobot_msgs/dobot_msgs/srv/detail/evaluate_ptp_trajectory__rosidl_typesupport_fastrtps_cpp.hpp
[6.840s] -- Up-to-date symlink: /home/bbcontact/magician_ros2/install/dobot_msgs/include/dobot_msgs/dobot_msgs/srv/detail/execute_homing_procedure__rosidl_typesupport_fastrtps_cpp.hpp
[6.840s] -- Up-to-date symlink: /home/bbcontact/magician_ros2/install/dobot_msgs/include/dobot_msgs/dobot_msgs/srv/detail/gripper_control__rosidl_typesupport_fastrtps_cpp.hpp
[6.840s] -- Up-to-date symlink: /home/bbcontact/magician_ros2/install/dobot_msgs/include/dobot_msgs/dobot_msgs/srv/detail/suction_cup_control__rosidl_typesupport_fastrtps_cpp.hpp
[6.841s] -- Up-to-date symlink: /home/bbcontact/magician_ros2/install/dobot_msgs/include/dobot_msgs/dobot_msgs/action/detail/point_to_point__rosidl_typesupport_introspection_cpp.hpp
[6.841s] -- Up-to-date symlink: /home/bbcontact/magician_ros2/install/dobot_msgs/include/dobot_msgs/dobot_msgs/action/detail/sliding_rail__rosidl_typesupport_introspection_cpp.hpp
[6.841s] -- Up-to-date symlink: /home/bbcontact/magician_ros2/install/dobot_msgs/include/dobot_msgs/dobot_msgs/msg/detail/circle_target__rosidl_typesupport_introspection_cpp.hpp
[6.842s] -- Up-to-date symlink: /home/bbcontact/magician_ros2/install/dobot_msgs/include/dobot_msgs/dobot_msgs/msg/detail/circle_target_array__rosidl_typesupport_introspection_cpp.hpp
[6.842s] -- Up-to-date symlink: /home/bbcontact/magician_ros2/install/dobot_msgs/include/dobot_msgs/dobot_msgs/msg/detail/dobot_alarm_codes__rosidl_typesupport_introspection_cpp.hpp
[6.843s] -- Up-to-date symlink: /home/bbcontact/magician_ros2/install/dobot_msgs/include/dobot_msgs/dobot_msgs/msg/detail/gripper_status__rosidl_typesupport_introspection_cpp.hpp
[6.843s] -- Up-to-date symlink: /home/bbcontact/magician_ros2/install/dobot_msgs/include/dobot_msgs/dobot_msgs/srv/detail/evaluate_ptp_trajectory__rosidl_typesupport_introspection_cpp.hpp
[6.843s] -- Up-to-date symlink: /home/bbcontact/magician_ros2/install/dobot_msgs/include/dobot_msgs/dobot_msgs/srv/detail/execute_homing_procedure__rosidl_typesupport_introspection_cpp.hpp
[6.843s] -- Up-to-date symlink: /home/bbcontact/magician_ros2/install/dobot_msgs/include/dobot_msgs/dobot_msgs/srv/detail/gripper_control__rosidl_typesupport_introspection_cpp.hpp
[6.844s] -- Up-to-date symlink: /home/bbcontact/magician_ros2/install/dobot_msgs/include/dobot_msgs/dobot_msgs/srv/detail/suction_cup_control__rosidl_typesupport_introspection_cpp.hpp
[6.844s] -- Up-to-date symlink: /home/bbcontact/magician_ros2/install/dobot_msgs/share/dobot_msgs/environment/pythonpath.sh
[6.844s] -- Up-to-date symlink: /home/bbcontact/magician_ros2/install/dobot_msgs/share/dobot_msgs/environment/pythonpath.dsv
[6.845s] -- Up-to-date symlink: /home/bbcontact/magician_ros2/install/dobot_msgs/lib/python3.12/site-packages/dobot_msgs-1.0.0-py3.12.egg-info/PKG-INFO
[6.846s] -- Up-to-date symlink: /home/bbcontact/magician_ros2/install/dobot_msgs/lib/python3.12/site-packages/dobot_msgs-1.0.0-py3.12.egg-info/SOURCES.txt
[6.846s] -- Up-to-date symlink: /home/bbcontact/magician_ros2/install/dobot_msgs/lib/python3.12/site-packages/dobot_msgs-1.0.0-py3.12.egg-info/dependency_links.txt
[6.847s] -- Up-to-date symlink: /home/bbcontact/magician_ros2/install/dobot_msgs/lib/python3.12/site-packages/dobot_msgs-1.0.0-py3.12.egg-info/top_level.txt
[6.849s] -- Up-to-date symlink: /home/bbcontact/magician_ros2/install/dobot_msgs/lib/python3.12/site-packages/dobot_msgs/__init__.py
[6.849s] -- Up-to-date symlink: /home/bbcontact/magician_ros2/install/dobot_msgs/lib/python3.12/site-packages/dobot_msgs/_dobot_msgs_s.ep.rosidl_typesupport_c.c
[6.849s] -- Up-to-date symlink: /home/bbcontact/magician_ros2/install/dobot_msgs/lib/python3.12/site-packages/dobot_msgs/_dobot_msgs_s.ep.rosidl_typesupport_fastrtps_c.c
[6.850s] -- Up-to-date symlink: /home/bbcontact/magician_ros2/install/dobot_msgs/lib/python3.12/site-packages/dobot_msgs/_dobot_msgs_s.ep.rosidl_typesupport_introspection_c.c
[6.850s] -- Up-to-date symlink: /home/bbcontact/magician_ros2/install/dobot_msgs/lib/python3.12/site-packages/dobot_msgs/action/__init__.py
[6.851s] -- Up-to-date symlink: /home/bbcontact/magician_ros2/install/dobot_msgs/lib/python3.12/site-packages/dobot_msgs/action/_point_to_point.py
[6.851s] -- Up-to-date symlink: /home/bbcontact/magician_ros2/install/dobot_msgs/lib/python3.12/site-packages/dobot_msgs/action/_point_to_point_s.c
[6.852s] -- Up-to-date symlink: /home/bbcontact/magician_ros2/install/dobot_msgs/lib/python3.12/site-packages/dobot_msgs/action/_sliding_rail.py
[6.852s] -- Up-to-date symlink: /home/bbcontact/magician_ros2/install/dobot_msgs/lib/python3.12/site-packages/dobot_msgs/action/_sliding_rail_s.c
[6.852s] -- Up-to-date symlink: /home/bbcontact/magician_ros2/install/dobot_msgs/lib/python3.12/site-packages/dobot_msgs/dobot_msgs_s__rosidl_typesupport_c.so
[6.853s] -- Up-to-date symlink: /home/bbcontact/magician_ros2/install/dobot_msgs/lib/python3.12/site-packages/dobot_msgs/dobot_msgs_s__rosidl_typesupport_fastrtps_c.so
[6.853s] -- Up-to-date symlink: /home/bbcontact/magician_ros2/install/dobot_msgs/lib/python3.12/site-packages/dobot_msgs/dobot_msgs_s__rosidl_typesupport_introspection_c.so
[6.853s] -- Up-to-date symlink: /home/bbcontact/magician_ros2/install/dobot_msgs/lib/python3.12/site-packages/dobot_msgs/msg/__init__.py
[6.853s] -- Up-to-date symlink: /home/bbcontact/magician_ros2/install/dobot_msgs/lib/python3.12/site-packages/dobot_msgs/msg/_circle_target.py
[6.854s] -- Up-to-date symlink: /home/bbcontact/magician_ros2/install/dobot_msgs/lib/python3.12/site-packages/dobot_msgs/msg/_circle_target_array.py
[6.854s] -- Up-to-date symlink: /home/bbcontact/magician_ros2/install/dobot_msgs/lib/python3.12/site-packages/dobot_msgs/msg/_circle_target_array_s.c
[6.854s] -- Up-to-date symlink: /home/bbcontact/magician_ros2/install/dobot_msgs/lib/python3.12/site-packages/dobot_msgs/msg/_circle_target_s.c
[6.855s] -- Up-to-date symlink: /home/bbcontact/magician_ros2/install/dobot_msgs/lib/python3.12/site-packages/dobot_msgs/msg/_dobot_alarm_codes.py
[6.855s] -- Up-to-date symlink: /home/bbcontact/magician_ros2/install/dobot_msgs/lib/python3.12/site-packages/dobot_msgs/msg/_dobot_alarm_codes_s.c
[6.855s] -- Up-to-date symlink: /home/bbcontact/magician_ros2/install/dobot_msgs/lib/python3.12/site-packages/dobot_msgs/msg/_gripper_status.py
[6.856s] -- Up-to-date symlink: /home/bbcontact/magician_ros2/install/dobot_msgs/lib/python3.12/site-packages/dobot_msgs/msg/_gripper_status_s.c
[6.857s] -- Up-to-date symlink: /home/bbcontact/magician_ros2/install/dobot_msgs/lib/python3.12/site-packages/dobot_msgs/srv/__init__.py
[6.857s] -- Up-to-date symlink: /home/bbcontact/magician_ros2/install/dobot_msgs/lib/python3.12/site-packages/dobot_msgs/srv/_evaluate_ptp_trajectory.py
[6.858s] -- Up-to-date symlink: /home/bbcontact/magician_ros2/install/dobot_msgs/lib/python3.12/site-packages/dobot_msgs/srv/_evaluate_ptp_trajectory_s.c
[6.858s] -- Up-to-date symlink: /home/bbcontact/magician_ros2/install/dobot_msgs/lib/python3.12/site-packages/dobot_msgs/srv/_execute_homing_procedure.py
[6.859s] -- Up-to-date symlink: /home/bbcontact/magician_ros2/install/dobot_msgs/lib/python3.12/site-packages/dobot_msgs/srv/_execute_homing_procedure_s.c
[6.860s] -- Up-to-date symlink: /home/bbcontact/magician_ros2/install/dobot_msgs/lib/python3.12/site-packages/dobot_msgs/srv/_gripper_control.py
[6.860s] -- Up-to-date symlink: /home/bbcontact/magician_ros2/install/dobot_msgs/lib/python3.12/site-packages/dobot_msgs/srv/_gripper_control_s.c
[6.860s] -- Up-to-date symlink: /home/bbcontact/magician_ros2/install/dobot_msgs/lib/python3.12/site-packages/dobot_msgs/srv/_suction_cup_control.py
[6.860s] -- Up-to-date symlink: /home/bbcontact/magician_ros2/install/dobot_msgs/lib/python3.12/site-packages/dobot_msgs/srv/_suction_cup_control_s.c
[6.861s] -- Up-to-date symlink: /home/bbcontact/magician_ros2/install/dobot_msgs/lib/python3.12/site-packages/dobot_msgs/dobot_msgs_s__rosidl_typesupport_fastrtps_c.so
[6.861s] -- Up-to-date symlink: /home/bbcontact/magician_ros2/install/dobot_msgs/lib/python3.12/site-packages/dobot_msgs/dobot_msgs_s__rosidl_typesupport_introspection_c.so
[6.861s] -- Up-to-date symlink: /home/bbcontact/magician_ros2/install/dobot_msgs/lib/python3.12/site-packages/dobot_msgs/dobot_msgs_s__rosidl_typesupport_c.so
[6.861s] -- Up-to-date symlink: /home/bbcontact/magician_ros2/install/dobot_msgs/share/ament_index/resource_index/rust_packages/dobot_msgs
[6.862s] -- Up-to-date symlink: /home/bbcontact/magician_ros2/install/dobot_msgs/share/dobot_msgs/rust/Cargo.toml
[6.862s] -- Up-to-date symlink: /home/bbcontact/magician_ros2/install/dobot_msgs/share/dobot_msgs/rust/build.rs
[6.862s] -- Up-to-date symlink: /home/bbcontact/magician_ros2/install/dobot_msgs/share/dobot_msgs/rust/src/action.rs
[6.863s] -- Up-to-date symlink: /home/bbcontact/magician_ros2/install/dobot_msgs/share/dobot_msgs/rust/src/action/rmw.rs
[6.863s] -- Up-to-date symlink: /home/bbcontact/magician_ros2/install/dobot_msgs/share/dobot_msgs/rust/src/lib.rs
[6.863s] -- Up-to-date symlink: /home/bbcontact/magician_ros2/install/dobot_msgs/share/dobot_msgs/rust/src/msg.rs
[6.863s] -- Up-to-date symlink: /home/bbcontact/magician_ros2/install/dobot_msgs/share/dobot_msgs/rust/src/msg/rmw.rs
[6.864s] -- Up-to-date symlink: /home/bbcontact/magician_ros2/install/dobot_msgs/share/dobot_msgs/rust/src/srv.rs
[6.864s] -- Up-to-date symlink: /home/bbcontact/magician_ros2/install/dobot_msgs/share/dobot_msgs/rust/src/srv/rmw.rs
[6.864s] -- Up-to-date symlink: /home/bbcontact/magician_ros2/install/dobot_msgs/share/dobot_msgs/action/PointToPoint.idl
[6.865s] -- Up-to-date symlink: /home/bbcontact/magician_ros2/install/dobot_msgs/share/dobot_msgs/action/SlidingRail.idl
[6.865s] -- Up-to-date symlink: /home/bbcontact/magician_ros2/install/dobot_msgs/share/dobot_msgs/msg/DobotAlarmCodes.idl
[6.865s] -- Up-to-date symlink: /home/bbcontact/magician_ros2/install/dobot_msgs/share/dobot_msgs/msg/GripperStatus.idl
[6.866s] -- Up-to-date symlink: /home/bbcontact/magician_ros2/install/dobot_msgs/share/dobot_msgs/msg/CircleTarget.idl
[6.866s] -- Up-to-date symlink: /home/bbcontact/magician_ros2/install/dobot_msgs/share/dobot_msgs/msg/CircleTargetArray.idl
[6.866s] -- Up-to-date symlink: /home/bbcontact/magician_ros2/install/dobot_msgs/share/dobot_msgs/srv/EvaluatePTPTrajectory.idl
[6.867s] -- Up-to-date symlink: /home/bbcontact/magician_ros2/install/dobot_msgs/share/dobot_msgs/srv/ExecuteHomingProcedure.idl
[6.868s] -- Up-to-date symlink: /home/bbcontact/magician_ros2/install/dobot_msgs/share/dobot_msgs/srv/GripperControl.idl
[6.868s] -- Up-to-date symlink: /home/bbcontact/magician_ros2/install/dobot_msgs/share/dobot_msgs/srv/SuctionCupControl.idl
[6.868s] -- Up-to-date symlink: /home/bbcontact/magician_ros2/install/dobot_msgs/share/dobot_msgs/action/PointToPoint.action
[6.869s] -- Up-to-date symlink: /home/bbcontact/magician_ros2/install/dobot_msgs/share/dobot_msgs/action/SlidingRail.action
[6.869s] -- Up-to-date symlink: /home/bbcontact/magician_ros2/install/dobot_msgs/share/dobot_msgs/msg/DobotAlarmCodes.msg
[6.870s] -- Up-to-date symlink: /home/bbcontact/magician_ros2/install/dobot_msgs/share/dobot_msgs/msg/GripperStatus.msg
[6.870s] -- Up-to-date symlink: /home/bbcontact/magician_ros2/install/dobot_msgs/share/dobot_msgs/msg/CircleTarget.msg
[6.870s] -- Up-to-date symlink: /home/bbcontact/magician_ros2/install/dobot_msgs/share/dobot_msgs/msg/CircleTargetArray.msg
[6.871s] -- Up-to-date symlink: /home/bbcontact/magician_ros2/install/dobot_msgs/share/dobot_msgs/srv/EvaluatePTPTrajectory.srv
[6.871s] -- Up-to-date symlink: /home/bbcontact/magician_ros2/install/dobot_msgs/share/dobot_msgs/srv/ExecuteHomingProcedure.srv
[6.872s] -- Up-to-date symlink: /home/bbcontact/magician_ros2/install/dobot_msgs/share/dobot_msgs/srv/GripperControl.srv
[6.872s] -- Up-to-date symlink: /home/bbcontact/magician_ros2/install/dobot_msgs/share/dobot_msgs/srv/SuctionCupControl.srv
[6.873s] -- Up-to-date symlink: /home/bbcontact/magician_ros2/install/dobot_msgs/share/ament_index/resource_index/package_run_dependencies/dobot_msgs
[6.873s] -- Up-to-date symlink: /home/bbcontact/magician_ros2/install/dobot_msgs/share/ament_index/resource_index/parent_prefix_path/dobot_msgs
[6.874s] -- Up-to-date symlink: /home/bbcontact/magician_ros2/install/dobot_msgs/share/dobot_msgs/environment/ament_prefix_path.sh
[6.874s] -- Up-to-date symlink: /home/bbcontact/magician_ros2/install/dobot_msgs/share/dobot_msgs/environment/ament_prefix_path.dsv
[6.874s] -- Up-to-date symlink: /home/bbcontact/magician_ros2/install/dobot_msgs/share/dobot_msgs/environment/path.sh
[6.875s] -- Up-to-date symlink: /home/bbcontact/magician_ros2/install/dobot_msgs/share/dobot_msgs/environment/path.dsv
[6.875s] -- Up-to-date symlink: /home/bbcontact/magician_ros2/install/dobot_msgs/share/dobot_msgs/local_setup.bash
[6.876s] -- Up-to-date symlink: /home/bbcontact/magician_ros2/install/dobot_msgs/share/dobot_msgs/local_setup.sh
[6.876s] -- Up-to-date symlink: /home/bbcontact/magician_ros2/install/dobot_msgs/share/dobot_msgs/local_setup.zsh
[6.877s] -- Up-to-date symlink: /home/bbcontact/magician_ros2/install/dobot_msgs/share/dobot_msgs/local_setup.dsv
[6.877s] -- Symlinking: /home/bbcontact/magician_ros2/install/dobot_msgs/share/dobot_msgs/package.dsv
[6.902s] -- Up-to-date symlink: /home/bbcontact/magician_ros2/install/dobot_msgs/share/ament_index/resource_index/packages/dobot_msgs
[6.902s] -- Up-to-date symlink: /home/bbcontact/magician_ros2/install/dobot_msgs/share/dobot_msgs/cmake/rosidl_cmake-extras.cmake
[6.903s] -- Up-to-date symlink: /home/bbcontact/magician_ros2/install/dobot_msgs/share/dobot_msgs/cmake/ament_cmake_export_dependencies-extras.cmake
[6.903s] -- Up-to-date symlink: /home/bbcontact/magician_ros2/install/dobot_msgs/share/dobot_msgs/cmake/ament_cmake_export_include_directories-extras.cmake
[6.904s] -- Up-to-date symlink: /home/bbcontact/magician_ros2/install/dobot_msgs/share/dobot_msgs/cmake/ament_cmake_export_libraries-extras.cmake
[6.904s] -- Up-to-date symlink: /home/bbcontact/magician_ros2/install/dobot_msgs/share/dobot_msgs/cmake/ament_cmake_export_targets-extras.cmake
[6.905s] -- Up-to-date symlink: /home/bbcontact/magician_ros2/install/dobot_msgs/share/dobot_msgs/cmake/rosidl_cmake_export_typesupport_targets-extras.cmake
[6.905s] -- Up-to-date symlink: /home/bbcontact/magician_ros2/install/dobot_msgs/share/dobot_msgs/cmake/rosidl_cmake_export_typesupport_libraries-extras.cmake
[6.906s] -- Up-to-date symlink: /home/bbcontact/magician_ros2/install/dobot_msgs/share/dobot_msgs/cmake/rosidl_cmake_aggregate_target-extras.cmake
[6.906s] -- Up-to-date symlink: /home/bbcontact/magician_ros2/install/dobot_msgs/share/dobot_msgs/cmake/dobot_msgsConfig.cmake
[6.907s] -- Up-to-date symlink: /home/bbcontact/magician_ros2/install/dobot_msgs/share/dobot_msgs/cmake/dobot_msgsConfig-version.cmake
[6.907s] -- Up-to-date symlink: /home/bbcontact/magician_ros2/install/dobot_msgs/share/dobot_msgs/package.xml
[6.909s] -- Up-to-date: /home/bbcontact/magician_ros2/install/dobot_msgs/lib/libdobot_msgs__rosidl_generator_c.so
[6.910s] -- Up-to-date: /home/bbcontact/magician_ros2/install/dobot_msgs/lib/libdobot_msgs__rosidl_typesupport_fastrtps_c.so
[6.911s] -- Up-to-date: /home/bbcontact/magician_ros2/install/dobot_msgs/lib/libdobot_msgs__rosidl_typesupport_introspection_c.so
[6.911s] -- Up-to-date: /home/bbcontact/magician_ros2/install/dobot_msgs/lib/libdobot_msgs__rosidl_typesupport_c.so
[6.912s] -- Up-to-date: /home/bbcontact/magician_ros2/install/dobot_msgs/lib/libdobot_msgs__rosidl_typesupport_fastrtps_cpp.so
[6.913s] -- Up-to-date: /home/bbcontact/magician_ros2/install/dobot_msgs/lib/libdobot_msgs__rosidl_typesupport_introspection_cpp.so
[6.915s] -- Up-to-date: /home/bbcontact/magician_ros2/install/dobot_msgs/lib/libdobot_msgs__rosidl_typesupport_cpp.so
[7.016s] Listing '/home/bbcontact/magician_ros2/install/dobot_msgs/lib/python3.12/site-packages/dobot_msgs'...
[7.016s] Compiling '/home/bbcontact/magician_ros2/install/dobot_msgs/lib/python3.12/site-packages/dobot_msgs/__init__.py'...
[7.016s] Listing '/home/bbcontact/magician_ros2/install/dobot_msgs/lib/python3.12/site-packages/dobot_msgs/action'...
[7.017s] Listing '/home/bbcontact/magician_ros2/install/dobot_msgs/lib/python3.12/site-packages/dobot_msgs/msg'...
[7.017s] Listing '/home/bbcontact/magician_ros2/install/dobot_msgs/lib/python3.12/site-packages/dobot_msgs/srv'...
[7.034s] -- Up-to-date: /home/bbcontact/magician_ros2/install/dobot_msgs/lib/libdobot_msgs__rosidl_generator_py.so
[7.034s] -- Up-to-date: /home/bbcontact/magician_ros2/install/dobot_msgs/share/dobot_msgs/cmake/export_dobot_msgs__rosidl_generator_cExport.cmake
[7.034s] -- Up-to-date: /home/bbcontact/magician_ros2/install/dobot_msgs/share/dobot_msgs/cmake/export_dobot_msgs__rosidl_generator_cExport-noconfig.cmake
[7.035s] -- Up-to-date: /home/bbcontact/magician_ros2/install/dobot_msgs/share/dobot_msgs/cmake/export_dobot_msgs__rosidl_typesupport_fastrtps_cExport.cmake
[7.035s] -- Up-to-date: /home/bbcontact/magician_ros2/install/dobot_msgs/share/dobot_msgs/cmake/export_dobot_msgs__rosidl_typesupport_fastrtps_cExport-noconfig.cmake
[7.036s] -- Up-to-date: /home/bbcontact/magician_ros2/install/dobot_msgs/share/dobot_msgs/cmake/dobot_msgs__rosidl_typesupport_introspection_cExport.cmake
[7.037s] -- Up-to-date: /home/bbcontact/magician_ros2/install/dobot_msgs/share/dobot_msgs/cmake/dobot_msgs__rosidl_typesupport_introspection_cExport-noconfig.cmake
[7.037s] -- Up-to-date: /home/bbcontact/magician_ros2/install/dobot_msgs/share/dobot_msgs/cmake/dobot_msgs__rosidl_typesupport_cExport.cmake
[7.037s] -- Up-to-date: /home/bbcontact/magician_ros2/install/dobot_msgs/share/dobot_msgs/cmake/dobot_msgs__rosidl_typesupport_cExport-noconfig.cmake
[7.038s] -- Up-to-date: /home/bbcontact/magician_ros2/install/dobot_msgs/share/dobot_msgs/cmake/export_dobot_msgs__rosidl_generator_cppExport.cmake
[7.038s] -- Up-to-date: /home/bbcontact/magician_ros2/install/dobot_msgs/share/dobot_msgs/cmake/export_dobot_msgs__rosidl_typesupport_fastrtps_cppExport.cmake
[7.038s] -- Up-to-date: /home/bbcontact/magician_ros2/install/dobot_msgs/share/dobot_msgs/cmake/export_dobot_msgs__rosidl_typesupport_fastrtps_cppExport-noconfig.cmake
[7.039s] -- Up-to-date: /home/bbcontact/magician_ros2/install/dobot_msgs/share/dobot_msgs/cmake/dobot_msgs__rosidl_typesupport_introspection_cppExport.cmake
[7.039s] -- Up-to-date: /home/bbcontact/magician_ros2/install/dobot_msgs/share/dobot_msgs/cmake/dobot_msgs__rosidl_typesupport_introspection_cppExport-noconfig.cmake
[7.039s] -- Up-to-date: /home/bbcontact/magician_ros2/install/dobot_msgs/share/dobot_msgs/cmake/dobot_msgs__rosidl_typesupport_cppExport.cmake
[7.040s] -- Up-to-date: /home/bbcontact/magician_ros2/install/dobot_msgs/share/dobot_msgs/cmake/dobot_msgs__rosidl_typesupport_cppExport-noconfig.cmake
[7.040s] -- Up-to-date: /home/bbcontact/magician_ros2/install/dobot_msgs/share/dobot_msgs/cmake/export_dobot_msgs__rosidl_generator_pyExport.cmake
[7.040s] -- Up-to-date: /home/bbcontact/magician_ros2/install/dobot_msgs/share/dobot_msgs/cmake/export_dobot_msgs__rosidl_generator_pyExport-noconfig.cmake
[7.043s] Invoked command in '/home/bbcontact/magician_ros2/build/dobot_msgs' returned '0': CMAKE_PREFIX_PATH=${CMAKE_PREFIX_PATH}:/opt/ros/jazzy DEBUGINFOD_URLS=https://debuginfod.ubuntu.com /usr/bin/cmake --install /home/bbcontact/magician_ros2/build/dobot_msgs
