[0.036s] Invoking command in '/home/bbcontact/magician_ros2/build/dobot_driver': CMAKE_PREFIX_PATH=${CMAKE_PREFIX_PATH}:/opt/ros/jazzy DEBUGINFOD_URLS=https://debuginfod.ubuntu.com /usr/bin/cmake --build /home/bbcontact/magician_ros2/build/dobot_driver -- -j8 -l8
[0.216s] Built target ament_cmake_python_symlink_dobot_driver
[1.422s] running egg_info
[1.501s] writing dobot_driver.egg-info/PKG-INFO
[1.502s] writing dependency_links to dobot_driver.egg-info/dependency_links.txt
[1.502s] writing top-level names to dobot_driver.egg-info/top_level.txt
[1.724s] reading manifest file 'dobot_driver.egg-info/SOURCES.txt'
[1.727s] writing manifest file 'dobot_driver.egg-info/SOURCES.txt'
[1.806s] Built target ament_cmake_python_build_dobot_driver_egg
[1.845s] Invoked command in '/home/bbcontact/magician_ros2/build/dobot_driver' returned '0': CMAKE_PREFIX_PATH=${CMAKE_PREFIX_PATH}:/opt/ros/jazzy DEBUGINFOD_URLS=https://debuginfod.ubuntu.com /usr/bin/cmake --build /home/bbcontact/magician_ros2/build/dobot_driver -- -j8 -l8
[1.849s] Invoking command in '/home/bbcontact/magician_ros2/build/dobot_driver': CMAKE_PREFIX_PATH=${CMAKE_PREFIX_PATH}:/opt/ros/jazzy DEBUGINFOD_URLS=https://debuginfod.ubuntu.com /usr/bin/cmake --install /home/bbcontact/magician_ros2/build/dobot_driver
[1.877s] -- Install configuration: ""
[1.878s] -- Execute custom install script
[1.880s] -- Up-to-date symlink: /home/bbcontact/magician_ros2/install/dobot_driver/share/dobot_driver/environment/pythonpath.sh
[1.880s] -- Up-to-date symlink: /home/bbcontact/magician_ros2/install/dobot_driver/share/dobot_driver/environment/pythonpath.dsv
[1.882s] -- Up-to-date symlink: /home/bbcontact/magician_ros2/install/dobot_driver/lib/python3.12/site-packages/dobot_driver-1.0.0-py3.12.egg-info/PKG-INFO
[1.883s] -- Up-to-date symlink: /home/bbcontact/magician_ros2/install/dobot_driver/lib/python3.12/site-packages/dobot_driver-1.0.0-py3.12.egg-info/SOURCES.txt
[1.884s] -- Up-to-date symlink: /home/bbcontact/magician_ros2/install/dobot_driver/lib/python3.12/site-packages/dobot_driver-1.0.0-py3.12.egg-info/dependency_links.txt
[1.884s] -- Up-to-date symlink: /home/bbcontact/magician_ros2/install/dobot_driver/lib/python3.12/site-packages/dobot_driver-1.0.0-py3.12.egg-info/top_level.txt
[1.885s] -- Up-to-date symlink: /home/bbcontact/magician_ros2/install/dobot_driver/lib/python3.12/site-packages/dobot_driver/__init__.py
[1.887s] -- Up-to-date symlink: /home/bbcontact/magician_ros2/install/dobot_driver/lib/python3.12/site-packages/dobot_driver/dobot_handle.py
[1.888s] -- Up-to-date symlink: /home/bbcontact/magician_ros2/install/dobot_driver/lib/python3.12/site-packages/dobot_driver/interface.py
[1.888s] -- Up-to-date symlink: /home/bbcontact/magician_ros2/install/dobot_driver/lib/python3.12/site-packages/dobot_driver/message.py
[1.889s] -- Up-to-date symlink: /home/bbcontact/magician_ros2/install/dobot_driver/lib/python3.12/site-packages/dobot_driver/parsers.py
[1.889s] -- Up-to-date symlink: /home/bbcontact/magician_ros2/install/dobot_driver/share/ament_index/resource_index/package_run_dependencies/dobot_driver
[1.891s] -- Up-to-date symlink: /home/bbcontact/magician_ros2/install/dobot_driver/share/ament_index/resource_index/parent_prefix_path/dobot_driver
[1.892s] -- Up-to-date symlink: /home/bbcontact/magician_ros2/install/dobot_driver/share/dobot_driver/environment/ament_prefix_path.sh
[1.892s] -- Up-to-date symlink: /home/bbcontact/magician_ros2/install/dobot_driver/share/dobot_driver/environment/ament_prefix_path.dsv
[1.893s] -- Up-to-date symlink: /home/bbcontact/magician_ros2/install/dobot_driver/share/dobot_driver/environment/path.sh
[1.894s] -- Up-to-date symlink: /home/bbcontact/magician_ros2/install/dobot_driver/share/dobot_driver/environment/path.dsv
[1.895s] -- Up-to-date symlink: /home/bbcontact/magician_ros2/install/dobot_driver/share/dobot_driver/local_setup.bash
[1.895s] -- Up-to-date symlink: /home/bbcontact/magician_ros2/install/dobot_driver/share/dobot_driver/local_setup.sh
[1.896s] -- Up-to-date symlink: /home/bbcontact/magician_ros2/install/dobot_driver/share/dobot_driver/local_setup.zsh
[1.897s] -- Up-to-date symlink: /home/bbcontact/magician_ros2/install/dobot_driver/share/dobot_driver/local_setup.dsv
[1.897s] -- Symlinking: /home/bbcontact/magician_ros2/install/dobot_driver/share/dobot_driver/package.dsv
[1.926s] -- Up-to-date symlink: /home/bbcontact/magician_ros2/install/dobot_driver/share/ament_index/resource_index/packages/dobot_driver
[1.929s] -- Up-to-date symlink: /home/bbcontact/magician_ros2/install/dobot_driver/share/dobot_driver/cmake/dobot_driverConfig.cmake
[1.929s] -- Up-to-date symlink: /home/bbcontact/magician_ros2/install/dobot_driver/share/dobot_driver/cmake/dobot_driverConfig-version.cmake
[1.930s] -- Up-to-date symlink: /home/bbcontact/magician_ros2/install/dobot_driver/share/dobot_driver/package.xml
[2.173s] Listing '/home/bbcontact/magician_ros2/install/dobot_driver/lib/python3.12/site-packages/dobot_driver'...
[2.202s] Invoked command in '/home/bbcontact/magician_ros2/build/dobot_driver' returned '0': CMAKE_PREFIX_PATH=${CMAKE_PREFIX_PATH}:/opt/ros/jazzy DEBUGINFOD_URLS=https://debuginfod.ubuntu.com /usr/bin/cmake --install /home/bbcontact/magician_ros2/build/dobot_driver
