[0.043s] Invoking command in '/home/bbcontact/magician_ros2/build/dobot_msgs': CMAKE_PREFIX_PATH=${CMAKE_PREFIX_PATH}:/opt/ros/jazzy DEBUGINFOD_URLS=https://debuginfod.ubuntu.com /usr/bin/cmake --build /home/bbcontact/magician_ros2/build/dobot_msgs -- -j8 -l8
[0.226s] [  0%] Built target dobot_msgs__rosidl_generator_type_description
[0.231s] [  1%] Built target dobot_msgs__rs
[0.260s] [  1%] Built target ament_cmake_python_symlink_dobot_msgs
[0.355s] [  1%] Built target dobot_msgs__cpp
[0.397s] [ 27%] Built target dobot_msgs__rosidl_generator_c
[0.642s] [ 36%] Built target dobot_msgs__rosidl_typesupport_introspection_c
[0.691s] [ 46%] Built target dobot_msgs__rosidl_typesupport_introspection_cpp
[0.726s] [ 56%] Built target dobot_msgs__rosidl_typesupport_c
[0.726s] [ 65%] Built target dobot_msgs__rosidl_typesupport_fastrtps_c
[0.753s] [ 75%] Built target dobot_msgs__rosidl_typesupport_fastrtps_cpp
[0.769s] [ 85%] Built target dobot_msgs__rosidl_typesupport_cpp
[0.850s] [ 85%] Built target dobot_msgs
[0.919s] [ 86%] Built target dobot_msgs__py
[1.014s] [ 95%] Built target dobot_msgs__rosidl_generator_py
[1.088s] [ 97%] Built target dobot_msgs_s__rosidl_typesupport_introspection_c
[1.098s] [ 99%] Built target dobot_msgs_s__rosidl_typesupport_fastrtps_c
[1.101s] [100%] Built target dobot_msgs_s__rosidl_typesupport_c
[1.467s] running egg_info
[1.544s] writing dobot_msgs.egg-info/PKG-INFO
[1.544s] writing dependency_links to dobot_msgs.egg-info/dependency_links.txt
[1.545s] writing top-level names to dobot_msgs.egg-info/top_level.txt
[1.772s] reading manifest file 'dobot_msgs.egg-info/SOURCES.txt'
[1.774s] writing manifest file 'dobot_msgs.egg-info/SOURCES.txt'
[1.875s] [100%] Built target ament_cmake_python_build_dobot_msgs_egg
[1.916s] Invoked command in '/home/bbcontact/magician_ros2/build/dobot_msgs' returned '0': CMAKE_PREFIX_PATH=${CMAKE_PREFIX_PATH}:/opt/ros/jazzy DEBUGINFOD_URLS=https://debuginfod.ubuntu.com /usr/bin/cmake --build /home/bbcontact/magician_ros2/build/dobot_msgs -- -j8 -l8
[1.920s] Invoking command in '/home/bbcontact/magician_ros2/build/dobot_msgs': CMAKE_PREFIX_PATH=${CMAKE_PREFIX_PATH}:/opt/ros/jazzy DEBUGINFOD_URLS=https://debuginfod.ubuntu.com /usr/bin/cmake --install /home/bbcontact/magician_ros2/build/dobot_msgs
[1.949s] -- Install configuration: ""
[1.952s] -- Execute custom install script
[1.953s] -- Up-to-date symlink: /home/bbcontact/magician_ros2/install/dobot_msgs/share/ament_index/resource_index/rosidl_interfaces/dobot_msgs
[1.954s] -- Up-to-date symlink: /home/bbcontact/magician_ros2/install/dobot_msgs/share/dobot_msgs/action/PointToPoint.json
[1.955s] -- Up-to-date symlink: /home/bbcontact/magician_ros2/install/dobot_msgs/share/dobot_msgs/action/SlidingRail.json
[1.956s] -- Up-to-date symlink: /home/bbcontact/magician_ros2/install/dobot_msgs/share/dobot_msgs/msg/DobotAlarmCodes.json
[1.957s] -- Up-to-date symlink: /home/bbcontact/magician_ros2/install/dobot_msgs/share/dobot_msgs/msg/GripperStatus.json
[1.959s] -- Up-to-date symlink: /home/bbcontact/magician_ros2/install/dobot_msgs/share/dobot_msgs/msg/CircleTarget.json
[1.960s] -- Up-to-date symlink: /home/bbcontact/magician_ros2/install/dobot_msgs/share/dobot_msgs/msg/CircleTargetArray.json
[1.961s] -- Up-to-date symlink: /home/bbcontact/magician_ros2/install/dobot_msgs/share/dobot_msgs/srv/EvaluatePTPTrajectory.json
[1.961s] -- Up-to-date symlink: /home/bbcontact/magician_ros2/install/dobot_msgs/share/dobot_msgs/srv/ExecuteHomingProcedure.json
[1.963s] -- Up-to-date symlink: /home/bbcontact/magician_ros2/install/dobot_msgs/share/dobot_msgs/srv/GripperControl.json
[1.963s] -- Up-to-date symlink: /home/bbcontact/magician_ros2/install/dobot_msgs/share/dobot_msgs/srv/SuctionCupControl.json
[1.966s] -- Up-to-date symlink: /home/bbcontact/magician_ros2/install/dobot_msgs/include/dobot_msgs/dobot_msgs/action/detail/point_to_point__functions.h
[1.968s] -- Up-to-date symlink: /home/bbcontact/magician_ros2/install/dobot_msgs/include/dobot_msgs/dobot_msgs/action/detail/point_to_point__struct.h
[1.968s] -- Up-to-date symlink: /home/bbcontact/magician_ros2/install/dobot_msgs/include/dobot_msgs/dobot_msgs/action/detail/point_to_point__type_support.h
[1.970s] -- Up-to-date symlink: /home/bbcontact/magician_ros2/install/dobot_msgs/include/dobot_msgs/dobot_msgs/action/detail/sliding_rail__functions.h
[1.972s] -- Up-to-date symlink: /home/bbcontact/magician_ros2/install/dobot_msgs/include/dobot_msgs/dobot_msgs/action/detail/sliding_rail__struct.h
[1.972s] -- Up-to-date symlink: /home/bbcontact/magician_ros2/install/dobot_msgs/include/dobot_msgs/dobot_msgs/action/detail/sliding_rail__type_support.h
[1.972s] -- Up-to-date symlink: /home/bbcontact/magician_ros2/install/dobot_msgs/include/dobot_msgs/dobot_msgs/action/point_to_point.h
[1.974s] -- Up-to-date symlink: /home/bbcontact/magician_ros2/install/dobot_msgs/include/dobot_msgs/dobot_msgs/action/sliding_rail.h
[1.974s] -- Up-to-date symlink: /home/bbcontact/magician_ros2/install/dobot_msgs/include/dobot_msgs/dobot_msgs/msg/circle_target.h
[1.975s] -- Up-to-date symlink: /home/bbcontact/magician_ros2/install/dobot_msgs/include/dobot_msgs/dobot_msgs/msg/circle_target_array.h
[1.976s] -- Up-to-date symlink: /home/bbcontact/magician_ros2/install/dobot_msgs/include/dobot_msgs/dobot_msgs/msg/detail/circle_target__functions.h
[1.978s] -- Up-to-date symlink: /home/bbcontact/magician_ros2/install/dobot_msgs/include/dobot_msgs/dobot_msgs/msg/detail/circle_target__struct.h
[1.978s] -- Up-to-date symlink: /home/bbcontact/magician_ros2/install/dobot_msgs/include/dobot_msgs/dobot_msgs/msg/detail/circle_target__type_support.h
[1.978s] -- Up-to-date symlink: /home/bbcontact/magician_ros2/install/dobot_msgs/include/dobot_msgs/dobot_msgs/msg/detail/circle_target_array__functions.h
[1.979s] -- Up-to-date symlink: /home/bbcontact/magician_ros2/install/dobot_msgs/include/dobot_msgs/dobot_msgs/msg/detail/circle_target_array__struct.h
[1.979s] -- Up-to-date symlink: /home/bbcontact/magician_ros2/install/dobot_msgs/include/dobot_msgs/dobot_msgs/msg/detail/circle_target_array__type_support.h
[1.979s] -- Up-to-date symlink: /home/bbcontact/magician_ros2/install/dobot_msgs/include/dobot_msgs/dobot_msgs/msg/detail/dobot_alarm_codes__functions.h
[1.980s] -- Up-to-date symlink: /home/bbcontact/magician_ros2/install/dobot_msgs/include/dobot_msgs/dobot_msgs/msg/detail/dobot_alarm_codes__struct.h
[1.981s] -- Up-to-date symlink: /home/bbcontact/magician_ros2/install/dobot_msgs/include/dobot_msgs/dobot_msgs/msg/detail/dobot_alarm_codes__type_support.h
[1.982s] -- Up-to-date symlink: /home/bbcontact/magician_ros2/install/dobot_msgs/include/dobot_msgs/dobot_msgs/msg/detail/gripper_status__functions.h
[1.982s] -- Up-to-date symlink: /home/bbcontact/magician_ros2/install/dobot_msgs/include/dobot_msgs/dobot_msgs/msg/detail/gripper_status__struct.h
[1.983s] -- Up-to-date symlink: /home/bbcontact/magician_ros2/install/dobot_msgs/include/dobot_msgs/dobot_msgs/msg/detail/gripper_status__type_support.h
[1.983s] -- Up-to-date symlink: /home/bbcontact/magician_ros2/install/dobot_msgs/include/dobot_msgs/dobot_msgs/msg/dobot_alarm_codes.h
[1.984s] -- Up-to-date symlink: /home/bbcontact/magician_ros2/install/dobot_msgs/include/dobot_msgs/dobot_msgs/msg/gripper_status.h
[1.984s] -- Up-to-date symlink: /home/bbcontact/magician_ros2/install/dobot_msgs/include/dobot_msgs/dobot_msgs/msg/rosidl_generator_c__visibility_control.h
[1.985s] -- Up-to-date symlink: /home/bbcontact/magician_ros2/install/dobot_msgs/include/dobot_msgs/dobot_msgs/srv/detail/evaluate_ptp_trajectory__functions.h
[1.988s] -- Up-to-date symlink: /home/bbcontact/magician_ros2/install/dobot_msgs/include/dobot_msgs/dobot_msgs/srv/detail/evaluate_ptp_trajectory__struct.h
[1.989s] -- Up-to-date symlink: /home/bbcontact/magician_ros2/install/dobot_msgs/include/dobot_msgs/dobot_msgs/srv/detail/evaluate_ptp_trajectory__type_support.h
[1.990s] -- Up-to-date symlink: /home/bbcontact/magician_ros2/install/dobot_msgs/include/dobot_msgs/dobot_msgs/srv/detail/execute_homing_procedure__functions.h
[1.992s] -- Up-to-date symlink: /home/bbcontact/magician_ros2/install/dobot_msgs/include/dobot_msgs/dobot_msgs/srv/detail/execute_homing_procedure__struct.h
[1.993s] -- Up-to-date symlink: /home/bbcontact/magician_ros2/install/dobot_msgs/include/dobot_msgs/dobot_msgs/srv/detail/execute_homing_procedure__type_support.h
[1.993s] -- Up-to-date symlink: /home/bbcontact/magician_ros2/install/dobot_msgs/include/dobot_msgs/dobot_msgs/srv/detail/gripper_control__functions.h
[1.994s] -- Up-to-date symlink: /home/bbcontact/magician_ros2/install/dobot_msgs/include/dobot_msgs/dobot_msgs/srv/detail/gripper_control__struct.h
[1.995s] -- Up-to-date symlink: /home/bbcontact/magician_ros2/install/dobot_msgs/include/dobot_msgs/dobot_msgs/srv/detail/gripper_control__type_support.h
[1.997s] -- Up-to-date symlink: /home/bbcontact/magician_ros2/install/dobot_msgs/include/dobot_msgs/dobot_msgs/srv/detail/suction_cup_control__functions.h
[1.997s] -- Up-to-date symlink: /home/bbcontact/magician_ros2/install/dobot_msgs/include/dobot_msgs/dobot_msgs/srv/detail/suction_cup_control__struct.h
[1.997s] -- Up-to-date symlink: /home/bbcontact/magician_ros2/install/dobot_msgs/include/dobot_msgs/dobot_msgs/srv/detail/suction_cup_control__type_support.h
[1.998s] -- Up-to-date symlink: /home/bbcontact/magician_ros2/install/dobot_msgs/include/dobot_msgs/dobot_msgs/srv/evaluate_ptp_trajectory.h
[1.999s] -- Up-to-date symlink: /home/bbcontact/magician_ros2/install/dobot_msgs/include/dobot_msgs/dobot_msgs/srv/execute_homing_procedure.h
[2.000s] -- Up-to-date symlink: /home/bbcontact/magician_ros2/install/dobot_msgs/include/dobot_msgs/dobot_msgs/srv/gripper_control.h
[2.001s] -- Up-to-date symlink: /home/bbcontact/magician_ros2/install/dobot_msgs/include/dobot_msgs/dobot_msgs/srv/suction_cup_control.h
[2.003s] -- Up-to-date symlink: /home/bbcontact/magician_ros2/install/dobot_msgs/share/dobot_msgs/environment/library_path.sh
[2.004s] -- Up-to-date symlink: /home/bbcontact/magician_ros2/install/dobot_msgs/share/dobot_msgs/environment/library_path.dsv
[2.008s] -- Up-to-date symlink: /home/bbcontact/magician_ros2/install/dobot_msgs/include/dobot_msgs/dobot_msgs/action/detail/point_to_point__rosidl_typesupport_fastrtps_c.h
[2.011s] -- Up-to-date symlink: /home/bbcontact/magician_ros2/install/dobot_msgs/include/dobot_msgs/dobot_msgs/action/detail/sliding_rail__rosidl_typesupport_fastrtps_c.h
[2.012s] -- Up-to-date symlink: /home/bbcontact/magician_ros2/install/dobot_msgs/include/dobot_msgs/dobot_msgs/msg/detail/circle_target__rosidl_typesupport_fastrtps_c.h
[2.012s] -- Up-to-date symlink: /home/bbcontact/magician_ros2/install/dobot_msgs/include/dobot_msgs/dobot_msgs/msg/detail/circle_target_array__rosidl_typesupport_fastrtps_c.h
[2.013s] -- Up-to-date symlink: /home/bbcontact/magician_ros2/install/dobot_msgs/include/dobot_msgs/dobot_msgs/msg/detail/dobot_alarm_codes__rosidl_typesupport_fastrtps_c.h
[2.013s] -- Up-to-date symlink: /home/bbcontact/magician_ros2/install/dobot_msgs/include/dobot_msgs/dobot_msgs/msg/detail/gripper_status__rosidl_typesupport_fastrtps_c.h
[2.015s] -- Up-to-date symlink: /home/bbcontact/magician_ros2/install/dobot_msgs/include/dobot_msgs/dobot_msgs/msg/rosidl_typesupport_fastrtps_c__visibility_control.h
[2.016s] -- Up-to-date symlink: /home/bbcontact/magician_ros2/install/dobot_msgs/include/dobot_msgs/dobot_msgs/srv/detail/evaluate_ptp_trajectory__rosidl_typesupport_fastrtps_c.h
[2.017s] -- Up-to-date symlink: /home/bbcontact/magician_ros2/install/dobot_msgs/include/dobot_msgs/dobot_msgs/srv/detail/execute_homing_procedure__rosidl_typesupport_fastrtps_c.h
[2.017s] -- Up-to-date symlink: /home/bbcontact/magician_ros2/install/dobot_msgs/include/dobot_msgs/dobot_msgs/srv/detail/gripper_control__rosidl_typesupport_fastrtps_c.h
[2.019s] -- Up-to-date symlink: /home/bbcontact/magician_ros2/install/dobot_msgs/include/dobot_msgs/dobot_msgs/srv/detail/suction_cup_control__rosidl_typesupport_fastrtps_c.h
[2.060s] -- Up-to-date symlink: /home/bbcontact/magician_ros2/install/dobot_msgs/include/dobot_msgs/dobot_msgs/action/detail/point_to_point__rosidl_typesupport_introspection_c.h
[2.061s] -- Up-to-date symlink: /home/bbcontact/magician_ros2/install/dobot_msgs/include/dobot_msgs/dobot_msgs/action/detail/sliding_rail__rosidl_typesupport_introspection_c.h
[2.061s] -- Up-to-date symlink: /home/bbcontact/magician_ros2/install/dobot_msgs/include/dobot_msgs/dobot_msgs/msg/detail/circle_target__rosidl_typesupport_introspection_c.h
[2.063s] -- Up-to-date symlink: /home/bbcontact/magician_ros2/install/dobot_msgs/include/dobot_msgs/dobot_msgs/msg/detail/circle_target_array__rosidl_typesupport_introspection_c.h
[2.064s] -- Up-to-date symlink: /home/bbcontact/magician_ros2/install/dobot_msgs/include/dobot_msgs/dobot_msgs/msg/detail/dobot_alarm_codes__rosidl_typesupport_introspection_c.h
[2.064s] -- Up-to-date symlink: /home/bbcontact/magician_ros2/install/dobot_msgs/include/dobot_msgs/dobot_msgs/msg/detail/gripper_status__rosidl_typesupport_introspection_c.h
[2.068s] -- Up-to-date symlink: /home/bbcontact/magician_ros2/install/dobot_msgs/include/dobot_msgs/dobot_msgs/msg/rosidl_typesupport_introspection_c__visibility_control.h
[2.069s] -- Up-to-date symlink: /home/bbcontact/magician_ros2/install/dobot_msgs/include/dobot_msgs/dobot_msgs/srv/detail/evaluate_ptp_trajectory__rosidl_typesupport_introspection_c.h
[2.071s] -- Up-to-date symlink: /home/bbcontact/magician_ros2/install/dobot_msgs/include/dobot_msgs/dobot_msgs/srv/detail/execute_homing_procedure__rosidl_typesupport_introspection_c.h
[2.071s] -- Up-to-date symlink: /home/bbcontact/magician_ros2/install/dobot_msgs/include/dobot_msgs/dobot_msgs/srv/detail/gripper_control__rosidl_typesupport_introspection_c.h
[2.073s] -- Up-to-date symlink: /home/bbcontact/magician_ros2/install/dobot_msgs/include/dobot_msgs/dobot_msgs/srv/detail/suction_cup_control__rosidl_typesupport_introspection_c.h
[2.077s] -- Up-to-date symlink: /home/bbcontact/magician_ros2/install/dobot_msgs/include/dobot_msgs/dobot_msgs/action/detail/point_to_point__builder.hpp
[2.078s] -- Up-to-date symlink: /home/bbcontact/magician_ros2/install/dobot_msgs/include/dobot_msgs/dobot_msgs/action/detail/point_to_point__struct.hpp
[2.078s] -- Up-to-date symlink: /home/bbcontact/magician_ros2/install/dobot_msgs/include/dobot_msgs/dobot_msgs/action/detail/point_to_point__traits.hpp
[2.078s] -- Up-to-date symlink: /home/bbcontact/magician_ros2/install/dobot_msgs/include/dobot_msgs/dobot_msgs/action/detail/point_to_point__type_support.hpp
[2.079s] -- Up-to-date symlink: /home/bbcontact/magician_ros2/install/dobot_msgs/include/dobot_msgs/dobot_msgs/action/detail/sliding_rail__builder.hpp
[2.079s] -- Up-to-date symlink: /home/bbcontact/magician_ros2/install/dobot_msgs/include/dobot_msgs/dobot_msgs/action/detail/sliding_rail__struct.hpp
[2.081s] -- Up-to-date symlink: /home/bbcontact/magician_ros2/install/dobot_msgs/include/dobot_msgs/dobot_msgs/action/detail/sliding_rail__traits.hpp
[2.081s] -- Up-to-date symlink: /home/bbcontact/magician_ros2/install/dobot_msgs/include/dobot_msgs/dobot_msgs/action/detail/sliding_rail__type_support.hpp
[2.083s] -- Up-to-date symlink: /home/bbcontact/magician_ros2/install/dobot_msgs/include/dobot_msgs/dobot_msgs/action/point_to_point.hpp
[2.085s] -- Up-to-date symlink: /home/bbcontact/magician_ros2/install/dobot_msgs/include/dobot_msgs/dobot_msgs/action/sliding_rail.hpp
[2.086s] -- Up-to-date symlink: /home/bbcontact/magician_ros2/install/dobot_msgs/include/dobot_msgs/dobot_msgs/msg/circle_target.hpp
[2.086s] -- Up-to-date symlink: /home/bbcontact/magician_ros2/install/dobot_msgs/include/dobot_msgs/dobot_msgs/msg/circle_target_array.hpp
[2.086s] -- Up-to-date symlink: /home/bbcontact/magician_ros2/install/dobot_msgs/include/dobot_msgs/dobot_msgs/msg/detail/circle_target__builder.hpp
[2.087s] -- Up-to-date symlink: /home/bbcontact/magician_ros2/install/dobot_msgs/include/dobot_msgs/dobot_msgs/msg/detail/circle_target__struct.hpp
[2.087s] -- Up-to-date symlink: /home/bbcontact/magician_ros2/install/dobot_msgs/include/dobot_msgs/dobot_msgs/msg/detail/circle_target__traits.hpp
[2.087s] -- Up-to-date symlink: /home/bbcontact/magician_ros2/install/dobot_msgs/include/dobot_msgs/dobot_msgs/msg/detail/circle_target__type_support.hpp
[2.088s] -- Up-to-date symlink: /home/bbcontact/magician_ros2/install/dobot_msgs/include/dobot_msgs/dobot_msgs/msg/detail/circle_target_array__builder.hpp
[2.088s] -- Up-to-date symlink: /home/bbcontact/magician_ros2/install/dobot_msgs/include/dobot_msgs/dobot_msgs/msg/detail/circle_target_array__struct.hpp
[2.090s] -- Up-to-date symlink: /home/bbcontact/magician_ros2/install/dobot_msgs/include/dobot_msgs/dobot_msgs/msg/detail/circle_target_array__traits.hpp
[2.090s] -- Up-to-date symlink: /home/bbcontact/magician_ros2/install/dobot_msgs/include/dobot_msgs/dobot_msgs/msg/detail/circle_target_array__type_support.hpp
[2.091s] -- Up-to-date symlink: /home/bbcontact/magician_ros2/install/dobot_msgs/include/dobot_msgs/dobot_msgs/msg/detail/dobot_alarm_codes__builder.hpp
[2.091s] -- Up-to-date symlink: /home/bbcontact/magician_ros2/install/dobot_msgs/include/dobot_msgs/dobot_msgs/msg/detail/dobot_alarm_codes__struct.hpp
[2.091s] -- Up-to-date symlink: /home/bbcontact/magician_ros2/install/dobot_msgs/include/dobot_msgs/dobot_msgs/msg/detail/dobot_alarm_codes__traits.hpp
[2.091s] -- Up-to-date symlink: /home/bbcontact/magician_ros2/install/dobot_msgs/include/dobot_msgs/dobot_msgs/msg/detail/dobot_alarm_codes__type_support.hpp
[2.092s] -- Up-to-date symlink: /home/bbcontact/magician_ros2/install/dobot_msgs/include/dobot_msgs/dobot_msgs/msg/detail/gripper_status__builder.hpp
[2.092s] -- Up-to-date symlink: /home/bbcontact/magician_ros2/install/dobot_msgs/include/dobot_msgs/dobot_msgs/msg/detail/gripper_status__struct.hpp
[2.093s] -- Up-to-date symlink: /home/bbcontact/magician_ros2/install/dobot_msgs/include/dobot_msgs/dobot_msgs/msg/detail/gripper_status__traits.hpp
[2.093s] -- Up-to-date symlink: /home/bbcontact/magician_ros2/install/dobot_msgs/include/dobot_msgs/dobot_msgs/msg/detail/gripper_status__type_support.hpp
[2.093s] -- Up-to-date symlink: /home/bbcontact/magician_ros2/install/dobot_msgs/include/dobot_msgs/dobot_msgs/msg/dobot_alarm_codes.hpp
[2.095s] -- Up-to-date symlink: /home/bbcontact/magician_ros2/install/dobot_msgs/include/dobot_msgs/dobot_msgs/msg/gripper_status.hpp
[2.096s] -- Up-to-date symlink: /home/bbcontact/magician_ros2/install/dobot_msgs/include/dobot_msgs/dobot_msgs/msg/rosidl_generator_cpp__visibility_control.hpp
[2.096s] -- Up-to-date symlink: /home/bbcontact/magician_ros2/install/dobot_msgs/include/dobot_msgs/dobot_msgs/srv/detail/evaluate_ptp_trajectory__builder.hpp
[2.097s] -- Up-to-date symlink: /home/bbcontact/magician_ros2/install/dobot_msgs/include/dobot_msgs/dobot_msgs/srv/detail/evaluate_ptp_trajectory__struct.hpp
[2.098s] -- Up-to-date symlink: /home/bbcontact/magician_ros2/install/dobot_msgs/include/dobot_msgs/dobot_msgs/srv/detail/evaluate_ptp_trajectory__traits.hpp
[2.098s] -- Up-to-date symlink: /home/bbcontact/magician_ros2/install/dobot_msgs/include/dobot_msgs/dobot_msgs/srv/detail/evaluate_ptp_trajectory__type_support.hpp
[2.099s] -- Up-to-date symlink: /home/bbcontact/magician_ros2/install/dobot_msgs/include/dobot_msgs/dobot_msgs/srv/detail/execute_homing_procedure__builder.hpp
[2.100s] -- Up-to-date symlink: /home/bbcontact/magician_ros2/install/dobot_msgs/include/dobot_msgs/dobot_msgs/srv/detail/execute_homing_procedure__struct.hpp
[2.100s] -- Up-to-date symlink: /home/bbcontact/magician_ros2/install/dobot_msgs/include/dobot_msgs/dobot_msgs/srv/detail/execute_homing_procedure__traits.hpp
[2.100s] -- Up-to-date symlink: /home/bbcontact/magician_ros2/install/dobot_msgs/include/dobot_msgs/dobot_msgs/srv/detail/execute_homing_procedure__type_support.hpp
[2.101s] -- Up-to-date symlink: /home/bbcontact/magician_ros2/install/dobot_msgs/include/dobot_msgs/dobot_msgs/srv/detail/gripper_control__builder.hpp
[2.101s] -- Up-to-date symlink: /home/bbcontact/magician_ros2/install/dobot_msgs/include/dobot_msgs/dobot_msgs/srv/detail/gripper_control__struct.hpp
[2.102s] -- Up-to-date symlink: /home/bbcontact/magician_ros2/install/dobot_msgs/include/dobot_msgs/dobot_msgs/srv/detail/gripper_control__traits.hpp
[2.102s] -- Up-to-date symlink: /home/bbcontact/magician_ros2/install/dobot_msgs/include/dobot_msgs/dobot_msgs/srv/detail/gripper_control__type_support.hpp
[2.103s] -- Up-to-date symlink: /home/bbcontact/magician_ros2/install/dobot_msgs/include/dobot_msgs/dobot_msgs/srv/detail/suction_cup_control__builder.hpp
[2.104s] -- Up-to-date symlink: /home/bbcontact/magician_ros2/install/dobot_msgs/include/dobot_msgs/dobot_msgs/srv/detail/suction_cup_control__struct.hpp
[2.104s] -- Up-to-date symlink: /home/bbcontact/magician_ros2/install/dobot_msgs/include/dobot_msgs/dobot_msgs/srv/detail/suction_cup_control__traits.hpp
[2.104s] -- Up-to-date symlink: /home/bbcontact/magician_ros2/install/dobot_msgs/include/dobot_msgs/dobot_msgs/srv/detail/suction_cup_control__type_support.hpp
[2.105s] -- Up-to-date symlink: /home/bbcontact/magician_ros2/install/dobot_msgs/include/dobot_msgs/dobot_msgs/srv/evaluate_ptp_trajectory.hpp
[2.105s] -- Up-to-date symlink: /home/bbcontact/magician_ros2/install/dobot_msgs/include/dobot_msgs/dobot_msgs/srv/execute_homing_procedure.hpp
[2.105s] -- Up-to-date symlink: /home/bbcontact/magician_ros2/install/dobot_msgs/include/dobot_msgs/dobot_msgs/srv/gripper_control.hpp
[2.106s] -- Up-to-date symlink: /home/bbcontact/magician_ros2/install/dobot_msgs/include/dobot_msgs/dobot_msgs/srv/suction_cup_control.hpp
[2.106s] -- Up-to-date symlink: /home/bbcontact/magician_ros2/install/dobot_msgs/include/dobot_msgs/dobot_msgs/action/detail/point_to_point__rosidl_typesupport_fastrtps_cpp.hpp
[2.106s] -- Up-to-date symlink: /home/bbcontact/magician_ros2/install/dobot_msgs/include/dobot_msgs/dobot_msgs/action/detail/sliding_rail__rosidl_typesupport_fastrtps_cpp.hpp
[2.107s] -- Up-to-date symlink: /home/bbcontact/magician_ros2/install/dobot_msgs/include/dobot_msgs/dobot_msgs/msg/detail/circle_target__rosidl_typesupport_fastrtps_cpp.hpp
[2.107s] -- Up-to-date symlink: /home/bbcontact/magician_ros2/install/dobot_msgs/include/dobot_msgs/dobot_msgs/msg/detail/circle_target_array__rosidl_typesupport_fastrtps_cpp.hpp
[2.107s] -- Up-to-date symlink: /home/bbcontact/magician_ros2/install/dobot_msgs/include/dobot_msgs/dobot_msgs/msg/detail/dobot_alarm_codes__rosidl_typesupport_fastrtps_cpp.hpp
[2.109s] -- Up-to-date symlink: /home/bbcontact/magician_ros2/install/dobot_msgs/include/dobot_msgs/dobot_msgs/msg/detail/gripper_status__rosidl_typesupport_fastrtps_cpp.hpp
[2.110s] -- Up-to-date symlink: /home/bbcontact/magician_ros2/install/dobot_msgs/include/dobot_msgs/dobot_msgs/msg/rosidl_typesupport_fastrtps_cpp__visibility_control.h
[2.110s] -- Up-to-date symlink: /home/bbcontact/magician_ros2/install/dobot_msgs/include/dobot_msgs/dobot_msgs/srv/detail/evaluate_ptp_trajectory__rosidl_typesupport_fastrtps_cpp.hpp
[2.110s] -- Up-to-date symlink: /home/bbcontact/magician_ros2/install/dobot_msgs/include/dobot_msgs/dobot_msgs/srv/detail/execute_homing_procedure__rosidl_typesupport_fastrtps_cpp.hpp
[2.111s] -- Up-to-date symlink: /home/bbcontact/magician_ros2/install/dobot_msgs/include/dobot_msgs/dobot_msgs/srv/detail/gripper_control__rosidl_typesupport_fastrtps_cpp.hpp
[2.111s] -- Up-to-date symlink: /home/bbcontact/magician_ros2/install/dobot_msgs/include/dobot_msgs/dobot_msgs/srv/detail/suction_cup_control__rosidl_typesupport_fastrtps_cpp.hpp
[2.111s] -- Up-to-date symlink: /home/bbcontact/magician_ros2/install/dobot_msgs/include/dobot_msgs/dobot_msgs/action/detail/point_to_point__rosidl_typesupport_introspection_cpp.hpp
[2.112s] -- Up-to-date symlink: /home/bbcontact/magician_ros2/install/dobot_msgs/include/dobot_msgs/dobot_msgs/action/detail/sliding_rail__rosidl_typesupport_introspection_cpp.hpp
[2.112s] -- Up-to-date symlink: /home/bbcontact/magician_ros2/install/dobot_msgs/include/dobot_msgs/dobot_msgs/msg/detail/circle_target__rosidl_typesupport_introspection_cpp.hpp
[2.112s] -- Up-to-date symlink: /home/bbcontact/magician_ros2/install/dobot_msgs/include/dobot_msgs/dobot_msgs/msg/detail/circle_target_array__rosidl_typesupport_introspection_cpp.hpp
[2.113s] -- Up-to-date symlink: /home/bbcontact/magician_ros2/install/dobot_msgs/include/dobot_msgs/dobot_msgs/msg/detail/dobot_alarm_codes__rosidl_typesupport_introspection_cpp.hpp
[2.113s] -- Up-to-date symlink: /home/bbcontact/magician_ros2/install/dobot_msgs/include/dobot_msgs/dobot_msgs/msg/detail/gripper_status__rosidl_typesupport_introspection_cpp.hpp
[2.113s] -- Up-to-date symlink: /home/bbcontact/magician_ros2/install/dobot_msgs/include/dobot_msgs/dobot_msgs/srv/detail/evaluate_ptp_trajectory__rosidl_typesupport_introspection_cpp.hpp
[2.114s] -- Up-to-date symlink: /home/bbcontact/magician_ros2/install/dobot_msgs/include/dobot_msgs/dobot_msgs/srv/detail/execute_homing_procedure__rosidl_typesupport_introspection_cpp.hpp
[2.114s] -- Up-to-date symlink: /home/bbcontact/magician_ros2/install/dobot_msgs/include/dobot_msgs/dobot_msgs/srv/detail/gripper_control__rosidl_typesupport_introspection_cpp.hpp
[2.115s] -- Up-to-date symlink: /home/bbcontact/magician_ros2/install/dobot_msgs/include/dobot_msgs/dobot_msgs/srv/detail/suction_cup_control__rosidl_typesupport_introspection_cpp.hpp
[2.115s] -- Up-to-date symlink: /home/bbcontact/magician_ros2/install/dobot_msgs/share/dobot_msgs/environment/pythonpath.sh
[2.115s] -- Up-to-date symlink: /home/bbcontact/magician_ros2/install/dobot_msgs/share/dobot_msgs/environment/pythonpath.dsv
[2.137s] -- Up-to-date symlink: /home/bbcontact/magician_ros2/install/dobot_msgs/lib/python3.12/site-packages/dobot_msgs-1.0.0-py3.12.egg-info/PKG-INFO
[2.138s] -- Up-to-date symlink: /home/bbcontact/magician_ros2/install/dobot_msgs/lib/python3.12/site-packages/dobot_msgs-1.0.0-py3.12.egg-info/SOURCES.txt
[2.144s] -- Up-to-date symlink: /home/bbcontact/magician_ros2/install/dobot_msgs/lib/python3.12/site-packages/dobot_msgs-1.0.0-py3.12.egg-info/dependency_links.txt
[2.144s] -- Up-to-date symlink: /home/bbcontact/magician_ros2/install/dobot_msgs/lib/python3.12/site-packages/dobot_msgs-1.0.0-py3.12.egg-info/top_level.txt
[2.147s] -- Up-to-date symlink: /home/bbcontact/magician_ros2/install/dobot_msgs/lib/python3.12/site-packages/dobot_msgs/__init__.py
[2.148s] -- Up-to-date symlink: /home/bbcontact/magician_ros2/install/dobot_msgs/lib/python3.12/site-packages/dobot_msgs/_dobot_msgs_s.ep.rosidl_typesupport_c.c
[2.150s] -- Up-to-date symlink: /home/bbcontact/magician_ros2/install/dobot_msgs/lib/python3.12/site-packages/dobot_msgs/_dobot_msgs_s.ep.rosidl_typesupport_fastrtps_c.c
[2.150s] -- Up-to-date symlink: /home/bbcontact/magician_ros2/install/dobot_msgs/lib/python3.12/site-packages/dobot_msgs/_dobot_msgs_s.ep.rosidl_typesupport_introspection_c.c
[2.152s] -- Up-to-date symlink: /home/bbcontact/magician_ros2/install/dobot_msgs/lib/python3.12/site-packages/dobot_msgs/action/__init__.py
[2.156s] -- Up-to-date symlink: /home/bbcontact/magician_ros2/install/dobot_msgs/lib/python3.12/site-packages/dobot_msgs/action/_point_to_point.py
[2.157s] -- Up-to-date symlink: /home/bbcontact/magician_ros2/install/dobot_msgs/lib/python3.12/site-packages/dobot_msgs/action/_point_to_point_s.c
[2.158s] -- Up-to-date symlink: /home/bbcontact/magician_ros2/install/dobot_msgs/lib/python3.12/site-packages/dobot_msgs/action/_sliding_rail.py
[2.159s] -- Up-to-date symlink: /home/bbcontact/magician_ros2/install/dobot_msgs/lib/python3.12/site-packages/dobot_msgs/action/_sliding_rail_s.c
[2.160s] -- Up-to-date symlink: /home/bbcontact/magician_ros2/install/dobot_msgs/lib/python3.12/site-packages/dobot_msgs/dobot_msgs_s__rosidl_typesupport_c.so
[2.161s] -- Up-to-date symlink: /home/bbcontact/magician_ros2/install/dobot_msgs/lib/python3.12/site-packages/dobot_msgs/dobot_msgs_s__rosidl_typesupport_fastrtps_c.so
[2.162s] -- Up-to-date symlink: /home/bbcontact/magician_ros2/install/dobot_msgs/lib/python3.12/site-packages/dobot_msgs/dobot_msgs_s__rosidl_typesupport_introspection_c.so
[2.163s] -- Up-to-date symlink: /home/bbcontact/magician_ros2/install/dobot_msgs/lib/python3.12/site-packages/dobot_msgs/msg/__init__.py
[2.165s] -- Up-to-date symlink: /home/bbcontact/magician_ros2/install/dobot_msgs/lib/python3.12/site-packages/dobot_msgs/msg/_circle_target.py
[2.166s] -- Up-to-date symlink: /home/bbcontact/magician_ros2/install/dobot_msgs/lib/python3.12/site-packages/dobot_msgs/msg/_circle_target_array.py
[2.167s] -- Up-to-date symlink: /home/bbcontact/magician_ros2/install/dobot_msgs/lib/python3.12/site-packages/dobot_msgs/msg/_circle_target_array_s.c
[2.169s] -- Up-to-date symlink: /home/bbcontact/magician_ros2/install/dobot_msgs/lib/python3.12/site-packages/dobot_msgs/msg/_circle_target_s.c
[2.170s] -- Up-to-date symlink: /home/bbcontact/magician_ros2/install/dobot_msgs/lib/python3.12/site-packages/dobot_msgs/msg/_dobot_alarm_codes.py
[2.170s] -- Up-to-date symlink: /home/bbcontact/magician_ros2/install/dobot_msgs/lib/python3.12/site-packages/dobot_msgs/msg/_dobot_alarm_codes_s.c
[2.171s] -- Up-to-date symlink: /home/bbcontact/magician_ros2/install/dobot_msgs/lib/python3.12/site-packages/dobot_msgs/msg/_gripper_status.py
[2.173s] -- Up-to-date symlink: /home/bbcontact/magician_ros2/install/dobot_msgs/lib/python3.12/site-packages/dobot_msgs/msg/_gripper_status_s.c
[2.174s] -- Up-to-date symlink: /home/bbcontact/magician_ros2/install/dobot_msgs/lib/python3.12/site-packages/dobot_msgs/srv/__init__.py
[2.174s] -- Up-to-date symlink: /home/bbcontact/magician_ros2/install/dobot_msgs/lib/python3.12/site-packages/dobot_msgs/srv/_evaluate_ptp_trajectory.py
[2.175s] -- Up-to-date symlink: /home/bbcontact/magician_ros2/install/dobot_msgs/lib/python3.12/site-packages/dobot_msgs/srv/_evaluate_ptp_trajectory_s.c
[2.176s] -- Up-to-date symlink: /home/bbcontact/magician_ros2/install/dobot_msgs/lib/python3.12/site-packages/dobot_msgs/srv/_execute_homing_procedure.py
[2.176s] -- Up-to-date symlink: /home/bbcontact/magician_ros2/install/dobot_msgs/lib/python3.12/site-packages/dobot_msgs/srv/_execute_homing_procedure_s.c
[2.177s] -- Up-to-date symlink: /home/bbcontact/magician_ros2/install/dobot_msgs/lib/python3.12/site-packages/dobot_msgs/srv/_gripper_control.py
[2.177s] -- Up-to-date symlink: /home/bbcontact/magician_ros2/install/dobot_msgs/lib/python3.12/site-packages/dobot_msgs/srv/_gripper_control_s.c
[2.178s] -- Up-to-date symlink: /home/bbcontact/magician_ros2/install/dobot_msgs/lib/python3.12/site-packages/dobot_msgs/srv/_suction_cup_control.py
[2.178s] -- Up-to-date symlink: /home/bbcontact/magician_ros2/install/dobot_msgs/lib/python3.12/site-packages/dobot_msgs/srv/_suction_cup_control_s.c
[2.179s] -- Up-to-date symlink: /home/bbcontact/magician_ros2/install/dobot_msgs/lib/python3.12/site-packages/dobot_msgs/dobot_msgs_s__rosidl_typesupport_fastrtps_c.so
[2.180s] -- Up-to-date symlink: /home/bbcontact/magician_ros2/install/dobot_msgs/lib/python3.12/site-packages/dobot_msgs/dobot_msgs_s__rosidl_typesupport_introspection_c.so
[2.180s] -- Up-to-date symlink: /home/bbcontact/magician_ros2/install/dobot_msgs/lib/python3.12/site-packages/dobot_msgs/dobot_msgs_s__rosidl_typesupport_c.so
[2.181s] -- Up-to-date symlink: /home/bbcontact/magician_ros2/install/dobot_msgs/share/dobot_msgs/rust/Cargo.toml
[2.182s] -- Up-to-date symlink: /home/bbcontact/magician_ros2/install/dobot_msgs/share/dobot_msgs/rust/build.rs
[2.182s] -- Up-to-date symlink: /home/bbcontact/magician_ros2/install/dobot_msgs/share/dobot_msgs/rust/src/action.rs
[2.183s] -- Up-to-date symlink: /home/bbcontact/magician_ros2/install/dobot_msgs/share/dobot_msgs/rust/src/action/rmw.rs
[2.184s] -- Up-to-date symlink: /home/bbcontact/magician_ros2/install/dobot_msgs/share/dobot_msgs/rust/src/lib.rs
[2.184s] -- Up-to-date symlink: /home/bbcontact/magician_ros2/install/dobot_msgs/share/dobot_msgs/rust/src/msg.rs
[2.185s] -- Up-to-date symlink: /home/bbcontact/magician_ros2/install/dobot_msgs/share/dobot_msgs/rust/src/msg/rmw.rs
[2.185s] -- Up-to-date symlink: /home/bbcontact/magician_ros2/install/dobot_msgs/share/dobot_msgs/rust/src/srv.rs
[2.186s] -- Up-to-date symlink: /home/bbcontact/magician_ros2/install/dobot_msgs/share/dobot_msgs/rust/src/srv/rmw.rs
[2.186s] -- Up-to-date symlink: /home/bbcontact/magician_ros2/install/dobot_msgs/share/dobot_msgs/action/PointToPoint.idl
[2.187s] -- Up-to-date symlink: /home/bbcontact/magician_ros2/install/dobot_msgs/share/dobot_msgs/action/SlidingRail.idl
[2.187s] -- Up-to-date symlink: /home/bbcontact/magician_ros2/install/dobot_msgs/share/dobot_msgs/msg/DobotAlarmCodes.idl
[2.188s] -- Up-to-date symlink: /home/bbcontact/magician_ros2/install/dobot_msgs/share/dobot_msgs/msg/GripperStatus.idl
[2.189s] -- Up-to-date symlink: /home/bbcontact/magician_ros2/install/dobot_msgs/share/dobot_msgs/msg/CircleTarget.idl
[2.189s] -- Up-to-date symlink: /home/bbcontact/magician_ros2/install/dobot_msgs/share/dobot_msgs/msg/CircleTargetArray.idl
[2.190s] -- Up-to-date symlink: /home/bbcontact/magician_ros2/install/dobot_msgs/share/dobot_msgs/srv/EvaluatePTPTrajectory.idl
[2.190s] -- Up-to-date symlink: /home/bbcontact/magician_ros2/install/dobot_msgs/share/dobot_msgs/srv/ExecuteHomingProcedure.idl
[2.192s] -- Up-to-date symlink: /home/bbcontact/magician_ros2/install/dobot_msgs/share/dobot_msgs/srv/GripperControl.idl
[2.192s] -- Up-to-date symlink: /home/bbcontact/magician_ros2/install/dobot_msgs/share/dobot_msgs/srv/SuctionCupControl.idl
[2.193s] -- Up-to-date symlink: /home/bbcontact/magician_ros2/install/dobot_msgs/share/dobot_msgs/action/PointToPoint.action
[2.194s] -- Up-to-date symlink: /home/bbcontact/magician_ros2/install/dobot_msgs/share/dobot_msgs/action/SlidingRail.action
[2.195s] -- Up-to-date symlink: /home/bbcontact/magician_ros2/install/dobot_msgs/share/dobot_msgs/msg/DobotAlarmCodes.msg
[2.196s] -- Up-to-date symlink: /home/bbcontact/magician_ros2/install/dobot_msgs/share/dobot_msgs/msg/GripperStatus.msg
[2.196s] -- Up-to-date symlink: /home/bbcontact/magician_ros2/install/dobot_msgs/share/dobot_msgs/msg/CircleTarget.msg
[2.198s] -- Up-to-date symlink: /home/bbcontact/magician_ros2/install/dobot_msgs/share/dobot_msgs/msg/CircleTargetArray.msg
[2.198s] -- Up-to-date symlink: /home/bbcontact/magician_ros2/install/dobot_msgs/share/dobot_msgs/srv/EvaluatePTPTrajectory.srv
[2.199s] -- Up-to-date symlink: /home/bbcontact/magician_ros2/install/dobot_msgs/share/dobot_msgs/srv/ExecuteHomingProcedure.srv
[2.199s] -- Up-to-date symlink: /home/bbcontact/magician_ros2/install/dobot_msgs/share/dobot_msgs/srv/GripperControl.srv
[2.200s] -- Up-to-date symlink: /home/bbcontact/magician_ros2/install/dobot_msgs/share/dobot_msgs/srv/SuctionCupControl.srv
[2.201s] -- Up-to-date symlink: /home/bbcontact/magician_ros2/install/dobot_msgs/share/ament_index/resource_index/package_run_dependencies/dobot_msgs
[2.201s] -- Up-to-date symlink: /home/bbcontact/magician_ros2/install/dobot_msgs/share/ament_index/resource_index/parent_prefix_path/dobot_msgs
[2.204s] -- Up-to-date symlink: /home/bbcontact/magician_ros2/install/dobot_msgs/share/dobot_msgs/environment/ament_prefix_path.sh
[2.205s] -- Up-to-date symlink: /home/bbcontact/magician_ros2/install/dobot_msgs/share/dobot_msgs/environment/ament_prefix_path.dsv
[2.206s] -- Up-to-date symlink: /home/bbcontact/magician_ros2/install/dobot_msgs/share/dobot_msgs/environment/path.sh
[2.206s] -- Up-to-date symlink: /home/bbcontact/magician_ros2/install/dobot_msgs/share/dobot_msgs/environment/path.dsv
[2.207s] -- Up-to-date symlink: /home/bbcontact/magician_ros2/install/dobot_msgs/share/dobot_msgs/local_setup.bash
[2.207s] -- Up-to-date symlink: /home/bbcontact/magician_ros2/install/dobot_msgs/share/dobot_msgs/local_setup.sh
[2.214s] -- Up-to-date symlink: /home/bbcontact/magician_ros2/install/dobot_msgs/share/dobot_msgs/local_setup.zsh
[2.214s] -- Up-to-date symlink: /home/bbcontact/magician_ros2/install/dobot_msgs/share/dobot_msgs/local_setup.dsv
[2.215s] -- Symlinking: /home/bbcontact/magician_ros2/install/dobot_msgs/share/dobot_msgs/package.dsv
[2.243s] -- Up-to-date symlink: /home/bbcontact/magician_ros2/install/dobot_msgs/share/ament_index/resource_index/packages/dobot_msgs
[2.244s] -- Up-to-date symlink: /home/bbcontact/magician_ros2/install/dobot_msgs/share/dobot_msgs/cmake/rosidl_cmake-extras.cmake
[2.244s] -- Up-to-date symlink: /home/bbcontact/magician_ros2/install/dobot_msgs/share/dobot_msgs/cmake/ament_cmake_export_dependencies-extras.cmake
[2.244s] -- Up-to-date symlink: /home/bbcontact/magician_ros2/install/dobot_msgs/share/dobot_msgs/cmake/ament_cmake_export_include_directories-extras.cmake
[2.244s] -- Up-to-date symlink: /home/bbcontact/magician_ros2/install/dobot_msgs/share/dobot_msgs/cmake/ament_cmake_export_libraries-extras.cmake
[2.245s] -- Up-to-date symlink: /home/bbcontact/magician_ros2/install/dobot_msgs/share/dobot_msgs/cmake/ament_cmake_export_targets-extras.cmake
[2.245s] -- Up-to-date symlink: /home/bbcontact/magician_ros2/install/dobot_msgs/share/dobot_msgs/cmake/rosidl_cmake_export_typesupport_targets-extras.cmake
[2.245s] -- Up-to-date symlink: /home/bbcontact/magician_ros2/install/dobot_msgs/share/dobot_msgs/cmake/rosidl_cmake_export_typesupport_libraries-extras.cmake
[2.245s] -- Up-to-date symlink: /home/bbcontact/magician_ros2/install/dobot_msgs/share/dobot_msgs/cmake/rosidl_cmake_aggregate_target-extras.cmake
[2.245s] -- Up-to-date symlink: /home/bbcontact/magician_ros2/install/dobot_msgs/share/dobot_msgs/cmake/dobot_msgsConfig.cmake
[2.246s] -- Up-to-date symlink: /home/bbcontact/magician_ros2/install/dobot_msgs/share/dobot_msgs/cmake/dobot_msgsConfig-version.cmake
[2.246s] -- Up-to-date symlink: /home/bbcontact/magician_ros2/install/dobot_msgs/share/dobot_msgs/package.xml
[2.246s] -- Up-to-date: /home/bbcontact/magician_ros2/install/dobot_msgs/lib/libdobot_msgs__rosidl_generator_c.so
[2.246s] -- Up-to-date: /home/bbcontact/magician_ros2/install/dobot_msgs/lib/libdobot_msgs__rosidl_typesupport_fastrtps_c.so
[2.247s] -- Up-to-date: /home/bbcontact/magician_ros2/install/dobot_msgs/lib/libdobot_msgs__rosidl_typesupport_introspection_c.so
[2.247s] -- Up-to-date: /home/bbcontact/magician_ros2/install/dobot_msgs/lib/libdobot_msgs__rosidl_typesupport_c.so
[2.247s] -- Up-to-date: /home/bbcontact/magician_ros2/install/dobot_msgs/lib/libdobot_msgs__rosidl_typesupport_fastrtps_cpp.so
[2.247s] -- Up-to-date: /home/bbcontact/magician_ros2/install/dobot_msgs/lib/libdobot_msgs__rosidl_typesupport_introspection_cpp.so
[2.248s] -- Up-to-date: /home/bbcontact/magician_ros2/install/dobot_msgs/lib/libdobot_msgs__rosidl_typesupport_cpp.so
[2.260s] Listing '/home/bbcontact/magician_ros2/install/dobot_msgs/lib/python3.12/site-packages/dobot_msgs'...
[2.260s] Listing '/home/bbcontact/magician_ros2/install/dobot_msgs/lib/python3.12/site-packages/dobot_msgs/action'...
[2.260s] Listing '/home/bbcontact/magician_ros2/install/dobot_msgs/lib/python3.12/site-packages/dobot_msgs/msg'...
[2.261s] Listing '/home/bbcontact/magician_ros2/install/dobot_msgs/lib/python3.12/site-packages/dobot_msgs/srv'...
[2.273s] -- Up-to-date: /home/bbcontact/magician_ros2/install/dobot_msgs/lib/libdobot_msgs__rosidl_generator_py.so
[2.274s] -- Up-to-date: /home/bbcontact/magician_ros2/install/dobot_msgs/share/dobot_msgs/cmake/export_dobot_msgs__rosidl_generator_cExport.cmake
[2.274s] -- Up-to-date: /home/bbcontact/magician_ros2/install/dobot_msgs/share/dobot_msgs/cmake/export_dobot_msgs__rosidl_generator_cExport-noconfig.cmake
[2.275s] -- Up-to-date: /home/bbcontact/magician_ros2/install/dobot_msgs/share/dobot_msgs/cmake/export_dobot_msgs__rosidl_typesupport_fastrtps_cExport.cmake
[2.275s] -- Up-to-date: /home/bbcontact/magician_ros2/install/dobot_msgs/share/dobot_msgs/cmake/export_dobot_msgs__rosidl_typesupport_fastrtps_cExport-noconfig.cmake
[2.275s] -- Up-to-date: /home/bbcontact/magician_ros2/install/dobot_msgs/share/dobot_msgs/cmake/dobot_msgs__rosidl_typesupport_introspection_cExport.cmake
[2.276s] -- Up-to-date: /home/bbcontact/magician_ros2/install/dobot_msgs/share/dobot_msgs/cmake/dobot_msgs__rosidl_typesupport_introspection_cExport-noconfig.cmake
[2.276s] -- Up-to-date: /home/bbcontact/magician_ros2/install/dobot_msgs/share/dobot_msgs/cmake/dobot_msgs__rosidl_typesupport_cExport.cmake
[2.277s] -- Up-to-date: /home/bbcontact/magician_ros2/install/dobot_msgs/share/dobot_msgs/cmake/dobot_msgs__rosidl_typesupport_cExport-noconfig.cmake
[2.278s] -- Up-to-date: /home/bbcontact/magician_ros2/install/dobot_msgs/share/dobot_msgs/cmake/export_dobot_msgs__rosidl_generator_cppExport.cmake
[2.278s] -- Up-to-date: /home/bbcontact/magician_ros2/install/dobot_msgs/share/dobot_msgs/cmake/export_dobot_msgs__rosidl_typesupport_fastrtps_cppExport.cmake
[2.278s] -- Up-to-date: /home/bbcontact/magician_ros2/install/dobot_msgs/share/dobot_msgs/cmake/export_dobot_msgs__rosidl_typesupport_fastrtps_cppExport-noconfig.cmake
[2.279s] -- Up-to-date: /home/bbcontact/magician_ros2/install/dobot_msgs/share/dobot_msgs/cmake/dobot_msgs__rosidl_typesupport_introspection_cppExport.cmake
[2.279s] -- Up-to-date: /home/bbcontact/magician_ros2/install/dobot_msgs/share/dobot_msgs/cmake/dobot_msgs__rosidl_typesupport_introspection_cppExport-noconfig.cmake
[2.279s] -- Up-to-date: /home/bbcontact/magician_ros2/install/dobot_msgs/share/dobot_msgs/cmake/dobot_msgs__rosidl_typesupport_cppExport.cmake
[2.279s] -- Up-to-date: /home/bbcontact/magician_ros2/install/dobot_msgs/share/dobot_msgs/cmake/dobot_msgs__rosidl_typesupport_cppExport-noconfig.cmake
[2.280s] -- Up-to-date: /home/bbcontact/magician_ros2/install/dobot_msgs/share/dobot_msgs/cmake/export_dobot_msgs__rosidl_generator_pyExport.cmake
[2.280s] -- Up-to-date: /home/bbcontact/magician_ros2/install/dobot_msgs/share/dobot_msgs/cmake/export_dobot_msgs__rosidl_generator_pyExport-noconfig.cmake
[2.282s] Invoked command in '/home/bbcontact/magician_ros2/build/dobot_msgs' returned '0': CMAKE_PREFIX_PATH=${CMAKE_PREFIX_PATH}:/opt/ros/jazzy DEBUGINFOD_URLS=https://debuginfod.ubuntu.com /usr/bin/cmake --install /home/bbcontact/magician_ros2/build/dobot_msgs
