/home/bbcontact/magician_ros2/install/dobot_web_interface/lib/python3.12/site-packages/dobot_web_interface/calibration_guide.py
/home/bbcontact/magician_ros2/install/dobot_web_interface/lib/python3.12/site-packages/dobot_web_interface/__init__.py
/home/bbcontact/magician_ros2/install/dobot_web_interface/lib/python3.12/site-packages/dobot_web_interface/calibration_capture.py
/home/bbcontact/magician_ros2/install/dobot_web_interface/lib/python3.12/site-packages/dobot_web_interface/calibration_print.py
/home/bbcontact/magician_ros2/install/dobot_web_interface/lib/python3.12/site-packages/dobot_web_interface/operation_workflow.py
/home/bbcontact/magician_ros2/install/dobot_web_interface/lib/python3.12/site-packages/dobot_web_interface/web_interface.py
/home/bbcontact/magician_ros2/install/dobot_web_interface/lib/python3.12/site-packages/dobot_web_interface/static/index.html
/home/bbcontact/magician_ros2/install/dobot_web_interface/lib/python3.12/site-packages/dobot_web_interface/static/app.js
/home/bbcontact/magician_ros2/install/dobot_web_interface/lib/python3.12/site-packages/dobot_web_interface/static/calibration_eye_in_hand_a4.pdf
/home/bbcontact/magician_ros2/install/dobot_web_interface/lib/python3.12/site-packages/dobot_web_interface/static/calibration_board_a4.html
/home/bbcontact/magician_ros2/install/dobot_web_interface/lib/python3.12/site-packages/dobot_web_interface/static/calibration_print.js
/home/bbcontact/magician_ros2/install/dobot_web_interface/lib/python3.12/site-packages/dobot_web_interface/static/styles.css
/home/bbcontact/magician_ros2/install/dobot_web_interface/lib/python3.12/site-packages/dobot_web_interface/__pycache__/calibration_guide.cpython-312.pyc
/home/bbcontact/magician_ros2/install/dobot_web_interface/lib/python3.12/site-packages/dobot_web_interface/__pycache__/__init__.cpython-312.pyc
/home/bbcontact/magician_ros2/install/dobot_web_interface/lib/python3.12/site-packages/dobot_web_interface/__pycache__/calibration_capture.cpython-312.pyc
/home/bbcontact/magician_ros2/install/dobot_web_interface/lib/python3.12/site-packages/dobot_web_interface/__pycache__/calibration_print.cpython-312.pyc
/home/bbcontact/magician_ros2/install/dobot_web_interface/lib/python3.12/site-packages/dobot_web_interface/__pycache__/operation_workflow.cpython-312.pyc
/home/bbcontact/magician_ros2/install/dobot_web_interface/lib/python3.12/site-packages/dobot_web_interface/__pycache__/web_interface.cpython-312.pyc
/home/bbcontact/magician_ros2/install/dobot_web_interface/share/ament_index/resource_index/packages/dobot_web_interface
/home/bbcontact/magician_ros2/install/dobot_web_interface/share/dobot_web_interface/package.xml
/home/bbcontact/magician_ros2/install/dobot_web_interface/share/dobot_web_interface/README.md
/home/bbcontact/magician_ros2/install/dobot_web_interface/share/dobot_web_interface/launch/dobot_auto.launch.py
/home/bbcontact/magician_ros2/install/dobot_web_interface/share/dobot_web_interface/launch/dobot_web_interface.launch.py
/home/bbcontact/magician_ros2/install/dobot_web_interface/lib/python3.12/site-packages/dobot_web_interface-1.0.0-py3.12.egg-info/PKG-INFO
/home/bbcontact/magician_ros2/install/dobot_web_interface/lib/python3.12/site-packages/dobot_web_interface-1.0.0-py3.12.egg-info/zip-safe
/home/bbcontact/magician_ros2/install/dobot_web_interface/lib/python3.12/site-packages/dobot_web_interface-1.0.0-py3.12.egg-info/dependency_links.txt
/home/bbcontact/magician_ros2/install/dobot_web_interface/lib/python3.12/site-packages/dobot_web_interface-1.0.0-py3.12.egg-info/entry_points.txt
/home/bbcontact/magician_ros2/install/dobot_web_interface/lib/python3.12/site-packages/dobot_web_interface-1.0.0-py3.12.egg-info/requires.txt
/home/bbcontact/magician_ros2/install/dobot_web_interface/lib/python3.12/site-packages/dobot_web_interface-1.0.0-py3.12.egg-info/top_level.txt
/home/bbcontact/magician_ros2/install/dobot_web_interface/lib/python3.12/site-packages/dobot_web_interface-1.0.0-py3.12.egg-info/SOURCES.txt
/home/bbcontact/magician_ros2/install/dobot_web_interface/lib/dobot_web_interface/web_interface
