/home/bbcontact/magician_ros2/install/dobot_calibration/lib/python3.12/site-packages/dobot_calibration/__init__.py
/home/bbcontact/magician_ros2/install/dobot_calibration/lib/python3.12/site-packages/dobot_calibration/geometry.py
/home/bbcontact/magician_ros2/install/dobot_calibration/lib/python3.12/site-packages/dobot_calibration/registration.py
/home/bbcontact/magician_ros2/install/dobot_calibration/lib/python3.12/site-packages/dobot_calibration/solver.py
/home/bbcontact/magician_ros2/install/dobot_calibration/lib/python3.12/site-packages/dobot_calibration/workflow.py
/home/bbcontact/magician_ros2/install/dobot_calibration/lib/python3.12/site-packages/dobot_calibration/node.py
/home/bbcontact/magician_ros2/install/dobot_calibration/lib/python3.12/site-packages/dobot_calibration/picking_guard.py
/home/bbcontact/magician_ros2/install/dobot_calibration/lib/python3.12/site-packages/dobot_calibration/depth_health.py
/home/bbcontact/magician_ros2/install/dobot_calibration/lib/python3.12/site-packages/dobot_calibration/validation_status.py
/home/bbcontact/magician_ros2/install/dobot_calibration/lib/python3.12/site-packages/dobot_calibration/hardware_readiness.py
/home/bbcontact/magician_ros2/install/dobot_calibration/lib/python3.12/site-packages/dobot_calibration/__pycache__/__init__.cpython-312.pyc
/home/bbcontact/magician_ros2/install/dobot_calibration/lib/python3.12/site-packages/dobot_calibration/__pycache__/geometry.cpython-312.pyc
/home/bbcontact/magician_ros2/install/dobot_calibration/lib/python3.12/site-packages/dobot_calibration/__pycache__/registration.cpython-312.pyc
/home/bbcontact/magician_ros2/install/dobot_calibration/lib/python3.12/site-packages/dobot_calibration/__pycache__/solver.cpython-312.pyc
/home/bbcontact/magician_ros2/install/dobot_calibration/lib/python3.12/site-packages/dobot_calibration/__pycache__/workflow.cpython-312.pyc
/home/bbcontact/magician_ros2/install/dobot_calibration/lib/python3.12/site-packages/dobot_calibration/__pycache__/node.cpython-312.pyc
/home/bbcontact/magician_ros2/install/dobot_calibration/lib/python3.12/site-packages/dobot_calibration/__pycache__/picking_guard.cpython-312.pyc
/home/bbcontact/magician_ros2/install/dobot_calibration/lib/python3.12/site-packages/dobot_calibration/__pycache__/depth_health.cpython-312.pyc
/home/bbcontact/magician_ros2/install/dobot_calibration/lib/python3.12/site-packages/dobot_calibration/__pycache__/validation_status.cpython-312.pyc
/home/bbcontact/magician_ros2/install/dobot_calibration/lib/python3.12/site-packages/dobot_calibration/__pycache__/hardware_readiness.cpython-312.pyc
/home/bbcontact/magician_ros2/install/dobot_calibration/share/ament_index/resource_index/packages/dobot_calibration
/home/bbcontact/magician_ros2/install/dobot_calibration/share/dobot_calibration/package.xml
/home/bbcontact/magician_ros2/install/dobot_calibration/share/dobot_calibration/README.md
/home/bbcontact/magician_ros2/install/dobot_calibration/share/dobot_calibration/config/mount_model.yaml
/home/bbcontact/magician_ros2/install/dobot_calibration/share/dobot_calibration/config/calibration.yaml
/home/bbcontact/magician_ros2/install/dobot_calibration/share/dobot_calibration/launch/markerless_calibration.launch.py
/home/bbcontact/magician_ros2/install/dobot_calibration/lib/python3.12/site-packages/dobot_calibration-0.1.0-py3.12.egg-info/PKG-INFO
/home/bbcontact/magician_ros2/install/dobot_calibration/lib/python3.12/site-packages/dobot_calibration-0.1.0-py3.12.egg-info/zip-safe
/home/bbcontact/magician_ros2/install/dobot_calibration/lib/python3.12/site-packages/dobot_calibration-0.1.0-py3.12.egg-info/dependency_links.txt
/home/bbcontact/magician_ros2/install/dobot_calibration/lib/python3.12/site-packages/dobot_calibration-0.1.0-py3.12.egg-info/entry_points.txt
/home/bbcontact/magician_ros2/install/dobot_calibration/lib/python3.12/site-packages/dobot_calibration-0.1.0-py3.12.egg-info/requires.txt
/home/bbcontact/magician_ros2/install/dobot_calibration/lib/python3.12/site-packages/dobot_calibration-0.1.0-py3.12.egg-info/top_level.txt
/home/bbcontact/magician_ros2/install/dobot_calibration/lib/python3.12/site-packages/dobot_calibration-0.1.0-py3.12.egg-info/SOURCES.txt
/home/bbcontact/magician_ros2/install/dobot_calibration/lib/dobot_calibration/markerless_calibration
