[3.073s] Invoking command in '/home/bbcontact/magician_ros2/build/dobot_object_vision': AMENT_PREFIX_PATH=/home/bbcontact/magician_ros2/install/dobot_msgs:${AMENT_PREFIX_PATH} CMAKE_PREFIX_PATH=/home/bbcontact/magician_ros2/install/dobot_msgs:${CMAKE_PREFIX_PATH} DEBUGINFOD_URLS=https://debuginfod.ubuntu.com LD_LIBRARY_PATH=/home/bbcontact/magician_ros2/install/dobot_msgs/lib:${LD_LIBRARY_PATH} PYTHONPATH=/home/bbcontact/magician_ros2/build/dobot_object_vision/prefix_override:/usr/lib/python3/dist-packages/colcon_core/task/python/colcon_distutils_commands:/home/bbcontact/magician_ros2/install/dobot_object_vision/lib/python3.12/site-packages:/home/bbcontact/magician_ros2/install/dobot_msgs/lib/python3.12/site-packages:${PYTHONPATH} /usr/bin/python3 -W ignore:setup.py install is deprecated -W ignore:easy_install command is deprecated setup.py develop --uninstall --editable --build-directory /home/bbcontact/magician_ros2/build/dobot_object_vision/build
[4.274s] running develop
[5.006s] Removing /home/bbcontact/magician_ros2/install/dobot_object_vision/lib/python3.12/site-packages/dobot-object-vision.egg-link (link to .)
[5.122s] Invoked command in '/home/bbcontact/magician_ros2/build/dobot_object_vision' returned '0': AMENT_PREFIX_PATH=/home/bbcontact/magician_ros2/install/dobot_msgs:${AMENT_PREFIX_PATH} CMAKE_PREFIX_PATH=/home/bbcontact/magician_ros2/install/dobot_msgs:${CMAKE_PREFIX_PATH} DEBUGINFOD_URLS=https://debuginfod.ubuntu.com LD_LIBRARY_PATH=/home/bbcontact/magician_ros2/install/dobot_msgs/lib:${LD_LIBRARY_PATH} PYTHONPATH=/home/bbcontact/magician_ros2/build/dobot_object_vision/prefix_override:/usr/lib/python3/dist-packages/colcon_core/task/python/colcon_distutils_commands:/home/bbcontact/magician_ros2/install/dobot_object_vision/lib/python3.12/site-packages:/home/bbcontact/magician_ros2/install/dobot_msgs/lib/python3.12/site-packages:${PYTHONPATH} /usr/bin/python3 -W ignore:setup.py install is deprecated -W ignore:easy_install command is deprecated setup.py develop --uninstall --editable --build-directory /home/bbcontact/magician_ros2/build/dobot_object_vision/build
[5.127s] Invoking command in '/home/bbcontact/magician_ros2/src/magician_ros2/dobot_object_vision': AMENT_PREFIX_PATH=/home/bbcontact/magician_ros2/install/dobot_msgs:${AMENT_PREFIX_PATH} CMAKE_PREFIX_PATH=/home/bbcontact/magician_ros2/install/dobot_msgs:${CMAKE_PREFIX_PATH} DEBUGINFOD_URLS=https://debuginfod.ubuntu.com LD_LIBRARY_PATH=/home/bbcontact/magician_ros2/install/dobot_msgs/lib:${LD_LIBRARY_PATH} PYTHONPATH=/home/bbcontact/magician_ros2/build/dobot_object_vision/prefix_override:/usr/lib/python3/dist-packages/colcon_core/task/python/colcon_distutils_commands:/home/bbcontact/magician_ros2/install/dobot_object_vision/lib/python3.12/site-packages:/home/bbcontact/magician_ros2/install/dobot_msgs/lib/python3.12/site-packages:${PYTHONPATH} /usr/bin/python3 -W ignore:setup.py install is deprecated -W ignore:easy_install command is deprecated setup.py egg_info --egg-base ../../../build/dobot_object_vision build --build-base /home/bbcontact/magician_ros2/build/dobot_object_vision/build install --record /home/bbcontact/magician_ros2/build/dobot_object_vision/install.log --install-scripts $base/lib/dobot_object_vision --single-version-externally-managed install_data --force
[6.012s] running egg_info
[6.085s] writing ../../../build/dobot_object_vision/dobot_object_vision.egg-info/PKG-INFO
[6.085s] writing dependency_links to ../../../build/dobot_object_vision/dobot_object_vision.egg-info/dependency_links.txt
[6.086s] writing entry points to ../../../build/dobot_object_vision/dobot_object_vision.egg-info/entry_points.txt
[6.086s] writing requirements to ../../../build/dobot_object_vision/dobot_object_vision.egg-info/requires.txt
[6.087s] writing top-level names to ../../../build/dobot_object_vision/dobot_object_vision.egg-info/top_level.txt
[6.231s] reading manifest file '../../../build/dobot_object_vision/dobot_object_vision.egg-info/SOURCES.txt'
[6.233s] writing manifest file '../../../build/dobot_object_vision/dobot_object_vision.egg-info/SOURCES.txt'
[6.233s] running build
[6.233s] running build_py
[6.233s] creating /home/bbcontact/magician_ros2/build/dobot_object_vision/build
[6.234s] creating /home/bbcontact/magician_ros2/build/dobot_object_vision/build/lib
[6.234s] creating /home/bbcontact/magician_ros2/build/dobot_object_vision/build/lib/dobot_object_vision
[6.234s] copying dobot_object_vision/__init__.py -> /home/bbcontact/magician_ros2/build/dobot_object_vision/build/lib/dobot_object_vision
[6.234s] copying dobot_object_vision/detector.py -> /home/bbcontact/magician_ros2/build/dobot_object_vision/build/lib/dobot_object_vision
[6.235s] copying dobot_object_vision/node.py -> /home/bbcontact/magician_ros2/build/dobot_object_vision/build/lib/dobot_object_vision
[6.235s] running install
[6.248s] running install_lib
[6.331s] creating /home/bbcontact/magician_ros2/install/dobot_object_vision/lib/python3.12/site-packages/dobot_object_vision
[6.332s] copying /home/bbcontact/magician_ros2/build/dobot_object_vision/build/lib/dobot_object_vision/__init__.py -> /home/bbcontact/magician_ros2/install/dobot_object_vision/lib/python3.12/site-packages/dobot_object_vision
[6.332s] copying /home/bbcontact/magician_ros2/build/dobot_object_vision/build/lib/dobot_object_vision/detector.py -> /home/bbcontact/magician_ros2/install/dobot_object_vision/lib/python3.12/site-packages/dobot_object_vision
[6.333s] copying /home/bbcontact/magician_ros2/build/dobot_object_vision/build/lib/dobot_object_vision/node.py -> /home/bbcontact/magician_ros2/install/dobot_object_vision/lib/python3.12/site-packages/dobot_object_vision
[6.333s] byte-compiling /home/bbcontact/magician_ros2/install/dobot_object_vision/lib/python3.12/site-packages/dobot_object_vision/__init__.py to __init__.cpython-312.pyc
[6.333s] byte-compiling /home/bbcontact/magician_ros2/install/dobot_object_vision/lib/python3.12/site-packages/dobot_object_vision/detector.py to detector.cpython-312.pyc
[6.344s] byte-compiling /home/bbcontact/magician_ros2/install/dobot_object_vision/lib/python3.12/site-packages/dobot_object_vision/node.py to node.cpython-312.pyc
[6.349s] running install_data
[6.350s] copying resource/dobot_object_vision -> /home/bbcontact/magician_ros2/install/dobot_object_vision/share/ament_index/resource_index/packages
[6.350s] copying package.xml -> /home/bbcontact/magician_ros2/install/dobot_object_vision/share/dobot_object_vision
[6.351s] copying README.md -> /home/bbcontact/magician_ros2/install/dobot_object_vision/share/dobot_object_vision
[6.351s] copying config/vision.yaml -> /home/bbcontact/magician_ros2/install/dobot_object_vision/share/dobot_object_vision/config
[6.351s] copying config/orbbec_registered.yaml -> /home/bbcontact/magician_ros2/install/dobot_object_vision/share/dobot_object_vision/config
[6.352s] copying launch/object_vision.launch.py -> /home/bbcontact/magician_ros2/install/dobot_object_vision/share/dobot_object_vision/launch
[6.352s] running install_egg_info
[6.424s] Copying ../../../build/dobot_object_vision/dobot_object_vision.egg-info to /home/bbcontact/magician_ros2/install/dobot_object_vision/lib/python3.12/site-packages/dobot_object_vision-0.1.0-py3.12.egg-info
[6.425s] running install_scripts
[6.850s] Installing circle_targets script to /home/bbcontact/magician_ros2/install/dobot_object_vision/lib/dobot_object_vision
[6.851s] writing list of installed files to '/home/bbcontact/magician_ros2/build/dobot_object_vision/install.log'
[6.913s] Invoked command in '/home/bbcontact/magician_ros2/src/magician_ros2/dobot_object_vision' returned '0': AMENT_PREFIX_PATH=/home/bbcontact/magician_ros2/install/dobot_msgs:${AMENT_PREFIX_PATH} CMAKE_PREFIX_PATH=/home/bbcontact/magician_ros2/install/dobot_msgs:${CMAKE_PREFIX_PATH} DEBUGINFOD_URLS=https://debuginfod.ubuntu.com LD_LIBRARY_PATH=/home/bbcontact/magician_ros2/install/dobot_msgs/lib:${LD_LIBRARY_PATH} PYTHONPATH=/home/bbcontact/magician_ros2/build/dobot_object_vision/prefix_override:/usr/lib/python3/dist-packages/colcon_core/task/python/colcon_distutils_commands:/home/bbcontact/magician_ros2/install/dobot_object_vision/lib/python3.12/site-packages:/home/bbcontact/magician_ros2/install/dobot_msgs/lib/python3.12/site-packages:${PYTHONPATH} /usr/bin/python3 -W ignore:setup.py install is deprecated -W ignore:easy_install command is deprecated setup.py egg_info --egg-base ../../../build/dobot_object_vision build --build-base /home/bbcontact/magician_ros2/build/dobot_object_vision/build install --record /home/bbcontact/magician_ros2/build/dobot_object_vision/install.log --install-scripts $base/lib/dobot_object_vision --single-version-externally-managed install_data --force
