[9.485s] Invoking command in '/home/bbcontact/magician_ros2/build/dobot_calibration': AMENT_PREFIX_PATH=/home/bbcontact/magician_ros2/install/dobot_msgs:${AMENT_PREFIX_PATH} CMAKE_PREFIX_PATH=/home/bbcontact/magician_ros2/install/dobot_msgs:${CMAKE_PREFIX_PATH} DEBUGINFOD_URLS=https://debuginfod.ubuntu.com LD_LIBRARY_PATH=/home/bbcontact/magician_ros2/install/dobot_msgs/lib:${LD_LIBRARY_PATH} PYTHONPATH=/home/bbcontact/magician_ros2/build/dobot_calibration/prefix_override:/usr/lib/python3/dist-packages/colcon_core/task/python/colcon_distutils_commands:/home/bbcontact/magician_ros2/install/dobot_calibration/lib/python3.12/site-packages:/home/bbcontact/magician_ros2/install/dobot_msgs/lib/python3.12/site-packages:${PYTHONPATH} /usr/bin/python3 -W ignore:setup.py install is deprecated -W ignore:easy_install command is deprecated setup.py develop --editable --build-directory /home/bbcontact/magician_ros2/build/dobot_calibration/build --no-deps symlink_data
[12.056s] running develop
[13.688s] running egg_info
[13.689s] creating dobot_calibration.egg-info
[13.931s] writing dobot_calibration.egg-info/PKG-INFO
[13.933s] writing dependency_links to dobot_calibration.egg-info/dependency_links.txt
[13.935s] writing entry points to dobot_calibration.egg-info/entry_points.txt
[13.935s] writing requirements to dobot_calibration.egg-info/requires.txt
[13.939s] writing top-level names to dobot_calibration.egg-info/top_level.txt
[13.939s] writing manifest file 'dobot_calibration.egg-info/SOURCES.txt'
[14.350s] reading manifest file 'dobot_calibration.egg-info/SOURCES.txt'
[14.351s] writing manifest file 'dobot_calibration.egg-info/SOURCES.txt'
[14.484s] running build_ext
[14.484s] Creating /home/bbcontact/magician_ros2/install/dobot_calibration/lib/python3.12/site-packages/dobot-calibration.egg-link (link to .)
[14.487s] Installing markerless_calibration script to /home/bbcontact/magician_ros2/install/dobot_calibration/lib/dobot_calibration
[14.488s] 
[14.489s] Installed /home/bbcontact/magician_ros2/build/dobot_calibration
[14.489s] running symlink_data
[14.490s] creating /home/bbcontact/magician_ros2/install/dobot_calibration/share/ament_index
[14.491s] creating /home/bbcontact/magician_ros2/install/dobot_calibration/share/ament_index/resource_index
[14.492s] creating /home/bbcontact/magician_ros2/install/dobot_calibration/share/ament_index/resource_index/packages
[14.492s] symbolically linking /home/bbcontact/magician_ros2/build/dobot_calibration/resource/dobot_calibration -> /home/bbcontact/magician_ros2/install/dobot_calibration/share/ament_index/resource_index/packages
[14.493s] symbolically linking /home/bbcontact/magician_ros2/build/dobot_calibration/package.xml -> /home/bbcontact/magician_ros2/install/dobot_calibration/share/dobot_calibration
[14.494s] symbolically linking /home/bbcontact/magician_ros2/build/dobot_calibration/README.md -> /home/bbcontact/magician_ros2/install/dobot_calibration/share/dobot_calibration
[14.495s] creating /home/bbcontact/magician_ros2/install/dobot_calibration/share/dobot_calibration/config
[14.496s] symbolically linking /home/bbcontact/magician_ros2/build/dobot_calibration/config/mount_model.yaml -> /home/bbcontact/magician_ros2/install/dobot_calibration/share/dobot_calibration/config
[14.496s] symbolically linking /home/bbcontact/magician_ros2/build/dobot_calibration/config/calibration.yaml -> /home/bbcontact/magician_ros2/install/dobot_calibration/share/dobot_calibration/config
[14.497s] creating /home/bbcontact/magician_ros2/install/dobot_calibration/share/dobot_calibration/launch
[14.498s] symbolically linking /home/bbcontact/magician_ros2/build/dobot_calibration/launch/markerless_calibration.launch.py -> /home/bbcontact/magician_ros2/install/dobot_calibration/share/dobot_calibration/launch
[14.764s] Invoked command in '/home/bbcontact/magician_ros2/build/dobot_calibration' returned '0': AMENT_PREFIX_PATH=/home/bbcontact/magician_ros2/install/dobot_msgs:${AMENT_PREFIX_PATH} CMAKE_PREFIX_PATH=/home/bbcontact/magician_ros2/install/dobot_msgs:${CMAKE_PREFIX_PATH} DEBUGINFOD_URLS=https://debuginfod.ubuntu.com LD_LIBRARY_PATH=/home/bbcontact/magician_ros2/install/dobot_msgs/lib:${LD_LIBRARY_PATH} PYTHONPATH=/home/bbcontact/magician_ros2/build/dobot_calibration/prefix_override:/usr/lib/python3/dist-packages/colcon_core/task/python/colcon_distutils_commands:/home/bbcontact/magician_ros2/install/dobot_calibration/lib/python3.12/site-packages:/home/bbcontact/magician_ros2/install/dobot_msgs/lib/python3.12/site-packages:${PYTHONPATH} /usr/bin/python3 -W ignore:setup.py install is deprecated -W ignore:easy_install command is deprecated setup.py develop --editable --build-directory /home/bbcontact/magician_ros2/build/dobot_calibration/build --no-deps symlink_data
