[5.650s] Invoking command in '/home/bbcontact/magician_ros2/build/dobot_kinematics': AMENT_PREFIX_PATH=/home/bbcontact/magician_ros2/install/dobot_msgs:/home/bbcontact/magician_ros2/install/dobot_description:${AMENT_PREFIX_PATH} CMAKE_PREFIX_PATH=/home/bbcontact/magician_ros2/install/dobot_msgs:/home/bbcontact/magician_ros2/install/dobot_description:${CMAKE_PREFIX_PATH} DEBUGINFOD_URLS=https://debuginfod.ubuntu.com LD_LIBRARY_PATH=/home/bbcontact/magician_ros2/install/dobot_msgs/lib:${LD_LIBRARY_PATH} PYTHONPATH=/home/bbcontact/magician_ros2/build/dobot_kinematics/prefix_override:/usr/lib/python3/dist-packages/colcon_core/task/python/colcon_distutils_commands:/home/bbcontact/magician_ros2/install/dobot_kinematics/lib/python3.12/site-packages:/home/bbcontact/magician_ros2/install/dobot_msgs/lib/python3.12/site-packages:${PYTHONPATH} /usr/bin/python3 -W ignore:setup.py install is deprecated -W ignore:easy_install command is deprecated setup.py develop --uninstall --editable --build-directory /home/bbcontact/magician_ros2/build/dobot_kinematics/build
[7.189s] running develop
[8.510s] Removing /home/bbcontact/magician_ros2/install/dobot_kinematics/lib/python3.12/site-packages/dobot-kinematics.egg-link (link to .)
[8.617s] Invoked command in '/home/bbcontact/magician_ros2/build/dobot_kinematics' returned '0': AMENT_PREFIX_PATH=/home/bbcontact/magician_ros2/install/dobot_msgs:/home/bbcontact/magician_ros2/install/dobot_description:${AMENT_PREFIX_PATH} CMAKE_PREFIX_PATH=/home/bbcontact/magician_ros2/install/dobot_msgs:/home/bbcontact/magician_ros2/install/dobot_description:${CMAKE_PREFIX_PATH} DEBUGINFOD_URLS=https://debuginfod.ubuntu.com LD_LIBRARY_PATH=/home/bbcontact/magician_ros2/install/dobot_msgs/lib:${LD_LIBRARY_PATH} PYTHONPATH=/home/bbcontact/magician_ros2/build/dobot_kinematics/prefix_override:/usr/lib/python3/dist-packages/colcon_core/task/python/colcon_distutils_commands:/home/bbcontact/magician_ros2/install/dobot_kinematics/lib/python3.12/site-packages:/home/bbcontact/magician_ros2/install/dobot_msgs/lib/python3.12/site-packages:${PYTHONPATH} /usr/bin/python3 -W ignore:setup.py install is deprecated -W ignore:easy_install command is deprecated setup.py develop --uninstall --editable --build-directory /home/bbcontact/magician_ros2/build/dobot_kinematics/build
[8.622s] Invoking command in '/home/bbcontact/magician_ros2/src/magician_ros2/dobot_kinematics': AMENT_PREFIX_PATH=/home/bbcontact/magician_ros2/install/dobot_msgs:/home/bbcontact/magician_ros2/install/dobot_description:${AMENT_PREFIX_PATH} CMAKE_PREFIX_PATH=/home/bbcontact/magician_ros2/install/dobot_msgs:/home/bbcontact/magician_ros2/install/dobot_description:${CMAKE_PREFIX_PATH} DEBUGINFOD_URLS=https://debuginfod.ubuntu.com LD_LIBRARY_PATH=/home/bbcontact/magician_ros2/install/dobot_msgs/lib:${LD_LIBRARY_PATH} PYTHONPATH=/home/bbcontact/magician_ros2/build/dobot_kinematics/prefix_override:/usr/lib/python3/dist-packages/colcon_core/task/python/colcon_distutils_commands:/home/bbcontact/magician_ros2/install/dobot_kinematics/lib/python3.12/site-packages:/home/bbcontact/magician_ros2/install/dobot_msgs/lib/python3.12/site-packages:${PYTHONPATH} /usr/bin/python3 -W ignore:setup.py install is deprecated -W ignore:easy_install command is deprecated setup.py egg_info --egg-base ../../../build/dobot_kinematics build --build-base /home/bbcontact/magician_ros2/build/dobot_kinematics/build install --record /home/bbcontact/magician_ros2/build/dobot_kinematics/install.log --install-scripts $base/lib/dobot_kinematics --single-version-externally-managed install_data --force
[10.492s] running egg_info
[10.618s] writing ../../../build/dobot_kinematics/dobot_kinematics.egg-info/PKG-INFO
[10.618s] writing dependency_links to ../../../build/dobot_kinematics/dobot_kinematics.egg-info/dependency_links.txt
[10.622s] writing entry points to ../../../build/dobot_kinematics/dobot_kinematics.egg-info/entry_points.txt
[10.622s] writing requirements to ../../../build/dobot_kinematics/dobot_kinematics.egg-info/requires.txt
[10.622s] writing top-level names to ../../../build/dobot_kinematics/dobot_kinematics.egg-info/top_level.txt
[10.857s] reading manifest file '../../../build/dobot_kinematics/dobot_kinematics.egg-info/SOURCES.txt'
[10.859s] writing manifest file '../../../build/dobot_kinematics/dobot_kinematics.egg-info/SOURCES.txt'
[10.862s] running build
[10.862s] running build_py
[10.863s] creating /home/bbcontact/magician_ros2/build/dobot_kinematics/build
[10.863s] creating /home/bbcontact/magician_ros2/build/dobot_kinematics/build/lib
[10.864s] creating /home/bbcontact/magician_ros2/build/dobot_kinematics/build/lib/dobot_kinematics
[10.864s] copying dobot_kinematics/__init__.py -> /home/bbcontact/magician_ros2/build/dobot_kinematics/build/lib/dobot_kinematics
[10.864s] copying dobot_kinematics/collision_detection_server.py -> /home/bbcontact/magician_ros2/build/dobot_kinematics/build/lib/dobot_kinematics
[10.864s] copying dobot_kinematics/collision_utils.py -> /home/bbcontact/magician_ros2/build/dobot_kinematics/build/lib/dobot_kinematics
[10.865s] copying dobot_kinematics/dobot_forward_kin.py -> /home/bbcontact/magician_ros2/build/dobot_kinematics/build/lib/dobot_kinematics
[10.865s] copying dobot_kinematics/dobot_inv_kin.py -> /home/bbcontact/magician_ros2/build/dobot_kinematics/build/lib/dobot_kinematics
[10.865s] copying dobot_kinematics/trajectory_validator_client.py -> /home/bbcontact/magician_ros2/build/dobot_kinematics/build/lib/dobot_kinematics
[10.866s] copying dobot_kinematics/trajectory_validator_server.py -> /home/bbcontact/magician_ros2/build/dobot_kinematics/build/lib/dobot_kinematics
[10.866s] running install
[10.888s] running install_lib
[11.106s] creating /home/bbcontact/magician_ros2/install/dobot_kinematics/lib/python3.12/site-packages/dobot_kinematics
[11.107s] copying /home/bbcontact/magician_ros2/build/dobot_kinematics/build/lib/dobot_kinematics/__init__.py -> /home/bbcontact/magician_ros2/install/dobot_kinematics/lib/python3.12/site-packages/dobot_kinematics
[11.109s] copying /home/bbcontact/magician_ros2/build/dobot_kinematics/build/lib/dobot_kinematics/collision_detection_server.py -> /home/bbcontact/magician_ros2/install/dobot_kinematics/lib/python3.12/site-packages/dobot_kinematics
[11.109s] copying /home/bbcontact/magician_ros2/build/dobot_kinematics/build/lib/dobot_kinematics/collision_utils.py -> /home/bbcontact/magician_ros2/install/dobot_kinematics/lib/python3.12/site-packages/dobot_kinematics
[11.109s] copying /home/bbcontact/magician_ros2/build/dobot_kinematics/build/lib/dobot_kinematics/dobot_forward_kin.py -> /home/bbcontact/magician_ros2/install/dobot_kinematics/lib/python3.12/site-packages/dobot_kinematics
[11.110s] copying /home/bbcontact/magician_ros2/build/dobot_kinematics/build/lib/dobot_kinematics/dobot_inv_kin.py -> /home/bbcontact/magician_ros2/install/dobot_kinematics/lib/python3.12/site-packages/dobot_kinematics
[11.110s] copying /home/bbcontact/magician_ros2/build/dobot_kinematics/build/lib/dobot_kinematics/trajectory_validator_client.py -> /home/bbcontact/magician_ros2/install/dobot_kinematics/lib/python3.12/site-packages/dobot_kinematics
[11.112s] copying /home/bbcontact/magician_ros2/build/dobot_kinematics/build/lib/dobot_kinematics/trajectory_validator_server.py -> /home/bbcontact/magician_ros2/install/dobot_kinematics/lib/python3.12/site-packages/dobot_kinematics
[11.113s] byte-compiling /home/bbcontact/magician_ros2/install/dobot_kinematics/lib/python3.12/site-packages/dobot_kinematics/__init__.py to __init__.cpython-312.pyc
[11.114s] byte-compiling /home/bbcontact/magician_ros2/install/dobot_kinematics/lib/python3.12/site-packages/dobot_kinematics/collision_detection_server.py to collision_detection_server.cpython-312.pyc
[11.122s] byte-compiling /home/bbcontact/magician_ros2/install/dobot_kinematics/lib/python3.12/site-packages/dobot_kinematics/collision_utils.py to collision_utils.cpython-312.pyc
[11.125s] byte-compiling /home/bbcontact/magician_ros2/install/dobot_kinematics/lib/python3.12/site-packages/dobot_kinematics/dobot_forward_kin.py to dobot_forward_kin.cpython-312.pyc
[11.128s] byte-compiling /home/bbcontact/magician_ros2/install/dobot_kinematics/lib/python3.12/site-packages/dobot_kinematics/dobot_inv_kin.py to dobot_inv_kin.cpython-312.pyc
[11.130s] byte-compiling /home/bbcontact/magician_ros2/install/dobot_kinematics/lib/python3.12/site-packages/dobot_kinematics/trajectory_validator_client.py to trajectory_validator_client.cpython-312.pyc
[11.132s] byte-compiling /home/bbcontact/magician_ros2/install/dobot_kinematics/lib/python3.12/site-packages/dobot_kinematics/trajectory_validator_server.py to trajectory_validator_server.cpython-312.pyc
[11.140s] running install_data
[11.141s] copying resource/dobot_kinematics -> /home/bbcontact/magician_ros2/install/dobot_kinematics/share/ament_index/resource_index/packages
[11.142s] copying package.xml -> /home/bbcontact/magician_ros2/install/dobot_kinematics/share/dobot_kinematics
[11.143s] copying launch/dobot_validate_trajectory.launch.py -> /home/bbcontact/magician_ros2/install/dobot_kinematics/share/dobot_kinematics/launch
[11.144s] copying config/axis_limits.yaml -> /home/bbcontact/magician_ros2/install/dobot_kinematics/share/dobot_kinematics/config
[11.148s] running install_egg_info
[11.265s] Copying ../../../build/dobot_kinematics/dobot_kinematics.egg-info to /home/bbcontact/magician_ros2/install/dobot_kinematics/lib/python3.12/site-packages/dobot_kinematics-1.0.0-py3.12.egg-info
[11.269s] running install_scripts
[12.108s] Installing trajectory_validator_client script to /home/bbcontact/magician_ros2/install/dobot_kinematics/lib/dobot_kinematics
[12.108s] Installing trajectory_validator_server script to /home/bbcontact/magician_ros2/install/dobot_kinematics/lib/dobot_kinematics
[12.109s] writing list of installed files to '/home/bbcontact/magician_ros2/build/dobot_kinematics/install.log'
[13.103s] Invoked command in '/home/bbcontact/magician_ros2/src/magician_ros2/dobot_kinematics' returned '0': AMENT_PREFIX_PATH=/home/bbcontact/magician_ros2/install/dobot_msgs:/home/bbcontact/magician_ros2/install/dobot_description:${AMENT_PREFIX_PATH} CMAKE_PREFIX_PATH=/home/bbcontact/magician_ros2/install/dobot_msgs:/home/bbcontact/magician_ros2/install/dobot_description:${CMAKE_PREFIX_PATH} DEBUGINFOD_URLS=https://debuginfod.ubuntu.com LD_LIBRARY_PATH=/home/bbcontact/magician_ros2/install/dobot_msgs/lib:${LD_LIBRARY_PATH} PYTHONPATH=/home/bbcontact/magician_ros2/build/dobot_kinematics/prefix_override:/usr/lib/python3/dist-packages/colcon_core/task/python/colcon_distutils_commands:/home/bbcontact/magician_ros2/install/dobot_kinematics/lib/python3.12/site-packages:/home/bbcontact/magician_ros2/install/dobot_msgs/lib/python3.12/site-packages:${PYTHONPATH} /usr/bin/python3 -W ignore:setup.py install is deprecated -W ignore:easy_install command is deprecated setup.py egg_info --egg-base ../../../build/dobot_kinematics build --build-base /home/bbcontact/magician_ros2/build/dobot_kinematics/build install --record /home/bbcontact/magician_ros2/build/dobot_kinematics/install.log --install-scripts $base/lib/dobot_kinematics --single-version-externally-managed install_data --force
