running develop
Removing /home/bbcontact/magician_ros2/install/dobot_diagnostics/lib/python3.12/site-packages/dobot-diagnostics.egg-link (link to .)
running egg_info
writing ../../../build/dobot_diagnostics/dobot_diagnostics.egg-info/PKG-INFO
writing dependency_links to ../../../build/dobot_diagnostics/dobot_diagnostics.egg-info/dependency_links.txt
writing entry points to ../../../build/dobot_diagnostics/dobot_diagnostics.egg-info/entry_points.txt
writing requirements to ../../../build/dobot_diagnostics/dobot_diagnostics.egg-info/requires.txt
writing top-level names to ../../../build/dobot_diagnostics/dobot_diagnostics.egg-info/top_level.txt
reading manifest file '../../../build/dobot_diagnostics/dobot_diagnostics.egg-info/SOURCES.txt'
writing manifest file '../../../build/dobot_diagnostics/dobot_diagnostics.egg-info/SOURCES.txt'
running build
running build_py
creating /home/bbcontact/magician_ros2/build/dobot_diagnostics/build
creating /home/bbcontact/magician_ros2/build/dobot_diagnostics/build/lib
creating /home/bbcontact/magician_ros2/build/dobot_diagnostics/build/lib/dobot_diagnostics
copying dobot_diagnostics/__init__.py -> /home/bbcontact/magician_ros2/build/dobot_diagnostics/build/lib/dobot_diagnostics
copying dobot_diagnostics/alarms_parser.py -> /home/bbcontact/magician_ros2/build/dobot_diagnostics/build/lib/dobot_diagnostics
copying dobot_diagnostics/diagnostics_utils.py -> /home/bbcontact/magician_ros2/build/dobot_diagnostics/build/lib/dobot_diagnostics
running install
running install_lib
creating /home/bbcontact/magician_ros2/install/dobot_diagnostics/lib/python3.12/site-packages/dobot_diagnostics
copying /home/bbcontact/magician_ros2/build/dobot_diagnostics/build/lib/dobot_diagnostics/__init__.py -> /home/bbcontact/magician_ros2/install/dobot_diagnostics/lib/python3.12/site-packages/dobot_diagnostics
copying /home/bbcontact/magician_ros2/build/dobot_diagnostics/build/lib/dobot_diagnostics/alarms_parser.py -> /home/bbcontact/magician_ros2/install/dobot_diagnostics/lib/python3.12/site-packages/dobot_diagnostics
copying /home/bbcontact/magician_ros2/build/dobot_diagnostics/build/lib/dobot_diagnostics/diagnostics_utils.py -> /home/bbcontact/magician_ros2/install/dobot_diagnostics/lib/python3.12/site-packages/dobot_diagnostics
byte-compiling /home/bbcontact/magician_ros2/install/dobot_diagnostics/lib/python3.12/site-packages/dobot_diagnostics/__init__.py to __init__.cpython-312.pyc
byte-compiling /home/bbcontact/magician_ros2/install/dobot_diagnostics/lib/python3.12/site-packages/dobot_diagnostics/alarms_parser.py to alarms_parser.cpython-312.pyc
byte-compiling /home/bbcontact/magician_ros2/install/dobot_diagnostics/lib/python3.12/site-packages/dobot_diagnostics/diagnostics_utils.py to diagnostics_utils.cpython-312.pyc
running install_data
copying resource/dobot_diagnostics -> /home/bbcontact/magician_ros2/install/dobot_diagnostics/share/ament_index/resource_index/packages
copying package.xml -> /home/bbcontact/magician_ros2/install/dobot_diagnostics/share/dobot_diagnostics
copying launch/alarms_analyzer.launch.py -> /home/bbcontact/magician_ros2/install/dobot_diagnostics/share/dobot_diagnostics/launch
copying config/analyzer_params.yaml -> /home/bbcontact/magician_ros2/install/dobot_diagnostics/share/dobot_diagnostics/config
running install_egg_info
Copying ../../../build/dobot_diagnostics/dobot_diagnostics.egg-info to /home/bbcontact/magician_ros2/install/dobot_diagnostics/lib/python3.12/site-packages/dobot_diagnostics-1.0.0-py3.12.egg-info
running install_scripts
Installing alarms_parser script to /home/bbcontact/magician_ros2/install/dobot_diagnostics/lib/dobot_diagnostics
writing list of installed files to '/home/bbcontact/magician_ros2/build/dobot_diagnostics/install.log'
