[5.727s] Invoking command in '/home/bbcontact/magician_ros2/build/dobot_diagnostics': AMENT_PREFIX_PATH=/home/bbcontact/magician_ros2/install/dobot_msgs:${AMENT_PREFIX_PATH} CMAKE_PREFIX_PATH=/home/bbcontact/magician_ros2/install/dobot_msgs:${CMAKE_PREFIX_PATH} DEBUGINFOD_URLS=https://debuginfod.ubuntu.com LD_LIBRARY_PATH=/home/bbcontact/magician_ros2/install/dobot_msgs/lib:${LD_LIBRARY_PATH} PYTHONPATH=/home/bbcontact/magician_ros2/build/dobot_diagnostics/prefix_override:/usr/lib/python3/dist-packages/colcon_core/task/python/colcon_distutils_commands:/home/bbcontact/magician_ros2/install/dobot_diagnostics/lib/python3.12/site-packages:/home/bbcontact/magician_ros2/install/dobot_msgs/lib/python3.12/site-packages:${PYTHONPATH} /usr/bin/python3 -W ignore:setup.py install is deprecated -W ignore:easy_install command is deprecated setup.py develop --uninstall --editable --build-directory /home/bbcontact/magician_ros2/build/dobot_diagnostics/build
[7.298s] running develop
[8.666s] Removing /home/bbcontact/magician_ros2/install/dobot_diagnostics/lib/python3.12/site-packages/dobot-diagnostics.egg-link (link to .)
[8.812s] Invoked command in '/home/bbcontact/magician_ros2/build/dobot_diagnostics' returned '0': AMENT_PREFIX_PATH=/home/bbcontact/magician_ros2/install/dobot_msgs:${AMENT_PREFIX_PATH} CMAKE_PREFIX_PATH=/home/bbcontact/magician_ros2/install/dobot_msgs:${CMAKE_PREFIX_PATH} DEBUGINFOD_URLS=https://debuginfod.ubuntu.com LD_LIBRARY_PATH=/home/bbcontact/magician_ros2/install/dobot_msgs/lib:${LD_LIBRARY_PATH} PYTHONPATH=/home/bbcontact/magician_ros2/build/dobot_diagnostics/prefix_override:/usr/lib/python3/dist-packages/colcon_core/task/python/colcon_distutils_commands:/home/bbcontact/magician_ros2/install/dobot_diagnostics/lib/python3.12/site-packages:/home/bbcontact/magician_ros2/install/dobot_msgs/lib/python3.12/site-packages:${PYTHONPATH} /usr/bin/python3 -W ignore:setup.py install is deprecated -W ignore:easy_install command is deprecated setup.py develop --uninstall --editable --build-directory /home/bbcontact/magician_ros2/build/dobot_diagnostics/build
[8.816s] Invoking command in '/home/bbcontact/magician_ros2/src/magician_ros2/dobot_diagnostics': AMENT_PREFIX_PATH=/home/bbcontact/magician_ros2/install/dobot_msgs:${AMENT_PREFIX_PATH} CMAKE_PREFIX_PATH=/home/bbcontact/magician_ros2/install/dobot_msgs:${CMAKE_PREFIX_PATH} DEBUGINFOD_URLS=https://debuginfod.ubuntu.com LD_LIBRARY_PATH=/home/bbcontact/magician_ros2/install/dobot_msgs/lib:${LD_LIBRARY_PATH} PYTHONPATH=/home/bbcontact/magician_ros2/build/dobot_diagnostics/prefix_override:/usr/lib/python3/dist-packages/colcon_core/task/python/colcon_distutils_commands:/home/bbcontact/magician_ros2/install/dobot_diagnostics/lib/python3.12/site-packages:/home/bbcontact/magician_ros2/install/dobot_msgs/lib/python3.12/site-packages:${PYTHONPATH} /usr/bin/python3 -W ignore:setup.py install is deprecated -W ignore:easy_install command is deprecated setup.py egg_info --egg-base ../../../build/dobot_diagnostics build --build-base /home/bbcontact/magician_ros2/build/dobot_diagnostics/build install --record /home/bbcontact/magician_ros2/build/dobot_diagnostics/install.log --install-scripts $base/lib/dobot_diagnostics --single-version-externally-managed install_data --force
[10.505s] running egg_info
[10.633s] writing ../../../build/dobot_diagnostics/dobot_diagnostics.egg-info/PKG-INFO
[10.634s] writing dependency_links to ../../../build/dobot_diagnostics/dobot_diagnostics.egg-info/dependency_links.txt
[10.634s] writing entry points to ../../../build/dobot_diagnostics/dobot_diagnostics.egg-info/entry_points.txt
[10.635s] writing requirements to ../../../build/dobot_diagnostics/dobot_diagnostics.egg-info/requires.txt
[10.635s] writing top-level names to ../../../build/dobot_diagnostics/dobot_diagnostics.egg-info/top_level.txt
[10.877s] reading manifest file '../../../build/dobot_diagnostics/dobot_diagnostics.egg-info/SOURCES.txt'
[10.879s] writing manifest file '../../../build/dobot_diagnostics/dobot_diagnostics.egg-info/SOURCES.txt'
[10.880s] running build
[10.881s] running build_py
[10.882s] creating /home/bbcontact/magician_ros2/build/dobot_diagnostics/build
[10.885s] creating /home/bbcontact/magician_ros2/build/dobot_diagnostics/build/lib
[10.886s] creating /home/bbcontact/magician_ros2/build/dobot_diagnostics/build/lib/dobot_diagnostics
[10.886s] copying dobot_diagnostics/__init__.py -> /home/bbcontact/magician_ros2/build/dobot_diagnostics/build/lib/dobot_diagnostics
[10.886s] copying dobot_diagnostics/alarms_parser.py -> /home/bbcontact/magician_ros2/build/dobot_diagnostics/build/lib/dobot_diagnostics
[10.886s] copying dobot_diagnostics/diagnostics_utils.py -> /home/bbcontact/magician_ros2/build/dobot_diagnostics/build/lib/dobot_diagnostics
[10.887s] running install
[10.907s] running install_lib
[11.029s] creating /home/bbcontact/magician_ros2/install/dobot_diagnostics/lib/python3.12/site-packages/dobot_diagnostics
[11.030s] copying /home/bbcontact/magician_ros2/build/dobot_diagnostics/build/lib/dobot_diagnostics/__init__.py -> /home/bbcontact/magician_ros2/install/dobot_diagnostics/lib/python3.12/site-packages/dobot_diagnostics
[11.031s] copying /home/bbcontact/magician_ros2/build/dobot_diagnostics/build/lib/dobot_diagnostics/alarms_parser.py -> /home/bbcontact/magician_ros2/install/dobot_diagnostics/lib/python3.12/site-packages/dobot_diagnostics
[11.031s] copying /home/bbcontact/magician_ros2/build/dobot_diagnostics/build/lib/dobot_diagnostics/diagnostics_utils.py -> /home/bbcontact/magician_ros2/install/dobot_diagnostics/lib/python3.12/site-packages/dobot_diagnostics
[11.034s] byte-compiling /home/bbcontact/magician_ros2/install/dobot_diagnostics/lib/python3.12/site-packages/dobot_diagnostics/__init__.py to __init__.cpython-312.pyc
[11.034s] byte-compiling /home/bbcontact/magician_ros2/install/dobot_diagnostics/lib/python3.12/site-packages/dobot_diagnostics/alarms_parser.py to alarms_parser.cpython-312.pyc
[11.037s] byte-compiling /home/bbcontact/magician_ros2/install/dobot_diagnostics/lib/python3.12/site-packages/dobot_diagnostics/diagnostics_utils.py to diagnostics_utils.cpython-312.pyc
[11.043s] running install_data
[11.044s] copying resource/dobot_diagnostics -> /home/bbcontact/magician_ros2/install/dobot_diagnostics/share/ament_index/resource_index/packages
[11.044s] copying package.xml -> /home/bbcontact/magician_ros2/install/dobot_diagnostics/share/dobot_diagnostics
[11.046s] copying launch/alarms_analyzer.launch.py -> /home/bbcontact/magician_ros2/install/dobot_diagnostics/share/dobot_diagnostics/launch
[11.046s] copying config/analyzer_params.yaml -> /home/bbcontact/magician_ros2/install/dobot_diagnostics/share/dobot_diagnostics/config
[11.048s] running install_egg_info
[11.195s] Copying ../../../build/dobot_diagnostics/dobot_diagnostics.egg-info to /home/bbcontact/magician_ros2/install/dobot_diagnostics/lib/python3.12/site-packages/dobot_diagnostics-1.0.0-py3.12.egg-info
[11.198s] running install_scripts
[11.966s] Installing alarms_parser script to /home/bbcontact/magician_ros2/install/dobot_diagnostics/lib/dobot_diagnostics
[11.969s] writing list of installed files to '/home/bbcontact/magician_ros2/build/dobot_diagnostics/install.log'
[12.072s] Invoked command in '/home/bbcontact/magician_ros2/src/magician_ros2/dobot_diagnostics' returned '0': AMENT_PREFIX_PATH=/home/bbcontact/magician_ros2/install/dobot_msgs:${AMENT_PREFIX_PATH} CMAKE_PREFIX_PATH=/home/bbcontact/magician_ros2/install/dobot_msgs:${CMAKE_PREFIX_PATH} DEBUGINFOD_URLS=https://debuginfod.ubuntu.com LD_LIBRARY_PATH=/home/bbcontact/magician_ros2/install/dobot_msgs/lib:${LD_LIBRARY_PATH} PYTHONPATH=/home/bbcontact/magician_ros2/build/dobot_diagnostics/prefix_override:/usr/lib/python3/dist-packages/colcon_core/task/python/colcon_distutils_commands:/home/bbcontact/magician_ros2/install/dobot_diagnostics/lib/python3.12/site-packages:/home/bbcontact/magician_ros2/install/dobot_msgs/lib/python3.12/site-packages:${PYTHONPATH} /usr/bin/python3 -W ignore:setup.py install is deprecated -W ignore:easy_install command is deprecated setup.py egg_info --egg-base ../../../build/dobot_diagnostics build --build-base /home/bbcontact/magician_ros2/build/dobot_diagnostics/build install --record /home/bbcontact/magician_ros2/build/dobot_diagnostics/install.log --install-scripts $base/lib/dobot_diagnostics --single-version-externally-managed install_data --force
