[3.152s] Invoking command in '/home/bbcontact/magician_ros2/build/orbbec_description': CMAKE_PREFIX_PATH=${CMAKE_PREFIX_PATH}:/opt/ros/jazzy DEBUGINFOD_URLS=https://debuginfod.ubuntu.com /usr/bin/cmake --build /home/bbcontact/magician_ros2/build/orbbec_description -- -j8 -l8
[3.502s] Invoked command in '/home/bbcontact/magician_ros2/build/orbbec_description' returned '0': CMAKE_PREFIX_PATH=${CMAKE_PREFIX_PATH}:/opt/ros/jazzy DEBUGINFOD_URLS=https://debuginfod.ubuntu.com /usr/bin/cmake --build /home/bbcontact/magician_ros2/build/orbbec_description -- -j8 -l8
[3.510s] Invoking command in '/home/bbcontact/magician_ros2/build/orbbec_description': CMAKE_PREFIX_PATH=${CMAKE_PREFIX_PATH}:/opt/ros/jazzy DEBUGINFOD_URLS=https://debuginfod.ubuntu.com /usr/bin/cmake --install /home/bbcontact/magician_ros2/build/orbbec_description
[3.647s] -- Install configuration: ""
[3.647s] -- Execute custom install script
[3.667s] -- Up-to-date symlink: /home/bbcontact/magician_ros2/install/orbbec_description/share/orbbec_description/launch/launch_utils.py
[3.681s] -- Up-to-date symlink: /home/bbcontact/magician_ros2/install/orbbec_description/share/orbbec_description/launch/view_model.launch.py
[3.706s] -- Up-to-date symlink: /home/bbcontact/magician_ros2/install/orbbec_description/share/orbbec_description/meshes/AstraPlus.stl
[3.711s] -- Up-to-date symlink: /home/bbcontact/magician_ros2/install/orbbec_description/share/orbbec_description/meshes/astra2/base_link.STL
[3.712s] -- Up-to-date symlink: /home/bbcontact/magician_ros2/install/orbbec_description/share/orbbec_description/meshes/astra2/camera_bottom_screw_frame.STL
[3.758s] -- Up-to-date symlink: /home/bbcontact/magician_ros2/install/orbbec_description/share/orbbec_description/meshes/astra2/camera_color_optical_frame.STL
[3.758s] -- Up-to-date symlink: /home/bbcontact/magician_ros2/install/orbbec_description/share/orbbec_description/meshes/astra2/camera_colorl_frame.STL
[3.763s] -- Up-to-date symlink: /home/bbcontact/magician_ros2/install/orbbec_description/share/orbbec_description/meshes/astra2/camera_depth_frame.STL
[3.763s] -- Up-to-date symlink: /home/bbcontact/magician_ros2/install/orbbec_description/share/orbbec_description/meshes/astra2/camera_depth_optical_frame.STL
[3.764s] -- Up-to-date symlink: /home/bbcontact/magician_ros2/install/orbbec_description/share/orbbec_description/meshes/astra2/camera_infra1_frame.STL
[3.764s] -- Up-to-date symlink: /home/bbcontact/magician_ros2/install/orbbec_description/share/orbbec_description/meshes/astra2/camera_infra1_optical_frame.STL
[3.765s] -- Up-to-date symlink: /home/bbcontact/magician_ros2/install/orbbec_description/share/orbbec_description/meshes/femto_bolt/femto_bolt.stl
[3.765s] -- Up-to-date symlink: /home/bbcontact/magician_ros2/install/orbbec_description/share/orbbec_description/meshes/gemini2/base_link.STL
[3.766s] -- Up-to-date symlink: /home/bbcontact/magician_ros2/install/orbbec_description/share/orbbec_description/meshes/gemini2/camera_botter_screw_frame.STL
[3.770s] -- Up-to-date symlink: /home/bbcontact/magician_ros2/install/orbbec_description/share/orbbec_description/meshes/gemini2/camera_color_frame.STL
[3.770s] -- Up-to-date symlink: /home/bbcontact/magician_ros2/install/orbbec_description/share/orbbec_description/meshes/gemini2/camera_color_optical_frame.STL
[3.771s] -- Up-to-date symlink: /home/bbcontact/magician_ros2/install/orbbec_description/share/orbbec_description/meshes/gemini2/camera_depth_frame.STL
[3.771s] -- Up-to-date symlink: /home/bbcontact/magician_ros2/install/orbbec_description/share/orbbec_description/meshes/gemini2/camera_infra1_frame.STL
[3.772s] -- Up-to-date symlink: /home/bbcontact/magician_ros2/install/orbbec_description/share/orbbec_description/meshes/gemini2/camera_infra1_optical_frame.STL
[3.772s] -- Up-to-date symlink: /home/bbcontact/magician_ros2/install/orbbec_description/share/orbbec_description/meshes/gemini2/camera_infra2_frame.STL
[3.772s] -- Up-to-date symlink: /home/bbcontact/magician_ros2/install/orbbec_description/share/orbbec_description/meshes/gemini2/camera_infra2_optical_frame.STL
[3.773s] -- Up-to-date symlink: /home/bbcontact/magician_ros2/install/orbbec_description/share/orbbec_description/meshes/gemini2l/base_link.STL
[3.773s] -- Up-to-date symlink: /home/bbcontact/magician_ros2/install/orbbec_description/share/orbbec_description/meshes/gemini2l/camera_IR1_frame.STL
[3.774s] -- Up-to-date symlink: /home/bbcontact/magician_ros2/install/orbbec_description/share/orbbec_description/meshes/gemini2l/camera_IR1_optical_frame.STL
[3.774s] -- Up-to-date symlink: /home/bbcontact/magician_ros2/install/orbbec_description/share/orbbec_description/meshes/gemini2l/camera_IR2_frame.STL
[3.774s] -- Up-to-date symlink: /home/bbcontact/magician_ros2/install/orbbec_description/share/orbbec_description/meshes/gemini2l/camera_IR2_optical_frame.STL
[3.775s] -- Up-to-date symlink: /home/bbcontact/magician_ros2/install/orbbec_description/share/orbbec_description/meshes/gemini2l/camera_bottom_screw_frame.STL
[3.775s] -- Up-to-date symlink: /home/bbcontact/magician_ros2/install/orbbec_description/share/orbbec_description/meshes/gemini2l/camera_color_frame.STL
[3.789s] -- Up-to-date symlink: /home/bbcontact/magician_ros2/install/orbbec_description/share/orbbec_description/meshes/gemini2l/camera_depth_frame.STL
[3.792s] -- Up-to-date symlink: /home/bbcontact/magician_ros2/install/orbbec_description/share/orbbec_description/meshes/gemini2l/camera_imu_frame.STL
[3.793s] -- Up-to-date symlink: /home/bbcontact/magician_ros2/install/orbbec_description/share/orbbec_description/meshes/gemini2l/camera_rgb_optical_frame.STL
[3.794s] -- Up-to-date symlink: /home/bbcontact/magician_ros2/install/orbbec_description/share/orbbec_description/meshes/gemini335L_336L/base_link.STL
[3.794s] -- Up-to-date symlink: /home/bbcontact/magician_ros2/install/orbbec_description/share/orbbec_description/meshes/gemini335L_336L/camera_IMU_frame.STL
[3.795s] -- Up-to-date symlink: /home/bbcontact/magician_ros2/install/orbbec_description/share/orbbec_description/meshes/gemini335L_336L/camera_color_frame.STL
[3.795s] -- Up-to-date symlink: /home/bbcontact/magician_ros2/install/orbbec_description/share/orbbec_description/meshes/gemini335L_336L/camera_color_optical_frame.STL
[3.796s] -- Up-to-date symlink: /home/bbcontact/magician_ros2/install/orbbec_description/share/orbbec_description/meshes/gemini335L_336L/camera_color_screw_frame.STL
[3.796s] -- Up-to-date symlink: /home/bbcontact/magician_ros2/install/orbbec_description/share/orbbec_description/meshes/gemini335L_336L/camera_depth_frame.STL
[3.797s] -- Up-to-date symlink: /home/bbcontact/magician_ros2/install/orbbec_description/share/orbbec_description/meshes/gemini335L_336L/camera_infra1_frame.STL
[3.797s] -- Up-to-date symlink: /home/bbcontact/magician_ros2/install/orbbec_description/share/orbbec_description/meshes/gemini335L_336L/camera_infra1_optical_frame.STL
[3.797s] -- Up-to-date symlink: /home/bbcontact/magician_ros2/install/orbbec_description/share/orbbec_description/meshes/gemini335L_336L/camera_infra2_frame.STL
[3.798s] -- Up-to-date symlink: /home/bbcontact/magician_ros2/install/orbbec_description/share/orbbec_description/meshes/gemini335L_336L/camera_infra2_optical_frame.STL
[3.798s] -- Up-to-date symlink: /home/bbcontact/magician_ros2/install/orbbec_description/share/orbbec_description/meshes/gemini335_336/camera_bottom_screw_frame.STL
[3.803s] -- Up-to-date symlink: /home/bbcontact/magician_ros2/install/orbbec_description/share/orbbec_description/meshes/gemini335_336/camera_color_frame.STL
[3.803s] -- Up-to-date symlink: /home/bbcontact/magician_ros2/install/orbbec_description/share/orbbec_description/meshes/gemini335_336/camera_color_optical_frame.STL
[3.804s] -- Up-to-date symlink: /home/bbcontact/magician_ros2/install/orbbec_description/share/orbbec_description/meshes/gemini335_336/camera_depth_frame.STL
[3.804s] -- Up-to-date symlink: /home/bbcontact/magician_ros2/install/orbbec_description/share/orbbec_description/meshes/gemini335_336/camera_depth_optical_frame.STL
[3.804s] -- Up-to-date symlink: /home/bbcontact/magician_ros2/install/orbbec_description/share/orbbec_description/meshes/gemini335_336/camera_left_ir_frame.STL
[3.805s] -- Up-to-date symlink: /home/bbcontact/magician_ros2/install/orbbec_description/share/orbbec_description/meshes/gemini335_336/camera_left_ir_optical_frame.STL
[3.805s] -- Up-to-date symlink: /home/bbcontact/magician_ros2/install/orbbec_description/share/orbbec_description/meshes/gemini335_336/camera_link.STL
[3.810s] -- Up-to-date symlink: /home/bbcontact/magician_ros2/install/orbbec_description/share/orbbec_description/meshes/gemini335_336/camera_right_ir_frame.STL
[3.810s] -- Up-to-date symlink: /home/bbcontact/magician_ros2/install/orbbec_description/share/orbbec_description/meshes/gemini335_336/camera_right_ir_optical_frame.STL
[3.811s] -- Up-to-date symlink: /home/bbcontact/magician_ros2/install/orbbec_description/share/orbbec_description/urdf/astra2.urdf.xacro
[3.811s] -- Up-to-date symlink: /home/bbcontact/magician_ros2/install/orbbec_description/share/orbbec_description/urdf/femto_bolt.urdf.xacro
[3.811s] -- Up-to-date symlink: /home/bbcontact/magician_ros2/install/orbbec_description/share/orbbec_description/urdf/gemini2.urdf.xacro
[3.812s] -- Up-to-date symlink: /home/bbcontact/magician_ros2/install/orbbec_description/share/orbbec_description/urdf/gemini2L.urdf.xacro
[3.908s] -- Up-to-date symlink: /home/bbcontact/magician_ros2/install/orbbec_description/share/orbbec_description/urdf/gemini335L_336L.urdf.xacro
[3.913s] -- Up-to-date symlink: /home/bbcontact/magician_ros2/install/orbbec_description/share/orbbec_description/urdf/gemini_335_336.urdf.xacro
[3.914s] -- Up-to-date symlink: /home/bbcontact/magician_ros2/install/orbbec_description/share/orbbec_description/urdf/test_astra2.urdf.xacro
[3.943s] -- Up-to-date symlink: /home/bbcontact/magician_ros2/install/orbbec_description/share/orbbec_description/urdf/test_femto_bolt.urdf.xacro
[3.944s] -- Up-to-date symlink: /home/bbcontact/magician_ros2/install/orbbec_description/share/orbbec_description/urdf/test_gemini2.urdf.xacro
[3.944s] -- Up-to-date symlink: /home/bbcontact/magician_ros2/install/orbbec_description/share/orbbec_description/urdf/test_gemini2L.urdf.xacro
[4.028s] -- Up-to-date symlink: /home/bbcontact/magician_ros2/install/orbbec_description/share/orbbec_description/urdf/test_gemini335L.urdf.xacro
[4.028s] -- Up-to-date symlink: /home/bbcontact/magician_ros2/install/orbbec_description/share/orbbec_description/urdf/test_gemini336L.urdf.xacro
[4.029s] -- Up-to-date symlink: /home/bbcontact/magician_ros2/install/orbbec_description/share/orbbec_description/urdf/test_gemini_335.urdf.xarco
[4.029s] -- Up-to-date symlink: /home/bbcontact/magician_ros2/install/orbbec_description/share/orbbec_description/urdf/test_gemini_336.urdf.xarco
[4.029s] -- Up-to-date symlink: /home/bbcontact/magician_ros2/install/orbbec_description/share/orbbec_description/rviz/urdf.rviz
[4.031s] -- Up-to-date symlink: /home/bbcontact/magician_ros2/install/orbbec_description/share/ament_index/resource_index/package_run_dependencies/orbbec_description
[4.031s] -- Up-to-date symlink: /home/bbcontact/magician_ros2/install/orbbec_description/share/ament_index/resource_index/parent_prefix_path/orbbec_description
[4.032s] -- Up-to-date symlink: /home/bbcontact/magician_ros2/install/orbbec_description/share/orbbec_description/environment/ament_prefix_path.sh
[4.032s] -- Up-to-date symlink: /home/bbcontact/magician_ros2/install/orbbec_description/share/orbbec_description/environment/ament_prefix_path.dsv
[4.032s] -- Up-to-date symlink: /home/bbcontact/magician_ros2/install/orbbec_description/share/orbbec_description/environment/path.sh
[4.038s] -- Up-to-date symlink: /home/bbcontact/magician_ros2/install/orbbec_description/share/orbbec_description/environment/path.dsv
[4.039s] -- Up-to-date symlink: /home/bbcontact/magician_ros2/install/orbbec_description/share/orbbec_description/local_setup.bash
[4.039s] -- Up-to-date symlink: /home/bbcontact/magician_ros2/install/orbbec_description/share/orbbec_description/local_setup.sh
[4.040s] -- Up-to-date symlink: /home/bbcontact/magician_ros2/install/orbbec_description/share/orbbec_description/local_setup.zsh
[4.040s] -- Up-to-date symlink: /home/bbcontact/magician_ros2/install/orbbec_description/share/orbbec_description/local_setup.dsv
[4.040s] -- Symlinking: /home/bbcontact/magician_ros2/install/orbbec_description/share/orbbec_description/package.dsv
[4.041s] -- Up-to-date symlink: /home/bbcontact/magician_ros2/install/orbbec_description/share/ament_index/resource_index/packages/orbbec_description
[4.042s] -- Up-to-date symlink: /home/bbcontact/magician_ros2/install/orbbec_description/share/orbbec_description/cmake/orbbec_descriptionConfig.cmake
[4.042s] -- Up-to-date symlink: /home/bbcontact/magician_ros2/install/orbbec_description/share/orbbec_description/cmake/orbbec_descriptionConfig-version.cmake
[4.042s] -- Up-to-date symlink: /home/bbcontact/magician_ros2/install/orbbec_description/share/orbbec_description/package.xml
[4.225s] Invoked command in '/home/bbcontact/magician_ros2/build/orbbec_description' returned '0': CMAKE_PREFIX_PATH=${CMAKE_PREFIX_PATH}:/opt/ros/jazzy DEBUGINFOD_URLS=https://debuginfod.ubuntu.com /usr/bin/cmake --install /home/bbcontact/magician_ros2/build/orbbec_description
