/home/bbcontact/magician_ros2/install/dobot_motion/lib/python3.12/site-packages/dobot_motion/PTP_params_class.py
/home/bbcontact/magician_ros2/install/dobot_motion/lib/python3.12/site-packages/dobot_motion/PTP_server.py
/home/bbcontact/magician_ros2/install/dobot_motion/lib/python3.12/site-packages/dobot_motion/__init__.py
/home/bbcontact/magician_ros2/install/dobot_motion/lib/python3.12/site-packages/dobot_motion/sliding_rail_server.py
/home/bbcontact/magician_ros2/install/dobot_motion/lib/python3.12/site-packages/dobot_motion/__pycache__/PTP_params_class.cpython-312.pyc
/home/bbcontact/magician_ros2/install/dobot_motion/lib/python3.12/site-packages/dobot_motion/__pycache__/PTP_server.cpython-312.pyc
/home/bbcontact/magician_ros2/install/dobot_motion/lib/python3.12/site-packages/dobot_motion/__pycache__/__init__.cpython-312.pyc
/home/bbcontact/magician_ros2/install/dobot_motion/lib/python3.12/site-packages/dobot_motion/__pycache__/sliding_rail_server.cpython-312.pyc
/home/bbcontact/magician_ros2/install/dobot_motion/share/ament_index/resource_index/packages/dobot_motion
/home/bbcontact/magician_ros2/install/dobot_motion/share/dobot_motion/package.xml
/home/bbcontact/magician_ros2/install/dobot_motion/share/dobot_motion/launch/dobot_PTP.launch.py
/home/bbcontact/magician_ros2/install/dobot_motion/share/dobot_motion/launch/dobot_rail.launch.py
/home/bbcontact/magician_ros2/install/dobot_motion/share/dobot_motion/config/PTP_motion_params.yaml
/home/bbcontact/magician_ros2/install/dobot_motion/share/dobot_motion/config/sliding_rail_params.yaml
/home/bbcontact/magician_ros2/install/dobot_motion/lib/python3.12/site-packages/dobot_motion-1.0.0-py3.12.egg-info/PKG-INFO
/home/bbcontact/magician_ros2/install/dobot_motion/lib/python3.12/site-packages/dobot_motion-1.0.0-py3.12.egg-info/zip-safe
/home/bbcontact/magician_ros2/install/dobot_motion/lib/python3.12/site-packages/dobot_motion-1.0.0-py3.12.egg-info/dependency_links.txt
/home/bbcontact/magician_ros2/install/dobot_motion/lib/python3.12/site-packages/dobot_motion-1.0.0-py3.12.egg-info/entry_points.txt
/home/bbcontact/magician_ros2/install/dobot_motion/lib/python3.12/site-packages/dobot_motion-1.0.0-py3.12.egg-info/requires.txt
/home/bbcontact/magician_ros2/install/dobot_motion/lib/python3.12/site-packages/dobot_motion-1.0.0-py3.12.egg-info/top_level.txt
/home/bbcontact/magician_ros2/install/dobot_motion/lib/python3.12/site-packages/dobot_motion-1.0.0-py3.12.egg-info/SOURCES.txt
/home/bbcontact/magician_ros2/install/dobot_motion/lib/dobot_motion/PTP_server
/home/bbcontact/magician_ros2/install/dobot_motion/lib/dobot_motion/sliding_rail_server
