running develop
running egg_info
creating dobot_demos.egg-info
writing dobot_demos.egg-info/PKG-INFO
writing dependency_links to dobot_demos.egg-info/dependency_links.txt
writing entry points to dobot_demos.egg-info/entry_points.txt
writing requirements to dobot_demos.egg-info/requires.txt
writing top-level names to dobot_demos.egg-info/top_level.txt
writing manifest file 'dobot_demos.egg-info/SOURCES.txt'
reading manifest file 'dobot_demos.egg-info/SOURCES.txt'
writing manifest file 'dobot_demos.egg-info/SOURCES.txt'
running build_ext
Creating /home/bbcontact/magician_ros2/install/dobot_demos/lib/python3.12/site-packages/dobot-demos.egg-link (link to .)
Installing test_gripper script to /home/bbcontact/magician_ros2/install/dobot_demos/lib/dobot_demos
Installing test_homing script to /home/bbcontact/magician_ros2/install/dobot_demos/lib/dobot_demos
Installing test_pick_and_place script to /home/bbcontact/magician_ros2/install/dobot_demos/lib/dobot_demos
Installing test_point_to_point script to /home/bbcontact/magician_ros2/install/dobot_demos/lib/dobot_demos
Installing test_suction_cup script to /home/bbcontact/magician_ros2/install/dobot_demos/lib/dobot_demos

Installed /home/bbcontact/magician_ros2/build/dobot_demos
running symlink_data
creating /home/bbcontact/magician_ros2/install/dobot_demos/share/ament_index
creating /home/bbcontact/magician_ros2/install/dobot_demos/share/ament_index/resource_index
creating /home/bbcontact/magician_ros2/install/dobot_demos/share/ament_index/resource_index/packages
symbolically linking /home/bbcontact/magician_ros2/build/dobot_demos/resource/dobot_demos -> /home/bbcontact/magician_ros2/install/dobot_demos/share/ament_index/resource_index/packages
symbolically linking /home/bbcontact/magician_ros2/build/dobot_demos/package.xml -> /home/bbcontact/magician_ros2/install/dobot_demos/share/dobot_demos
