running develop
running egg_info
creating dobot_calibration.egg-info
writing dobot_calibration.egg-info/PKG-INFO
writing dependency_links to dobot_calibration.egg-info/dependency_links.txt
writing entry points to dobot_calibration.egg-info/entry_points.txt
writing requirements to dobot_calibration.egg-info/requires.txt
writing top-level names to dobot_calibration.egg-info/top_level.txt
writing manifest file 'dobot_calibration.egg-info/SOURCES.txt'
reading manifest file 'dobot_calibration.egg-info/SOURCES.txt'
writing manifest file 'dobot_calibration.egg-info/SOURCES.txt'
running build_ext
Creating /home/bbcontact/magician_ros2/install/dobot_calibration/lib/python3.12/site-packages/dobot-calibration.egg-link (link to .)
Installing markerless_calibration script to /home/bbcontact/magician_ros2/install/dobot_calibration/lib/dobot_calibration

Installed /home/bbcontact/magician_ros2/build/dobot_calibration
running symlink_data
creating /home/bbcontact/magician_ros2/install/dobot_calibration/share/ament_index
creating /home/bbcontact/magician_ros2/install/dobot_calibration/share/ament_index/resource_index
creating /home/bbcontact/magician_ros2/install/dobot_calibration/share/ament_index/resource_index/packages
symbolically linking /home/bbcontact/magician_ros2/build/dobot_calibration/resource/dobot_calibration -> /home/bbcontact/magician_ros2/install/dobot_calibration/share/ament_index/resource_index/packages
symbolically linking /home/bbcontact/magician_ros2/build/dobot_calibration/package.xml -> /home/bbcontact/magician_ros2/install/dobot_calibration/share/dobot_calibration
symbolically linking /home/bbcontact/magician_ros2/build/dobot_calibration/README.md -> /home/bbcontact/magician_ros2/install/dobot_calibration/share/dobot_calibration
creating /home/bbcontact/magician_ros2/install/dobot_calibration/share/dobot_calibration/config
symbolically linking /home/bbcontact/magician_ros2/build/dobot_calibration/config/calibration.yaml -> /home/bbcontact/magician_ros2/install/dobot_calibration/share/dobot_calibration/config
symbolically linking /home/bbcontact/magician_ros2/build/dobot_calibration/config/mount_model.yaml -> /home/bbcontact/magician_ros2/install/dobot_calibration/share/dobot_calibration/config
symbolically linking /home/bbcontact/magician_ros2/build/dobot_calibration/config/carrier_mount.example.yaml -> /home/bbcontact/magician_ros2/install/dobot_calibration/share/dobot_calibration/config
creating /home/bbcontact/magician_ros2/install/dobot_calibration/share/dobot_calibration/launch
symbolically linking /home/bbcontact/magician_ros2/build/dobot_calibration/launch/markerless_calibration.launch.py -> /home/bbcontact/magician_ros2/install/dobot_calibration/share/dobot_calibration/launch
