[0.091s] Invoking command in '/home/bbcontact/magician_ros2/build/dobot_description': CMAKE_PREFIX_PATH=${CMAKE_PREFIX_PATH}:/opt/ros/jazzy DEBUGINFOD_URLS=https://debuginfod.ubuntu.com /usr/bin/cmake /home/bbcontact/magician_ros2/src/magician_ros2/dobot_description -DAMENT_CMAKE_SYMLINK_INSTALL=1 -DCMAKE_INSTALL_PREFIX=/home/bbcontact/magician_ros2/install/dobot_description
[2.724s] -- Found ament_cmake: 2.5.6 (/opt/ros/jazzy/share/ament_cmake/cmake)
[2.725s] -- Override CMake install command with custom implementation using symlinks instead of copying resources
[2.725s] -- Found ament_cmake_pytest: 2.5.6 (/opt/ros/jazzy/share/ament_cmake_pytest/cmake)
[5.639s] -- Found ament_lint_auto: 0.17.5 (/opt/ros/jazzy/share/ament_lint_auto/cmake)
[6.945s] -- Found rosidl_generator_c: 4.6.9 (/opt/ros/jazzy/share/rosidl_generator_c/cmake)
[6.946s] -- Found rosidl_generator_cpp: 4.6.9 (/opt/ros/jazzy/share/rosidl_generator_cpp/cmake)
[6.948s] -- Using all available rosidl_typesupport_c: rosidl_typesupport_fastrtps_c;rosidl_typesupport_introspection_c
[6.949s] -- Using all available rosidl_typesupport_cpp: rosidl_typesupport_fastrtps_cpp;rosidl_typesupport_introspection_cpp
[6.949s] -- Found rmw_implementation_cmake: 7.3.3 (/opt/ros/jazzy/share/rmw_implementation_cmake/cmake)
[6.950s] -- Found rmw_cyclonedds_cpp: 2.2.3 (/opt/ros/jazzy/share/rmw_cyclonedds_cpp/cmake)
[7.105s] -- Using RMW implementation 'rmw_cyclonedds_cpp' as default
[8.752s] -- Found eigen3_cmake_module: 0.3.1 (/opt/ros/jazzy/share/eigen3_cmake_module/cmake)
[8.753s] -- Ensuring Eigen3 include directory is part of orocos-kdl CMake target
[8.759s] -- Configuring done (8.6s)
[8.835s] -- Generating done (0.0s)
[8.836s] -- Build files have been written to: /home/bbcontact/magician_ros2/build/dobot_description
[8.840s] Invoked command in '/home/bbcontact/magician_ros2/build/dobot_description' returned '0': CMAKE_PREFIX_PATH=${CMAKE_PREFIX_PATH}:/opt/ros/jazzy DEBUGINFOD_URLS=https://debuginfod.ubuntu.com /usr/bin/cmake /home/bbcontact/magician_ros2/src/magician_ros2/dobot_description -DAMENT_CMAKE_SYMLINK_INSTALL=1 -DCMAKE_INSTALL_PREFIX=/home/bbcontact/magician_ros2/install/dobot_description
[8.841s] Invoking command in '/home/bbcontact/magician_ros2/build/dobot_description': CMAKE_PREFIX_PATH=${CMAKE_PREFIX_PATH}:/opt/ros/jazzy DEBUGINFOD_URLS=https://debuginfod.ubuntu.com /usr/bin/cmake --build /home/bbcontact/magician_ros2/build/dobot_description -- -j8 -l8
[10.104s] Invoked command in '/home/bbcontact/magician_ros2/build/dobot_description' returned '0': CMAKE_PREFIX_PATH=${CMAKE_PREFIX_PATH}:/opt/ros/jazzy DEBUGINFOD_URLS=https://debuginfod.ubuntu.com /usr/bin/cmake --build /home/bbcontact/magician_ros2/build/dobot_description -- -j8 -l8
[10.105s] Invoking command in '/home/bbcontact/magician_ros2/build/dobot_description': CMAKE_PREFIX_PATH=${CMAKE_PREFIX_PATH}:/opt/ros/jazzy DEBUGINFOD_URLS=https://debuginfod.ubuntu.com /usr/bin/cmake --install /home/bbcontact/magician_ros2/build/dobot_description
[10.168s] -- Install configuration: ""
[10.168s] -- Execute custom install script
[10.168s] -- Up-to-date symlink: /home/bbcontact/magician_ros2/install/dobot_description/share/dobot_description/launch/camera_view.launch.py
[10.169s] -- Up-to-date symlink: /home/bbcontact/magician_ros2/install/dobot_description/share/dobot_description/launch/display.launch.py
[10.169s] -- Up-to-date symlink: /home/bbcontact/magician_ros2/install/dobot_description/share/dobot_description/meshes/collision/additional_elements/sliding_rail.dae
[10.169s] -- Up-to-date symlink: /home/bbcontact/magician_ros2/install/dobot_description/share/dobot_description/meshes/collision/core/magicianBase.dae
[10.170s] -- Up-to-date symlink: /home/bbcontact/magician_ros2/install/dobot_description/share/dobot_description/meshes/collision/core/magicianLink1.dae
[10.170s] -- Up-to-date symlink: /home/bbcontact/magician_ros2/install/dobot_description/share/dobot_description/meshes/collision/core/magicianLink2.dae
[10.170s] -- Up-to-date symlink: /home/bbcontact/magician_ros2/install/dobot_description/share/dobot_description/meshes/collision/core/magicianLink3.dae
[10.177s] -- Up-to-date symlink: /home/bbcontact/magician_ros2/install/dobot_description/share/dobot_description/meshes/collision/end_tools/extended_gripper_collision_part1.dae
[10.177s] -- Up-to-date symlink: /home/bbcontact/magician_ros2/install/dobot_description/share/dobot_description/meshes/collision/end_tools/extended_gripper_collision_part2.dae
[10.177s] -- Up-to-date symlink: /home/bbcontact/magician_ros2/install/dobot_description/share/dobot_description/meshes/collision/end_tools/gripper_collision_part1.dae
[10.178s] -- Up-to-date symlink: /home/bbcontact/magician_ros2/install/dobot_description/share/dobot_description/meshes/collision/end_tools/gripper_collision_part2.dae
[10.178s] -- Up-to-date symlink: /home/bbcontact/magician_ros2/install/dobot_description/share/dobot_description/meshes/collision/end_tools/link4_collision.dae
[10.178s] -- Up-to-date symlink: /home/bbcontact/magician_ros2/install/dobot_description/share/dobot_description/meshes/collision/end_tools/pen_collision_part1.dae
[10.179s] -- Up-to-date symlink: /home/bbcontact/magician_ros2/install/dobot_description/share/dobot_description/meshes/collision/end_tools/pen_collision_part2.dae
[10.179s] -- Up-to-date symlink: /home/bbcontact/magician_ros2/install/dobot_description/share/dobot_description/meshes/collision/end_tools/suction_cup_collision_part1.dae
[10.179s] -- Up-to-date symlink: /home/bbcontact/magician_ros2/install/dobot_description/share/dobot_description/meshes/collision/end_tools/suction_cup_collision_part2.dae
[10.180s] -- Up-to-date symlink: /home/bbcontact/magician_ros2/install/dobot_description/share/dobot_description/meshes/collision/urdf_models/3DOF.urdf
[10.182s] -- Up-to-date symlink: /home/bbcontact/magician_ros2/install/dobot_description/share/dobot_description/meshes/collision/urdf_models/dobot_with_rail.urdf
[10.183s] -- Up-to-date symlink: /home/bbcontact/magician_ros2/install/dobot_description/share/dobot_description/meshes/collision/urdf_models/extended_gripper.urdf
[10.183s] -- Up-to-date symlink: /home/bbcontact/magician_ros2/install/dobot_description/share/dobot_description/meshes/collision/urdf_models/gripper.urdf
[10.183s] -- Up-to-date symlink: /home/bbcontact/magician_ros2/install/dobot_description/share/dobot_description/meshes/collision/urdf_models/pen.urdf
[10.184s] -- Up-to-date symlink: /home/bbcontact/magician_ros2/install/dobot_description/share/dobot_description/meshes/collision/urdf_models/sliding_rail_draft.urdf
[10.184s] -- Up-to-date symlink: /home/bbcontact/magician_ros2/install/dobot_description/share/dobot_description/meshes/collision/urdf_models/suction_cup.urdf
[10.184s] -- Up-to-date symlink: /home/bbcontact/magician_ros2/install/dobot_description/share/dobot_description/meshes/dae/IntelRealSenseD435i.dae
[10.185s] -- Up-to-date symlink: /home/bbcontact/magician_ros2/install/dobot_description/share/dobot_description/meshes/dae/camera.dae
[10.185s] -- Up-to-date symlink: /home/bbcontact/magician_ros2/install/dobot_description/share/dobot_description/meshes/dae/gripper_core.dae
[10.185s] -- Up-to-date symlink: /home/bbcontact/magician_ros2/install/dobot_description/share/dobot_description/meshes/dae/jaw_left.dae
[10.186s] -- Up-to-date symlink: /home/bbcontact/magician_ros2/install/dobot_description/share/dobot_description/meshes/dae/jaw_left_extended.dae
[10.191s] -- Up-to-date symlink: /home/bbcontact/magician_ros2/install/dobot_description/share/dobot_description/meshes/dae/jaw_right.dae
[10.191s] -- Up-to-date symlink: /home/bbcontact/magician_ros2/install/dobot_description/share/dobot_description/meshes/dae/jaw_right_extended.dae
[10.192s] -- Up-to-date symlink: /home/bbcontact/magician_ros2/install/dobot_description/share/dobot_description/meshes/dae/magicianBase.dae
[10.192s] -- Up-to-date symlink: /home/bbcontact/magician_ros2/install/dobot_description/share/dobot_description/meshes/dae/magicianGripper.dae
[10.192s] -- Up-to-date symlink: /home/bbcontact/magician_ros2/install/dobot_description/share/dobot_description/meshes/dae/magicianLink1.dae
[10.193s] -- Up-to-date symlink: /home/bbcontact/magician_ros2/install/dobot_description/share/dobot_description/meshes/dae/magicianLink2.dae
[10.193s] -- Up-to-date symlink: /home/bbcontact/magician_ros2/install/dobot_description/share/dobot_description/meshes/dae/magicianLink3.dae
[10.193s] -- Up-to-date symlink: /home/bbcontact/magician_ros2/install/dobot_description/share/dobot_description/meshes/dae/magicianLink4.dae
[10.194s] -- Up-to-date symlink: /home/bbcontact/magician_ros2/install/dobot_description/share/dobot_description/meshes/dae/magicianLink4_default.dae
[10.197s] -- Up-to-date symlink: /home/bbcontact/magician_ros2/install/dobot_description/share/dobot_description/meshes/dae/magicianSuctionCup.dae
[10.197s] -- Up-to-date symlink: /home/bbcontact/magician_ros2/install/dobot_description/share/dobot_description/meshes/dae/magician_pen.dae
[10.198s] -- Up-to-date symlink: /home/bbcontact/magician_ros2/install/dobot_description/share/dobot_description/meshes/dae/moving_gripper.dae
[10.198s] -- Up-to-date symlink: /home/bbcontact/magician_ros2/install/dobot_description/share/dobot_description/meshes/dae/stl/dobot_gripper_extender.stl
[10.198s] -- Up-to-date symlink: /home/bbcontact/magician_ros2/install/dobot_description/share/dobot_description/meshes/dae/stl/realsense_gripper.stl
[10.199s] -- Up-to-date symlink: /home/bbcontact/magician_ros2/install/dobot_description/share/dobot_description/meshes/dae/suction_cup.dae
[10.199s] -- Up-to-date symlink: /home/bbcontact/magician_ros2/install/dobot_description/share/dobot_description/rviz/camera.rviz
[10.199s] -- Up-to-date symlink: /home/bbcontact/magician_ros2/install/dobot_description/share/dobot_description/rviz/urdf.rviz
[10.200s] -- Up-to-date symlink: /home/bbcontact/magician_ros2/install/dobot_description/share/dobot_description/rviz/urdf_full.rviz
[10.203s] -- Up-to-date symlink: /home/bbcontact/magician_ros2/install/dobot_description/share/dobot_description/model/clean_model_no_macros.urdf
[10.203s] -- Up-to-date symlink: /home/bbcontact/magician_ros2/install/dobot_description/share/dobot_description/model/dobot_common.urdf.xacro
[10.204s] -- Up-to-date symlink: /home/bbcontact/magician_ros2/install/dobot_description/share/dobot_description/model/eye_in_hand_frames.md
[10.204s] -- Up-to-date symlink: /home/bbcontact/magician_ros2/install/dobot_description/share/dobot_description/model/eye_in_hand_mount.yaml
[10.204s] -- Up-to-date symlink: /home/bbcontact/magician_ros2/install/dobot_description/share/dobot_description/model/magician.urdf.xacro
[10.205s] -- Up-to-date symlink: /home/bbcontact/magician_ros2/install/dobot_description/share/dobot_description/model/magician_standalone.urdf.xacro
[10.205s] -- Up-to-date symlink: /home/bbcontact/magician_ros2/install/dobot_description/share/dobot_description/model/orbbec_suction_mount.urdf.xacro
[10.205s] -- Up-to-date symlink: /home/bbcontact/magician_ros2/install/dobot_description/share/ament_index/resource_index/package_run_dependencies/dobot_description
[10.206s] -- Up-to-date symlink: /home/bbcontact/magician_ros2/install/dobot_description/share/ament_index/resource_index/parent_prefix_path/dobot_description
[10.209s] -- Up-to-date symlink: /home/bbcontact/magician_ros2/install/dobot_description/share/dobot_description/environment/ament_prefix_path.sh
[10.209s] -- Up-to-date symlink: /home/bbcontact/magician_ros2/install/dobot_description/share/dobot_description/environment/ament_prefix_path.dsv
[10.210s] -- Up-to-date symlink: /home/bbcontact/magician_ros2/install/dobot_description/share/dobot_description/environment/path.sh
[10.210s] -- Up-to-date symlink: /home/bbcontact/magician_ros2/install/dobot_description/share/dobot_description/environment/path.dsv
[10.210s] -- Up-to-date symlink: /home/bbcontact/magician_ros2/install/dobot_description/share/dobot_description/local_setup.bash
[10.211s] -- Up-to-date symlink: /home/bbcontact/magician_ros2/install/dobot_description/share/dobot_description/local_setup.sh
[10.211s] -- Up-to-date symlink: /home/bbcontact/magician_ros2/install/dobot_description/share/dobot_description/local_setup.zsh
[10.211s] -- Up-to-date symlink: /home/bbcontact/magician_ros2/install/dobot_description/share/dobot_description/local_setup.dsv
[10.215s] -- Symlinking: /home/bbcontact/magician_ros2/install/dobot_description/share/dobot_description/package.dsv
[10.216s] -- Up-to-date symlink: /home/bbcontact/magician_ros2/install/dobot_description/share/ament_index/resource_index/packages/dobot_description
[10.216s] -- Up-to-date symlink: /home/bbcontact/magician_ros2/install/dobot_description/share/dobot_description/cmake/dobot_descriptionConfig.cmake
[10.216s] -- Up-to-date symlink: /home/bbcontact/magician_ros2/install/dobot_description/share/dobot_description/cmake/dobot_descriptionConfig-version.cmake
[10.221s] -- Up-to-date symlink: /home/bbcontact/magician_ros2/install/dobot_description/share/dobot_description/package.xml
[10.223s] Invoked command in '/home/bbcontact/magician_ros2/build/dobot_description' returned '0': CMAKE_PREFIX_PATH=${CMAKE_PREFIX_PATH}:/opt/ros/jazzy DEBUGINFOD_URLS=https://debuginfod.ubuntu.com /usr/bin/cmake --install /home/bbcontact/magician_ros2/build/dobot_description
