[0.032s] Invoking command in '/home/bbcontact/magician_ros2/build/orbbec_camera': CMAKE_PREFIX_PATH=/home/bbcontact/magician_ros2/install/orbbec_camera_msgs:/home/bbcontact/magician_ros2/install/orbbec_description:/home/bbcontact/magician_ros2/install/dobot_msgs:/home/bbcontact/magician_ros2/install/dobot_driver:/home/bbcontact/magician_ros2/install/dobot_description:/opt/ros/jazzy/opt/gz_sim_vendor:/opt/ros/jazzy/opt/gz_sensors_vendor:/opt/ros/jazzy/opt/gz_physics_vendor:/opt/ros/jazzy/opt/sdformat_vendor:/opt/ros/jazzy/opt/gz_gui_vendor:/opt/ros/jazzy/opt/gz_transport_vendor:/opt/ros/jazzy/opt/gz_rendering_vendor:/opt/ros/jazzy/opt/gz_plugin_vendor:/opt/ros/jazzy/opt/gz_fuel_tools_vendor:/opt/ros/jazzy/opt/gz_msgs_vendor:/opt/ros/jazzy/opt/gz_common_vendor:/opt/ros/jazzy/opt/gz_math_vendor:/opt/ros/jazzy/opt/gz_utils_vendor:/opt/ros/jazzy/opt/gz_tools_vendor:/opt/ros/jazzy/opt/gz_ogre_next_vendor:/opt/ros/jazzy/opt/gz_dartsim_vendor:/opt/ros/jazzy/opt/gz_cmake_vendor:/home/bbcontact/magician_ros2/install/dobot_vision_rgbd:/home/bbcontact/magician_ros2/install/dobot_visualization_tools:/home/bbcontact/magician_ros2/install/dobot_vision_yolo:/home/bbcontact/magician_ros2/install/dobot_bringup:/home/bbcontact/magician_ros2/install/dobot_state_updater:/home/bbcontact/magician_ros2/install/dobot_object_vision:/home/bbcontact/magician_ros2/install/dobot_motion:/home/bbcontact/magician_ros2/install/dobot_kinematics:/home/bbcontact/magician_ros2/install/dobot_homing:/home/bbcontact/magician_ros2/install/dobot_end_effector:/home/bbcontact/magician_ros2/install/dobot_diagnostics:/home/bbcontact/magician_ros2/install/dobot_demos:/home/bbcontact/magician_ros2/install/dobot_calibration:/home/bbcontact/magician_ros2/install/dobot_control_panel:/opt/ros/jazzy DEBUGINFOD_URLS=https://debuginfod.ubuntu.com PYTHONPATH=/home/bbcontact/magician_ros2/install/orbbec_camera_msgs/lib/python3.12/site-packages:/home/bbcontact/magician_ros2/build/dobot_vision_rgbd:/home/bbcontact/magician_ros2/install/dobot_vision_rgbd/lib/python3.12/site-packages:/home/bbcontact/magician_ros2/build/dobot_visualization_tools:/home/bbcontact/magician_ros2/install/dobot_visualization_tools/lib/python3.12/site-packages:/home/bbcontact/magician_ros2/build/dobot_vision_yolo:/home/bbcontact/magician_ros2/install/dobot_vision_yolo/lib/python3.12/site-packages:/home/bbcontact/magician_ros2/build/dobot_bringup:/home/bbcontact/magician_ros2/install/dobot_bringup/lib/python3.12/site-packages:/home/bbcontact/magician_ros2/build/dobot_state_updater:/home/bbcontact/magician_ros2/install/dobot_state_updater/lib/python3.12/site-packages:/home/bbcontact/magician_ros2/build/dobot_object_vision:/home/bbcontact/magician_ros2/install/dobot_object_vision/lib/python3.12/site-packages:/home/bbcontact/magician_ros2/build/dobot_motion:/home/bbcontact/magician_ros2/install/dobot_motion/lib/python3.12/site-packages:/home/bbcontact/magician_ros2/build/dobot_kinematics:/home/bbcontact/magician_ros2/install/dobot_kinematics/lib/python3.12/site-packages:/home/bbcontact/magician_ros2/build/dobot_homing:/home/bbcontact/magician_ros2/install/dobot_homing/lib/python3.12/site-packages:/home/bbcontact/magician_ros2/build/dobot_end_effector:/home/bbcontact/magician_ros2/install/dobot_end_effector/lib/python3.12/site-packages:/home/bbcontact/magician_ros2/build/dobot_diagnostics:/home/bbcontact/magician_ros2/install/dobot_diagnostics/lib/python3.12/site-packages:/home/bbcontact/magician_ros2/build/dobot_demos:/home/bbcontact/magician_ros2/install/dobot_demos/lib/python3.12/site-packages:/home/bbcontact/magician_ros2/build/dobot_calibration:/home/bbcontact/magician_ros2/install/dobot_calibration/lib/python3.12/site-packages:/home/bbcontact/magician_ros2/install/dobot_msgs/lib/python3.12/site-packages:/home/bbcontact/magician_ros2/build/dobot_control_panel:/home/bbcontact/magician_ros2/install/dobot_control_panel/lib/python3.12/site-packages:/home/bbcontact/magician_ros2/install/dobot_driver/lib/python3.12/site-packages:/opt/ros/jazzy/lib/python3.12/site-packages /usr/bin/cmake /home/bbcontact/magician_ros2/src/OrbbecSDK_ROS2/orbbec_camera -DOpenCV_DIR=/usr/lib/x86_64-linux-gnu/cmake/opencv4 -DAMENT_CMAKE_SYMLINK_INSTALL=1 -DCMAKE_INSTALL_PREFIX=/home/bbcontact/magician_ros2/install/orbbec_camera
[0.139s] -- The C compiler identification is GNU 13.3.0
[0.245s] -- The CXX compiler identification is GNU 13.3.0
[0.274s] -- Detecting C compiler ABI info
[0.446s] -- Detecting C compiler ABI info - done
[0.470s] -- Check for working C compiler: /usr/bin/cc - skipped
[0.470s] -- Detecting C compile features
[0.471s] -- Detecting C compile features - done
[0.490s] -- Detecting CXX compiler ABI info
[0.689s] -- Detecting CXX compiler ABI info - done
[0.712s] -- Check for working CXX compiler: /usr/bin/c++ - skipped
[0.712s] -- Detecting CXX compile features
[0.713s] -- Detecting CXX compile features - done
[0.721s] -- Found ament_cmake: 2.5.6 (/opt/ros/jazzy/share/ament_cmake/cmake)
[1.138s] -- Found Python3: /usr/bin/python3 (found version "3.12.3") found components: Interpreter 
[1.310s] -- Override CMake install command with custom implementation using symlinks instead of copying resources
[1.409s] -- Found ament_index_cpp: 1.8.4 (/opt/ros/jazzy/share/ament_index_cpp/cmake)
[1.428s] -- Found builtin_interfaces: 2.0.4 (/opt/ros/jazzy/share/builtin_interfaces/cmake)
[1.526s] -- Found rosidl_generator_c: 4.6.9 (/opt/ros/jazzy/share/rosidl_generator_c/cmake)
[1.565s] -- Found rosidl_generator_cpp: 4.6.9 (/opt/ros/jazzy/share/rosidl_generator_cpp/cmake)
[1.611s] -- Using all available rosidl_typesupport_c: rosidl_typesupport_fastrtps_c;rosidl_typesupport_introspection_c
[1.662s] -- Using all available rosidl_typesupport_cpp: rosidl_typesupport_fastrtps_cpp;rosidl_typesupport_introspection_cpp
[1.708s] -- Found cv_bridge: 4.1.0 (/opt/ros/jazzy/share/cv_bridge/cmake)
[2.045s] -- Found rmw_implementation_cmake: 7.3.3 (/opt/ros/jazzy/share/rmw_implementation_cmake/cmake)
[2.056s] -- Found rmw_cyclonedds_cpp: 2.2.3 (/opt/ros/jazzy/share/rmw_cyclonedds_cpp/cmake)
[2.141s] -- Using RMW implementation 'rmw_cyclonedds_cpp' as default
[2.319s] -- Found camera_info_manager: 5.1.8 (/opt/ros/jazzy/share/camera_info_manager/cmake)
[2.338s] -- Setting yaml-cpp_DIR to: '/opt/ros/jazzy/share/yaml_cpp_vendor/cmake/../../../opt/yaml_cpp_vendor/share/cmake/yaml-cpp'
[2.437s] -- Found image_transport: 5.1.8 (/opt/ros/jazzy/share/image_transport/cmake)
[2.504s] -- Found TinyXML2 via Config file: /usr/lib/x86_64-linux-gnu/cmake/tinyxml2
[2.512s] -- Found image_publisher: 5.0.12 (/opt/ros/jazzy/share/image_publisher/cmake)
[2.604s] -- Found OpenCV: /usr (found version "4.6.0") 
[2.605s] -- Found orbbec_camera_msgs: 1.5.22 (/home/bbcontact/magician_ros2/install/orbbec_camera_msgs/share/orbbec_camera_msgs/cmake)
[2.686s] -- Found std_srvs: 5.3.8 (/opt/ros/jazzy/share/std_srvs/cmake)
[2.731s] -- Found tf2: 0.36.21 (/opt/ros/jazzy/share/tf2/cmake)
[2.746s] -- Found tf2_eigen: 0.36.21 (/opt/ros/jazzy/share/tf2_eigen/cmake)
[2.979s] -- Found tf2_sensor_msgs: 0.36.21 (/opt/ros/jazzy/share/tf2_sensor_msgs/cmake)
[2.989s] -- Performing Test CMAKE_HAVE_LIBC_PTHREAD
[3.152s] -- Performing Test CMAKE_HAVE_LIBC_PTHREAD - Success
[3.154s] -- Found Threads: TRUE  
[3.160s] -- Found diagnostic_updater: 4.2.7 (/opt/ros/jazzy/share/diagnostic_updater/cmake)
[3.245s] -- Found PkgConfig: /usr/bin/pkg-config (found version "1.8.1") 
[3.251s] -- ORRBEC Machine : x86_64
[3.251s] 
[3.251s] -- ORRBEC Machine Bits : 64
[3.251s] 
[3.541s] -- Found ament_lint_auto: 0.17.5 (/opt/ros/jazzy/share/ament_lint_auto/cmake)
[3.768s] -- Configuring done (3.7s)
[4.047s] -- Generating done (0.2s)
[4.093s] -- Build files have been written to: /home/bbcontact/magician_ros2/build/orbbec_camera
[4.115s] Invoked command in '/home/bbcontact/magician_ros2/build/orbbec_camera' returned '0': CMAKE_PREFIX_PATH=/home/bbcontact/magician_ros2/install/orbbec_camera_msgs:/home/bbcontact/magician_ros2/install/orbbec_description:/home/bbcontact/magician_ros2/install/dobot_msgs:/home/bbcontact/magician_ros2/install/dobot_driver:/home/bbcontact/magician_ros2/install/dobot_description:/opt/ros/jazzy/opt/gz_sim_vendor:/opt/ros/jazzy/opt/gz_sensors_vendor:/opt/ros/jazzy/opt/gz_physics_vendor:/opt/ros/jazzy/opt/sdformat_vendor:/opt/ros/jazzy/opt/gz_gui_vendor:/opt/ros/jazzy/opt/gz_transport_vendor:/opt/ros/jazzy/opt/gz_rendering_vendor:/opt/ros/jazzy/opt/gz_plugin_vendor:/opt/ros/jazzy/opt/gz_fuel_tools_vendor:/opt/ros/jazzy/opt/gz_msgs_vendor:/opt/ros/jazzy/opt/gz_common_vendor:/opt/ros/jazzy/opt/gz_math_vendor:/opt/ros/jazzy/opt/gz_utils_vendor:/opt/ros/jazzy/opt/gz_tools_vendor:/opt/ros/jazzy/opt/gz_ogre_next_vendor:/opt/ros/jazzy/opt/gz_dartsim_vendor:/opt/ros/jazzy/opt/gz_cmake_vendor:/home/bbcontact/magician_ros2/install/dobot_vision_rgbd:/home/bbcontact/magician_ros2/install/dobot_visualization_tools:/home/bbcontact/magician_ros2/install/dobot_vision_yolo:/home/bbcontact/magician_ros2/install/dobot_bringup:/home/bbcontact/magician_ros2/install/dobot_state_updater:/home/bbcontact/magician_ros2/install/dobot_object_vision:/home/bbcontact/magician_ros2/install/dobot_motion:/home/bbcontact/magician_ros2/install/dobot_kinematics:/home/bbcontact/magician_ros2/install/dobot_homing:/home/bbcontact/magician_ros2/install/dobot_end_effector:/home/bbcontact/magician_ros2/install/dobot_diagnostics:/home/bbcontact/magician_ros2/install/dobot_demos:/home/bbcontact/magician_ros2/install/dobot_calibration:/home/bbcontact/magician_ros2/install/dobot_control_panel:/opt/ros/jazzy DEBUGINFOD_URLS=https://debuginfod.ubuntu.com PYTHONPATH=/home/bbcontact/magician_ros2/install/orbbec_camera_msgs/lib/python3.12/site-packages:/home/bbcontact/magician_ros2/build/dobot_vision_rgbd:/home/bbcontact/magician_ros2/install/dobot_vision_rgbd/lib/python3.12/site-packages:/home/bbcontact/magician_ros2/build/dobot_visualization_tools:/home/bbcontact/magician_ros2/install/dobot_visualization_tools/lib/python3.12/site-packages:/home/bbcontact/magician_ros2/build/dobot_vision_yolo:/home/bbcontact/magician_ros2/install/dobot_vision_yolo/lib/python3.12/site-packages:/home/bbcontact/magician_ros2/build/dobot_bringup:/home/bbcontact/magician_ros2/install/dobot_bringup/lib/python3.12/site-packages:/home/bbcontact/magician_ros2/build/dobot_state_updater:/home/bbcontact/magician_ros2/install/dobot_state_updater/lib/python3.12/site-packages:/home/bbcontact/magician_ros2/build/dobot_object_vision:/home/bbcontact/magician_ros2/install/dobot_object_vision/lib/python3.12/site-packages:/home/bbcontact/magician_ros2/build/dobot_motion:/home/bbcontact/magician_ros2/install/dobot_motion/lib/python3.12/site-packages:/home/bbcontact/magician_ros2/build/dobot_kinematics:/home/bbcontact/magician_ros2/install/dobot_kinematics/lib/python3.12/site-packages:/home/bbcontact/magician_ros2/build/dobot_homing:/home/bbcontact/magician_ros2/install/dobot_homing/lib/python3.12/site-packages:/home/bbcontact/magician_ros2/build/dobot_end_effector:/home/bbcontact/magician_ros2/install/dobot_end_effector/lib/python3.12/site-packages:/home/bbcontact/magician_ros2/build/dobot_diagnostics:/home/bbcontact/magician_ros2/install/dobot_diagnostics/lib/python3.12/site-packages:/home/bbcontact/magician_ros2/build/dobot_demos:/home/bbcontact/magician_ros2/install/dobot_demos/lib/python3.12/site-packages:/home/bbcontact/magician_ros2/build/dobot_calibration:/home/bbcontact/magician_ros2/install/dobot_calibration/lib/python3.12/site-packages:/home/bbcontact/magician_ros2/install/dobot_msgs/lib/python3.12/site-packages:/home/bbcontact/magician_ros2/build/dobot_control_panel:/home/bbcontact/magician_ros2/install/dobot_control_panel/lib/python3.12/site-packages:/home/bbcontact/magician_ros2/install/dobot_driver/lib/python3.12/site-packages:/opt/ros/jazzy/lib/python3.12/site-packages /usr/bin/cmake /home/bbcontact/magician_ros2/src/OrbbecSDK_ROS2/orbbec_camera -DOpenCV_DIR=/usr/lib/x86_64-linux-gnu/cmake/opencv4 -DAMENT_CMAKE_SYMLINK_INSTALL=1 -DCMAKE_INSTALL_PREFIX=/home/bbcontact/magician_ros2/install/orbbec_camera
[4.118s] Invoking command in '/home/bbcontact/magician_ros2/build/orbbec_camera': CMAKE_PREFIX_PATH=/home/bbcontact/magician_ros2/install/orbbec_camera_msgs:/home/bbcontact/magician_ros2/install/orbbec_description:/home/bbcontact/magician_ros2/install/dobot_msgs:/home/bbcontact/magician_ros2/install/dobot_driver:/home/bbcontact/magician_ros2/install/dobot_description:/opt/ros/jazzy/opt/gz_sim_vendor:/opt/ros/jazzy/opt/gz_sensors_vendor:/opt/ros/jazzy/opt/gz_physics_vendor:/opt/ros/jazzy/opt/sdformat_vendor:/opt/ros/jazzy/opt/gz_gui_vendor:/opt/ros/jazzy/opt/gz_transport_vendor:/opt/ros/jazzy/opt/gz_rendering_vendor:/opt/ros/jazzy/opt/gz_plugin_vendor:/opt/ros/jazzy/opt/gz_fuel_tools_vendor:/opt/ros/jazzy/opt/gz_msgs_vendor:/opt/ros/jazzy/opt/gz_common_vendor:/opt/ros/jazzy/opt/gz_math_vendor:/opt/ros/jazzy/opt/gz_utils_vendor:/opt/ros/jazzy/opt/gz_tools_vendor:/opt/ros/jazzy/opt/gz_ogre_next_vendor:/opt/ros/jazzy/opt/gz_dartsim_vendor:/opt/ros/jazzy/opt/gz_cmake_vendor:/home/bbcontact/magician_ros2/install/dobot_vision_rgbd:/home/bbcontact/magician_ros2/install/dobot_visualization_tools:/home/bbcontact/magician_ros2/install/dobot_vision_yolo:/home/bbcontact/magician_ros2/install/dobot_bringup:/home/bbcontact/magician_ros2/install/dobot_state_updater:/home/bbcontact/magician_ros2/install/dobot_object_vision:/home/bbcontact/magician_ros2/install/dobot_motion:/home/bbcontact/magician_ros2/install/dobot_kinematics:/home/bbcontact/magician_ros2/install/dobot_homing:/home/bbcontact/magician_ros2/install/dobot_end_effector:/home/bbcontact/magician_ros2/install/dobot_diagnostics:/home/bbcontact/magician_ros2/install/dobot_demos:/home/bbcontact/magician_ros2/install/dobot_calibration:/home/bbcontact/magician_ros2/install/dobot_control_panel:/opt/ros/jazzy DEBUGINFOD_URLS=https://debuginfod.ubuntu.com PYTHONPATH=/home/bbcontact/magician_ros2/install/orbbec_camera_msgs/lib/python3.12/site-packages:/home/bbcontact/magician_ros2/build/dobot_vision_rgbd:/home/bbcontact/magician_ros2/install/dobot_vision_rgbd/lib/python3.12/site-packages:/home/bbcontact/magician_ros2/build/dobot_visualization_tools:/home/bbcontact/magician_ros2/install/dobot_visualization_tools/lib/python3.12/site-packages:/home/bbcontact/magician_ros2/build/dobot_vision_yolo:/home/bbcontact/magician_ros2/install/dobot_vision_yolo/lib/python3.12/site-packages:/home/bbcontact/magician_ros2/build/dobot_bringup:/home/bbcontact/magician_ros2/install/dobot_bringup/lib/python3.12/site-packages:/home/bbcontact/magician_ros2/build/dobot_state_updater:/home/bbcontact/magician_ros2/install/dobot_state_updater/lib/python3.12/site-packages:/home/bbcontact/magician_ros2/build/dobot_object_vision:/home/bbcontact/magician_ros2/install/dobot_object_vision/lib/python3.12/site-packages:/home/bbcontact/magician_ros2/build/dobot_motion:/home/bbcontact/magician_ros2/install/dobot_motion/lib/python3.12/site-packages:/home/bbcontact/magician_ros2/build/dobot_kinematics:/home/bbcontact/magician_ros2/install/dobot_kinematics/lib/python3.12/site-packages:/home/bbcontact/magician_ros2/build/dobot_homing:/home/bbcontact/magician_ros2/install/dobot_homing/lib/python3.12/site-packages:/home/bbcontact/magician_ros2/build/dobot_end_effector:/home/bbcontact/magician_ros2/install/dobot_end_effector/lib/python3.12/site-packages:/home/bbcontact/magician_ros2/build/dobot_diagnostics:/home/bbcontact/magician_ros2/install/dobot_diagnostics/lib/python3.12/site-packages:/home/bbcontact/magician_ros2/build/dobot_demos:/home/bbcontact/magician_ros2/install/dobot_demos/lib/python3.12/site-packages:/home/bbcontact/magician_ros2/build/dobot_calibration:/home/bbcontact/magician_ros2/install/dobot_calibration/lib/python3.12/site-packages:/home/bbcontact/magician_ros2/install/dobot_msgs/lib/python3.12/site-packages:/home/bbcontact/magician_ros2/build/dobot_control_panel:/home/bbcontact/magician_ros2/install/dobot_control_panel/lib/python3.12/site-packages:/home/bbcontact/magician_ros2/install/dobot_driver/lib/python3.12/site-packages:/opt/ros/jazzy/lib/python3.12/site-packages /usr/bin/cmake --build /home/bbcontact/magician_ros2/build/orbbec_camera -- -j8 -l8
[4.236s] [ 15%] Built target frame_latency_node
[4.237s] [ 15%] Built target orbbec_camera_node
[4.240s] [ 19%] [32mBuilding CXX object CMakeFiles/frame_latency.dir/tools/frame_latency.cpp.o[0m
[4.340s] [ 26%] [32mBuilding CXX object CMakeFiles/orbbec_camera.dir/src/d2c_viewer.cpp.o[0m
[4.340s] [ 26%] [32mBuilding CXX object CMakeFiles/orbbec_camera.dir/src/dynamic_params.cpp.o[0m
[4.343s] [ 30%] [32mBuilding CXX object CMakeFiles/orbbec_camera.dir/src/image_publisher.cpp.o[0m
[4.346s] [ 34%] [32mBuilding CXX object CMakeFiles/orbbec_camera.dir/src/frame_timestamp_csv_logger.cpp.o[0m
[4.350s] [ 38%] [32mBuilding CXX object CMakeFiles/orbbec_camera.dir/src/ob_camera_node_driver.cpp.o[0m
[4.355s] [ 42%] [32mBuilding CXX object CMakeFiles/orbbec_camera.dir/src/ob_camera_node.cpp.o[0m
[4.358s] [ 46%] [32mBuilding CXX object CMakeFiles/orbbec_camera.dir/src/ros_param_backend.cpp.o[0m
[19.213s] [ 50%] [32mBuilding CXX object CMakeFiles/orbbec_camera.dir/src/ros_service.cpp.o[0m
[27.624s] [ 53%] [32mBuilding CXX object CMakeFiles/orbbec_camera.dir/src/synced_imu_publisher.cpp.o[0m
[28.130s] [ 57%] [32mBuilding CXX object CMakeFiles/orbbec_camera.dir/src/utils.cpp.o[0m
[32.578s] [ 61%] [32mBuilding CXX object CMakeFiles/orbbec_camera.dir/src/jpeg_decoder.cpp.o[0m
[144.258s] [ 65%] [32m[1mLinking CXX shared library libframe_latency.so[0m
[145.140s] [ 65%] Built target frame_latency
[150.562s] [ 69%] [32m[1mLinking CXX shared library liborbbec_camera.so[0m
[151.437s] [ 69%] Built target orbbec_camera
[151.518s] [ 73%] [32mBuilding CXX object CMakeFiles/topic_statistics_node.dir/tools/topic_statistics.cpp.o[0m
[151.541s] [ 76%] [32mBuilding CXX object CMakeFiles/list_camera_profile_mode_node.dir/tools/list_camera_profile.cpp.o[0m
[151.542s] [ 80%] [32mBuilding CXX object CMakeFiles/list_depth_work_mode_node.dir/tools/list_depth_work_mode.cpp.o[0m
[151.548s] [ 84%] [32mBuilding CXX object CMakeFiles/list_devices_node.dir/tools/list_devices_node.cpp.o[0m
[183.457s] [ 88%] [32m[1mLinking CXX executable list_depth_work_mode_node[0m
[183.988s] [ 88%] Built target list_depth_work_mode_node
[184.424s] [ 92%] [32m[1mLinking CXX executable list_devices_node[0m
[184.538s] [ 96%] [32m[1mLinking CXX executable list_camera_profile_mode_node[0m
[186.267s] [ 96%] Built target list_camera_profile_mode_node
[186.287s] [ 96%] Built target list_devices_node
[188.746s] [100%] [32m[1mLinking CXX executable topic_statistics_node[0m
[189.227s] [100%] Built target topic_statistics_node
[189.251s] Invoked command in '/home/bbcontact/magician_ros2/build/orbbec_camera' returned '0': CMAKE_PREFIX_PATH=/home/bbcontact/magician_ros2/install/orbbec_camera_msgs:/home/bbcontact/magician_ros2/install/orbbec_description:/home/bbcontact/magician_ros2/install/dobot_msgs:/home/bbcontact/magician_ros2/install/dobot_driver:/home/bbcontact/magician_ros2/install/dobot_description:/opt/ros/jazzy/opt/gz_sim_vendor:/opt/ros/jazzy/opt/gz_sensors_vendor:/opt/ros/jazzy/opt/gz_physics_vendor:/opt/ros/jazzy/opt/sdformat_vendor:/opt/ros/jazzy/opt/gz_gui_vendor:/opt/ros/jazzy/opt/gz_transport_vendor:/opt/ros/jazzy/opt/gz_rendering_vendor:/opt/ros/jazzy/opt/gz_plugin_vendor:/opt/ros/jazzy/opt/gz_fuel_tools_vendor:/opt/ros/jazzy/opt/gz_msgs_vendor:/opt/ros/jazzy/opt/gz_common_vendor:/opt/ros/jazzy/opt/gz_math_vendor:/opt/ros/jazzy/opt/gz_utils_vendor:/opt/ros/jazzy/opt/gz_tools_vendor:/opt/ros/jazzy/opt/gz_ogre_next_vendor:/opt/ros/jazzy/opt/gz_dartsim_vendor:/opt/ros/jazzy/opt/gz_cmake_vendor:/home/bbcontact/magician_ros2/install/dobot_vision_rgbd:/home/bbcontact/magician_ros2/install/dobot_visualization_tools:/home/bbcontact/magician_ros2/install/dobot_vision_yolo:/home/bbcontact/magician_ros2/install/dobot_bringup:/home/bbcontact/magician_ros2/install/dobot_state_updater:/home/bbcontact/magician_ros2/install/dobot_object_vision:/home/bbcontact/magician_ros2/install/dobot_motion:/home/bbcontact/magician_ros2/install/dobot_kinematics:/home/bbcontact/magician_ros2/install/dobot_homing:/home/bbcontact/magician_ros2/install/dobot_end_effector:/home/bbcontact/magician_ros2/install/dobot_diagnostics:/home/bbcontact/magician_ros2/install/dobot_demos:/home/bbcontact/magician_ros2/install/dobot_calibration:/home/bbcontact/magician_ros2/install/dobot_control_panel:/opt/ros/jazzy DEBUGINFOD_URLS=https://debuginfod.ubuntu.com PYTHONPATH=/home/bbcontact/magician_ros2/install/orbbec_camera_msgs/lib/python3.12/site-packages:/home/bbcontact/magician_ros2/build/dobot_vision_rgbd:/home/bbcontact/magician_ros2/install/dobot_vision_rgbd/lib/python3.12/site-packages:/home/bbcontact/magician_ros2/build/dobot_visualization_tools:/home/bbcontact/magician_ros2/install/dobot_visualization_tools/lib/python3.12/site-packages:/home/bbcontact/magician_ros2/build/dobot_vision_yolo:/home/bbcontact/magician_ros2/install/dobot_vision_yolo/lib/python3.12/site-packages:/home/bbcontact/magician_ros2/build/dobot_bringup:/home/bbcontact/magician_ros2/install/dobot_bringup/lib/python3.12/site-packages:/home/bbcontact/magician_ros2/build/dobot_state_updater:/home/bbcontact/magician_ros2/install/dobot_state_updater/lib/python3.12/site-packages:/home/bbcontact/magician_ros2/build/dobot_object_vision:/home/bbcontact/magician_ros2/install/dobot_object_vision/lib/python3.12/site-packages:/home/bbcontact/magician_ros2/build/dobot_motion:/home/bbcontact/magician_ros2/install/dobot_motion/lib/python3.12/site-packages:/home/bbcontact/magician_ros2/build/dobot_kinematics:/home/bbcontact/magician_ros2/install/dobot_kinematics/lib/python3.12/site-packages:/home/bbcontact/magician_ros2/build/dobot_homing:/home/bbcontact/magician_ros2/install/dobot_homing/lib/python3.12/site-packages:/home/bbcontact/magician_ros2/build/dobot_end_effector:/home/bbcontact/magician_ros2/install/dobot_end_effector/lib/python3.12/site-packages:/home/bbcontact/magician_ros2/build/dobot_diagnostics:/home/bbcontact/magician_ros2/install/dobot_diagnostics/lib/python3.12/site-packages:/home/bbcontact/magician_ros2/build/dobot_demos:/home/bbcontact/magician_ros2/install/dobot_demos/lib/python3.12/site-packages:/home/bbcontact/magician_ros2/build/dobot_calibration:/home/bbcontact/magician_ros2/install/dobot_calibration/lib/python3.12/site-packages:/home/bbcontact/magician_ros2/install/dobot_msgs/lib/python3.12/site-packages:/home/bbcontact/magician_ros2/build/dobot_control_panel:/home/bbcontact/magician_ros2/install/dobot_control_panel/lib/python3.12/site-packages:/home/bbcontact/magician_ros2/install/dobot_driver/lib/python3.12/site-packages:/opt/ros/jazzy/lib/python3.12/site-packages /usr/bin/cmake --build /home/bbcontact/magician_ros2/build/orbbec_camera -- -j8 -l8
[189.273s] Invoking command in '/home/bbcontact/magician_ros2/build/orbbec_camera': CMAKE_PREFIX_PATH=/home/bbcontact/magician_ros2/install/orbbec_camera_msgs:/home/bbcontact/magician_ros2/install/orbbec_description:/home/bbcontact/magician_ros2/install/dobot_msgs:/home/bbcontact/magician_ros2/install/dobot_driver:/home/bbcontact/magician_ros2/install/dobot_description:/opt/ros/jazzy/opt/gz_sim_vendor:/opt/ros/jazzy/opt/gz_sensors_vendor:/opt/ros/jazzy/opt/gz_physics_vendor:/opt/ros/jazzy/opt/sdformat_vendor:/opt/ros/jazzy/opt/gz_gui_vendor:/opt/ros/jazzy/opt/gz_transport_vendor:/opt/ros/jazzy/opt/gz_rendering_vendor:/opt/ros/jazzy/opt/gz_plugin_vendor:/opt/ros/jazzy/opt/gz_fuel_tools_vendor:/opt/ros/jazzy/opt/gz_msgs_vendor:/opt/ros/jazzy/opt/gz_common_vendor:/opt/ros/jazzy/opt/gz_math_vendor:/opt/ros/jazzy/opt/gz_utils_vendor:/opt/ros/jazzy/opt/gz_tools_vendor:/opt/ros/jazzy/opt/gz_ogre_next_vendor:/opt/ros/jazzy/opt/gz_dartsim_vendor:/opt/ros/jazzy/opt/gz_cmake_vendor:/home/bbcontact/magician_ros2/install/dobot_vision_rgbd:/home/bbcontact/magician_ros2/install/dobot_visualization_tools:/home/bbcontact/magician_ros2/install/dobot_vision_yolo:/home/bbcontact/magician_ros2/install/dobot_bringup:/home/bbcontact/magician_ros2/install/dobot_state_updater:/home/bbcontact/magician_ros2/install/dobot_object_vision:/home/bbcontact/magician_ros2/install/dobot_motion:/home/bbcontact/magician_ros2/install/dobot_kinematics:/home/bbcontact/magician_ros2/install/dobot_homing:/home/bbcontact/magician_ros2/install/dobot_end_effector:/home/bbcontact/magician_ros2/install/dobot_diagnostics:/home/bbcontact/magician_ros2/install/dobot_demos:/home/bbcontact/magician_ros2/install/dobot_calibration:/home/bbcontact/magician_ros2/install/dobot_control_panel:/opt/ros/jazzy DEBUGINFOD_URLS=https://debuginfod.ubuntu.com PYTHONPATH=/home/bbcontact/magician_ros2/install/orbbec_camera_msgs/lib/python3.12/site-packages:/home/bbcontact/magician_ros2/build/dobot_vision_rgbd:/home/bbcontact/magician_ros2/install/dobot_vision_rgbd/lib/python3.12/site-packages:/home/bbcontact/magician_ros2/build/dobot_visualization_tools:/home/bbcontact/magician_ros2/install/dobot_visualization_tools/lib/python3.12/site-packages:/home/bbcontact/magician_ros2/build/dobot_vision_yolo:/home/bbcontact/magician_ros2/install/dobot_vision_yolo/lib/python3.12/site-packages:/home/bbcontact/magician_ros2/build/dobot_bringup:/home/bbcontact/magician_ros2/install/dobot_bringup/lib/python3.12/site-packages:/home/bbcontact/magician_ros2/build/dobot_state_updater:/home/bbcontact/magician_ros2/install/dobot_state_updater/lib/python3.12/site-packages:/home/bbcontact/magician_ros2/build/dobot_object_vision:/home/bbcontact/magician_ros2/install/dobot_object_vision/lib/python3.12/site-packages:/home/bbcontact/magician_ros2/build/dobot_motion:/home/bbcontact/magician_ros2/install/dobot_motion/lib/python3.12/site-packages:/home/bbcontact/magician_ros2/build/dobot_kinematics:/home/bbcontact/magician_ros2/install/dobot_kinematics/lib/python3.12/site-packages:/home/bbcontact/magician_ros2/build/dobot_homing:/home/bbcontact/magician_ros2/install/dobot_homing/lib/python3.12/site-packages:/home/bbcontact/magician_ros2/build/dobot_end_effector:/home/bbcontact/magician_ros2/install/dobot_end_effector/lib/python3.12/site-packages:/home/bbcontact/magician_ros2/build/dobot_diagnostics:/home/bbcontact/magician_ros2/install/dobot_diagnostics/lib/python3.12/site-packages:/home/bbcontact/magician_ros2/build/dobot_demos:/home/bbcontact/magician_ros2/install/dobot_demos/lib/python3.12/site-packages:/home/bbcontact/magician_ros2/build/dobot_calibration:/home/bbcontact/magician_ros2/install/dobot_calibration/lib/python3.12/site-packages:/home/bbcontact/magician_ros2/install/dobot_msgs/lib/python3.12/site-packages:/home/bbcontact/magician_ros2/build/dobot_control_panel:/home/bbcontact/magician_ros2/install/dobot_control_panel/lib/python3.12/site-packages:/home/bbcontact/magician_ros2/install/dobot_driver/lib/python3.12/site-packages:/opt/ros/jazzy/lib/python3.12/site-packages /usr/bin/cmake --install /home/bbcontact/magician_ros2/build/orbbec_camera
[189.290s] -- Install configuration: "Release"
[189.291s] -- Execute custom install script
[189.292s] -- Symlinking: /home/bbcontact/magician_ros2/install/orbbec_camera/lib/orbbec_camera/orbbec_camera_node
[189.311s] -- Symlinking: /home/bbcontact/magician_ros2/install/orbbec_camera/lib/orbbec_camera/frame_latency_node
[189.329s] -- Symlinking: /home/bbcontact/magician_ros2/install/orbbec_camera/lib/liborbbec_camera.so
[189.346s] -- Symlinking: /home/bbcontact/magician_ros2/install/orbbec_camera/lib/libframe_latency.so
[189.365s] -- Symlinking: /home/bbcontact/magician_ros2/install/orbbec_camera/include/magic_enum/magic_enum.hpp
[189.381s] -- Symlinking: /home/bbcontact/magician_ros2/install/orbbec_camera/include/orbbec_camera/constants.h
[189.398s] -- Symlinking: /home/bbcontact/magician_ros2/install/orbbec_camera/include/orbbec_camera/d2c_viewer.h
[189.414s] -- Symlinking: /home/bbcontact/magician_ros2/install/orbbec_camera/include/orbbec_camera/dynamic_params.h
[189.430s] -- Symlinking: /home/bbcontact/magician_ros2/install/orbbec_camera/include/orbbec_camera/frame_timestamp_csv_logger.h
[189.446s] -- Symlinking: /home/bbcontact/magician_ros2/install/orbbec_camera/include/orbbec_camera/image_publisher.h
[189.463s] -- Symlinking: /home/bbcontact/magician_ros2/install/orbbec_camera/include/orbbec_camera/jetson_nv_decoder.h
[189.479s] -- Symlinking: /home/bbcontact/magician_ros2/install/orbbec_camera/include/orbbec_camera/jpeg_decoder.h
[189.494s] -- Symlinking: /home/bbcontact/magician_ros2/install/orbbec_camera/include/orbbec_camera/ob_camera_node.h
[189.511s] -- Symlinking: /home/bbcontact/magician_ros2/install/orbbec_camera/include/orbbec_camera/ob_camera_node_driver.h
[189.527s] -- Symlinking: /home/bbcontact/magician_ros2/install/orbbec_camera/include/orbbec_camera/rk_mpp_decoder.h
[189.543s] -- Symlinking: /home/bbcontact/magician_ros2/install/orbbec_camera/include/orbbec_camera/ros_param_backend.h
[189.559s] -- Symlinking: /home/bbcontact/magician_ros2/install/orbbec_camera/include/orbbec_camera/synced_imu_publisher.h
[189.575s] -- Symlinking: /home/bbcontact/magician_ros2/install/orbbec_camera/include/orbbec_camera/utils.h
[189.593s] -- Symlinking: /home/bbcontact/magician_ros2/install/orbbec_camera/share/orbbec_camera//launch/astra.launch.py
[189.609s] -- Symlinking: /home/bbcontact/magician_ros2/install/orbbec_camera/share/orbbec_camera//launch/astra2.launch.py
[189.625s] -- Symlinking: /home/bbcontact/magician_ros2/install/orbbec_camera/share/orbbec_camera//launch/astra_adv.launch.py
[189.641s] -- Symlinking: /home/bbcontact/magician_ros2/install/orbbec_camera/share/orbbec_camera//launch/astra_embedded_s.launch.py
[189.657s] -- Symlinking: /home/bbcontact/magician_ros2/install/orbbec_camera/share/orbbec_camera//launch/astra_pro2.launch.py
[189.673s] -- Symlinking: /home/bbcontact/magician_ros2/install/orbbec_camera/share/orbbec_camera//launch/astra_pro_plus.launch.py
[189.689s] -- Symlinking: /home/bbcontact/magician_ros2/install/orbbec_camera/share/orbbec_camera//launch/astra_stereo_u3.launch.py
[189.706s] -- Symlinking: /home/bbcontact/magician_ros2/install/orbbec_camera/share/orbbec_camera//launch/dabai.launch.py
[189.722s] -- Symlinking: /home/bbcontact/magician_ros2/install/orbbec_camera/share/orbbec_camera//launch/dabai_d1.launch.py
[189.738s] -- Symlinking: /home/bbcontact/magician_ros2/install/orbbec_camera/share/orbbec_camera//launch/dabai_dcl.py
[189.754s] -- Symlinking: /home/bbcontact/magician_ros2/install/orbbec_camera/share/orbbec_camera//launch/dabai_dcw.launch.py
[189.770s] -- Symlinking: /home/bbcontact/magician_ros2/install/orbbec_camera/share/orbbec_camera//launch/dabai_dcw2.launch.py
[189.786s] -- Symlinking: /home/bbcontact/magician_ros2/install/orbbec_camera/share/orbbec_camera//launch/dabai_dw.launch.py
[189.803s] -- Symlinking: /home/bbcontact/magician_ros2/install/orbbec_camera/share/orbbec_camera//launch/dabai_dw2.launch.py
[189.820s] -- Symlinking: /home/bbcontact/magician_ros2/install/orbbec_camera/share/orbbec_camera//launch/dabai_max.launch.py
[189.838s] -- Symlinking: /home/bbcontact/magician_ros2/install/orbbec_camera/share/orbbec_camera//launch/dabai_max_pro.launch.py
[189.857s] -- Symlinking: /home/bbcontact/magician_ros2/install/orbbec_camera/share/orbbec_camera//launch/dabai_pro.launch.py
[189.876s] -- Symlinking: /home/bbcontact/magician_ros2/install/orbbec_camera/share/orbbec_camera//launch/deeya.launch.py
[189.895s] -- Symlinking: /home/bbcontact/magician_ros2/install/orbbec_camera/share/orbbec_camera//launch/femto.launch.py
[189.913s] -- Symlinking: /home/bbcontact/magician_ros2/install/orbbec_camera/share/orbbec_camera//launch/femto_bolt.launch.py
[189.929s] -- Symlinking: /home/bbcontact/magician_ros2/install/orbbec_camera/share/orbbec_camera//launch/femto_mega.launch.py
[189.945s] -- Symlinking: /home/bbcontact/magician_ros2/install/orbbec_camera/share/orbbec_camera//launch/femto_net_camera.launch.py
[189.962s] -- Symlinking: /home/bbcontact/magician_ros2/install/orbbec_camera/share/orbbec_camera//launch/gemini2.launch.py
[189.978s] -- Symlinking: /home/bbcontact/magician_ros2/install/orbbec_camera/share/orbbec_camera//launch/gemini2L.launch.py
[189.994s] -- Symlinking: /home/bbcontact/magician_ros2/install/orbbec_camera/share/orbbec_camera//launch/gemini2VL.launch.py
[190.011s] -- Symlinking: /home/bbcontact/magician_ros2/install/orbbec_camera/share/orbbec_camera//launch/gemini2XL.launch.py
[190.027s] -- Symlinking: /home/bbcontact/magician_ros2/install/orbbec_camera/share/orbbec_camera//launch/gemini_330_series.launch.py
[190.043s] -- Symlinking: /home/bbcontact/magician_ros2/install/orbbec_camera/share/orbbec_camera//launch/gemini_e.launch.py
[190.060s] -- Symlinking: /home/bbcontact/magician_ros2/install/orbbec_camera/share/orbbec_camera//launch/gemini_e_lite.launch.py
[190.076s] -- Symlinking: /home/bbcontact/magician_ros2/install/orbbec_camera/share/orbbec_camera//launch/gemini_ew.launch.py
[190.092s] -- Symlinking: /home/bbcontact/magician_ros2/install/orbbec_camera/share/orbbec_camera//launch/gemini_ew_lite.launch.py
[190.108s] -- Symlinking: /home/bbcontact/magician_ros2/install/orbbec_camera/share/orbbec_camera//launch/gemini_intra_process_demo_launch.py
[190.124s] -- Symlinking: /home/bbcontact/magician_ros2/install/orbbec_camera/share/orbbec_camera//launch/gemini_uw.launch.py
[190.140s] -- Symlinking: /home/bbcontact/magician_ros2/install/orbbec_camera/share/orbbec_camera//launch/multi_camera.launch.py
[190.156s] -- Symlinking: /home/bbcontact/magician_ros2/install/orbbec_camera/share/orbbec_camera//launch/multi_camera_synced.launch.py
[190.173s] -- Symlinking: /home/bbcontact/magician_ros2/install/orbbec_camera/share/orbbec_camera//launch/multi_net_camera.launch.py
[190.189s] -- Symlinking: /home/bbcontact/magician_ros2/install/orbbec_camera/share/orbbec_camera//launch/ob_camera.launch.py
[190.208s] -- Symlinking: /home/bbcontact/magician_ros2/install/orbbec_camera/share/orbbec_camera//config/.gitkeep
[190.224s] -- Symlinking: /home/bbcontact/magician_ros2/install/orbbec_camera/share/orbbec_camera//config/OrbbecSDKConfig_v1.0.xml
[190.240s] -- Symlinking: /home/bbcontact/magician_ros2/install/orbbec_camera/share/orbbec_camera//config/camera_params.yaml
[190.257s] -- Symlinking: /home/bbcontact/magician_ros2/install/orbbec_camera/share/orbbec_camera//config/depthfilter/Gemini2_v1.8.json
[190.273s] -- Symlinking: /home/bbcontact/magician_ros2/install/orbbec_camera/share/orbbec_camera//config/depthfilter/Openni_device.json
[190.290s] -- Symlinking: /home/bbcontact/magician_ros2/install/orbbec_camera/include/libobsensor/ObSensor.h
[190.306s] -- Symlinking: /home/bbcontact/magician_ros2/install/orbbec_camera/include/libobsensor/ObSensor.hpp
[190.322s] -- Symlinking: /home/bbcontact/magician_ros2/install/orbbec_camera/include/libobsensor/h/Context.h
[190.338s] -- Symlinking: /home/bbcontact/magician_ros2/install/orbbec_camera/include/libobsensor/h/Device.h
[190.355s] -- Symlinking: /home/bbcontact/magician_ros2/install/orbbec_camera/include/libobsensor/h/Error.h
[190.371s] -- Symlinking: /home/bbcontact/magician_ros2/install/orbbec_camera/include/libobsensor/h/Filter.h
[190.387s] -- Symlinking: /home/bbcontact/magician_ros2/install/orbbec_camera/include/libobsensor/h/Frame.h
[190.404s] -- Symlinking: /home/bbcontact/magician_ros2/install/orbbec_camera/include/libobsensor/h/MultipleDevices.h
[190.422s] -- Symlinking: /home/bbcontact/magician_ros2/install/orbbec_camera/include/libobsensor/h/ObTypes.h
[190.439s] -- Symlinking: /home/bbcontact/magician_ros2/install/orbbec_camera/include/libobsensor/h/Pipeline.h
[190.457s] -- Symlinking: /home/bbcontact/magician_ros2/install/orbbec_camera/include/libobsensor/h/Property.h
[190.477s] -- Symlinking: /home/bbcontact/magician_ros2/install/orbbec_camera/include/libobsensor/h/RecordPlayback.h
[190.496s] -- Symlinking: /home/bbcontact/magician_ros2/install/orbbec_camera/include/libobsensor/h/Sensor.h
[190.515s] -- Symlinking: /home/bbcontact/magician_ros2/install/orbbec_camera/include/libobsensor/h/StreamProfile.h
[190.531s] -- Symlinking: /home/bbcontact/magician_ros2/install/orbbec_camera/include/libobsensor/h/Utils.h
[190.547s] -- Symlinking: /home/bbcontact/magician_ros2/install/orbbec_camera/include/libobsensor/h/Version.h
[190.564s] -- Symlinking: /home/bbcontact/magician_ros2/install/orbbec_camera/include/libobsensor/hpp/Context.hpp
[190.580s] -- Symlinking: /home/bbcontact/magician_ros2/install/orbbec_camera/include/libobsensor/hpp/Device.hpp
[190.596s] -- Symlinking: /home/bbcontact/magician_ros2/install/orbbec_camera/include/libobsensor/hpp/Error.hpp
[190.613s] -- Symlinking: /home/bbcontact/magician_ros2/install/orbbec_camera/include/libobsensor/hpp/Filter.hpp
[190.629s] -- Symlinking: /home/bbcontact/magician_ros2/install/orbbec_camera/include/libobsensor/hpp/Frame.hpp
[190.646s] -- Symlinking: /home/bbcontact/magician_ros2/install/orbbec_camera/include/libobsensor/hpp/Pipeline.hpp
[190.662s] -- Symlinking: /home/bbcontact/magician_ros2/install/orbbec_camera/include/libobsensor/hpp/RecordPlayback.hpp
[190.679s] -- Symlinking: /home/bbcontact/magician_ros2/install/orbbec_camera/include/libobsensor/hpp/Sensor.hpp
[190.695s] -- Symlinking: /home/bbcontact/magician_ros2/install/orbbec_camera/include/libobsensor/hpp/StreamProfile.hpp
[190.711s] -- Symlinking: /home/bbcontact/magician_ros2/install/orbbec_camera/include/libobsensor/hpp/Types.hpp
[190.728s] -- Symlinking: /home/bbcontact/magician_ros2/install/orbbec_camera/include/libobsensor/hpp/Utils.hpp
[190.744s] -- Symlinking: /home/bbcontact/magician_ros2/install/orbbec_camera/include/libobsensor/hpp/Version.hpp
[190.762s] -- Symlinking: /home/bbcontact/magician_ros2/install/orbbec_camera/share/orbbec_camera/udev/99-obsensor-libusb.rules
[190.779s] -- Symlinking: /home/bbcontact/magician_ros2/install/orbbec_camera/lib/orbbec_camera//list_devices_node
[190.795s] -- Symlinking: /home/bbcontact/magician_ros2/install/orbbec_camera/lib/orbbec_camera//list_depth_work_mode_node
[190.812s] -- Symlinking: /home/bbcontact/magician_ros2/install/orbbec_camera/lib/orbbec_camera//list_camera_profile_mode_node
[190.828s] -- Symlinking: /home/bbcontact/magician_ros2/install/orbbec_camera/lib/orbbec_camera//topic_statistics_node
[190.844s] -- Symlinking: /home/bbcontact/magician_ros2/install/orbbec_camera/share/orbbec_camera/environment/library_path.sh
[190.861s] -- Symlinking: /home/bbcontact/magician_ros2/install/orbbec_camera/share/orbbec_camera/environment/library_path.dsv
[190.878s] -- Symlinking: /home/bbcontact/magician_ros2/install/orbbec_camera/share/ament_index/resource_index/package_run_dependencies/orbbec_camera
[190.894s] -- Symlinking: /home/bbcontact/magician_ros2/install/orbbec_camera/share/ament_index/resource_index/parent_prefix_path/orbbec_camera
[190.911s] -- Symlinking: /home/bbcontact/magician_ros2/install/orbbec_camera/share/orbbec_camera/environment/ament_prefix_path.sh
[190.927s] -- Symlinking: /home/bbcontact/magician_ros2/install/orbbec_camera/share/orbbec_camera/environment/ament_prefix_path.dsv
[190.944s] -- Symlinking: /home/bbcontact/magician_ros2/install/orbbec_camera/share/orbbec_camera/environment/path.sh
[190.960s] -- Symlinking: /home/bbcontact/magician_ros2/install/orbbec_camera/share/orbbec_camera/environment/path.dsv
[190.976s] -- Symlinking: /home/bbcontact/magician_ros2/install/orbbec_camera/share/orbbec_camera/local_setup.bash
[190.993s] -- Symlinking: /home/bbcontact/magician_ros2/install/orbbec_camera/share/orbbec_camera/local_setup.sh
[191.011s] -- Symlinking: /home/bbcontact/magician_ros2/install/orbbec_camera/share/orbbec_camera/local_setup.zsh
[191.029s] -- Symlinking: /home/bbcontact/magician_ros2/install/orbbec_camera/share/orbbec_camera/local_setup.dsv
[191.047s] -- Symlinking: /home/bbcontact/magician_ros2/install/orbbec_camera/share/orbbec_camera/package.dsv
[191.067s] -- Symlinking: /home/bbcontact/magician_ros2/install/orbbec_camera/share/ament_index/resource_index/packages/orbbec_camera
[191.085s] -- Symlinking: /home/bbcontact/magician_ros2/install/orbbec_camera/share/ament_index/resource_index/rclcpp_components/orbbec_camera
[191.105s] -- Symlinking: /home/bbcontact/magician_ros2/install/orbbec_camera/share/orbbec_camera/cmake/ament_cmake_export_include_directories-extras.cmake
[191.122s] -- Symlinking: /home/bbcontact/magician_ros2/install/orbbec_camera/share/orbbec_camera/cmake/ament_cmake_export_libraries-extras.cmake
[191.139s] -- Symlinking: /home/bbcontact/magician_ros2/install/orbbec_camera/share/orbbec_camera/cmake/ament_cmake_export_dependencies-extras.cmake
[191.155s] -- Symlinking: /home/bbcontact/magician_ros2/install/orbbec_camera/share/orbbec_camera/cmake/orbbec_cameraConfig.cmake
[191.171s] -- Symlinking: /home/bbcontact/magician_ros2/install/orbbec_camera/share/orbbec_camera/cmake/orbbec_cameraConfig-version.cmake
[191.187s] -- Symlinking: /home/bbcontact/magician_ros2/install/orbbec_camera/share/orbbec_camera/package.xml
[191.206s] -- Up-to-date: /home/bbcontact/magician_ros2/install/orbbec_camera/lib/
[191.206s] -- Installing: /home/bbcontact/magician_ros2/install/orbbec_camera/lib//libOrbbecSDK.so
[191.206s] -- Installing: /home/bbcontact/magician_ros2/install/orbbec_camera/lib//libOrbbecSDK.so.1.10
[191.206s] -- Installing: /home/bbcontact/magician_ros2/install/orbbec_camera/lib//libOrbbecSDK.so.1.10.37
[191.226s] -- Installing: /home/bbcontact/magician_ros2/install/orbbec_camera/lib//libdepthengine.so
[191.226s] -- Installing: /home/bbcontact/magician_ros2/install/orbbec_camera/lib//libdepthengine.so.2.0
[191.227s] -- Installing: /home/bbcontact/magician_ros2/install/orbbec_camera/lib//liblive555.so
[191.229s] -- Installing: /home/bbcontact/magician_ros2/install/orbbec_camera/lib//libob_usb.so
[191.233s] Invoked command in '/home/bbcontact/magician_ros2/build/orbbec_camera' returned '0': CMAKE_PREFIX_PATH=/home/bbcontact/magician_ros2/install/orbbec_camera_msgs:/home/bbcontact/magician_ros2/install/orbbec_description:/home/bbcontact/magician_ros2/install/dobot_msgs:/home/bbcontact/magician_ros2/install/dobot_driver:/home/bbcontact/magician_ros2/install/dobot_description:/opt/ros/jazzy/opt/gz_sim_vendor:/opt/ros/jazzy/opt/gz_sensors_vendor:/opt/ros/jazzy/opt/gz_physics_vendor:/opt/ros/jazzy/opt/sdformat_vendor:/opt/ros/jazzy/opt/gz_gui_vendor:/opt/ros/jazzy/opt/gz_transport_vendor:/opt/ros/jazzy/opt/gz_rendering_vendor:/opt/ros/jazzy/opt/gz_plugin_vendor:/opt/ros/jazzy/opt/gz_fuel_tools_vendor:/opt/ros/jazzy/opt/gz_msgs_vendor:/opt/ros/jazzy/opt/gz_common_vendor:/opt/ros/jazzy/opt/gz_math_vendor:/opt/ros/jazzy/opt/gz_utils_vendor:/opt/ros/jazzy/opt/gz_tools_vendor:/opt/ros/jazzy/opt/gz_ogre_next_vendor:/opt/ros/jazzy/opt/gz_dartsim_vendor:/opt/ros/jazzy/opt/gz_cmake_vendor:/home/bbcontact/magician_ros2/install/dobot_vision_rgbd:/home/bbcontact/magician_ros2/install/dobot_visualization_tools:/home/bbcontact/magician_ros2/install/dobot_vision_yolo:/home/bbcontact/magician_ros2/install/dobot_bringup:/home/bbcontact/magician_ros2/install/dobot_state_updater:/home/bbcontact/magician_ros2/install/dobot_object_vision:/home/bbcontact/magician_ros2/install/dobot_motion:/home/bbcontact/magician_ros2/install/dobot_kinematics:/home/bbcontact/magician_ros2/install/dobot_homing:/home/bbcontact/magician_ros2/install/dobot_end_effector:/home/bbcontact/magician_ros2/install/dobot_diagnostics:/home/bbcontact/magician_ros2/install/dobot_demos:/home/bbcontact/magician_ros2/install/dobot_calibration:/home/bbcontact/magician_ros2/install/dobot_control_panel:/opt/ros/jazzy DEBUGINFOD_URLS=https://debuginfod.ubuntu.com PYTHONPATH=/home/bbcontact/magician_ros2/install/orbbec_camera_msgs/lib/python3.12/site-packages:/home/bbcontact/magician_ros2/build/dobot_vision_rgbd:/home/bbcontact/magician_ros2/install/dobot_vision_rgbd/lib/python3.12/site-packages:/home/bbcontact/magician_ros2/build/dobot_visualization_tools:/home/bbcontact/magician_ros2/install/dobot_visualization_tools/lib/python3.12/site-packages:/home/bbcontact/magician_ros2/build/dobot_vision_yolo:/home/bbcontact/magician_ros2/install/dobot_vision_yolo/lib/python3.12/site-packages:/home/bbcontact/magician_ros2/build/dobot_bringup:/home/bbcontact/magician_ros2/install/dobot_bringup/lib/python3.12/site-packages:/home/bbcontact/magician_ros2/build/dobot_state_updater:/home/bbcontact/magician_ros2/install/dobot_state_updater/lib/python3.12/site-packages:/home/bbcontact/magician_ros2/build/dobot_object_vision:/home/bbcontact/magician_ros2/install/dobot_object_vision/lib/python3.12/site-packages:/home/bbcontact/magician_ros2/build/dobot_motion:/home/bbcontact/magician_ros2/install/dobot_motion/lib/python3.12/site-packages:/home/bbcontact/magician_ros2/build/dobot_kinematics:/home/bbcontact/magician_ros2/install/dobot_kinematics/lib/python3.12/site-packages:/home/bbcontact/magician_ros2/build/dobot_homing:/home/bbcontact/magician_ros2/install/dobot_homing/lib/python3.12/site-packages:/home/bbcontact/magician_ros2/build/dobot_end_effector:/home/bbcontact/magician_ros2/install/dobot_end_effector/lib/python3.12/site-packages:/home/bbcontact/magician_ros2/build/dobot_diagnostics:/home/bbcontact/magician_ros2/install/dobot_diagnostics/lib/python3.12/site-packages:/home/bbcontact/magician_ros2/build/dobot_demos:/home/bbcontact/magician_ros2/install/dobot_demos/lib/python3.12/site-packages:/home/bbcontact/magician_ros2/build/dobot_calibration:/home/bbcontact/magician_ros2/install/dobot_calibration/lib/python3.12/site-packages:/home/bbcontact/magician_ros2/install/dobot_msgs/lib/python3.12/site-packages:/home/bbcontact/magician_ros2/build/dobot_control_panel:/home/bbcontact/magician_ros2/install/dobot_control_panel/lib/python3.12/site-packages:/home/bbcontact/magician_ros2/install/dobot_driver/lib/python3.12/site-packages:/opt/ros/jazzy/lib/python3.12/site-packages /usr/bin/cmake --install /home/bbcontact/magician_ros2/build/orbbec_camera
