[0.064s] Invoking command in '/home/bbcontact/magician_ros2/build/orbbec_camera': AMENT_PREFIX_PATH=/home/bbcontact/magician_ros2/install/orbbec_camera_msgs:${AMENT_PREFIX_PATH} CMAKE_PREFIX_PATH=/home/bbcontact/magician_ros2/install/orbbec_camera_msgs:/opt/ros/jazzy/opt/gz_sim_vendor:/opt/ros/jazzy/opt/gz_sensors_vendor:/opt/ros/jazzy/opt/gz_physics_vendor:/opt/ros/jazzy/opt/sdformat_vendor:/opt/ros/jazzy/opt/gz_gui_vendor:/opt/ros/jazzy/opt/gz_transport_vendor:/opt/ros/jazzy/opt/gz_rendering_vendor:/opt/ros/jazzy/opt/gz_plugin_vendor:/opt/ros/jazzy/opt/gz_fuel_tools_vendor:/opt/ros/jazzy/opt/gz_msgs_vendor:/opt/ros/jazzy/opt/gz_common_vendor:/opt/ros/jazzy/opt/gz_math_vendor:/opt/ros/jazzy/opt/gz_utils_vendor:/opt/ros/jazzy/opt/gz_tools_vendor:/opt/ros/jazzy/opt/gz_ogre_next_vendor:/opt/ros/jazzy/opt/gz_dartsim_vendor:/opt/ros/jazzy/opt/gz_cmake_vendor:/opt/ros/jazzy DEBUGINFOD_URLS=https://debuginfod.ubuntu.com LD_LIBRARY_PATH=/home/bbcontact/magician_ros2/install/orbbec_camera_msgs/lib:${LD_LIBRARY_PATH} PYTHONPATH=/home/bbcontact/magician_ros2/install/orbbec_camera_msgs/lib/python3.12/site-packages:${PYTHONPATH} /usr/bin/cmake /home/bbcontact/magician_ros2/src/OrbbecSDK_ROS2/orbbec_camera -DOpenCV_DIR=/usr/lib/x86_64-linux-gnu/cmake/opencv4 -DAMENT_CMAKE_SYMLINK_INSTALL=1 -DCMAKE_INSTALL_PREFIX=/home/bbcontact/magician_ros2/install/orbbec_camera
[1.724s] -- Found ament_cmake: 2.5.6 (/opt/ros/jazzy/share/ament_cmake/cmake)
[1.724s] -- Override CMake install command with custom implementation using symlinks instead of copying resources
[1.725s] -- Found ament_index_cpp: 1.8.4 (/opt/ros/jazzy/share/ament_index_cpp/cmake)
[1.726s] -- Found builtin_interfaces: 2.0.4 (/opt/ros/jazzy/share/builtin_interfaces/cmake)
[1.726s] -- Found rosidl_generator_c: 4.6.9 (/opt/ros/jazzy/share/rosidl_generator_c/cmake)
[1.730s] -- Found rosidl_generator_cpp: 4.6.9 (/opt/ros/jazzy/share/rosidl_generator_cpp/cmake)
[1.730s] -- Using all available rosidl_typesupport_c: rosidl_typesupport_fastrtps_c;rosidl_typesupport_introspection_c
[1.730s] -- Using all available rosidl_typesupport_cpp: rosidl_typesupport_fastrtps_cpp;rosidl_typesupport_introspection_cpp
[1.731s] -- Found cv_bridge: 4.1.0 (/opt/ros/jazzy/share/cv_bridge/cmake)
[2.365s] -- Found rmw_implementation_cmake: 7.3.3 (/opt/ros/jazzy/share/rmw_implementation_cmake/cmake)
[2.374s] -- Found rmw_cyclonedds_cpp: 2.2.3 (/opt/ros/jazzy/share/rmw_cyclonedds_cpp/cmake)
[2.547s] -- Using RMW implementation 'rmw_cyclonedds_cpp' as default
[3.142s] -- Found camera_info_manager: 5.1.8 (/opt/ros/jazzy/share/camera_info_manager/cmake)
[3.219s] -- Setting yaml-cpp_DIR to: '/opt/ros/jazzy/share/yaml_cpp_vendor/cmake/../../../opt/yaml_cpp_vendor/share/cmake/yaml-cpp'
[3.778s] -- Found image_transport: 5.1.8 (/opt/ros/jazzy/share/image_transport/cmake)
[3.808s] -- Found TinyXML2 via Config file: /usr/lib/x86_64-linux-gnu/cmake/tinyxml2
[5.026s] -- Found image_publisher: 5.0.12 (/opt/ros/jazzy/share/image_publisher/cmake)
[5.027s] -- Found orbbec_camera_msgs: 1.5.22 (/home/bbcontact/magician_ros2/install/orbbec_camera_msgs/share/orbbec_camera_msgs/cmake)
[5.027s] -- Found std_srvs: 5.3.8 (/opt/ros/jazzy/share/std_srvs/cmake)
[5.028s] -- Found tf2: 0.36.21 (/opt/ros/jazzy/share/tf2/cmake)
[5.028s] -- Found tf2_eigen: 0.36.21 (/opt/ros/jazzy/share/tf2_eigen/cmake)
[5.028s] -- Found tf2_sensor_msgs: 0.36.21 (/opt/ros/jazzy/share/tf2_sensor_msgs/cmake)
[5.029s] -- Found diagnostic_updater: 4.2.7 (/opt/ros/jazzy/share/diagnostic_updater/cmake)
[6.762s] -- ORRBEC Machine : x86_64
[6.763s] 
[6.763s] -- ORRBEC Machine Bits : 64
[6.764s] 
[6.764s] -- Found ament_lint_auto: 0.17.5 (/opt/ros/jazzy/share/ament_lint_auto/cmake)
[6.771s] -- Configuring done (6.2s)
[7.269s] -- Generating done (0.8s)
[7.457s] -- Build files have been written to: /home/bbcontact/magician_ros2/build/orbbec_camera
[7.551s] Invoked command in '/home/bbcontact/magician_ros2/build/orbbec_camera' returned '0': AMENT_PREFIX_PATH=/home/bbcontact/magician_ros2/install/orbbec_camera_msgs:${AMENT_PREFIX_PATH} CMAKE_PREFIX_PATH=/home/bbcontact/magician_ros2/install/orbbec_camera_msgs:/opt/ros/jazzy/opt/gz_sim_vendor:/opt/ros/jazzy/opt/gz_sensors_vendor:/opt/ros/jazzy/opt/gz_physics_vendor:/opt/ros/jazzy/opt/sdformat_vendor:/opt/ros/jazzy/opt/gz_gui_vendor:/opt/ros/jazzy/opt/gz_transport_vendor:/opt/ros/jazzy/opt/gz_rendering_vendor:/opt/ros/jazzy/opt/gz_plugin_vendor:/opt/ros/jazzy/opt/gz_fuel_tools_vendor:/opt/ros/jazzy/opt/gz_msgs_vendor:/opt/ros/jazzy/opt/gz_common_vendor:/opt/ros/jazzy/opt/gz_math_vendor:/opt/ros/jazzy/opt/gz_utils_vendor:/opt/ros/jazzy/opt/gz_tools_vendor:/opt/ros/jazzy/opt/gz_ogre_next_vendor:/opt/ros/jazzy/opt/gz_dartsim_vendor:/opt/ros/jazzy/opt/gz_cmake_vendor:/opt/ros/jazzy DEBUGINFOD_URLS=https://debuginfod.ubuntu.com LD_LIBRARY_PATH=/home/bbcontact/magician_ros2/install/orbbec_camera_msgs/lib:${LD_LIBRARY_PATH} PYTHONPATH=/home/bbcontact/magician_ros2/install/orbbec_camera_msgs/lib/python3.12/site-packages:${PYTHONPATH} /usr/bin/cmake /home/bbcontact/magician_ros2/src/OrbbecSDK_ROS2/orbbec_camera -DOpenCV_DIR=/usr/lib/x86_64-linux-gnu/cmake/opencv4 -DAMENT_CMAKE_SYMLINK_INSTALL=1 -DCMAKE_INSTALL_PREFIX=/home/bbcontact/magician_ros2/install/orbbec_camera
[7.552s] Invoking command in '/home/bbcontact/magician_ros2/build/orbbec_camera': AMENT_PREFIX_PATH=/home/bbcontact/magician_ros2/install/orbbec_camera_msgs:${AMENT_PREFIX_PATH} CMAKE_PREFIX_PATH=/home/bbcontact/magician_ros2/install/orbbec_camera_msgs:/opt/ros/jazzy/opt/gz_sim_vendor:/opt/ros/jazzy/opt/gz_sensors_vendor:/opt/ros/jazzy/opt/gz_physics_vendor:/opt/ros/jazzy/opt/sdformat_vendor:/opt/ros/jazzy/opt/gz_gui_vendor:/opt/ros/jazzy/opt/gz_transport_vendor:/opt/ros/jazzy/opt/gz_rendering_vendor:/opt/ros/jazzy/opt/gz_plugin_vendor:/opt/ros/jazzy/opt/gz_fuel_tools_vendor:/opt/ros/jazzy/opt/gz_msgs_vendor:/opt/ros/jazzy/opt/gz_common_vendor:/opt/ros/jazzy/opt/gz_math_vendor:/opt/ros/jazzy/opt/gz_utils_vendor:/opt/ros/jazzy/opt/gz_tools_vendor:/opt/ros/jazzy/opt/gz_ogre_next_vendor:/opt/ros/jazzy/opt/gz_dartsim_vendor:/opt/ros/jazzy/opt/gz_cmake_vendor:/opt/ros/jazzy DEBUGINFOD_URLS=https://debuginfod.ubuntu.com LD_LIBRARY_PATH=/home/bbcontact/magician_ros2/install/orbbec_camera_msgs/lib:${LD_LIBRARY_PATH} PYTHONPATH=/home/bbcontact/magician_ros2/install/orbbec_camera_msgs/lib/python3.12/site-packages:${PYTHONPATH} /usr/bin/cmake --build /home/bbcontact/magician_ros2/build/orbbec_camera -- -j8 -l8
[8.243s] [ 46%] Built target orbbec_camera
[8.437s] [ 53%] Built target frame_latency_node
[8.605s] [ 61%] Built target topic_statistics_node
[8.777s] [ 69%] Built target list_camera_profile_mode_node
[8.924s] [ 76%] Built target list_depth_work_mode_node
[9.086s] [ 84%] Built target list_devices_node
[9.255s] [ 92%] Built target frame_latency
[9.415s] [100%] Built target orbbec_camera_node
[9.480s] Invoked command in '/home/bbcontact/magician_ros2/build/orbbec_camera' returned '0': AMENT_PREFIX_PATH=/home/bbcontact/magician_ros2/install/orbbec_camera_msgs:${AMENT_PREFIX_PATH} CMAKE_PREFIX_PATH=/home/bbcontact/magician_ros2/install/orbbec_camera_msgs:/opt/ros/jazzy/opt/gz_sim_vendor:/opt/ros/jazzy/opt/gz_sensors_vendor:/opt/ros/jazzy/opt/gz_physics_vendor:/opt/ros/jazzy/opt/sdformat_vendor:/opt/ros/jazzy/opt/gz_gui_vendor:/opt/ros/jazzy/opt/gz_transport_vendor:/opt/ros/jazzy/opt/gz_rendering_vendor:/opt/ros/jazzy/opt/gz_plugin_vendor:/opt/ros/jazzy/opt/gz_fuel_tools_vendor:/opt/ros/jazzy/opt/gz_msgs_vendor:/opt/ros/jazzy/opt/gz_common_vendor:/opt/ros/jazzy/opt/gz_math_vendor:/opt/ros/jazzy/opt/gz_utils_vendor:/opt/ros/jazzy/opt/gz_tools_vendor:/opt/ros/jazzy/opt/gz_ogre_next_vendor:/opt/ros/jazzy/opt/gz_dartsim_vendor:/opt/ros/jazzy/opt/gz_cmake_vendor:/opt/ros/jazzy DEBUGINFOD_URLS=https://debuginfod.ubuntu.com LD_LIBRARY_PATH=/home/bbcontact/magician_ros2/install/orbbec_camera_msgs/lib:${LD_LIBRARY_PATH} PYTHONPATH=/home/bbcontact/magician_ros2/install/orbbec_camera_msgs/lib/python3.12/site-packages:${PYTHONPATH} /usr/bin/cmake --build /home/bbcontact/magician_ros2/build/orbbec_camera -- -j8 -l8
[9.485s] Invoking command in '/home/bbcontact/magician_ros2/build/orbbec_camera': AMENT_PREFIX_PATH=/home/bbcontact/magician_ros2/install/orbbec_camera_msgs:${AMENT_PREFIX_PATH} CMAKE_PREFIX_PATH=/home/bbcontact/magician_ros2/install/orbbec_camera_msgs:/opt/ros/jazzy/opt/gz_sim_vendor:/opt/ros/jazzy/opt/gz_sensors_vendor:/opt/ros/jazzy/opt/gz_physics_vendor:/opt/ros/jazzy/opt/sdformat_vendor:/opt/ros/jazzy/opt/gz_gui_vendor:/opt/ros/jazzy/opt/gz_transport_vendor:/opt/ros/jazzy/opt/gz_rendering_vendor:/opt/ros/jazzy/opt/gz_plugin_vendor:/opt/ros/jazzy/opt/gz_fuel_tools_vendor:/opt/ros/jazzy/opt/gz_msgs_vendor:/opt/ros/jazzy/opt/gz_common_vendor:/opt/ros/jazzy/opt/gz_math_vendor:/opt/ros/jazzy/opt/gz_utils_vendor:/opt/ros/jazzy/opt/gz_tools_vendor:/opt/ros/jazzy/opt/gz_ogre_next_vendor:/opt/ros/jazzy/opt/gz_dartsim_vendor:/opt/ros/jazzy/opt/gz_cmake_vendor:/opt/ros/jazzy DEBUGINFOD_URLS=https://debuginfod.ubuntu.com LD_LIBRARY_PATH=/home/bbcontact/magician_ros2/install/orbbec_camera_msgs/lib:${LD_LIBRARY_PATH} PYTHONPATH=/home/bbcontact/magician_ros2/install/orbbec_camera_msgs/lib/python3.12/site-packages:${PYTHONPATH} /usr/bin/cmake --install /home/bbcontact/magician_ros2/build/orbbec_camera
[9.518s] -- Install configuration: "Release"
[9.521s] -- Execute custom install script
[9.521s] -- Up-to-date symlink: /home/bbcontact/magician_ros2/install/orbbec_camera/lib/orbbec_camera/orbbec_camera_node
[9.525s] -- Up-to-date symlink: /home/bbcontact/magician_ros2/install/orbbec_camera/lib/orbbec_camera/frame_latency_node
[9.526s] -- Up-to-date symlink: /home/bbcontact/magician_ros2/install/orbbec_camera/lib/liborbbec_camera.so
[9.527s] -- Up-to-date symlink: /home/bbcontact/magician_ros2/install/orbbec_camera/lib/libframe_latency.so
[9.531s] -- Up-to-date symlink: /home/bbcontact/magician_ros2/install/orbbec_camera/include/magic_enum/magic_enum.hpp
[9.532s] -- Up-to-date symlink: /home/bbcontact/magician_ros2/install/orbbec_camera/include/orbbec_camera/constants.h
[9.533s] -- Up-to-date symlink: /home/bbcontact/magician_ros2/install/orbbec_camera/include/orbbec_camera/d2c_viewer.h
[9.534s] -- Up-to-date symlink: /home/bbcontact/magician_ros2/install/orbbec_camera/include/orbbec_camera/dynamic_params.h
[9.535s] -- Up-to-date symlink: /home/bbcontact/magician_ros2/install/orbbec_camera/include/orbbec_camera/frame_timestamp_csv_logger.h
[9.539s] -- Up-to-date symlink: /home/bbcontact/magician_ros2/install/orbbec_camera/include/orbbec_camera/image_publisher.h
[9.540s] -- Up-to-date symlink: /home/bbcontact/magician_ros2/install/orbbec_camera/include/orbbec_camera/jetson_nv_decoder.h
[9.540s] -- Up-to-date symlink: /home/bbcontact/magician_ros2/install/orbbec_camera/include/orbbec_camera/jpeg_decoder.h
[9.541s] -- Up-to-date symlink: /home/bbcontact/magician_ros2/install/orbbec_camera/include/orbbec_camera/ob_camera_node.h
[9.542s] -- Up-to-date symlink: /home/bbcontact/magician_ros2/install/orbbec_camera/include/orbbec_camera/ob_camera_node_driver.h
[9.544s] -- Up-to-date symlink: /home/bbcontact/magician_ros2/install/orbbec_camera/include/orbbec_camera/rk_mpp_decoder.h
[9.545s] -- Up-to-date symlink: /home/bbcontact/magician_ros2/install/orbbec_camera/include/orbbec_camera/ros_param_backend.h
[9.545s] -- Up-to-date symlink: /home/bbcontact/magician_ros2/install/orbbec_camera/include/orbbec_camera/synced_imu_publisher.h
[9.548s] -- Up-to-date symlink: /home/bbcontact/magician_ros2/install/orbbec_camera/include/orbbec_camera/utils.h
[9.550s] -- Up-to-date symlink: /home/bbcontact/magician_ros2/install/orbbec_camera/share/orbbec_camera//launch/astra.launch.py
[9.551s] -- Up-to-date symlink: /home/bbcontact/magician_ros2/install/orbbec_camera/share/orbbec_camera//launch/astra2.launch.py
[9.553s] -- Up-to-date symlink: /home/bbcontact/magician_ros2/install/orbbec_camera/share/orbbec_camera//launch/astra_adv.launch.py
[9.554s] -- Up-to-date symlink: /home/bbcontact/magician_ros2/install/orbbec_camera/share/orbbec_camera//launch/astra_embedded_s.launch.py
[9.555s] -- Up-to-date symlink: /home/bbcontact/magician_ros2/install/orbbec_camera/share/orbbec_camera//launch/astra_pro2.launch.py
[9.557s] -- Up-to-date symlink: /home/bbcontact/magician_ros2/install/orbbec_camera/share/orbbec_camera//launch/astra_pro_plus.launch.py
[9.558s] -- Up-to-date symlink: /home/bbcontact/magician_ros2/install/orbbec_camera/share/orbbec_camera//launch/astra_stereo_u3.launch.py
[9.560s] -- Up-to-date symlink: /home/bbcontact/magician_ros2/install/orbbec_camera/share/orbbec_camera//launch/dabai.launch.py
[9.560s] -- Up-to-date symlink: /home/bbcontact/magician_ros2/install/orbbec_camera/share/orbbec_camera//launch/dabai_d1.launch.py
[9.561s] -- Up-to-date symlink: /home/bbcontact/magician_ros2/install/orbbec_camera/share/orbbec_camera//launch/dabai_dcl.py
[9.563s] -- Up-to-date symlink: /home/bbcontact/magician_ros2/install/orbbec_camera/share/orbbec_camera//launch/dabai_dcw.launch.py
[9.565s] -- Up-to-date symlink: /home/bbcontact/magician_ros2/install/orbbec_camera/share/orbbec_camera//launch/dabai_dcw2.launch.py
[9.566s] -- Up-to-date symlink: /home/bbcontact/magician_ros2/install/orbbec_camera/share/orbbec_camera//launch/dabai_dw.launch.py
[9.566s] -- Up-to-date symlink: /home/bbcontact/magician_ros2/install/orbbec_camera/share/orbbec_camera//launch/dabai_dw2.launch.py
[9.568s] -- Up-to-date symlink: /home/bbcontact/magician_ros2/install/orbbec_camera/share/orbbec_camera//launch/dabai_max.launch.py
[9.569s] -- Up-to-date symlink: /home/bbcontact/magician_ros2/install/orbbec_camera/share/orbbec_camera//launch/dabai_max_pro.launch.py
[9.570s] -- Up-to-date symlink: /home/bbcontact/magician_ros2/install/orbbec_camera/share/orbbec_camera//launch/dabai_pro.launch.py
[9.572s] -- Up-to-date symlink: /home/bbcontact/magician_ros2/install/orbbec_camera/share/orbbec_camera//launch/deeya.launch.py
[9.573s] -- Up-to-date symlink: /home/bbcontact/magician_ros2/install/orbbec_camera/share/orbbec_camera//launch/femto.launch.py
[9.574s] -- Up-to-date symlink: /home/bbcontact/magician_ros2/install/orbbec_camera/share/orbbec_camera//launch/femto_bolt.launch.py
[9.577s] -- Up-to-date symlink: /home/bbcontact/magician_ros2/install/orbbec_camera/share/orbbec_camera//launch/femto_mega.launch.py
[9.578s] -- Up-to-date symlink: /home/bbcontact/magician_ros2/install/orbbec_camera/share/orbbec_camera//launch/femto_net_camera.launch.py
[9.580s] -- Up-to-date symlink: /home/bbcontact/magician_ros2/install/orbbec_camera/share/orbbec_camera//launch/gemini2.launch.py
[9.581s] -- Up-to-date symlink: /home/bbcontact/magician_ros2/install/orbbec_camera/share/orbbec_camera//launch/gemini2L.launch.py
[9.582s] -- Up-to-date symlink: /home/bbcontact/magician_ros2/install/orbbec_camera/share/orbbec_camera//launch/gemini2VL.launch.py
[9.583s] -- Up-to-date symlink: /home/bbcontact/magician_ros2/install/orbbec_camera/share/orbbec_camera//launch/gemini2XL.launch.py
[9.585s] -- Up-to-date symlink: /home/bbcontact/magician_ros2/install/orbbec_camera/share/orbbec_camera//launch/gemini_330_series.launch.py
[9.586s] -- Up-to-date symlink: /home/bbcontact/magician_ros2/install/orbbec_camera/share/orbbec_camera//launch/gemini_e.launch.py
[9.588s] -- Up-to-date symlink: /home/bbcontact/magician_ros2/install/orbbec_camera/share/orbbec_camera//launch/gemini_e_lite.launch.py
[9.591s] -- Up-to-date symlink: /home/bbcontact/magician_ros2/install/orbbec_camera/share/orbbec_camera//launch/gemini_ew.launch.py
[9.591s] -- Up-to-date symlink: /home/bbcontact/magician_ros2/install/orbbec_camera/share/orbbec_camera//launch/gemini_ew_lite.launch.py
[9.592s] -- Up-to-date symlink: /home/bbcontact/magician_ros2/install/orbbec_camera/share/orbbec_camera//launch/gemini_intra_process_demo_launch.py
[9.593s] -- Up-to-date symlink: /home/bbcontact/magician_ros2/install/orbbec_camera/share/orbbec_camera//launch/gemini_uw.launch.py
[9.594s] -- Up-to-date symlink: /home/bbcontact/magician_ros2/install/orbbec_camera/share/orbbec_camera//launch/multi_camera.launch.py
[9.596s] -- Up-to-date symlink: /home/bbcontact/magician_ros2/install/orbbec_camera/share/orbbec_camera//launch/multi_camera_synced.launch.py
[9.597s] -- Up-to-date symlink: /home/bbcontact/magician_ros2/install/orbbec_camera/share/orbbec_camera//launch/multi_net_camera.launch.py
[9.602s] -- Up-to-date symlink: /home/bbcontact/magician_ros2/install/orbbec_camera/share/orbbec_camera//launch/ob_camera.launch.py
[9.603s] -- Up-to-date symlink: /home/bbcontact/magician_ros2/install/orbbec_camera/share/orbbec_camera//config/.gitkeep
[9.603s] -- Up-to-date symlink: /home/bbcontact/magician_ros2/install/orbbec_camera/share/orbbec_camera//config/OrbbecSDKConfig_v1.0.xml
[9.603s] -- Up-to-date symlink: /home/bbcontact/magician_ros2/install/orbbec_camera/share/orbbec_camera//config/camera_params.yaml
[9.604s] -- Up-to-date symlink: /home/bbcontact/magician_ros2/install/orbbec_camera/share/orbbec_camera//config/depthfilter/Gemini2_v1.8.json
[9.605s] -- Up-to-date symlink: /home/bbcontact/magician_ros2/install/orbbec_camera/share/orbbec_camera//config/depthfilter/Openni_device.json
[9.609s] -- Up-to-date symlink: /home/bbcontact/magician_ros2/install/orbbec_camera/include/libobsensor/ObSensor.h
[9.610s] -- Up-to-date symlink: /home/bbcontact/magician_ros2/install/orbbec_camera/include/libobsensor/ObSensor.hpp
[9.613s] -- Up-to-date symlink: /home/bbcontact/magician_ros2/install/orbbec_camera/include/libobsensor/h/Context.h
[9.615s] -- Up-to-date symlink: /home/bbcontact/magician_ros2/install/orbbec_camera/include/libobsensor/h/Device.h
[9.615s] -- Up-to-date symlink: /home/bbcontact/magician_ros2/install/orbbec_camera/include/libobsensor/h/Error.h
[9.616s] -- Up-to-date symlink: /home/bbcontact/magician_ros2/install/orbbec_camera/include/libobsensor/h/Filter.h
[9.618s] -- Up-to-date symlink: /home/bbcontact/magician_ros2/install/orbbec_camera/include/libobsensor/h/Frame.h
[9.618s] -- Up-to-date symlink: /home/bbcontact/magician_ros2/install/orbbec_camera/include/libobsensor/h/MultipleDevices.h
[9.620s] -- Up-to-date symlink: /home/bbcontact/magician_ros2/install/orbbec_camera/include/libobsensor/h/ObTypes.h
[9.620s] -- Up-to-date symlink: /home/bbcontact/magician_ros2/install/orbbec_camera/include/libobsensor/h/Pipeline.h
[9.621s] -- Up-to-date symlink: /home/bbcontact/magician_ros2/install/orbbec_camera/include/libobsensor/h/Property.h
[9.622s] -- Up-to-date symlink: /home/bbcontact/magician_ros2/install/orbbec_camera/include/libobsensor/h/RecordPlayback.h
[9.624s] -- Up-to-date symlink: /home/bbcontact/magician_ros2/install/orbbec_camera/include/libobsensor/h/Sensor.h
[9.626s] -- Up-to-date symlink: /home/bbcontact/magician_ros2/install/orbbec_camera/include/libobsensor/h/StreamProfile.h
[9.626s] -- Up-to-date symlink: /home/bbcontact/magician_ros2/install/orbbec_camera/include/libobsensor/h/Utils.h
[9.627s] -- Up-to-date symlink: /home/bbcontact/magician_ros2/install/orbbec_camera/include/libobsensor/h/Version.h
[9.629s] -- Up-to-date symlink: /home/bbcontact/magician_ros2/install/orbbec_camera/include/libobsensor/hpp/Context.hpp
[9.631s] -- Up-to-date symlink: /home/bbcontact/magician_ros2/install/orbbec_camera/include/libobsensor/hpp/Device.hpp
[9.631s] -- Up-to-date symlink: /home/bbcontact/magician_ros2/install/orbbec_camera/include/libobsensor/hpp/Error.hpp
[9.633s] -- Up-to-date symlink: /home/bbcontact/magician_ros2/install/orbbec_camera/include/libobsensor/hpp/Filter.hpp
[9.634s] -- Up-to-date symlink: /home/bbcontact/magician_ros2/install/orbbec_camera/include/libobsensor/hpp/Frame.hpp
[9.634s] -- Up-to-date symlink: /home/bbcontact/magician_ros2/install/orbbec_camera/include/libobsensor/hpp/Pipeline.hpp
[9.636s] -- Up-to-date symlink: /home/bbcontact/magician_ros2/install/orbbec_camera/include/libobsensor/hpp/RecordPlayback.hpp
[9.637s] -- Up-to-date symlink: /home/bbcontact/magician_ros2/install/orbbec_camera/include/libobsensor/hpp/Sensor.hpp
[9.639s] -- Up-to-date symlink: /home/bbcontact/magician_ros2/install/orbbec_camera/include/libobsensor/hpp/StreamProfile.hpp
[9.639s] -- Up-to-date symlink: /home/bbcontact/magician_ros2/install/orbbec_camera/include/libobsensor/hpp/Types.hpp
[9.643s] -- Up-to-date symlink: /home/bbcontact/magician_ros2/install/orbbec_camera/include/libobsensor/hpp/Utils.hpp
[9.644s] -- Up-to-date symlink: /home/bbcontact/magician_ros2/install/orbbec_camera/include/libobsensor/hpp/Version.hpp
[9.644s] -- Up-to-date symlink: /home/bbcontact/magician_ros2/install/orbbec_camera/share/orbbec_camera/udev/99-obsensor-libusb.rules
[9.647s] -- Up-to-date symlink: /home/bbcontact/magician_ros2/install/orbbec_camera/lib/orbbec_camera//list_devices_node
[9.647s] -- Up-to-date symlink: /home/bbcontact/magician_ros2/install/orbbec_camera/lib/orbbec_camera//list_depth_work_mode_node
[9.649s] -- Up-to-date symlink: /home/bbcontact/magician_ros2/install/orbbec_camera/lib/orbbec_camera//list_camera_profile_mode_node
[9.651s] -- Up-to-date symlink: /home/bbcontact/magician_ros2/install/orbbec_camera/lib/orbbec_camera//topic_statistics_node
[9.652s] -- Up-to-date symlink: /home/bbcontact/magician_ros2/install/orbbec_camera/share/orbbec_camera/environment/library_path.sh
[9.654s] -- Up-to-date symlink: /home/bbcontact/magician_ros2/install/orbbec_camera/share/orbbec_camera/environment/library_path.dsv
[9.656s] -- Up-to-date symlink: /home/bbcontact/magician_ros2/install/orbbec_camera/share/ament_index/resource_index/package_run_dependencies/orbbec_camera
[9.657s] -- Up-to-date symlink: /home/bbcontact/magician_ros2/install/orbbec_camera/share/ament_index/resource_index/parent_prefix_path/orbbec_camera
[9.659s] -- Up-to-date symlink: /home/bbcontact/magician_ros2/install/orbbec_camera/share/orbbec_camera/environment/ament_prefix_path.sh
[9.663s] -- Up-to-date symlink: /home/bbcontact/magician_ros2/install/orbbec_camera/share/orbbec_camera/environment/ament_prefix_path.dsv
[9.664s] -- Up-to-date symlink: /home/bbcontact/magician_ros2/install/orbbec_camera/share/orbbec_camera/environment/path.sh
[9.664s] -- Up-to-date symlink: /home/bbcontact/magician_ros2/install/orbbec_camera/share/orbbec_camera/environment/path.dsv
[9.664s] -- Up-to-date symlink: /home/bbcontact/magician_ros2/install/orbbec_camera/share/orbbec_camera/local_setup.bash
[9.665s] -- Up-to-date symlink: /home/bbcontact/magician_ros2/install/orbbec_camera/share/orbbec_camera/local_setup.sh
[9.666s] -- Up-to-date symlink: /home/bbcontact/magician_ros2/install/orbbec_camera/share/orbbec_camera/local_setup.zsh
[9.668s] -- Up-to-date symlink: /home/bbcontact/magician_ros2/install/orbbec_camera/share/orbbec_camera/local_setup.dsv
[9.670s] -- Symlinking: /home/bbcontact/magician_ros2/install/orbbec_camera/share/orbbec_camera/package.dsv
[9.706s] -- Up-to-date symlink: /home/bbcontact/magician_ros2/install/orbbec_camera/share/ament_index/resource_index/packages/orbbec_camera
[9.707s] -- Up-to-date symlink: /home/bbcontact/magician_ros2/install/orbbec_camera/share/ament_index/resource_index/rclcpp_components/orbbec_camera
[9.707s] -- Up-to-date symlink: /home/bbcontact/magician_ros2/install/orbbec_camera/share/orbbec_camera/cmake/ament_cmake_export_include_directories-extras.cmake
[9.708s] -- Up-to-date symlink: /home/bbcontact/magician_ros2/install/orbbec_camera/share/orbbec_camera/cmake/ament_cmake_export_libraries-extras.cmake
[9.712s] -- Up-to-date symlink: /home/bbcontact/magician_ros2/install/orbbec_camera/share/orbbec_camera/cmake/ament_cmake_export_dependencies-extras.cmake
[9.713s] -- Up-to-date symlink: /home/bbcontact/magician_ros2/install/orbbec_camera/share/orbbec_camera/cmake/orbbec_cameraConfig.cmake
[9.713s] -- Up-to-date symlink: /home/bbcontact/magician_ros2/install/orbbec_camera/share/orbbec_camera/cmake/orbbec_cameraConfig-version.cmake
[9.715s] -- Up-to-date symlink: /home/bbcontact/magician_ros2/install/orbbec_camera/share/orbbec_camera/package.xml
[9.715s] -- Up-to-date: /home/bbcontact/magician_ros2/install/orbbec_camera/lib/
[9.716s] -- Up-to-date: /home/bbcontact/magician_ros2/install/orbbec_camera/lib//libOrbbecSDK.so
[9.720s] -- Up-to-date: /home/bbcontact/magician_ros2/install/orbbec_camera/lib//libOrbbecSDK.so.1.10
[9.720s] -- Up-to-date: /home/bbcontact/magician_ros2/install/orbbec_camera/lib//libOrbbecSDK.so.1.10.37
[9.721s] -- Up-to-date: /home/bbcontact/magician_ros2/install/orbbec_camera/lib//libdepthengine.so
[9.721s] -- Up-to-date: /home/bbcontact/magician_ros2/install/orbbec_camera/lib//libdepthengine.so.2.0
[9.721s] -- Up-to-date: /home/bbcontact/magician_ros2/install/orbbec_camera/lib//liblive555.so
[9.725s] -- Up-to-date: /home/bbcontact/magician_ros2/install/orbbec_camera/lib//libob_usb.so
[9.731s] Invoked command in '/home/bbcontact/magician_ros2/build/orbbec_camera' returned '0': AMENT_PREFIX_PATH=/home/bbcontact/magician_ros2/install/orbbec_camera_msgs:${AMENT_PREFIX_PATH} CMAKE_PREFIX_PATH=/home/bbcontact/magician_ros2/install/orbbec_camera_msgs:/opt/ros/jazzy/opt/gz_sim_vendor:/opt/ros/jazzy/opt/gz_sensors_vendor:/opt/ros/jazzy/opt/gz_physics_vendor:/opt/ros/jazzy/opt/sdformat_vendor:/opt/ros/jazzy/opt/gz_gui_vendor:/opt/ros/jazzy/opt/gz_transport_vendor:/opt/ros/jazzy/opt/gz_rendering_vendor:/opt/ros/jazzy/opt/gz_plugin_vendor:/opt/ros/jazzy/opt/gz_fuel_tools_vendor:/opt/ros/jazzy/opt/gz_msgs_vendor:/opt/ros/jazzy/opt/gz_common_vendor:/opt/ros/jazzy/opt/gz_math_vendor:/opt/ros/jazzy/opt/gz_utils_vendor:/opt/ros/jazzy/opt/gz_tools_vendor:/opt/ros/jazzy/opt/gz_ogre_next_vendor:/opt/ros/jazzy/opt/gz_dartsim_vendor:/opt/ros/jazzy/opt/gz_cmake_vendor:/opt/ros/jazzy DEBUGINFOD_URLS=https://debuginfod.ubuntu.com LD_LIBRARY_PATH=/home/bbcontact/magician_ros2/install/orbbec_camera_msgs/lib:${LD_LIBRARY_PATH} PYTHONPATH=/home/bbcontact/magician_ros2/install/orbbec_camera_msgs/lib/python3.12/site-packages:${PYTHONPATH} /usr/bin/cmake --install /home/bbcontact/magician_ros2/build/orbbec_camera
