running develop
Removing /home/bbcontact/magician_ros2/install/dobot_end_effector/lib/python3.12/site-packages/dobot-end-effector.egg-link (link to .)
running egg_info
writing ../../../build/dobot_end_effector/dobot_end_effector.egg-info/PKG-INFO
writing dependency_links to ../../../build/dobot_end_effector/dobot_end_effector.egg-info/dependency_links.txt
writing entry points to ../../../build/dobot_end_effector/dobot_end_effector.egg-info/entry_points.txt
writing requirements to ../../../build/dobot_end_effector/dobot_end_effector.egg-info/requires.txt
writing top-level names to ../../../build/dobot_end_effector/dobot_end_effector.egg-info/top_level.txt
reading manifest file '../../../build/dobot_end_effector/dobot_end_effector.egg-info/SOURCES.txt'
writing manifest file '../../../build/dobot_end_effector/dobot_end_effector.egg-info/SOURCES.txt'
running build
running build_py
creating /home/bbcontact/magician_ros2/build/dobot_end_effector/build
creating /home/bbcontact/magician_ros2/build/dobot_end_effector/build/lib
creating /home/bbcontact/magician_ros2/build/dobot_end_effector/build/lib/dobot_end_effector
copying dobot_end_effector/__init__.py -> /home/bbcontact/magician_ros2/build/dobot_end_effector/build/lib/dobot_end_effector
copying dobot_end_effector/gripper_server.py -> /home/bbcontact/magician_ros2/build/dobot_end_effector/build/lib/dobot_end_effector
copying dobot_end_effector/suction_cup_server.py -> /home/bbcontact/magician_ros2/build/dobot_end_effector/build/lib/dobot_end_effector
running install
running install_lib
creating /home/bbcontact/magician_ros2/install/dobot_end_effector/lib/python3.12/site-packages/dobot_end_effector
copying /home/bbcontact/magician_ros2/build/dobot_end_effector/build/lib/dobot_end_effector/__init__.py -> /home/bbcontact/magician_ros2/install/dobot_end_effector/lib/python3.12/site-packages/dobot_end_effector
copying /home/bbcontact/magician_ros2/build/dobot_end_effector/build/lib/dobot_end_effector/gripper_server.py -> /home/bbcontact/magician_ros2/install/dobot_end_effector/lib/python3.12/site-packages/dobot_end_effector
copying /home/bbcontact/magician_ros2/build/dobot_end_effector/build/lib/dobot_end_effector/suction_cup_server.py -> /home/bbcontact/magician_ros2/install/dobot_end_effector/lib/python3.12/site-packages/dobot_end_effector
byte-compiling /home/bbcontact/magician_ros2/install/dobot_end_effector/lib/python3.12/site-packages/dobot_end_effector/__init__.py to __init__.cpython-312.pyc
byte-compiling /home/bbcontact/magician_ros2/install/dobot_end_effector/lib/python3.12/site-packages/dobot_end_effector/gripper_server.py to gripper_server.cpython-312.pyc
byte-compiling /home/bbcontact/magician_ros2/install/dobot_end_effector/lib/python3.12/site-packages/dobot_end_effector/suction_cup_server.py to suction_cup_server.cpython-312.pyc
running install_data
copying resource/dobot_end_effector -> /home/bbcontact/magician_ros2/install/dobot_end_effector/share/ament_index/resource_index/packages
copying package.xml -> /home/bbcontact/magician_ros2/install/dobot_end_effector/share/dobot_end_effector
running install_egg_info
Copying ../../../build/dobot_end_effector/dobot_end_effector.egg-info to /home/bbcontact/magician_ros2/install/dobot_end_effector/lib/python3.12/site-packages/dobot_end_effector-1.0.0-py3.12.egg-info
running install_scripts
Installing gripper_server script to /home/bbcontact/magician_ros2/install/dobot_end_effector/lib/dobot_end_effector
Installing suction_cup_server script to /home/bbcontact/magician_ros2/install/dobot_end_effector/lib/dobot_end_effector
writing list of installed files to '/home/bbcontact/magician_ros2/build/dobot_end_effector/install.log'
