[5.590s] Invoking command in '/home/bbcontact/magician_ros2/build/dobot_end_effector': AMENT_PREFIX_PATH=/home/bbcontact/magician_ros2/install/dobot_msgs:/home/bbcontact/magician_ros2/install/dobot_driver:${AMENT_PREFIX_PATH} CMAKE_PREFIX_PATH=/home/bbcontact/magician_ros2/install/dobot_msgs:/home/bbcontact/magician_ros2/install/dobot_driver:${CMAKE_PREFIX_PATH} DEBUGINFOD_URLS=https://debuginfod.ubuntu.com LD_LIBRARY_PATH=/home/bbcontact/magician_ros2/install/dobot_msgs/lib:${LD_LIBRARY_PATH} PYTHONPATH=/home/bbcontact/magician_ros2/build/dobot_end_effector/prefix_override:/usr/lib/python3/dist-packages/colcon_core/task/python/colcon_distutils_commands:/home/bbcontact/magician_ros2/install/dobot_end_effector/lib/python3.12/site-packages:/home/bbcontact/magician_ros2/install/dobot_msgs/lib/python3.12/site-packages:/home/bbcontact/magician_ros2/install/dobot_driver/lib/python3.12/site-packages:${PYTHONPATH} /usr/bin/python3 -W ignore:setup.py install is deprecated -W ignore:easy_install command is deprecated setup.py develop --uninstall --editable --build-directory /home/bbcontact/magician_ros2/build/dobot_end_effector/build
[7.198s] running develop
[8.465s] Removing /home/bbcontact/magician_ros2/install/dobot_end_effector/lib/python3.12/site-packages/dobot-end-effector.egg-link (link to .)
[8.569s] Invoked command in '/home/bbcontact/magician_ros2/build/dobot_end_effector' returned '0': AMENT_PREFIX_PATH=/home/bbcontact/magician_ros2/install/dobot_msgs:/home/bbcontact/magician_ros2/install/dobot_driver:${AMENT_PREFIX_PATH} CMAKE_PREFIX_PATH=/home/bbcontact/magician_ros2/install/dobot_msgs:/home/bbcontact/magician_ros2/install/dobot_driver:${CMAKE_PREFIX_PATH} DEBUGINFOD_URLS=https://debuginfod.ubuntu.com LD_LIBRARY_PATH=/home/bbcontact/magician_ros2/install/dobot_msgs/lib:${LD_LIBRARY_PATH} PYTHONPATH=/home/bbcontact/magician_ros2/build/dobot_end_effector/prefix_override:/usr/lib/python3/dist-packages/colcon_core/task/python/colcon_distutils_commands:/home/bbcontact/magician_ros2/install/dobot_end_effector/lib/python3.12/site-packages:/home/bbcontact/magician_ros2/install/dobot_msgs/lib/python3.12/site-packages:/home/bbcontact/magician_ros2/install/dobot_driver/lib/python3.12/site-packages:${PYTHONPATH} /usr/bin/python3 -W ignore:setup.py install is deprecated -W ignore:easy_install command is deprecated setup.py develop --uninstall --editable --build-directory /home/bbcontact/magician_ros2/build/dobot_end_effector/build
[8.570s] Invoking command in '/home/bbcontact/magician_ros2/src/magician_ros2/dobot_end_effector': AMENT_PREFIX_PATH=/home/bbcontact/magician_ros2/install/dobot_msgs:/home/bbcontact/magician_ros2/install/dobot_driver:${AMENT_PREFIX_PATH} CMAKE_PREFIX_PATH=/home/bbcontact/magician_ros2/install/dobot_msgs:/home/bbcontact/magician_ros2/install/dobot_driver:${CMAKE_PREFIX_PATH} DEBUGINFOD_URLS=https://debuginfod.ubuntu.com LD_LIBRARY_PATH=/home/bbcontact/magician_ros2/install/dobot_msgs/lib:${LD_LIBRARY_PATH} PYTHONPATH=/home/bbcontact/magician_ros2/build/dobot_end_effector/prefix_override:/usr/lib/python3/dist-packages/colcon_core/task/python/colcon_distutils_commands:/home/bbcontact/magician_ros2/install/dobot_end_effector/lib/python3.12/site-packages:/home/bbcontact/magician_ros2/install/dobot_msgs/lib/python3.12/site-packages:/home/bbcontact/magician_ros2/install/dobot_driver/lib/python3.12/site-packages:${PYTHONPATH} /usr/bin/python3 -W ignore:setup.py install is deprecated -W ignore:easy_install command is deprecated setup.py egg_info --egg-base ../../../build/dobot_end_effector build --build-base /home/bbcontact/magician_ros2/build/dobot_end_effector/build install --record /home/bbcontact/magician_ros2/build/dobot_end_effector/install.log --install-scripts $base/lib/dobot_end_effector --single-version-externally-managed install_data --force
[10.349s] running egg_info
[10.543s] writing ../../../build/dobot_end_effector/dobot_end_effector.egg-info/PKG-INFO
[10.544s] writing dependency_links to ../../../build/dobot_end_effector/dobot_end_effector.egg-info/dependency_links.txt
[10.547s] writing entry points to ../../../build/dobot_end_effector/dobot_end_effector.egg-info/entry_points.txt
[10.548s] writing requirements to ../../../build/dobot_end_effector/dobot_end_effector.egg-info/requires.txt
[10.548s] writing top-level names to ../../../build/dobot_end_effector/dobot_end_effector.egg-info/top_level.txt
[10.786s] reading manifest file '../../../build/dobot_end_effector/dobot_end_effector.egg-info/SOURCES.txt'
[10.787s] writing manifest file '../../../build/dobot_end_effector/dobot_end_effector.egg-info/SOURCES.txt'
[10.787s] running build
[10.788s] running build_py
[10.789s] creating /home/bbcontact/magician_ros2/build/dobot_end_effector/build
[10.790s] creating /home/bbcontact/magician_ros2/build/dobot_end_effector/build/lib
[10.790s] creating /home/bbcontact/magician_ros2/build/dobot_end_effector/build/lib/dobot_end_effector
[10.793s] copying dobot_end_effector/__init__.py -> /home/bbcontact/magician_ros2/build/dobot_end_effector/build/lib/dobot_end_effector
[10.794s] copying dobot_end_effector/gripper_server.py -> /home/bbcontact/magician_ros2/build/dobot_end_effector/build/lib/dobot_end_effector
[10.794s] copying dobot_end_effector/suction_cup_server.py -> /home/bbcontact/magician_ros2/build/dobot_end_effector/build/lib/dobot_end_effector
[10.794s] running install
[10.814s] running install_lib
[10.930s] creating /home/bbcontact/magician_ros2/install/dobot_end_effector/lib/python3.12/site-packages/dobot_end_effector
[10.932s] copying /home/bbcontact/magician_ros2/build/dobot_end_effector/build/lib/dobot_end_effector/__init__.py -> /home/bbcontact/magician_ros2/install/dobot_end_effector/lib/python3.12/site-packages/dobot_end_effector
[10.933s] copying /home/bbcontact/magician_ros2/build/dobot_end_effector/build/lib/dobot_end_effector/gripper_server.py -> /home/bbcontact/magician_ros2/install/dobot_end_effector/lib/python3.12/site-packages/dobot_end_effector
[10.933s] copying /home/bbcontact/magician_ros2/build/dobot_end_effector/build/lib/dobot_end_effector/suction_cup_server.py -> /home/bbcontact/magician_ros2/install/dobot_end_effector/lib/python3.12/site-packages/dobot_end_effector
[10.933s] byte-compiling /home/bbcontact/magician_ros2/install/dobot_end_effector/lib/python3.12/site-packages/dobot_end_effector/__init__.py to __init__.cpython-312.pyc
[10.933s] byte-compiling /home/bbcontact/magician_ros2/install/dobot_end_effector/lib/python3.12/site-packages/dobot_end_effector/gripper_server.py to gripper_server.cpython-312.pyc
[10.936s] byte-compiling /home/bbcontact/magician_ros2/install/dobot_end_effector/lib/python3.12/site-packages/dobot_end_effector/suction_cup_server.py to suction_cup_server.cpython-312.pyc
[10.937s] running install_data
[10.937s] copying resource/dobot_end_effector -> /home/bbcontact/magician_ros2/install/dobot_end_effector/share/ament_index/resource_index/packages
[10.938s] copying package.xml -> /home/bbcontact/magician_ros2/install/dobot_end_effector/share/dobot_end_effector
[10.938s] running install_egg_info
[11.068s] Copying ../../../build/dobot_end_effector/dobot_end_effector.egg-info to /home/bbcontact/magician_ros2/install/dobot_end_effector/lib/python3.12/site-packages/dobot_end_effector-1.0.0-py3.12.egg-info
[11.072s] running install_scripts
[11.768s] Installing gripper_server script to /home/bbcontact/magician_ros2/install/dobot_end_effector/lib/dobot_end_effector
[11.773s] Installing suction_cup_server script to /home/bbcontact/magician_ros2/install/dobot_end_effector/lib/dobot_end_effector
[11.774s] writing list of installed files to '/home/bbcontact/magician_ros2/build/dobot_end_effector/install.log'
[11.897s] Invoked command in '/home/bbcontact/magician_ros2/src/magician_ros2/dobot_end_effector' returned '0': AMENT_PREFIX_PATH=/home/bbcontact/magician_ros2/install/dobot_msgs:/home/bbcontact/magician_ros2/install/dobot_driver:${AMENT_PREFIX_PATH} CMAKE_PREFIX_PATH=/home/bbcontact/magician_ros2/install/dobot_msgs:/home/bbcontact/magician_ros2/install/dobot_driver:${CMAKE_PREFIX_PATH} DEBUGINFOD_URLS=https://debuginfod.ubuntu.com LD_LIBRARY_PATH=/home/bbcontact/magician_ros2/install/dobot_msgs/lib:${LD_LIBRARY_PATH} PYTHONPATH=/home/bbcontact/magician_ros2/build/dobot_end_effector/prefix_override:/usr/lib/python3/dist-packages/colcon_core/task/python/colcon_distutils_commands:/home/bbcontact/magician_ros2/install/dobot_end_effector/lib/python3.12/site-packages:/home/bbcontact/magician_ros2/install/dobot_msgs/lib/python3.12/site-packages:/home/bbcontact/magician_ros2/install/dobot_driver/lib/python3.12/site-packages:${PYTHONPATH} /usr/bin/python3 -W ignore:setup.py install is deprecated -W ignore:easy_install command is deprecated setup.py egg_info --egg-base ../../../build/dobot_end_effector build --build-base /home/bbcontact/magician_ros2/build/dobot_end_effector/build install --record /home/bbcontact/magician_ros2/build/dobot_end_effector/install.log --install-scripts $base/lib/dobot_end_effector --single-version-externally-managed install_data --force
