[0.027s] Invoking command in '/home/bbcontact/magician_ros2/build/dobot_msgs': CMAKE_PREFIX_PATH=${CMAKE_PREFIX_PATH}:/opt/ros/jazzy DEBUGINFOD_URLS=https://debuginfod.ubuntu.com /usr/bin/cmake --build /home/bbcontact/magician_ros2/build/dobot_msgs -- -j8 -l8
[0.192s] [  1%] Built target dobot_msgs__rosidl_generator_type_description
[0.193s] [  1%] Built target dobot_msgs__rs
[0.218s] [  1%] Built target ament_cmake_python_symlink_dobot_msgs
[0.269s] [  1%] Built target dobot_msgs__cpp
[0.299s] [ 27%] Built target dobot_msgs__rosidl_generator_c
[0.498s] [ 37%] Built target dobot_msgs__rosidl_typesupport_introspection_c
[0.507s] [ 47%] Built target dobot_msgs__rosidl_typesupport_cpp
[0.535s] [ 56%] Built target dobot_msgs__rosidl_typesupport_c
[0.537s] [ 66%] Built target dobot_msgs__rosidl_typesupport_fastrtps_c
[0.556s] [ 76%] Built target dobot_msgs__rosidl_typesupport_introspection_cpp
[0.576s] [ 85%] Built target dobot_msgs__rosidl_typesupport_fastrtps_cpp
[0.634s] [ 85%] Built target dobot_msgs
[0.691s] [ 86%] Built target dobot_msgs__py
[0.800s] [ 95%] Built target dobot_msgs__rosidl_generator_py
[0.868s] [ 97%] Built target dobot_msgs_s__rosidl_typesupport_introspection_c
[0.879s] [ 99%] Built target dobot_msgs_s__rosidl_typesupport_c
[0.879s] [100%] Built target dobot_msgs_s__rosidl_typesupport_fastrtps_c
[1.199s] running egg_info
[1.288s] writing dobot_msgs.egg-info/PKG-INFO
[1.288s] writing dependency_links to dobot_msgs.egg-info/dependency_links.txt
[1.288s] writing top-level names to dobot_msgs.egg-info/top_level.txt
[1.531s] reading manifest file 'dobot_msgs.egg-info/SOURCES.txt'
[1.532s] writing manifest file 'dobot_msgs.egg-info/SOURCES.txt'
[1.611s] [100%] Built target ament_cmake_python_build_dobot_msgs_egg
[1.642s] Invoked command in '/home/bbcontact/magician_ros2/build/dobot_msgs' returned '0': CMAKE_PREFIX_PATH=${CMAKE_PREFIX_PATH}:/opt/ros/jazzy DEBUGINFOD_URLS=https://debuginfod.ubuntu.com /usr/bin/cmake --build /home/bbcontact/magician_ros2/build/dobot_msgs -- -j8 -l8
[1.668s] Invoking command in '/home/bbcontact/magician_ros2/build/dobot_msgs': CMAKE_PREFIX_PATH=${CMAKE_PREFIX_PATH}:/opt/ros/jazzy DEBUGINFOD_URLS=https://debuginfod.ubuntu.com /usr/bin/cmake --install /home/bbcontact/magician_ros2/build/dobot_msgs
[1.689s] -- Install configuration: ""
[1.691s] -- Execute custom install script
[1.692s] -- Up-to-date symlink: /home/bbcontact/magician_ros2/install/dobot_msgs/share/ament_index/resource_index/rosidl_interfaces/dobot_msgs
[1.692s] -- Up-to-date symlink: /home/bbcontact/magician_ros2/install/dobot_msgs/share/dobot_msgs/action/PointToPoint.json
[1.693s] -- Up-to-date symlink: /home/bbcontact/magician_ros2/install/dobot_msgs/share/dobot_msgs/action/SlidingRail.json
[1.693s] -- Up-to-date symlink: /home/bbcontact/magician_ros2/install/dobot_msgs/share/dobot_msgs/msg/DobotAlarmCodes.json
[1.694s] -- Up-to-date symlink: /home/bbcontact/magician_ros2/install/dobot_msgs/share/dobot_msgs/msg/GripperStatus.json
[1.694s] -- Up-to-date symlink: /home/bbcontact/magician_ros2/install/dobot_msgs/share/dobot_msgs/msg/CircleTarget.json
[1.696s] -- Up-to-date symlink: /home/bbcontact/magician_ros2/install/dobot_msgs/share/dobot_msgs/msg/CircleTargetArray.json
[1.697s] -- Up-to-date symlink: /home/bbcontact/magician_ros2/install/dobot_msgs/share/dobot_msgs/srv/EvaluatePTPTrajectory.json
[1.697s] -- Up-to-date symlink: /home/bbcontact/magician_ros2/install/dobot_msgs/share/dobot_msgs/srv/ExecuteHomingProcedure.json
[1.700s] -- Up-to-date symlink: /home/bbcontact/magician_ros2/install/dobot_msgs/share/dobot_msgs/srv/GripperControl.json
[1.701s] -- Up-to-date symlink: /home/bbcontact/magician_ros2/install/dobot_msgs/share/dobot_msgs/srv/SuctionCupControl.json
[1.701s] -- Up-to-date symlink: /home/bbcontact/magician_ros2/install/dobot_msgs/share/dobot_msgs/srv/GetPTPCommonParams.json
[1.701s] -- Up-to-date symlink: /home/bbcontact/magician_ros2/install/dobot_msgs/share/dobot_msgs/srv/SetPTPCommonParams.json
[1.704s] -- Up-to-date symlink: /home/bbcontact/magician_ros2/install/dobot_msgs/include/dobot_msgs/dobot_msgs/action/detail/point_to_point__functions.h
[1.705s] -- Up-to-date symlink: /home/bbcontact/magician_ros2/install/dobot_msgs/include/dobot_msgs/dobot_msgs/action/detail/point_to_point__struct.h
[1.705s] -- Up-to-date symlink: /home/bbcontact/magician_ros2/install/dobot_msgs/include/dobot_msgs/dobot_msgs/action/detail/point_to_point__type_support.h
[1.706s] -- Up-to-date symlink: /home/bbcontact/magician_ros2/install/dobot_msgs/include/dobot_msgs/dobot_msgs/action/detail/sliding_rail__functions.h
[1.707s] -- Up-to-date symlink: /home/bbcontact/magician_ros2/install/dobot_msgs/include/dobot_msgs/dobot_msgs/action/detail/sliding_rail__struct.h
[1.707s] -- Up-to-date symlink: /home/bbcontact/magician_ros2/install/dobot_msgs/include/dobot_msgs/dobot_msgs/action/detail/sliding_rail__type_support.h
[1.707s] -- Up-to-date symlink: /home/bbcontact/magician_ros2/install/dobot_msgs/include/dobot_msgs/dobot_msgs/action/point_to_point.h
[1.708s] -- Up-to-date symlink: /home/bbcontact/magician_ros2/install/dobot_msgs/include/dobot_msgs/dobot_msgs/action/sliding_rail.h
[1.710s] -- Up-to-date symlink: /home/bbcontact/magician_ros2/install/dobot_msgs/include/dobot_msgs/dobot_msgs/msg/circle_target.h
[1.712s] -- Up-to-date symlink: /home/bbcontact/magician_ros2/install/dobot_msgs/include/dobot_msgs/dobot_msgs/msg/circle_target_array.h
[1.712s] -- Up-to-date symlink: /home/bbcontact/magician_ros2/install/dobot_msgs/include/dobot_msgs/dobot_msgs/msg/detail/circle_target__functions.h
[1.714s] -- Up-to-date symlink: /home/bbcontact/magician_ros2/install/dobot_msgs/include/dobot_msgs/dobot_msgs/msg/detail/circle_target__struct.h
[1.715s] -- Up-to-date symlink: /home/bbcontact/magician_ros2/install/dobot_msgs/include/dobot_msgs/dobot_msgs/msg/detail/circle_target__type_support.h
[1.715s] -- Up-to-date symlink: /home/bbcontact/magician_ros2/install/dobot_msgs/include/dobot_msgs/dobot_msgs/msg/detail/circle_target_array__functions.h
[1.715s] -- Up-to-date symlink: /home/bbcontact/magician_ros2/install/dobot_msgs/include/dobot_msgs/dobot_msgs/msg/detail/circle_target_array__struct.h
[1.715s] -- Up-to-date symlink: /home/bbcontact/magician_ros2/install/dobot_msgs/include/dobot_msgs/dobot_msgs/msg/detail/circle_target_array__type_support.h
[1.716s] -- Up-to-date symlink: /home/bbcontact/magician_ros2/install/dobot_msgs/include/dobot_msgs/dobot_msgs/msg/detail/dobot_alarm_codes__functions.h
[1.716s] -- Up-to-date symlink: /home/bbcontact/magician_ros2/install/dobot_msgs/include/dobot_msgs/dobot_msgs/msg/detail/dobot_alarm_codes__struct.h
[1.716s] -- Up-to-date symlink: /home/bbcontact/magician_ros2/install/dobot_msgs/include/dobot_msgs/dobot_msgs/msg/detail/dobot_alarm_codes__type_support.h
[1.716s] -- Up-to-date symlink: /home/bbcontact/magician_ros2/install/dobot_msgs/include/dobot_msgs/dobot_msgs/msg/detail/gripper_status__functions.h
[1.716s] -- Up-to-date symlink: /home/bbcontact/magician_ros2/install/dobot_msgs/include/dobot_msgs/dobot_msgs/msg/detail/gripper_status__struct.h
[1.717s] -- Up-to-date symlink: /home/bbcontact/magician_ros2/install/dobot_msgs/include/dobot_msgs/dobot_msgs/msg/detail/gripper_status__type_support.h
[1.718s] -- Up-to-date symlink: /home/bbcontact/magician_ros2/install/dobot_msgs/include/dobot_msgs/dobot_msgs/msg/dobot_alarm_codes.h
[1.718s] -- Up-to-date symlink: /home/bbcontact/magician_ros2/install/dobot_msgs/include/dobot_msgs/dobot_msgs/msg/gripper_status.h
[1.719s] -- Up-to-date symlink: /home/bbcontact/magician_ros2/install/dobot_msgs/include/dobot_msgs/dobot_msgs/msg/rosidl_generator_c__visibility_control.h
[1.719s] -- Up-to-date symlink: /home/bbcontact/magician_ros2/install/dobot_msgs/include/dobot_msgs/dobot_msgs/srv/detail/evaluate_ptp_trajectory__functions.h
[1.720s] -- Up-to-date symlink: /home/bbcontact/magician_ros2/install/dobot_msgs/include/dobot_msgs/dobot_msgs/srv/detail/evaluate_ptp_trajectory__struct.h
[1.720s] -- Up-to-date symlink: /home/bbcontact/magician_ros2/install/dobot_msgs/include/dobot_msgs/dobot_msgs/srv/detail/evaluate_ptp_trajectory__type_support.h
[1.721s] -- Up-to-date symlink: /home/bbcontact/magician_ros2/install/dobot_msgs/include/dobot_msgs/dobot_msgs/srv/detail/execute_homing_procedure__functions.h
[1.721s] -- Up-to-date symlink: /home/bbcontact/magician_ros2/install/dobot_msgs/include/dobot_msgs/dobot_msgs/srv/detail/execute_homing_procedure__struct.h
[1.722s] -- Up-to-date symlink: /home/bbcontact/magician_ros2/install/dobot_msgs/include/dobot_msgs/dobot_msgs/srv/detail/execute_homing_procedure__type_support.h
[1.722s] -- Up-to-date symlink: /home/bbcontact/magician_ros2/install/dobot_msgs/include/dobot_msgs/dobot_msgs/srv/detail/get_ptp_common_params__functions.h
[1.723s] -- Up-to-date symlink: /home/bbcontact/magician_ros2/install/dobot_msgs/include/dobot_msgs/dobot_msgs/srv/detail/get_ptp_common_params__struct.h
[1.724s] -- Up-to-date symlink: /home/bbcontact/magician_ros2/install/dobot_msgs/include/dobot_msgs/dobot_msgs/srv/detail/get_ptp_common_params__type_support.h
[1.724s] -- Up-to-date symlink: /home/bbcontact/magician_ros2/install/dobot_msgs/include/dobot_msgs/dobot_msgs/srv/detail/gripper_control__functions.h
[1.724s] -- Up-to-date symlink: /home/bbcontact/magician_ros2/install/dobot_msgs/include/dobot_msgs/dobot_msgs/srv/detail/gripper_control__struct.h
[1.725s] -- Up-to-date symlink: /home/bbcontact/magician_ros2/install/dobot_msgs/include/dobot_msgs/dobot_msgs/srv/detail/gripper_control__type_support.h
[1.725s] -- Up-to-date symlink: /home/bbcontact/magician_ros2/install/dobot_msgs/include/dobot_msgs/dobot_msgs/srv/detail/set_ptp_common_params__functions.h
[1.726s] -- Up-to-date symlink: /home/bbcontact/magician_ros2/install/dobot_msgs/include/dobot_msgs/dobot_msgs/srv/detail/set_ptp_common_params__struct.h
[1.726s] -- Up-to-date symlink: /home/bbcontact/magician_ros2/install/dobot_msgs/include/dobot_msgs/dobot_msgs/srv/detail/set_ptp_common_params__type_support.h
[1.726s] -- Up-to-date symlink: /home/bbcontact/magician_ros2/install/dobot_msgs/include/dobot_msgs/dobot_msgs/srv/detail/suction_cup_control__functions.h
[1.726s] -- Up-to-date symlink: /home/bbcontact/magician_ros2/install/dobot_msgs/include/dobot_msgs/dobot_msgs/srv/detail/suction_cup_control__struct.h
[1.727s] -- Up-to-date symlink: /home/bbcontact/magician_ros2/install/dobot_msgs/include/dobot_msgs/dobot_msgs/srv/detail/suction_cup_control__type_support.h
[1.727s] -- Up-to-date symlink: /home/bbcontact/magician_ros2/install/dobot_msgs/include/dobot_msgs/dobot_msgs/srv/evaluate_ptp_trajectory.h
[1.727s] -- Up-to-date symlink: /home/bbcontact/magician_ros2/install/dobot_msgs/include/dobot_msgs/dobot_msgs/srv/execute_homing_procedure.h
[1.728s] -- Up-to-date symlink: /home/bbcontact/magician_ros2/install/dobot_msgs/include/dobot_msgs/dobot_msgs/srv/get_ptp_common_params.h
[1.728s] -- Up-to-date symlink: /home/bbcontact/magician_ros2/install/dobot_msgs/include/dobot_msgs/dobot_msgs/srv/gripper_control.h
[1.729s] -- Up-to-date symlink: /home/bbcontact/magician_ros2/install/dobot_msgs/include/dobot_msgs/dobot_msgs/srv/set_ptp_common_params.h
[1.729s] -- Up-to-date symlink: /home/bbcontact/magician_ros2/install/dobot_msgs/include/dobot_msgs/dobot_msgs/srv/suction_cup_control.h
[1.729s] -- Up-to-date symlink: /home/bbcontact/magician_ros2/install/dobot_msgs/share/dobot_msgs/environment/library_path.sh
[1.730s] -- Up-to-date symlink: /home/bbcontact/magician_ros2/install/dobot_msgs/share/dobot_msgs/environment/library_path.dsv
[1.730s] -- Up-to-date symlink: /home/bbcontact/magician_ros2/install/dobot_msgs/include/dobot_msgs/dobot_msgs/action/detail/point_to_point__rosidl_typesupport_fastrtps_c.h
[1.731s] -- Up-to-date symlink: /home/bbcontact/magician_ros2/install/dobot_msgs/include/dobot_msgs/dobot_msgs/action/detail/sliding_rail__rosidl_typesupport_fastrtps_c.h
[1.731s] -- Up-to-date symlink: /home/bbcontact/magician_ros2/install/dobot_msgs/include/dobot_msgs/dobot_msgs/msg/detail/circle_target__rosidl_typesupport_fastrtps_c.h
[1.732s] -- Up-to-date symlink: /home/bbcontact/magician_ros2/install/dobot_msgs/include/dobot_msgs/dobot_msgs/msg/detail/circle_target_array__rosidl_typesupport_fastrtps_c.h
[1.732s] -- Up-to-date symlink: /home/bbcontact/magician_ros2/install/dobot_msgs/include/dobot_msgs/dobot_msgs/msg/detail/dobot_alarm_codes__rosidl_typesupport_fastrtps_c.h
[1.733s] -- Up-to-date symlink: /home/bbcontact/magician_ros2/install/dobot_msgs/include/dobot_msgs/dobot_msgs/msg/detail/gripper_status__rosidl_typesupport_fastrtps_c.h
[1.733s] -- Up-to-date symlink: /home/bbcontact/magician_ros2/install/dobot_msgs/include/dobot_msgs/dobot_msgs/msg/rosidl_typesupport_fastrtps_c__visibility_control.h
[1.734s] -- Up-to-date symlink: /home/bbcontact/magician_ros2/install/dobot_msgs/include/dobot_msgs/dobot_msgs/srv/detail/evaluate_ptp_trajectory__rosidl_typesupport_fastrtps_c.h
[1.734s] -- Up-to-date symlink: /home/bbcontact/magician_ros2/install/dobot_msgs/include/dobot_msgs/dobot_msgs/srv/detail/execute_homing_procedure__rosidl_typesupport_fastrtps_c.h
[1.735s] -- Up-to-date symlink: /home/bbcontact/magician_ros2/install/dobot_msgs/include/dobot_msgs/dobot_msgs/srv/detail/get_ptp_common_params__rosidl_typesupport_fastrtps_c.h
[1.735s] -- Up-to-date symlink: /home/bbcontact/magician_ros2/install/dobot_msgs/include/dobot_msgs/dobot_msgs/srv/detail/gripper_control__rosidl_typesupport_fastrtps_c.h
[1.735s] -- Up-to-date symlink: /home/bbcontact/magician_ros2/install/dobot_msgs/include/dobot_msgs/dobot_msgs/srv/detail/set_ptp_common_params__rosidl_typesupport_fastrtps_c.h
[1.736s] -- Up-to-date symlink: /home/bbcontact/magician_ros2/install/dobot_msgs/include/dobot_msgs/dobot_msgs/srv/detail/suction_cup_control__rosidl_typesupport_fastrtps_c.h
[1.737s] -- Up-to-date symlink: /home/bbcontact/magician_ros2/install/dobot_msgs/include/dobot_msgs/dobot_msgs/action/detail/point_to_point__rosidl_typesupport_introspection_c.h
[1.737s] -- Up-to-date symlink: /home/bbcontact/magician_ros2/install/dobot_msgs/include/dobot_msgs/dobot_msgs/action/detail/sliding_rail__rosidl_typesupport_introspection_c.h
[1.738s] -- Up-to-date symlink: /home/bbcontact/magician_ros2/install/dobot_msgs/include/dobot_msgs/dobot_msgs/msg/detail/circle_target__rosidl_typesupport_introspection_c.h
[1.738s] -- Up-to-date symlink: /home/bbcontact/magician_ros2/install/dobot_msgs/include/dobot_msgs/dobot_msgs/msg/detail/circle_target_array__rosidl_typesupport_introspection_c.h
[1.739s] -- Up-to-date symlink: /home/bbcontact/magician_ros2/install/dobot_msgs/include/dobot_msgs/dobot_msgs/msg/detail/dobot_alarm_codes__rosidl_typesupport_introspection_c.h
[1.739s] -- Up-to-date symlink: /home/bbcontact/magician_ros2/install/dobot_msgs/include/dobot_msgs/dobot_msgs/msg/detail/gripper_status__rosidl_typesupport_introspection_c.h
[1.740s] -- Up-to-date symlink: /home/bbcontact/magician_ros2/install/dobot_msgs/include/dobot_msgs/dobot_msgs/msg/rosidl_typesupport_introspection_c__visibility_control.h
[1.740s] -- Up-to-date symlink: /home/bbcontact/magician_ros2/install/dobot_msgs/include/dobot_msgs/dobot_msgs/srv/detail/evaluate_ptp_trajectory__rosidl_typesupport_introspection_c.h
[1.740s] -- Up-to-date symlink: /home/bbcontact/magician_ros2/install/dobot_msgs/include/dobot_msgs/dobot_msgs/srv/detail/execute_homing_procedure__rosidl_typesupport_introspection_c.h
[1.741s] -- Up-to-date symlink: /home/bbcontact/magician_ros2/install/dobot_msgs/include/dobot_msgs/dobot_msgs/srv/detail/get_ptp_common_params__rosidl_typesupport_introspection_c.h
[1.741s] -- Up-to-date symlink: /home/bbcontact/magician_ros2/install/dobot_msgs/include/dobot_msgs/dobot_msgs/srv/detail/gripper_control__rosidl_typesupport_introspection_c.h
[1.742s] -- Up-to-date symlink: /home/bbcontact/magician_ros2/install/dobot_msgs/include/dobot_msgs/dobot_msgs/srv/detail/set_ptp_common_params__rosidl_typesupport_introspection_c.h
[1.742s] -- Up-to-date symlink: /home/bbcontact/magician_ros2/install/dobot_msgs/include/dobot_msgs/dobot_msgs/srv/detail/suction_cup_control__rosidl_typesupport_introspection_c.h
[1.743s] -- Up-to-date symlink: /home/bbcontact/magician_ros2/install/dobot_msgs/include/dobot_msgs/dobot_msgs/action/detail/point_to_point__builder.hpp
[1.743s] -- Up-to-date symlink: /home/bbcontact/magician_ros2/install/dobot_msgs/include/dobot_msgs/dobot_msgs/action/detail/point_to_point__struct.hpp
[1.743s] -- Up-to-date symlink: /home/bbcontact/magician_ros2/install/dobot_msgs/include/dobot_msgs/dobot_msgs/action/detail/point_to_point__traits.hpp
[1.744s] -- Up-to-date symlink: /home/bbcontact/magician_ros2/install/dobot_msgs/include/dobot_msgs/dobot_msgs/action/detail/point_to_point__type_support.hpp
[1.744s] -- Up-to-date symlink: /home/bbcontact/magician_ros2/install/dobot_msgs/include/dobot_msgs/dobot_msgs/action/detail/sliding_rail__builder.hpp
[1.745s] -- Up-to-date symlink: /home/bbcontact/magician_ros2/install/dobot_msgs/include/dobot_msgs/dobot_msgs/action/detail/sliding_rail__struct.hpp
[1.745s] -- Up-to-date symlink: /home/bbcontact/magician_ros2/install/dobot_msgs/include/dobot_msgs/dobot_msgs/action/detail/sliding_rail__traits.hpp
[1.745s] -- Up-to-date symlink: /home/bbcontact/magician_ros2/install/dobot_msgs/include/dobot_msgs/dobot_msgs/action/detail/sliding_rail__type_support.hpp
[1.746s] -- Up-to-date symlink: /home/bbcontact/magician_ros2/install/dobot_msgs/include/dobot_msgs/dobot_msgs/action/point_to_point.hpp
[1.746s] -- Up-to-date symlink: /home/bbcontact/magician_ros2/install/dobot_msgs/include/dobot_msgs/dobot_msgs/action/sliding_rail.hpp
[1.747s] -- Up-to-date symlink: /home/bbcontact/magician_ros2/install/dobot_msgs/include/dobot_msgs/dobot_msgs/msg/circle_target.hpp
[1.747s] -- Up-to-date symlink: /home/bbcontact/magician_ros2/install/dobot_msgs/include/dobot_msgs/dobot_msgs/msg/circle_target_array.hpp
[1.748s] -- Up-to-date symlink: /home/bbcontact/magician_ros2/install/dobot_msgs/include/dobot_msgs/dobot_msgs/msg/detail/circle_target__builder.hpp
[1.749s] -- Up-to-date symlink: /home/bbcontact/magician_ros2/install/dobot_msgs/include/dobot_msgs/dobot_msgs/msg/detail/circle_target__struct.hpp
[1.750s] -- Up-to-date symlink: /home/bbcontact/magician_ros2/install/dobot_msgs/include/dobot_msgs/dobot_msgs/msg/detail/circle_target__traits.hpp
[1.750s] -- Up-to-date symlink: /home/bbcontact/magician_ros2/install/dobot_msgs/include/dobot_msgs/dobot_msgs/msg/detail/circle_target__type_support.hpp
[1.751s] -- Up-to-date symlink: /home/bbcontact/magician_ros2/install/dobot_msgs/include/dobot_msgs/dobot_msgs/msg/detail/circle_target_array__builder.hpp
[1.751s] -- Up-to-date symlink: /home/bbcontact/magician_ros2/install/dobot_msgs/include/dobot_msgs/dobot_msgs/msg/detail/circle_target_array__struct.hpp
[1.751s] -- Up-to-date symlink: /home/bbcontact/magician_ros2/install/dobot_msgs/include/dobot_msgs/dobot_msgs/msg/detail/circle_target_array__traits.hpp
[1.752s] -- Up-to-date symlink: /home/bbcontact/magician_ros2/install/dobot_msgs/include/dobot_msgs/dobot_msgs/msg/detail/circle_target_array__type_support.hpp
[1.752s] -- Up-to-date symlink: /home/bbcontact/magician_ros2/install/dobot_msgs/include/dobot_msgs/dobot_msgs/msg/detail/dobot_alarm_codes__builder.hpp
[1.752s] -- Up-to-date symlink: /home/bbcontact/magician_ros2/install/dobot_msgs/include/dobot_msgs/dobot_msgs/msg/detail/dobot_alarm_codes__struct.hpp
[1.753s] -- Up-to-date symlink: /home/bbcontact/magician_ros2/install/dobot_msgs/include/dobot_msgs/dobot_msgs/msg/detail/dobot_alarm_codes__traits.hpp
[1.754s] -- Up-to-date symlink: /home/bbcontact/magician_ros2/install/dobot_msgs/include/dobot_msgs/dobot_msgs/msg/detail/dobot_alarm_codes__type_support.hpp
[1.754s] -- Up-to-date symlink: /home/bbcontact/magician_ros2/install/dobot_msgs/include/dobot_msgs/dobot_msgs/msg/detail/gripper_status__builder.hpp
[1.754s] -- Up-to-date symlink: /home/bbcontact/magician_ros2/install/dobot_msgs/include/dobot_msgs/dobot_msgs/msg/detail/gripper_status__struct.hpp
[1.755s] -- Up-to-date symlink: /home/bbcontact/magician_ros2/install/dobot_msgs/include/dobot_msgs/dobot_msgs/msg/detail/gripper_status__traits.hpp
[1.756s] -- Up-to-date symlink: /home/bbcontact/magician_ros2/install/dobot_msgs/include/dobot_msgs/dobot_msgs/msg/detail/gripper_status__type_support.hpp
[1.756s] -- Up-to-date symlink: /home/bbcontact/magician_ros2/install/dobot_msgs/include/dobot_msgs/dobot_msgs/msg/dobot_alarm_codes.hpp
[1.757s] -- Up-to-date symlink: /home/bbcontact/magician_ros2/install/dobot_msgs/include/dobot_msgs/dobot_msgs/msg/gripper_status.hpp
[1.757s] -- Up-to-date symlink: /home/bbcontact/magician_ros2/install/dobot_msgs/include/dobot_msgs/dobot_msgs/msg/rosidl_generator_cpp__visibility_control.hpp
[1.758s] -- Up-to-date symlink: /home/bbcontact/magician_ros2/install/dobot_msgs/include/dobot_msgs/dobot_msgs/srv/detail/evaluate_ptp_trajectory__builder.hpp
[1.758s] -- Up-to-date symlink: /home/bbcontact/magician_ros2/install/dobot_msgs/include/dobot_msgs/dobot_msgs/srv/detail/evaluate_ptp_trajectory__struct.hpp
[1.759s] -- Up-to-date symlink: /home/bbcontact/magician_ros2/install/dobot_msgs/include/dobot_msgs/dobot_msgs/srv/detail/evaluate_ptp_trajectory__traits.hpp
[1.759s] -- Up-to-date symlink: /home/bbcontact/magician_ros2/install/dobot_msgs/include/dobot_msgs/dobot_msgs/srv/detail/evaluate_ptp_trajectory__type_support.hpp
[1.760s] -- Up-to-date symlink: /home/bbcontact/magician_ros2/install/dobot_msgs/include/dobot_msgs/dobot_msgs/srv/detail/execute_homing_procedure__builder.hpp
[1.760s] -- Up-to-date symlink: /home/bbcontact/magician_ros2/install/dobot_msgs/include/dobot_msgs/dobot_msgs/srv/detail/execute_homing_procedure__struct.hpp
[1.761s] -- Up-to-date symlink: /home/bbcontact/magician_ros2/install/dobot_msgs/include/dobot_msgs/dobot_msgs/srv/detail/execute_homing_procedure__traits.hpp
[1.761s] -- Up-to-date symlink: /home/bbcontact/magician_ros2/install/dobot_msgs/include/dobot_msgs/dobot_msgs/srv/detail/execute_homing_procedure__type_support.hpp
[1.761s] -- Up-to-date symlink: /home/bbcontact/magician_ros2/install/dobot_msgs/include/dobot_msgs/dobot_msgs/srv/detail/get_ptp_common_params__builder.hpp
[1.761s] -- Up-to-date symlink: /home/bbcontact/magician_ros2/install/dobot_msgs/include/dobot_msgs/dobot_msgs/srv/detail/get_ptp_common_params__struct.hpp
[1.762s] -- Up-to-date symlink: /home/bbcontact/magician_ros2/install/dobot_msgs/include/dobot_msgs/dobot_msgs/srv/detail/get_ptp_common_params__traits.hpp
[1.762s] -- Up-to-date symlink: /home/bbcontact/magician_ros2/install/dobot_msgs/include/dobot_msgs/dobot_msgs/srv/detail/get_ptp_common_params__type_support.hpp
[1.762s] -- Up-to-date symlink: /home/bbcontact/magician_ros2/install/dobot_msgs/include/dobot_msgs/dobot_msgs/srv/detail/gripper_control__builder.hpp
[1.763s] -- Up-to-date symlink: /home/bbcontact/magician_ros2/install/dobot_msgs/include/dobot_msgs/dobot_msgs/srv/detail/gripper_control__struct.hpp
[1.763s] -- Up-to-date symlink: /home/bbcontact/magician_ros2/install/dobot_msgs/include/dobot_msgs/dobot_msgs/srv/detail/gripper_control__traits.hpp
[1.763s] -- Up-to-date symlink: /home/bbcontact/magician_ros2/install/dobot_msgs/include/dobot_msgs/dobot_msgs/srv/detail/gripper_control__type_support.hpp
[1.763s] -- Up-to-date symlink: /home/bbcontact/magician_ros2/install/dobot_msgs/include/dobot_msgs/dobot_msgs/srv/detail/set_ptp_common_params__builder.hpp
[1.763s] -- Up-to-date symlink: /home/bbcontact/magician_ros2/install/dobot_msgs/include/dobot_msgs/dobot_msgs/srv/detail/set_ptp_common_params__struct.hpp
[1.764s] -- Up-to-date symlink: /home/bbcontact/magician_ros2/install/dobot_msgs/include/dobot_msgs/dobot_msgs/srv/detail/set_ptp_common_params__traits.hpp
[1.764s] -- Up-to-date symlink: /home/bbcontact/magician_ros2/install/dobot_msgs/include/dobot_msgs/dobot_msgs/srv/detail/set_ptp_common_params__type_support.hpp
[1.764s] -- Up-to-date symlink: /home/bbcontact/magician_ros2/install/dobot_msgs/include/dobot_msgs/dobot_msgs/srv/detail/suction_cup_control__builder.hpp
[1.764s] -- Up-to-date symlink: /home/bbcontact/magician_ros2/install/dobot_msgs/include/dobot_msgs/dobot_msgs/srv/detail/suction_cup_control__struct.hpp
[1.765s] -- Up-to-date symlink: /home/bbcontact/magician_ros2/install/dobot_msgs/include/dobot_msgs/dobot_msgs/srv/detail/suction_cup_control__traits.hpp
[1.765s] -- Up-to-date symlink: /home/bbcontact/magician_ros2/install/dobot_msgs/include/dobot_msgs/dobot_msgs/srv/detail/suction_cup_control__type_support.hpp
[1.766s] -- Up-to-date symlink: /home/bbcontact/magician_ros2/install/dobot_msgs/include/dobot_msgs/dobot_msgs/srv/evaluate_ptp_trajectory.hpp
[1.766s] -- Up-to-date symlink: /home/bbcontact/magician_ros2/install/dobot_msgs/include/dobot_msgs/dobot_msgs/srv/execute_homing_procedure.hpp
[1.766s] -- Up-to-date symlink: /home/bbcontact/magician_ros2/install/dobot_msgs/include/dobot_msgs/dobot_msgs/srv/get_ptp_common_params.hpp
[1.766s] -- Up-to-date symlink: /home/bbcontact/magician_ros2/install/dobot_msgs/include/dobot_msgs/dobot_msgs/srv/gripper_control.hpp
[1.767s] -- Up-to-date symlink: /home/bbcontact/magician_ros2/install/dobot_msgs/include/dobot_msgs/dobot_msgs/srv/set_ptp_common_params.hpp
[1.767s] -- Up-to-date symlink: /home/bbcontact/magician_ros2/install/dobot_msgs/include/dobot_msgs/dobot_msgs/srv/suction_cup_control.hpp
[1.768s] -- Up-to-date symlink: /home/bbcontact/magician_ros2/install/dobot_msgs/include/dobot_msgs/dobot_msgs/action/detail/point_to_point__rosidl_typesupport_fastrtps_cpp.hpp
[1.769s] -- Up-to-date symlink: /home/bbcontact/magician_ros2/install/dobot_msgs/include/dobot_msgs/dobot_msgs/action/detail/sliding_rail__rosidl_typesupport_fastrtps_cpp.hpp
[1.769s] -- Up-to-date symlink: /home/bbcontact/magician_ros2/install/dobot_msgs/include/dobot_msgs/dobot_msgs/msg/detail/circle_target__rosidl_typesupport_fastrtps_cpp.hpp
[1.770s] -- Up-to-date symlink: /home/bbcontact/magician_ros2/install/dobot_msgs/include/dobot_msgs/dobot_msgs/msg/detail/circle_target_array__rosidl_typesupport_fastrtps_cpp.hpp
[1.770s] -- Up-to-date symlink: /home/bbcontact/magician_ros2/install/dobot_msgs/include/dobot_msgs/dobot_msgs/msg/detail/dobot_alarm_codes__rosidl_typesupport_fastrtps_cpp.hpp
[1.771s] -- Up-to-date symlink: /home/bbcontact/magician_ros2/install/dobot_msgs/include/dobot_msgs/dobot_msgs/msg/detail/gripper_status__rosidl_typesupport_fastrtps_cpp.hpp
[1.771s] -- Up-to-date symlink: /home/bbcontact/magician_ros2/install/dobot_msgs/include/dobot_msgs/dobot_msgs/msg/rosidl_typesupport_fastrtps_cpp__visibility_control.h
[1.772s] -- Up-to-date symlink: /home/bbcontact/magician_ros2/install/dobot_msgs/include/dobot_msgs/dobot_msgs/srv/detail/evaluate_ptp_trajectory__rosidl_typesupport_fastrtps_cpp.hpp
[1.772s] -- Up-to-date symlink: /home/bbcontact/magician_ros2/install/dobot_msgs/include/dobot_msgs/dobot_msgs/srv/detail/execute_homing_procedure__rosidl_typesupport_fastrtps_cpp.hpp
[1.772s] -- Up-to-date symlink: /home/bbcontact/magician_ros2/install/dobot_msgs/include/dobot_msgs/dobot_msgs/srv/detail/get_ptp_common_params__rosidl_typesupport_fastrtps_cpp.hpp
[1.773s] -- Up-to-date symlink: /home/bbcontact/magician_ros2/install/dobot_msgs/include/dobot_msgs/dobot_msgs/srv/detail/gripper_control__rosidl_typesupport_fastrtps_cpp.hpp
[1.773s] -- Up-to-date symlink: /home/bbcontact/magician_ros2/install/dobot_msgs/include/dobot_msgs/dobot_msgs/srv/detail/set_ptp_common_params__rosidl_typesupport_fastrtps_cpp.hpp
[1.774s] -- Up-to-date symlink: /home/bbcontact/magician_ros2/install/dobot_msgs/include/dobot_msgs/dobot_msgs/srv/detail/suction_cup_control__rosidl_typesupport_fastrtps_cpp.hpp
[1.775s] -- Up-to-date symlink: /home/bbcontact/magician_ros2/install/dobot_msgs/include/dobot_msgs/dobot_msgs/action/detail/point_to_point__rosidl_typesupport_introspection_cpp.hpp
[1.775s] -- Up-to-date symlink: /home/bbcontact/magician_ros2/install/dobot_msgs/include/dobot_msgs/dobot_msgs/action/detail/sliding_rail__rosidl_typesupport_introspection_cpp.hpp
[1.776s] -- Up-to-date symlink: /home/bbcontact/magician_ros2/install/dobot_msgs/include/dobot_msgs/dobot_msgs/msg/detail/circle_target__rosidl_typesupport_introspection_cpp.hpp
[1.776s] -- Up-to-date symlink: /home/bbcontact/magician_ros2/install/dobot_msgs/include/dobot_msgs/dobot_msgs/msg/detail/circle_target_array__rosidl_typesupport_introspection_cpp.hpp
[1.777s] -- Up-to-date symlink: /home/bbcontact/magician_ros2/install/dobot_msgs/include/dobot_msgs/dobot_msgs/msg/detail/dobot_alarm_codes__rosidl_typesupport_introspection_cpp.hpp
[1.777s] -- Up-to-date symlink: /home/bbcontact/magician_ros2/install/dobot_msgs/include/dobot_msgs/dobot_msgs/msg/detail/gripper_status__rosidl_typesupport_introspection_cpp.hpp
[1.778s] -- Up-to-date symlink: /home/bbcontact/magician_ros2/install/dobot_msgs/include/dobot_msgs/dobot_msgs/srv/detail/evaluate_ptp_trajectory__rosidl_typesupport_introspection_cpp.hpp
[1.778s] -- Up-to-date symlink: /home/bbcontact/magician_ros2/install/dobot_msgs/include/dobot_msgs/dobot_msgs/srv/detail/execute_homing_procedure__rosidl_typesupport_introspection_cpp.hpp
[1.778s] -- Up-to-date symlink: /home/bbcontact/magician_ros2/install/dobot_msgs/include/dobot_msgs/dobot_msgs/srv/detail/get_ptp_common_params__rosidl_typesupport_introspection_cpp.hpp
[1.778s] -- Up-to-date symlink: /home/bbcontact/magician_ros2/install/dobot_msgs/include/dobot_msgs/dobot_msgs/srv/detail/gripper_control__rosidl_typesupport_introspection_cpp.hpp
[1.779s] -- Up-to-date symlink: /home/bbcontact/magician_ros2/install/dobot_msgs/include/dobot_msgs/dobot_msgs/srv/detail/set_ptp_common_params__rosidl_typesupport_introspection_cpp.hpp
[1.779s] -- Up-to-date symlink: /home/bbcontact/magician_ros2/install/dobot_msgs/include/dobot_msgs/dobot_msgs/srv/detail/suction_cup_control__rosidl_typesupport_introspection_cpp.hpp
[1.779s] -- Up-to-date symlink: /home/bbcontact/magician_ros2/install/dobot_msgs/share/dobot_msgs/environment/pythonpath.sh
[1.779s] -- Up-to-date symlink: /home/bbcontact/magician_ros2/install/dobot_msgs/share/dobot_msgs/environment/pythonpath.dsv
[1.780s] -- Up-to-date symlink: /home/bbcontact/magician_ros2/install/dobot_msgs/lib/python3.12/site-packages/dobot_msgs-1.0.0-py3.12.egg-info/PKG-INFO
[1.780s] -- Up-to-date symlink: /home/bbcontact/magician_ros2/install/dobot_msgs/lib/python3.12/site-packages/dobot_msgs-1.0.0-py3.12.egg-info/SOURCES.txt
[1.780s] -- Up-to-date symlink: /home/bbcontact/magician_ros2/install/dobot_msgs/lib/python3.12/site-packages/dobot_msgs-1.0.0-py3.12.egg-info/dependency_links.txt
[1.781s] -- Up-to-date symlink: /home/bbcontact/magician_ros2/install/dobot_msgs/lib/python3.12/site-packages/dobot_msgs-1.0.0-py3.12.egg-info/top_level.txt
[1.783s] -- Up-to-date symlink: /home/bbcontact/magician_ros2/install/dobot_msgs/lib/python3.12/site-packages/dobot_msgs/__init__.py
[1.783s] -- Up-to-date symlink: /home/bbcontact/magician_ros2/install/dobot_msgs/lib/python3.12/site-packages/dobot_msgs/_dobot_msgs_s.ep.rosidl_typesupport_c.c
[1.783s] -- Up-to-date symlink: /home/bbcontact/magician_ros2/install/dobot_msgs/lib/python3.12/site-packages/dobot_msgs/_dobot_msgs_s.ep.rosidl_typesupport_fastrtps_c.c
[1.784s] -- Up-to-date symlink: /home/bbcontact/magician_ros2/install/dobot_msgs/lib/python3.12/site-packages/dobot_msgs/_dobot_msgs_s.ep.rosidl_typesupport_introspection_c.c
[1.784s] -- Up-to-date symlink: /home/bbcontact/magician_ros2/install/dobot_msgs/lib/python3.12/site-packages/dobot_msgs/action/__init__.py
[1.784s] -- Up-to-date symlink: /home/bbcontact/magician_ros2/install/dobot_msgs/lib/python3.12/site-packages/dobot_msgs/action/_point_to_point.py
[1.785s] -- Up-to-date symlink: /home/bbcontact/magician_ros2/install/dobot_msgs/lib/python3.12/site-packages/dobot_msgs/action/_point_to_point_s.c
[1.786s] -- Up-to-date symlink: /home/bbcontact/magician_ros2/install/dobot_msgs/lib/python3.12/site-packages/dobot_msgs/action/_sliding_rail.py
[1.786s] -- Up-to-date symlink: /home/bbcontact/magician_ros2/install/dobot_msgs/lib/python3.12/site-packages/dobot_msgs/action/_sliding_rail_s.c
[1.786s] -- Up-to-date symlink: /home/bbcontact/magician_ros2/install/dobot_msgs/lib/python3.12/site-packages/dobot_msgs/dobot_msgs_s__rosidl_typesupport_c.so
[1.787s] -- Up-to-date symlink: /home/bbcontact/magician_ros2/install/dobot_msgs/lib/python3.12/site-packages/dobot_msgs/dobot_msgs_s__rosidl_typesupport_fastrtps_c.so
[1.787s] -- Up-to-date symlink: /home/bbcontact/magician_ros2/install/dobot_msgs/lib/python3.12/site-packages/dobot_msgs/dobot_msgs_s__rosidl_typesupport_introspection_c.so
[1.787s] -- Up-to-date symlink: /home/bbcontact/magician_ros2/install/dobot_msgs/lib/python3.12/site-packages/dobot_msgs/msg/__init__.py
[1.788s] -- Up-to-date symlink: /home/bbcontact/magician_ros2/install/dobot_msgs/lib/python3.12/site-packages/dobot_msgs/msg/_circle_target.py
[1.788s] -- Up-to-date symlink: /home/bbcontact/magician_ros2/install/dobot_msgs/lib/python3.12/site-packages/dobot_msgs/msg/_circle_target_array.py
[1.789s] -- Up-to-date symlink: /home/bbcontact/magician_ros2/install/dobot_msgs/lib/python3.12/site-packages/dobot_msgs/msg/_circle_target_array_s.c
[1.789s] -- Up-to-date symlink: /home/bbcontact/magician_ros2/install/dobot_msgs/lib/python3.12/site-packages/dobot_msgs/msg/_circle_target_s.c
[1.790s] -- Up-to-date symlink: /home/bbcontact/magician_ros2/install/dobot_msgs/lib/python3.12/site-packages/dobot_msgs/msg/_dobot_alarm_codes.py
[1.790s] -- Up-to-date symlink: /home/bbcontact/magician_ros2/install/dobot_msgs/lib/python3.12/site-packages/dobot_msgs/msg/_dobot_alarm_codes_s.c
[1.790s] -- Up-to-date symlink: /home/bbcontact/magician_ros2/install/dobot_msgs/lib/python3.12/site-packages/dobot_msgs/msg/_gripper_status.py
[1.790s] -- Up-to-date symlink: /home/bbcontact/magician_ros2/install/dobot_msgs/lib/python3.12/site-packages/dobot_msgs/msg/_gripper_status_s.c
[1.791s] -- Up-to-date symlink: /home/bbcontact/magician_ros2/install/dobot_msgs/lib/python3.12/site-packages/dobot_msgs/srv/__init__.py
[1.791s] -- Up-to-date symlink: /home/bbcontact/magician_ros2/install/dobot_msgs/lib/python3.12/site-packages/dobot_msgs/srv/_evaluate_ptp_trajectory.py
[1.792s] -- Up-to-date symlink: /home/bbcontact/magician_ros2/install/dobot_msgs/lib/python3.12/site-packages/dobot_msgs/srv/_evaluate_ptp_trajectory_s.c
[1.793s] -- Up-to-date symlink: /home/bbcontact/magician_ros2/install/dobot_msgs/lib/python3.12/site-packages/dobot_msgs/srv/_execute_homing_procedure.py
[1.793s] -- Up-to-date symlink: /home/bbcontact/magician_ros2/install/dobot_msgs/lib/python3.12/site-packages/dobot_msgs/srv/_execute_homing_procedure_s.c
[1.793s] -- Up-to-date symlink: /home/bbcontact/magician_ros2/install/dobot_msgs/lib/python3.12/site-packages/dobot_msgs/srv/_get_ptp_common_params.py
[1.794s] -- Up-to-date symlink: /home/bbcontact/magician_ros2/install/dobot_msgs/lib/python3.12/site-packages/dobot_msgs/srv/_get_ptp_common_params_s.c
[1.794s] -- Up-to-date symlink: /home/bbcontact/magician_ros2/install/dobot_msgs/lib/python3.12/site-packages/dobot_msgs/srv/_gripper_control.py
[1.794s] -- Up-to-date symlink: /home/bbcontact/magician_ros2/install/dobot_msgs/lib/python3.12/site-packages/dobot_msgs/srv/_gripper_control_s.c
[1.795s] -- Up-to-date symlink: /home/bbcontact/magician_ros2/install/dobot_msgs/lib/python3.12/site-packages/dobot_msgs/srv/_set_ptp_common_params.py
[1.795s] -- Up-to-date symlink: /home/bbcontact/magician_ros2/install/dobot_msgs/lib/python3.12/site-packages/dobot_msgs/srv/_set_ptp_common_params_s.c
[1.797s] -- Up-to-date symlink: /home/bbcontact/magician_ros2/install/dobot_msgs/lib/python3.12/site-packages/dobot_msgs/srv/_suction_cup_control.py
[1.798s] -- Up-to-date symlink: /home/bbcontact/magician_ros2/install/dobot_msgs/lib/python3.12/site-packages/dobot_msgs/srv/_suction_cup_control_s.c
[1.798s] -- Up-to-date symlink: /home/bbcontact/magician_ros2/install/dobot_msgs/lib/python3.12/site-packages/dobot_msgs/dobot_msgs_s__rosidl_typesupport_fastrtps_c.so
[1.798s] -- Up-to-date symlink: /home/bbcontact/magician_ros2/install/dobot_msgs/lib/python3.12/site-packages/dobot_msgs/dobot_msgs_s__rosidl_typesupport_introspection_c.so
[1.798s] -- Up-to-date symlink: /home/bbcontact/magician_ros2/install/dobot_msgs/lib/python3.12/site-packages/dobot_msgs/dobot_msgs_s__rosidl_typesupport_c.so
[1.799s] -- Up-to-date symlink: /home/bbcontact/magician_ros2/install/dobot_msgs/share/dobot_msgs/rust/Cargo.toml
[1.799s] -- Up-to-date symlink: /home/bbcontact/magician_ros2/install/dobot_msgs/share/dobot_msgs/rust/build.rs
[1.799s] -- Up-to-date symlink: /home/bbcontact/magician_ros2/install/dobot_msgs/share/dobot_msgs/rust/src/action.rs
[1.800s] -- Up-to-date symlink: /home/bbcontact/magician_ros2/install/dobot_msgs/share/dobot_msgs/rust/src/action/rmw.rs
[1.800s] -- Up-to-date symlink: /home/bbcontact/magician_ros2/install/dobot_msgs/share/dobot_msgs/rust/src/lib.rs
[1.800s] -- Up-to-date symlink: /home/bbcontact/magician_ros2/install/dobot_msgs/share/dobot_msgs/rust/src/msg.rs
[1.801s] -- Up-to-date symlink: /home/bbcontact/magician_ros2/install/dobot_msgs/share/dobot_msgs/rust/src/msg/rmw.rs
[1.801s] -- Up-to-date symlink: /home/bbcontact/magician_ros2/install/dobot_msgs/share/dobot_msgs/rust/src/srv.rs
[1.801s] -- Up-to-date symlink: /home/bbcontact/magician_ros2/install/dobot_msgs/share/dobot_msgs/rust/src/srv/rmw.rs
[1.801s] -- Up-to-date symlink: /home/bbcontact/magician_ros2/install/dobot_msgs/share/dobot_msgs/action/PointToPoint.idl
[1.802s] -- Up-to-date symlink: /home/bbcontact/magician_ros2/install/dobot_msgs/share/dobot_msgs/action/SlidingRail.idl
[1.802s] -- Up-to-date symlink: /home/bbcontact/magician_ros2/install/dobot_msgs/share/dobot_msgs/msg/DobotAlarmCodes.idl
[1.802s] -- Up-to-date symlink: /home/bbcontact/magician_ros2/install/dobot_msgs/share/dobot_msgs/msg/GripperStatus.idl
[1.802s] -- Up-to-date symlink: /home/bbcontact/magician_ros2/install/dobot_msgs/share/dobot_msgs/msg/CircleTarget.idl
[1.803s] -- Up-to-date symlink: /home/bbcontact/magician_ros2/install/dobot_msgs/share/dobot_msgs/msg/CircleTargetArray.idl
[1.803s] -- Up-to-date symlink: /home/bbcontact/magician_ros2/install/dobot_msgs/share/dobot_msgs/srv/EvaluatePTPTrajectory.idl
[1.804s] -- Up-to-date symlink: /home/bbcontact/magician_ros2/install/dobot_msgs/share/dobot_msgs/srv/ExecuteHomingProcedure.idl
[1.804s] -- Up-to-date symlink: /home/bbcontact/magician_ros2/install/dobot_msgs/share/dobot_msgs/srv/GripperControl.idl
[1.805s] -- Up-to-date symlink: /home/bbcontact/magician_ros2/install/dobot_msgs/share/dobot_msgs/srv/SuctionCupControl.idl
[1.806s] -- Up-to-date symlink: /home/bbcontact/magician_ros2/install/dobot_msgs/share/dobot_msgs/srv/GetPTPCommonParams.idl
[1.806s] -- Up-to-date symlink: /home/bbcontact/magician_ros2/install/dobot_msgs/share/dobot_msgs/srv/SetPTPCommonParams.idl
[1.806s] -- Up-to-date symlink: /home/bbcontact/magician_ros2/install/dobot_msgs/share/dobot_msgs/action/PointToPoint.action
[1.807s] -- Up-to-date symlink: /home/bbcontact/magician_ros2/install/dobot_msgs/share/dobot_msgs/action/SlidingRail.action
[1.807s] -- Up-to-date symlink: /home/bbcontact/magician_ros2/install/dobot_msgs/share/dobot_msgs/msg/DobotAlarmCodes.msg
[1.808s] -- Up-to-date symlink: /home/bbcontact/magician_ros2/install/dobot_msgs/share/dobot_msgs/msg/GripperStatus.msg
[1.809s] -- Up-to-date symlink: /home/bbcontact/magician_ros2/install/dobot_msgs/share/dobot_msgs/msg/CircleTarget.msg
[1.809s] -- Up-to-date symlink: /home/bbcontact/magician_ros2/install/dobot_msgs/share/dobot_msgs/msg/CircleTargetArray.msg
[1.809s] -- Up-to-date symlink: /home/bbcontact/magician_ros2/install/dobot_msgs/share/dobot_msgs/srv/EvaluatePTPTrajectory.srv
[1.810s] -- Up-to-date symlink: /home/bbcontact/magician_ros2/install/dobot_msgs/share/dobot_msgs/srv/ExecuteHomingProcedure.srv
[1.811s] -- Up-to-date symlink: /home/bbcontact/magician_ros2/install/dobot_msgs/share/dobot_msgs/srv/GripperControl.srv
[1.811s] -- Up-to-date symlink: /home/bbcontact/magician_ros2/install/dobot_msgs/share/dobot_msgs/srv/SuctionCupControl.srv
[1.812s] -- Up-to-date symlink: /home/bbcontact/magician_ros2/install/dobot_msgs/share/dobot_msgs/srv/GetPTPCommonParams.srv
[1.812s] -- Up-to-date symlink: /home/bbcontact/magician_ros2/install/dobot_msgs/share/dobot_msgs/srv/SetPTPCommonParams.srv
[1.813s] -- Up-to-date symlink: /home/bbcontact/magician_ros2/install/dobot_msgs/share/ament_index/resource_index/package_run_dependencies/dobot_msgs
[1.814s] -- Up-to-date symlink: /home/bbcontact/magician_ros2/install/dobot_msgs/share/ament_index/resource_index/parent_prefix_path/dobot_msgs
[1.814s] -- Up-to-date symlink: /home/bbcontact/magician_ros2/install/dobot_msgs/share/dobot_msgs/environment/ament_prefix_path.sh
[1.815s] -- Up-to-date symlink: /home/bbcontact/magician_ros2/install/dobot_msgs/share/dobot_msgs/environment/ament_prefix_path.dsv
[1.815s] -- Up-to-date symlink: /home/bbcontact/magician_ros2/install/dobot_msgs/share/dobot_msgs/environment/path.sh
[1.816s] -- Up-to-date symlink: /home/bbcontact/magician_ros2/install/dobot_msgs/share/dobot_msgs/environment/path.dsv
[1.816s] -- Up-to-date symlink: /home/bbcontact/magician_ros2/install/dobot_msgs/share/dobot_msgs/local_setup.bash
[1.817s] -- Up-to-date symlink: /home/bbcontact/magician_ros2/install/dobot_msgs/share/dobot_msgs/local_setup.sh
[1.818s] -- Up-to-date symlink: /home/bbcontact/magician_ros2/install/dobot_msgs/share/dobot_msgs/local_setup.zsh
[1.818s] -- Up-to-date symlink: /home/bbcontact/magician_ros2/install/dobot_msgs/share/dobot_msgs/local_setup.dsv
[1.819s] -- Symlinking: /home/bbcontact/magician_ros2/install/dobot_msgs/share/dobot_msgs/package.dsv
[1.846s] -- Up-to-date symlink: /home/bbcontact/magician_ros2/install/dobot_msgs/share/ament_index/resource_index/packages/dobot_msgs
[1.846s] -- Up-to-date symlink: /home/bbcontact/magician_ros2/install/dobot_msgs/share/dobot_msgs/cmake/rosidl_cmake-extras.cmake
[1.846s] -- Up-to-date symlink: /home/bbcontact/magician_ros2/install/dobot_msgs/share/dobot_msgs/cmake/ament_cmake_export_dependencies-extras.cmake
[1.847s] -- Up-to-date symlink: /home/bbcontact/magician_ros2/install/dobot_msgs/share/dobot_msgs/cmake/ament_cmake_export_include_directories-extras.cmake
[1.848s] -- Up-to-date symlink: /home/bbcontact/magician_ros2/install/dobot_msgs/share/dobot_msgs/cmake/ament_cmake_export_libraries-extras.cmake
[1.848s] -- Up-to-date symlink: /home/bbcontact/magician_ros2/install/dobot_msgs/share/dobot_msgs/cmake/ament_cmake_export_targets-extras.cmake
[1.849s] -- Up-to-date symlink: /home/bbcontact/magician_ros2/install/dobot_msgs/share/dobot_msgs/cmake/rosidl_cmake_export_typesupport_targets-extras.cmake
[1.849s] -- Up-to-date symlink: /home/bbcontact/magician_ros2/install/dobot_msgs/share/dobot_msgs/cmake/rosidl_cmake_export_typesupport_libraries-extras.cmake
[1.850s] -- Up-to-date symlink: /home/bbcontact/magician_ros2/install/dobot_msgs/share/dobot_msgs/cmake/rosidl_cmake_aggregate_target-extras.cmake
[1.851s] -- Up-to-date symlink: /home/bbcontact/magician_ros2/install/dobot_msgs/share/dobot_msgs/cmake/dobot_msgsConfig.cmake
[1.851s] -- Up-to-date symlink: /home/bbcontact/magician_ros2/install/dobot_msgs/share/dobot_msgs/cmake/dobot_msgsConfig-version.cmake
[1.852s] -- Up-to-date symlink: /home/bbcontact/magician_ros2/install/dobot_msgs/share/dobot_msgs/package.xml
[1.853s] -- Up-to-date: /home/bbcontact/magician_ros2/install/dobot_msgs/lib/libdobot_msgs__rosidl_generator_c.so
[1.854s] -- Up-to-date: /home/bbcontact/magician_ros2/install/dobot_msgs/lib/libdobot_msgs__rosidl_typesupport_fastrtps_c.so
[1.854s] -- Up-to-date: /home/bbcontact/magician_ros2/install/dobot_msgs/lib/libdobot_msgs__rosidl_typesupport_introspection_c.so
[1.855s] -- Up-to-date: /home/bbcontact/magician_ros2/install/dobot_msgs/lib/libdobot_msgs__rosidl_typesupport_c.so
[1.855s] -- Up-to-date: /home/bbcontact/magician_ros2/install/dobot_msgs/lib/libdobot_msgs__rosidl_typesupport_fastrtps_cpp.so
[1.856s] -- Up-to-date: /home/bbcontact/magician_ros2/install/dobot_msgs/lib/libdobot_msgs__rosidl_typesupport_introspection_cpp.so
[1.857s] -- Up-to-date: /home/bbcontact/magician_ros2/install/dobot_msgs/lib/libdobot_msgs__rosidl_typesupport_cpp.so
[1.941s] Listing '/home/bbcontact/magician_ros2/install/dobot_msgs/lib/python3.12/site-packages/dobot_msgs'...
[1.941s] Listing '/home/bbcontact/magician_ros2/install/dobot_msgs/lib/python3.12/site-packages/dobot_msgs/action'...
[1.942s] Listing '/home/bbcontact/magician_ros2/install/dobot_msgs/lib/python3.12/site-packages/dobot_msgs/msg'...
[1.942s] Listing '/home/bbcontact/magician_ros2/install/dobot_msgs/lib/python3.12/site-packages/dobot_msgs/srv'...
[1.957s] -- Up-to-date: /home/bbcontact/magician_ros2/install/dobot_msgs/lib/libdobot_msgs__rosidl_generator_py.so
[1.957s] -- Up-to-date: /home/bbcontact/magician_ros2/install/dobot_msgs/share/dobot_msgs/cmake/export_dobot_msgs__rosidl_generator_cExport.cmake
[1.958s] -- Up-to-date: /home/bbcontact/magician_ros2/install/dobot_msgs/share/dobot_msgs/cmake/export_dobot_msgs__rosidl_generator_cExport-noconfig.cmake
[1.958s] -- Up-to-date: /home/bbcontact/magician_ros2/install/dobot_msgs/share/dobot_msgs/cmake/export_dobot_msgs__rosidl_typesupport_fastrtps_cExport.cmake
[1.959s] -- Up-to-date: /home/bbcontact/magician_ros2/install/dobot_msgs/share/dobot_msgs/cmake/export_dobot_msgs__rosidl_typesupport_fastrtps_cExport-noconfig.cmake
[1.959s] -- Up-to-date: /home/bbcontact/magician_ros2/install/dobot_msgs/share/dobot_msgs/cmake/dobot_msgs__rosidl_typesupport_introspection_cExport.cmake
[1.959s] -- Up-to-date: /home/bbcontact/magician_ros2/install/dobot_msgs/share/dobot_msgs/cmake/dobot_msgs__rosidl_typesupport_introspection_cExport-noconfig.cmake
[1.960s] -- Up-to-date: /home/bbcontact/magician_ros2/install/dobot_msgs/share/dobot_msgs/cmake/dobot_msgs__rosidl_typesupport_cExport.cmake
[1.960s] -- Up-to-date: /home/bbcontact/magician_ros2/install/dobot_msgs/share/dobot_msgs/cmake/dobot_msgs__rosidl_typesupport_cExport-noconfig.cmake
[1.960s] -- Up-to-date: /home/bbcontact/magician_ros2/install/dobot_msgs/share/dobot_msgs/cmake/export_dobot_msgs__rosidl_generator_cppExport.cmake
[1.960s] -- Up-to-date: /home/bbcontact/magician_ros2/install/dobot_msgs/share/dobot_msgs/cmake/export_dobot_msgs__rosidl_typesupport_fastrtps_cppExport.cmake
[1.960s] -- Up-to-date: /home/bbcontact/magician_ros2/install/dobot_msgs/share/dobot_msgs/cmake/export_dobot_msgs__rosidl_typesupport_fastrtps_cppExport-noconfig.cmake
[1.961s] -- Up-to-date: /home/bbcontact/magician_ros2/install/dobot_msgs/share/dobot_msgs/cmake/dobot_msgs__rosidl_typesupport_introspection_cppExport.cmake
[1.961s] -- Up-to-date: /home/bbcontact/magician_ros2/install/dobot_msgs/share/dobot_msgs/cmake/dobot_msgs__rosidl_typesupport_introspection_cppExport-noconfig.cmake
[1.961s] -- Up-to-date: /home/bbcontact/magician_ros2/install/dobot_msgs/share/dobot_msgs/cmake/dobot_msgs__rosidl_typesupport_cppExport.cmake
[1.961s] -- Up-to-date: /home/bbcontact/magician_ros2/install/dobot_msgs/share/dobot_msgs/cmake/dobot_msgs__rosidl_typesupport_cppExport-noconfig.cmake
[1.961s] -- Up-to-date: /home/bbcontact/magician_ros2/install/dobot_msgs/share/dobot_msgs/cmake/export_dobot_msgs__rosidl_generator_pyExport.cmake
[1.961s] -- Up-to-date: /home/bbcontact/magician_ros2/install/dobot_msgs/share/dobot_msgs/cmake/export_dobot_msgs__rosidl_generator_pyExport-noconfig.cmake
[1.964s] Invoked command in '/home/bbcontact/magician_ros2/build/dobot_msgs' returned '0': CMAKE_PREFIX_PATH=${CMAKE_PREFIX_PATH}:/opt/ros/jazzy DEBUGINFOD_URLS=https://debuginfod.ubuntu.com /usr/bin/cmake --install /home/bbcontact/magician_ros2/build/dobot_msgs
