[ 10%] Built target dobot_msgs__rs
[ 11%] Built target dobot_msgs__rosidl_generator_type_description
[ 11%] Built target ament_cmake_python_symlink_dobot_msgs
[ 37%] Built target dobot_msgs__rosidl_generator_c
[ 37%] Built target dobot_msgs__cpp
[ 46%] Built target dobot_msgs__rosidl_typesupport_c
[ 46%] Built target dobot_msgs__rosidl_typesupport_cpp
[ 47%] Building CXX object CMakeFiles/dobot_msgs__rosidl_typesupport_introspection_cpp.dir/rosidl_typesupport_introspection_cpp/dobot_msgs/srv/detail/set_ptp_common_params__type_support.cpp.o
running egg_info
writing dobot_msgs.egg-info/PKG-INFO
writing dependency_links to dobot_msgs.egg-info/dependency_links.txt
writing top-level names to dobot_msgs.egg-info/top_level.txt
[ 60%] Linking CXX shared library libdobot_msgs__rosidl_typesupport_introspection_cpp.so
reading manifest file 'dobot_msgs.egg-info/SOURCES.txt'
writing manifest file 'dobot_msgs.egg-info/SOURCES.txt'
[ 60%] Built target ament_cmake_python_build_dobot_msgs_egg
[ 60%] Built target dobot_msgs__rosidl_typesupport_introspection_cpp
[ 60%] Building CXX object CMakeFiles/dobot_msgs__rosidl_typesupport_fastrtps_cpp.dir/rosidl_typesupport_fastrtps_cpp/dobot_msgs/srv/detail/dds_fastrtps/execute_homing_procedure__type_support.cpp.o
[ 68%] Building CXX object CMakeFiles/dobot_msgs__rosidl_typesupport_fastrtps_cpp.dir/rosidl_typesupport_fastrtps_cpp/dobot_msgs/srv/detail/dds_fastrtps/set_ptp_common_params__type_support.cpp.o
[ 69%] Building CXX object CMakeFiles/dobot_msgs__rosidl_typesupport_fastrtps_cpp.dir/rosidl_typesupport_fastrtps_cpp/dobot_msgs/srv/detail/dds_fastrtps/get_ptp_common_params__type_support.cpp.o
[ 69%] Building CXX object CMakeFiles/dobot_msgs__rosidl_typesupport_fastrtps_cpp.dir/rosidl_typesupport_fastrtps_cpp/dobot_msgs/srv/detail/dds_fastrtps/suction_cup_control__type_support.cpp.o
[ 70%] Building CXX object CMakeFiles/dobot_msgs__rosidl_typesupport_fastrtps_cpp.dir/rosidl_typesupport_fastrtps_cpp/dobot_msgs/srv/detail/dds_fastrtps/gripper_control__type_support.cpp.o
[ 76%] Linking CXX shared library libdobot_msgs__rosidl_typesupport_fastrtps_cpp.so
[ 76%] Built target dobot_msgs__rosidl_typesupport_fastrtps_cpp
[ 86%] Built target dobot_msgs__rosidl_typesupport_introspection_c
[ 86%] Built target dobot_msgs__rosidl_typesupport_fastrtps_c
[ 86%] Built target dobot_msgs
[ 86%] Generating Python code for ROS interfaces
[ 88%] Built target dobot_msgs__py
[ 88%] Building C object CMakeFiles/dobot_msgs__rosidl_generator_py.dir/rosidl_generator_py/dobot_msgs/action/_sliding_rail_s.c.o
[ 89%] Building C object CMakeFiles/dobot_msgs__rosidl_generator_py.dir/rosidl_generator_py/dobot_msgs/srv/_gripper_control_s.c.o
[ 90%] Building C object CMakeFiles/dobot_msgs__rosidl_generator_py.dir/rosidl_generator_py/dobot_msgs/srv/_suction_cup_control_s.c.o
[ 90%] Building C object CMakeFiles/dobot_msgs__rosidl_generator_py.dir/rosidl_generator_py/dobot_msgs/srv/_get_ptp_common_params_s.c.o
[ 91%] Building C object CMakeFiles/dobot_msgs__rosidl_generator_py.dir/rosidl_generator_py/dobot_msgs/srv/_set_ptp_common_params_s.c.o
[ 91%] Building C object CMakeFiles/dobot_msgs__rosidl_generator_py.dir/rosidl_generator_py/dobot_msgs/srv/_execute_homing_procedure_s.c.o
[ 92%] Building C object CMakeFiles/dobot_msgs__rosidl_generator_py.dir/rosidl_generator_py/dobot_msgs/srv/_evaluate_ptp_trajectory_s.c.o
[ 93%] Building C object CMakeFiles/dobot_msgs__rosidl_generator_py.dir/rosidl_generator_py/dobot_msgs/msg/_circle_target_array_s.c.o
[ 94%] Building C object CMakeFiles/dobot_msgs__rosidl_generator_py.dir/rosidl_generator_py/dobot_msgs/msg/_circle_target_s.c.o
[ 94%] Building C object CMakeFiles/dobot_msgs__rosidl_generator_py.dir/rosidl_generator_py/dobot_msgs/msg/_gripper_status_s.c.o
[ 95%] Building C object CMakeFiles/dobot_msgs__rosidl_generator_py.dir/rosidl_generator_py/dobot_msgs/msg/_dobot_alarm_codes_s.c.o
[ 95%] Linking C shared library libdobot_msgs__rosidl_generator_py.so
[ 95%] Built target dobot_msgs__rosidl_generator_py
[ 95%] Building C object CMakeFiles/dobot_msgs_s__rosidl_typesupport_fastrtps_c.dir/rosidl_generator_py/dobot_msgs/_dobot_msgs_s.ep.rosidl_typesupport_fastrtps_c.c.o
[ 97%] Linking C shared module rosidl_generator_py/dobot_msgs/dobot_msgs_s__rosidl_typesupport_fastrtps_c.so
[ 97%] Built target dobot_msgs_s__rosidl_typesupport_fastrtps_c
[ 97%] Building C object CMakeFiles/dobot_msgs_s__rosidl_typesupport_c.dir/rosidl_generator_py/dobot_msgs/_dobot_msgs_s.ep.rosidl_typesupport_c.c.o
[ 99%] Linking C shared module rosidl_generator_py/dobot_msgs/dobot_msgs_s__rosidl_typesupport_c.so
[ 99%] Built target dobot_msgs_s__rosidl_typesupport_c
[ 99%] Building C object CMakeFiles/dobot_msgs_s__rosidl_typesupport_introspection_c.dir/rosidl_generator_py/dobot_msgs/_dobot_msgs_s.ep.rosidl_typesupport_introspection_c.c.o
Linking C shared module rosidl_generator_py/dobot_msgs/dobot_msgs_s__rosidl_typesupport_introspection_c.so
Built target dobot_msgs_s__rosidl_typesupport_introspection_c
-- Install configuration: ""
-- Execute custom install script
-- Up-to-date symlink: /home/bbcontact/magician_ros2/install/dobot_msgs/share/ament_index/resource_index/rosidl_interfaces/dobot_msgs
-- Up-to-date symlink: /home/bbcontact/magician_ros2/install/dobot_msgs/share/dobot_msgs/action/PointToPoint.json
-- Up-to-date symlink: /home/bbcontact/magician_ros2/install/dobot_msgs/share/dobot_msgs/action/SlidingRail.json
-- Up-to-date symlink: /home/bbcontact/magician_ros2/install/dobot_msgs/share/dobot_msgs/msg/DobotAlarmCodes.json
-- Up-to-date symlink: /home/bbcontact/magician_ros2/install/dobot_msgs/share/dobot_msgs/msg/GripperStatus.json
-- Up-to-date symlink: /home/bbcontact/magician_ros2/install/dobot_msgs/share/dobot_msgs/msg/CircleTarget.json
-- Up-to-date symlink: /home/bbcontact/magician_ros2/install/dobot_msgs/share/dobot_msgs/msg/CircleTargetArray.json
-- Up-to-date symlink: /home/bbcontact/magician_ros2/install/dobot_msgs/share/dobot_msgs/srv/EvaluatePTPTrajectory.json
-- Up-to-date symlink: /home/bbcontact/magician_ros2/install/dobot_msgs/share/dobot_msgs/srv/ExecuteHomingProcedure.json
-- Up-to-date symlink: /home/bbcontact/magician_ros2/install/dobot_msgs/share/dobot_msgs/srv/GripperControl.json
-- Up-to-date symlink: /home/bbcontact/magician_ros2/install/dobot_msgs/share/dobot_msgs/srv/SuctionCupControl.json
-- Up-to-date symlink: /home/bbcontact/magician_ros2/install/dobot_msgs/share/dobot_msgs/srv/GetPTPCommonParams.json
-- Up-to-date symlink: /home/bbcontact/magician_ros2/install/dobot_msgs/share/dobot_msgs/srv/SetPTPCommonParams.json
-- Up-to-date symlink: /home/bbcontact/magician_ros2/install/dobot_msgs/include/dobot_msgs/dobot_msgs/action/detail/point_to_point__functions.h
-- Up-to-date symlink: /home/bbcontact/magician_ros2/install/dobot_msgs/include/dobot_msgs/dobot_msgs/action/detail/point_to_point__struct.h
-- Up-to-date symlink: /home/bbcontact/magician_ros2/install/dobot_msgs/include/dobot_msgs/dobot_msgs/action/detail/point_to_point__type_support.h
-- Up-to-date symlink: /home/bbcontact/magician_ros2/install/dobot_msgs/include/dobot_msgs/dobot_msgs/action/detail/sliding_rail__functions.h
-- Up-to-date symlink: /home/bbcontact/magician_ros2/install/dobot_msgs/include/dobot_msgs/dobot_msgs/action/detail/sliding_rail__struct.h
-- Up-to-date symlink: /home/bbcontact/magician_ros2/install/dobot_msgs/include/dobot_msgs/dobot_msgs/action/detail/sliding_rail__type_support.h
-- Up-to-date symlink: /home/bbcontact/magician_ros2/install/dobot_msgs/include/dobot_msgs/dobot_msgs/action/point_to_point.h
-- Up-to-date symlink: /home/bbcontact/magician_ros2/install/dobot_msgs/include/dobot_msgs/dobot_msgs/action/sliding_rail.h
-- Up-to-date symlink: /home/bbcontact/magician_ros2/install/dobot_msgs/include/dobot_msgs/dobot_msgs/msg/circle_target.h
-- Up-to-date symlink: /home/bbcontact/magician_ros2/install/dobot_msgs/include/dobot_msgs/dobot_msgs/msg/circle_target_array.h
-- Up-to-date symlink: /home/bbcontact/magician_ros2/install/dobot_msgs/include/dobot_msgs/dobot_msgs/msg/detail/circle_target__functions.h
-- Up-to-date symlink: /home/bbcontact/magician_ros2/install/dobot_msgs/include/dobot_msgs/dobot_msgs/msg/detail/circle_target__struct.h
-- Up-to-date symlink: /home/bbcontact/magician_ros2/install/dobot_msgs/include/dobot_msgs/dobot_msgs/msg/detail/circle_target__type_support.h
-- Up-to-date symlink: /home/bbcontact/magician_ros2/install/dobot_msgs/include/dobot_msgs/dobot_msgs/msg/detail/circle_target_array__functions.h
-- Up-to-date symlink: /home/bbcontact/magician_ros2/install/dobot_msgs/include/dobot_msgs/dobot_msgs/msg/detail/circle_target_array__struct.h
-- Up-to-date symlink: /home/bbcontact/magician_ros2/install/dobot_msgs/include/dobot_msgs/dobot_msgs/msg/detail/circle_target_array__type_support.h
-- Up-to-date symlink: /home/bbcontact/magician_ros2/install/dobot_msgs/include/dobot_msgs/dobot_msgs/msg/detail/dobot_alarm_codes__functions.h
-- Up-to-date symlink: /home/bbcontact/magician_ros2/install/dobot_msgs/include/dobot_msgs/dobot_msgs/msg/detail/dobot_alarm_codes__struct.h
-- Up-to-date symlink: /home/bbcontact/magician_ros2/install/dobot_msgs/include/dobot_msgs/dobot_msgs/msg/detail/dobot_alarm_codes__type_support.h
-- Up-to-date symlink: /home/bbcontact/magician_ros2/install/dobot_msgs/include/dobot_msgs/dobot_msgs/msg/detail/gripper_status__functions.h
-- Up-to-date symlink: /home/bbcontact/magician_ros2/install/dobot_msgs/include/dobot_msgs/dobot_msgs/msg/detail/gripper_status__struct.h
-- Up-to-date symlink: /home/bbcontact/magician_ros2/install/dobot_msgs/include/dobot_msgs/dobot_msgs/msg/detail/gripper_status__type_support.h
-- Up-to-date symlink: /home/bbcontact/magician_ros2/install/dobot_msgs/include/dobot_msgs/dobot_msgs/msg/dobot_alarm_codes.h
-- Up-to-date symlink: /home/bbcontact/magician_ros2/install/dobot_msgs/include/dobot_msgs/dobot_msgs/msg/gripper_status.h
-- Up-to-date symlink: /home/bbcontact/magician_ros2/install/dobot_msgs/include/dobot_msgs/dobot_msgs/msg/rosidl_generator_c__visibility_control.h
-- Up-to-date symlink: /home/bbcontact/magician_ros2/install/dobot_msgs/include/dobot_msgs/dobot_msgs/srv/detail/evaluate_ptp_trajectory__functions.h
-- Up-to-date symlink: /home/bbcontact/magician_ros2/install/dobot_msgs/include/dobot_msgs/dobot_msgs/srv/detail/evaluate_ptp_trajectory__struct.h
-- Up-to-date symlink: /home/bbcontact/magician_ros2/install/dobot_msgs/include/dobot_msgs/dobot_msgs/srv/detail/evaluate_ptp_trajectory__type_support.h
-- Up-to-date symlink: /home/bbcontact/magician_ros2/install/dobot_msgs/include/dobot_msgs/dobot_msgs/srv/detail/execute_homing_procedure__functions.h
-- Up-to-date symlink: /home/bbcontact/magician_ros2/install/dobot_msgs/include/dobot_msgs/dobot_msgs/srv/detail/execute_homing_procedure__struct.h
-- Up-to-date symlink: /home/bbcontact/magician_ros2/install/dobot_msgs/include/dobot_msgs/dobot_msgs/srv/detail/execute_homing_procedure__type_support.h
-- Up-to-date symlink: /home/bbcontact/magician_ros2/install/dobot_msgs/include/dobot_msgs/dobot_msgs/srv/detail/get_ptp_common_params__functions.h
-- Up-to-date symlink: /home/bbcontact/magician_ros2/install/dobot_msgs/include/dobot_msgs/dobot_msgs/srv/detail/get_ptp_common_params__struct.h
-- Up-to-date symlink: /home/bbcontact/magician_ros2/install/dobot_msgs/include/dobot_msgs/dobot_msgs/srv/detail/get_ptp_common_params__type_support.h
-- Up-to-date symlink: /home/bbcontact/magician_ros2/install/dobot_msgs/include/dobot_msgs/dobot_msgs/srv/detail/gripper_control__functions.h
-- Up-to-date symlink: /home/bbcontact/magician_ros2/install/dobot_msgs/include/dobot_msgs/dobot_msgs/srv/detail/gripper_control__struct.h
-- Up-to-date symlink: /home/bbcontact/magician_ros2/install/dobot_msgs/include/dobot_msgs/dobot_msgs/srv/detail/gripper_control__type_support.h
-- Up-to-date symlink: /home/bbcontact/magician_ros2/install/dobot_msgs/include/dobot_msgs/dobot_msgs/srv/detail/set_ptp_common_params__functions.h
-- Up-to-date symlink: /home/bbcontact/magician_ros2/install/dobot_msgs/include/dobot_msgs/dobot_msgs/srv/detail/set_ptp_common_params__struct.h
-- Up-to-date symlink: /home/bbcontact/magician_ros2/install/dobot_msgs/include/dobot_msgs/dobot_msgs/srv/detail/set_ptp_common_params__type_support.h
-- Up-to-date symlink: /home/bbcontact/magician_ros2/install/dobot_msgs/include/dobot_msgs/dobot_msgs/srv/detail/suction_cup_control__functions.h
-- Up-to-date symlink: /home/bbcontact/magician_ros2/install/dobot_msgs/include/dobot_msgs/dobot_msgs/srv/detail/suction_cup_control__struct.h
-- Up-to-date symlink: /home/bbcontact/magician_ros2/install/dobot_msgs/include/dobot_msgs/dobot_msgs/srv/detail/suction_cup_control__type_support.h
-- Up-to-date symlink: /home/bbcontact/magician_ros2/install/dobot_msgs/include/dobot_msgs/dobot_msgs/srv/evaluate_ptp_trajectory.h
-- Up-to-date symlink: /home/bbcontact/magician_ros2/install/dobot_msgs/include/dobot_msgs/dobot_msgs/srv/execute_homing_procedure.h
-- Up-to-date symlink: /home/bbcontact/magician_ros2/install/dobot_msgs/include/dobot_msgs/dobot_msgs/srv/get_ptp_common_params.h
-- Up-to-date symlink: /home/bbcontact/magician_ros2/install/dobot_msgs/include/dobot_msgs/dobot_msgs/srv/gripper_control.h
-- Up-to-date symlink: /home/bbcontact/magician_ros2/install/dobot_msgs/include/dobot_msgs/dobot_msgs/srv/set_ptp_common_params.h
-- Up-to-date symlink: /home/bbcontact/magician_ros2/install/dobot_msgs/include/dobot_msgs/dobot_msgs/srv/suction_cup_control.h
-- Up-to-date symlink: /home/bbcontact/magician_ros2/install/dobot_msgs/share/dobot_msgs/environment/library_path.sh
-- Up-to-date symlink: /home/bbcontact/magician_ros2/install/dobot_msgs/share/dobot_msgs/environment/library_path.dsv
-- Up-to-date symlink: /home/bbcontact/magician_ros2/install/dobot_msgs/include/dobot_msgs/dobot_msgs/action/detail/point_to_point__rosidl_typesupport_fastrtps_c.h
-- Up-to-date symlink: /home/bbcontact/magician_ros2/install/dobot_msgs/include/dobot_msgs/dobot_msgs/action/detail/sliding_rail__rosidl_typesupport_fastrtps_c.h
-- Up-to-date symlink: /home/bbcontact/magician_ros2/install/dobot_msgs/include/dobot_msgs/dobot_msgs/msg/detail/circle_target__rosidl_typesupport_fastrtps_c.h
-- Up-to-date symlink: /home/bbcontact/magician_ros2/install/dobot_msgs/include/dobot_msgs/dobot_msgs/msg/detail/circle_target_array__rosidl_typesupport_fastrtps_c.h
-- Up-to-date symlink: /home/bbcontact/magician_ros2/install/dobot_msgs/include/dobot_msgs/dobot_msgs/msg/detail/dobot_alarm_codes__rosidl_typesupport_fastrtps_c.h
-- Up-to-date symlink: /home/bbcontact/magician_ros2/install/dobot_msgs/include/dobot_msgs/dobot_msgs/msg/detail/gripper_status__rosidl_typesupport_fastrtps_c.h
-- Up-to-date symlink: /home/bbcontact/magician_ros2/install/dobot_msgs/include/dobot_msgs/dobot_msgs/msg/rosidl_typesupport_fastrtps_c__visibility_control.h
-- Up-to-date symlink: /home/bbcontact/magician_ros2/install/dobot_msgs/include/dobot_msgs/dobot_msgs/srv/detail/evaluate_ptp_trajectory__rosidl_typesupport_fastrtps_c.h
-- Up-to-date symlink: /home/bbcontact/magician_ros2/install/dobot_msgs/include/dobot_msgs/dobot_msgs/srv/detail/execute_homing_procedure__rosidl_typesupport_fastrtps_c.h
-- Up-to-date symlink: /home/bbcontact/magician_ros2/install/dobot_msgs/include/dobot_msgs/dobot_msgs/srv/detail/get_ptp_common_params__rosidl_typesupport_fastrtps_c.h
-- Up-to-date symlink: /home/bbcontact/magician_ros2/install/dobot_msgs/include/dobot_msgs/dobot_msgs/srv/detail/gripper_control__rosidl_typesupport_fastrtps_c.h
-- Up-to-date symlink: /home/bbcontact/magician_ros2/install/dobot_msgs/include/dobot_msgs/dobot_msgs/srv/detail/set_ptp_common_params__rosidl_typesupport_fastrtps_c.h
-- Up-to-date symlink: /home/bbcontact/magician_ros2/install/dobot_msgs/include/dobot_msgs/dobot_msgs/srv/detail/suction_cup_control__rosidl_typesupport_fastrtps_c.h
-- Up-to-date symlink: /home/bbcontact/magician_ros2/install/dobot_msgs/include/dobot_msgs/dobot_msgs/action/detail/point_to_point__rosidl_typesupport_introspection_c.h
-- Up-to-date symlink: /home/bbcontact/magician_ros2/install/dobot_msgs/include/dobot_msgs/dobot_msgs/action/detail/sliding_rail__rosidl_typesupport_introspection_c.h
-- Up-to-date symlink: /home/bbcontact/magician_ros2/install/dobot_msgs/include/dobot_msgs/dobot_msgs/msg/detail/circle_target__rosidl_typesupport_introspection_c.h
-- Up-to-date symlink: /home/bbcontact/magician_ros2/install/dobot_msgs/include/dobot_msgs/dobot_msgs/msg/detail/circle_target_array__rosidl_typesupport_introspection_c.h
-- Up-to-date symlink: /home/bbcontact/magician_ros2/install/dobot_msgs/include/dobot_msgs/dobot_msgs/msg/detail/dobot_alarm_codes__rosidl_typesupport_introspection_c.h
-- Up-to-date symlink: /home/bbcontact/magician_ros2/install/dobot_msgs/include/dobot_msgs/dobot_msgs/msg/detail/gripper_status__rosidl_typesupport_introspection_c.h
-- Up-to-date symlink: /home/bbcontact/magician_ros2/install/dobot_msgs/include/dobot_msgs/dobot_msgs/msg/rosidl_typesupport_introspection_c__visibility_control.h
-- Up-to-date symlink: /home/bbcontact/magician_ros2/install/dobot_msgs/include/dobot_msgs/dobot_msgs/srv/detail/evaluate_ptp_trajectory__rosidl_typesupport_introspection_c.h
-- Up-to-date symlink: /home/bbcontact/magician_ros2/install/dobot_msgs/include/dobot_msgs/dobot_msgs/srv/detail/execute_homing_procedure__rosidl_typesupport_introspection_c.h
-- Up-to-date symlink: /home/bbcontact/magician_ros2/install/dobot_msgs/include/dobot_msgs/dobot_msgs/srv/detail/get_ptp_common_params__rosidl_typesupport_introspection_c.h
-- Up-to-date symlink: /home/bbcontact/magician_ros2/install/dobot_msgs/include/dobot_msgs/dobot_msgs/srv/detail/gripper_control__rosidl_typesupport_introspection_c.h
-- Up-to-date symlink: /home/bbcontact/magician_ros2/install/dobot_msgs/include/dobot_msgs/dobot_msgs/srv/detail/set_ptp_common_params__rosidl_typesupport_introspection_c.h
-- Up-to-date symlink: /home/bbcontact/magician_ros2/install/dobot_msgs/include/dobot_msgs/dobot_msgs/srv/detail/suction_cup_control__rosidl_typesupport_introspection_c.h
-- Up-to-date symlink: /home/bbcontact/magician_ros2/install/dobot_msgs/include/dobot_msgs/dobot_msgs/action/detail/point_to_point__builder.hpp
-- Up-to-date symlink: /home/bbcontact/magician_ros2/install/dobot_msgs/include/dobot_msgs/dobot_msgs/action/detail/point_to_point__struct.hpp
-- Up-to-date symlink: /home/bbcontact/magician_ros2/install/dobot_msgs/include/dobot_msgs/dobot_msgs/action/detail/point_to_point__traits.hpp
-- Up-to-date symlink: /home/bbcontact/magician_ros2/install/dobot_msgs/include/dobot_msgs/dobot_msgs/action/detail/point_to_point__type_support.hpp
-- Up-to-date symlink: /home/bbcontact/magician_ros2/install/dobot_msgs/include/dobot_msgs/dobot_msgs/action/detail/sliding_rail__builder.hpp
-- Up-to-date symlink: /home/bbcontact/magician_ros2/install/dobot_msgs/include/dobot_msgs/dobot_msgs/action/detail/sliding_rail__struct.hpp
-- Up-to-date symlink: /home/bbcontact/magician_ros2/install/dobot_msgs/include/dobot_msgs/dobot_msgs/action/detail/sliding_rail__traits.hpp
-- Up-to-date symlink: /home/bbcontact/magician_ros2/install/dobot_msgs/include/dobot_msgs/dobot_msgs/action/detail/sliding_rail__type_support.hpp
-- Up-to-date symlink: /home/bbcontact/magician_ros2/install/dobot_msgs/include/dobot_msgs/dobot_msgs/action/point_to_point.hpp
-- Up-to-date symlink: /home/bbcontact/magician_ros2/install/dobot_msgs/include/dobot_msgs/dobot_msgs/action/sliding_rail.hpp
-- Up-to-date symlink: /home/bbcontact/magician_ros2/install/dobot_msgs/include/dobot_msgs/dobot_msgs/msg/circle_target.hpp
-- Up-to-date symlink: /home/bbcontact/magician_ros2/install/dobot_msgs/include/dobot_msgs/dobot_msgs/msg/circle_target_array.hpp
-- Up-to-date symlink: /home/bbcontact/magician_ros2/install/dobot_msgs/include/dobot_msgs/dobot_msgs/msg/detail/circle_target__builder.hpp
-- Up-to-date symlink: /home/bbcontact/magician_ros2/install/dobot_msgs/include/dobot_msgs/dobot_msgs/msg/detail/circle_target__struct.hpp
-- Up-to-date symlink: /home/bbcontact/magician_ros2/install/dobot_msgs/include/dobot_msgs/dobot_msgs/msg/detail/circle_target__traits.hpp
-- Up-to-date symlink: /home/bbcontact/magician_ros2/install/dobot_msgs/include/dobot_msgs/dobot_msgs/msg/detail/circle_target__type_support.hpp
-- Up-to-date symlink: /home/bbcontact/magician_ros2/install/dobot_msgs/include/dobot_msgs/dobot_msgs/msg/detail/circle_target_array__builder.hpp
-- Up-to-date symlink: /home/bbcontact/magician_ros2/install/dobot_msgs/include/dobot_msgs/dobot_msgs/msg/detail/circle_target_array__struct.hpp
-- Up-to-date symlink: /home/bbcontact/magician_ros2/install/dobot_msgs/include/dobot_msgs/dobot_msgs/msg/detail/circle_target_array__traits.hpp
-- Up-to-date symlink: /home/bbcontact/magician_ros2/install/dobot_msgs/include/dobot_msgs/dobot_msgs/msg/detail/circle_target_array__type_support.hpp
-- Up-to-date symlink: /home/bbcontact/magician_ros2/install/dobot_msgs/include/dobot_msgs/dobot_msgs/msg/detail/dobot_alarm_codes__builder.hpp
-- Up-to-date symlink: /home/bbcontact/magician_ros2/install/dobot_msgs/include/dobot_msgs/dobot_msgs/msg/detail/dobot_alarm_codes__struct.hpp
-- Up-to-date symlink: /home/bbcontact/magician_ros2/install/dobot_msgs/include/dobot_msgs/dobot_msgs/msg/detail/dobot_alarm_codes__traits.hpp
-- Up-to-date symlink: /home/bbcontact/magician_ros2/install/dobot_msgs/include/dobot_msgs/dobot_msgs/msg/detail/dobot_alarm_codes__type_support.hpp
-- Up-to-date symlink: /home/bbcontact/magician_ros2/install/dobot_msgs/include/dobot_msgs/dobot_msgs/msg/detail/gripper_status__builder.hpp
-- Up-to-date symlink: /home/bbcontact/magician_ros2/install/dobot_msgs/include/dobot_msgs/dobot_msgs/msg/detail/gripper_status__struct.hpp
-- Up-to-date symlink: /home/bbcontact/magician_ros2/install/dobot_msgs/include/dobot_msgs/dobot_msgs/msg/detail/gripper_status__traits.hpp
-- Up-to-date symlink: /home/bbcontact/magician_ros2/install/dobot_msgs/include/dobot_msgs/dobot_msgs/msg/detail/gripper_status__type_support.hpp
-- Up-to-date symlink: /home/bbcontact/magician_ros2/install/dobot_msgs/include/dobot_msgs/dobot_msgs/msg/dobot_alarm_codes.hpp
-- Up-to-date symlink: /home/bbcontact/magician_ros2/install/dobot_msgs/include/dobot_msgs/dobot_msgs/msg/gripper_status.hpp
-- Up-to-date symlink: /home/bbcontact/magician_ros2/install/dobot_msgs/include/dobot_msgs/dobot_msgs/msg/rosidl_generator_cpp__visibility_control.hpp
-- Up-to-date symlink: /home/bbcontact/magician_ros2/install/dobot_msgs/include/dobot_msgs/dobot_msgs/srv/detail/evaluate_ptp_trajectory__builder.hpp
-- Up-to-date symlink: /home/bbcontact/magician_ros2/install/dobot_msgs/include/dobot_msgs/dobot_msgs/srv/detail/evaluate_ptp_trajectory__struct.hpp
-- Up-to-date symlink: /home/bbcontact/magician_ros2/install/dobot_msgs/include/dobot_msgs/dobot_msgs/srv/detail/evaluate_ptp_trajectory__traits.hpp
-- Up-to-date symlink: /home/bbcontact/magician_ros2/install/dobot_msgs/include/dobot_msgs/dobot_msgs/srv/detail/evaluate_ptp_trajectory__type_support.hpp
-- Up-to-date symlink: /home/bbcontact/magician_ros2/install/dobot_msgs/include/dobot_msgs/dobot_msgs/srv/detail/execute_homing_procedure__builder.hpp
-- Up-to-date symlink: /home/bbcontact/magician_ros2/install/dobot_msgs/include/dobot_msgs/dobot_msgs/srv/detail/execute_homing_procedure__struct.hpp
-- Up-to-date symlink: /home/bbcontact/magician_ros2/install/dobot_msgs/include/dobot_msgs/dobot_msgs/srv/detail/execute_homing_procedure__traits.hpp
-- Up-to-date symlink: /home/bbcontact/magician_ros2/install/dobot_msgs/include/dobot_msgs/dobot_msgs/srv/detail/execute_homing_procedure__type_support.hpp
-- Symlinking: /home/bbcontact/magician_ros2/install/dobot_msgs/include/dobot_msgs/dobot_msgs/srv/detail/get_ptp_common_params__builder.hpp
-- Symlinking: /home/bbcontact/magician_ros2/install/dobot_msgs/include/dobot_msgs/dobot_msgs/srv/detail/get_ptp_common_params__struct.hpp
-- Symlinking: /home/bbcontact/magician_ros2/install/dobot_msgs/include/dobot_msgs/dobot_msgs/srv/detail/get_ptp_common_params__traits.hpp
-- Symlinking: /home/bbcontact/magician_ros2/install/dobot_msgs/include/dobot_msgs/dobot_msgs/srv/detail/get_ptp_common_params__type_support.hpp
-- Up-to-date symlink: /home/bbcontact/magician_ros2/install/dobot_msgs/include/dobot_msgs/dobot_msgs/srv/detail/gripper_control__builder.hpp
-- Up-to-date symlink: /home/bbcontact/magician_ros2/install/dobot_msgs/include/dobot_msgs/dobot_msgs/srv/detail/gripper_control__struct.hpp
-- Up-to-date symlink: /home/bbcontact/magician_ros2/install/dobot_msgs/include/dobot_msgs/dobot_msgs/srv/detail/gripper_control__traits.hpp
-- Up-to-date symlink: /home/bbcontact/magician_ros2/install/dobot_msgs/include/dobot_msgs/dobot_msgs/srv/detail/gripper_control__type_support.hpp
-- Symlinking: /home/bbcontact/magician_ros2/install/dobot_msgs/include/dobot_msgs/dobot_msgs/srv/detail/set_ptp_common_params__builder.hpp
-- Symlinking: /home/bbcontact/magician_ros2/install/dobot_msgs/include/dobot_msgs/dobot_msgs/srv/detail/set_ptp_common_params__struct.hpp
-- Symlinking: /home/bbcontact/magician_ros2/install/dobot_msgs/include/dobot_msgs/dobot_msgs/srv/detail/set_ptp_common_params__traits.hpp
-- Symlinking: /home/bbcontact/magician_ros2/install/dobot_msgs/include/dobot_msgs/dobot_msgs/srv/detail/set_ptp_common_params__type_support.hpp
-- Up-to-date symlink: /home/bbcontact/magician_ros2/install/dobot_msgs/include/dobot_msgs/dobot_msgs/srv/detail/suction_cup_control__builder.hpp
-- Up-to-date symlink: /home/bbcontact/magician_ros2/install/dobot_msgs/include/dobot_msgs/dobot_msgs/srv/detail/suction_cup_control__struct.hpp
-- Up-to-date symlink: /home/bbcontact/magician_ros2/install/dobot_msgs/include/dobot_msgs/dobot_msgs/srv/detail/suction_cup_control__traits.hpp
-- Up-to-date symlink: /home/bbcontact/magician_ros2/install/dobot_msgs/include/dobot_msgs/dobot_msgs/srv/detail/suction_cup_control__type_support.hpp
-- Up-to-date symlink: /home/bbcontact/magician_ros2/install/dobot_msgs/include/dobot_msgs/dobot_msgs/srv/evaluate_ptp_trajectory.hpp
-- Up-to-date symlink: /home/bbcontact/magician_ros2/install/dobot_msgs/include/dobot_msgs/dobot_msgs/srv/execute_homing_procedure.hpp
-- Symlinking: /home/bbcontact/magician_ros2/install/dobot_msgs/include/dobot_msgs/dobot_msgs/srv/get_ptp_common_params.hpp
-- Up-to-date symlink: /home/bbcontact/magician_ros2/install/dobot_msgs/include/dobot_msgs/dobot_msgs/srv/gripper_control.hpp
-- Symlinking: /home/bbcontact/magician_ros2/install/dobot_msgs/include/dobot_msgs/dobot_msgs/srv/set_ptp_common_params.hpp
-- Up-to-date symlink: /home/bbcontact/magician_ros2/install/dobot_msgs/include/dobot_msgs/dobot_msgs/srv/suction_cup_control.hpp
-- Up-to-date symlink: /home/bbcontact/magician_ros2/install/dobot_msgs/include/dobot_msgs/dobot_msgs/action/detail/point_to_point__rosidl_typesupport_fastrtps_cpp.hpp
-- Up-to-date symlink: /home/bbcontact/magician_ros2/install/dobot_msgs/include/dobot_msgs/dobot_msgs/action/detail/sliding_rail__rosidl_typesupport_fastrtps_cpp.hpp
-- Up-to-date symlink: /home/bbcontact/magician_ros2/install/dobot_msgs/include/dobot_msgs/dobot_msgs/msg/detail/circle_target__rosidl_typesupport_fastrtps_cpp.hpp
-- Up-to-date symlink: /home/bbcontact/magician_ros2/install/dobot_msgs/include/dobot_msgs/dobot_msgs/msg/detail/circle_target_array__rosidl_typesupport_fastrtps_cpp.hpp
-- Up-to-date symlink: /home/bbcontact/magician_ros2/install/dobot_msgs/include/dobot_msgs/dobot_msgs/msg/detail/dobot_alarm_codes__rosidl_typesupport_fastrtps_cpp.hpp
-- Up-to-date symlink: /home/bbcontact/magician_ros2/install/dobot_msgs/include/dobot_msgs/dobot_msgs/msg/detail/gripper_status__rosidl_typesupport_fastrtps_cpp.hpp
-- Up-to-date symlink: /home/bbcontact/magician_ros2/install/dobot_msgs/include/dobot_msgs/dobot_msgs/msg/rosidl_typesupport_fastrtps_cpp__visibility_control.h
-- Up-to-date symlink: /home/bbcontact/magician_ros2/install/dobot_msgs/include/dobot_msgs/dobot_msgs/srv/detail/evaluate_ptp_trajectory__rosidl_typesupport_fastrtps_cpp.hpp
-- Up-to-date symlink: /home/bbcontact/magician_ros2/install/dobot_msgs/include/dobot_msgs/dobot_msgs/srv/detail/execute_homing_procedure__rosidl_typesupport_fastrtps_cpp.hpp
-- Symlinking: /home/bbcontact/magician_ros2/install/dobot_msgs/include/dobot_msgs/dobot_msgs/srv/detail/get_ptp_common_params__rosidl_typesupport_fastrtps_cpp.hpp
-- Up-to-date symlink: /home/bbcontact/magician_ros2/install/dobot_msgs/include/dobot_msgs/dobot_msgs/srv/detail/gripper_control__rosidl_typesupport_fastrtps_cpp.hpp
-- Symlinking: /home/bbcontact/magician_ros2/install/dobot_msgs/include/dobot_msgs/dobot_msgs/srv/detail/set_ptp_common_params__rosidl_typesupport_fastrtps_cpp.hpp
-- Up-to-date symlink: /home/bbcontact/magician_ros2/install/dobot_msgs/include/dobot_msgs/dobot_msgs/srv/detail/suction_cup_control__rosidl_typesupport_fastrtps_cpp.hpp
-- Up-to-date symlink: /home/bbcontact/magician_ros2/install/dobot_msgs/include/dobot_msgs/dobot_msgs/action/detail/point_to_point__rosidl_typesupport_introspection_cpp.hpp
-- Up-to-date symlink: /home/bbcontact/magician_ros2/install/dobot_msgs/include/dobot_msgs/dobot_msgs/action/detail/sliding_rail__rosidl_typesupport_introspection_cpp.hpp
-- Up-to-date symlink: /home/bbcontact/magician_ros2/install/dobot_msgs/include/dobot_msgs/dobot_msgs/msg/detail/circle_target__rosidl_typesupport_introspection_cpp.hpp
-- Up-to-date symlink: /home/bbcontact/magician_ros2/install/dobot_msgs/include/dobot_msgs/dobot_msgs/msg/detail/circle_target_array__rosidl_typesupport_introspection_cpp.hpp
-- Up-to-date symlink: /home/bbcontact/magician_ros2/install/dobot_msgs/include/dobot_msgs/dobot_msgs/msg/detail/dobot_alarm_codes__rosidl_typesupport_introspection_cpp.hpp
-- Up-to-date symlink: /home/bbcontact/magician_ros2/install/dobot_msgs/include/dobot_msgs/dobot_msgs/msg/detail/gripper_status__rosidl_typesupport_introspection_cpp.hpp
-- Up-to-date symlink: /home/bbcontact/magician_ros2/install/dobot_msgs/include/dobot_msgs/dobot_msgs/srv/detail/evaluate_ptp_trajectory__rosidl_typesupport_introspection_cpp.hpp
-- Up-to-date symlink: /home/bbcontact/magician_ros2/install/dobot_msgs/include/dobot_msgs/dobot_msgs/srv/detail/execute_homing_procedure__rosidl_typesupport_introspection_cpp.hpp
-- Symlinking: /home/bbcontact/magician_ros2/install/dobot_msgs/include/dobot_msgs/dobot_msgs/srv/detail/get_ptp_common_params__rosidl_typesupport_introspection_cpp.hpp
-- Up-to-date symlink: /home/bbcontact/magician_ros2/install/dobot_msgs/include/dobot_msgs/dobot_msgs/srv/detail/gripper_control__rosidl_typesupport_introspection_cpp.hpp
-- Symlinking: /home/bbcontact/magician_ros2/install/dobot_msgs/include/dobot_msgs/dobot_msgs/srv/detail/set_ptp_common_params__rosidl_typesupport_introspection_cpp.hpp
-- Up-to-date symlink: /home/bbcontact/magician_ros2/install/dobot_msgs/include/dobot_msgs/dobot_msgs/srv/detail/suction_cup_control__rosidl_typesupport_introspection_cpp.hpp
-- Up-to-date symlink: /home/bbcontact/magician_ros2/install/dobot_msgs/share/dobot_msgs/environment/pythonpath.sh
-- Up-to-date symlink: /home/bbcontact/magician_ros2/install/dobot_msgs/share/dobot_msgs/environment/pythonpath.dsv
-- Up-to-date symlink: /home/bbcontact/magician_ros2/install/dobot_msgs/lib/python3.12/site-packages/dobot_msgs-1.0.0-py3.12.egg-info/PKG-INFO
-- Up-to-date symlink: /home/bbcontact/magician_ros2/install/dobot_msgs/lib/python3.12/site-packages/dobot_msgs-1.0.0-py3.12.egg-info/SOURCES.txt
-- Up-to-date symlink: /home/bbcontact/magician_ros2/install/dobot_msgs/lib/python3.12/site-packages/dobot_msgs-1.0.0-py3.12.egg-info/dependency_links.txt
-- Up-to-date symlink: /home/bbcontact/magician_ros2/install/dobot_msgs/lib/python3.12/site-packages/dobot_msgs-1.0.0-py3.12.egg-info/top_level.txt
-- Up-to-date symlink: /home/bbcontact/magician_ros2/install/dobot_msgs/lib/python3.12/site-packages/dobot_msgs/__init__.py
-- Up-to-date symlink: /home/bbcontact/magician_ros2/install/dobot_msgs/lib/python3.12/site-packages/dobot_msgs/_dobot_msgs_s.ep.rosidl_typesupport_c.c
-- Up-to-date symlink: /home/bbcontact/magician_ros2/install/dobot_msgs/lib/python3.12/site-packages/dobot_msgs/_dobot_msgs_s.ep.rosidl_typesupport_fastrtps_c.c
-- Up-to-date symlink: /home/bbcontact/magician_ros2/install/dobot_msgs/lib/python3.12/site-packages/dobot_msgs/_dobot_msgs_s.ep.rosidl_typesupport_introspection_c.c
-- Up-to-date symlink: /home/bbcontact/magician_ros2/install/dobot_msgs/lib/python3.12/site-packages/dobot_msgs/action/__init__.py
-- Up-to-date symlink: /home/bbcontact/magician_ros2/install/dobot_msgs/lib/python3.12/site-packages/dobot_msgs/action/_point_to_point.py
-- Up-to-date symlink: /home/bbcontact/magician_ros2/install/dobot_msgs/lib/python3.12/site-packages/dobot_msgs/action/_point_to_point_s.c
-- Up-to-date symlink: /home/bbcontact/magician_ros2/install/dobot_msgs/lib/python3.12/site-packages/dobot_msgs/action/_sliding_rail.py
-- Up-to-date symlink: /home/bbcontact/magician_ros2/install/dobot_msgs/lib/python3.12/site-packages/dobot_msgs/action/_sliding_rail_s.c
-- Up-to-date symlink: /home/bbcontact/magician_ros2/install/dobot_msgs/lib/python3.12/site-packages/dobot_msgs/dobot_msgs_s__rosidl_typesupport_c.so
-- Up-to-date symlink: /home/bbcontact/magician_ros2/install/dobot_msgs/lib/python3.12/site-packages/dobot_msgs/dobot_msgs_s__rosidl_typesupport_fastrtps_c.so
-- Up-to-date symlink: /home/bbcontact/magician_ros2/install/dobot_msgs/lib/python3.12/site-packages/dobot_msgs/dobot_msgs_s__rosidl_typesupport_introspection_c.so
-- Up-to-date symlink: /home/bbcontact/magician_ros2/install/dobot_msgs/lib/python3.12/site-packages/dobot_msgs/msg/__init__.py
-- Up-to-date symlink: /home/bbcontact/magician_ros2/install/dobot_msgs/lib/python3.12/site-packages/dobot_msgs/msg/_circle_target.py
-- Up-to-date symlink: /home/bbcontact/magician_ros2/install/dobot_msgs/lib/python3.12/site-packages/dobot_msgs/msg/_circle_target_array.py
-- Up-to-date symlink: /home/bbcontact/magician_ros2/install/dobot_msgs/lib/python3.12/site-packages/dobot_msgs/msg/_circle_target_array_s.c
-- Up-to-date symlink: /home/bbcontact/magician_ros2/install/dobot_msgs/lib/python3.12/site-packages/dobot_msgs/msg/_circle_target_s.c
-- Up-to-date symlink: /home/bbcontact/magician_ros2/install/dobot_msgs/lib/python3.12/site-packages/dobot_msgs/msg/_dobot_alarm_codes.py
-- Up-to-date symlink: /home/bbcontact/magician_ros2/install/dobot_msgs/lib/python3.12/site-packages/dobot_msgs/msg/_dobot_alarm_codes_s.c
-- Up-to-date symlink: /home/bbcontact/magician_ros2/install/dobot_msgs/lib/python3.12/site-packages/dobot_msgs/msg/_gripper_status.py
-- Up-to-date symlink: /home/bbcontact/magician_ros2/install/dobot_msgs/lib/python3.12/site-packages/dobot_msgs/msg/_gripper_status_s.c
-- Up-to-date symlink: /home/bbcontact/magician_ros2/install/dobot_msgs/lib/python3.12/site-packages/dobot_msgs/srv/__init__.py
-- Up-to-date symlink: /home/bbcontact/magician_ros2/install/dobot_msgs/lib/python3.12/site-packages/dobot_msgs/srv/_evaluate_ptp_trajectory.py
-- Up-to-date symlink: /home/bbcontact/magician_ros2/install/dobot_msgs/lib/python3.12/site-packages/dobot_msgs/srv/_evaluate_ptp_trajectory_s.c
-- Up-to-date symlink: /home/bbcontact/magician_ros2/install/dobot_msgs/lib/python3.12/site-packages/dobot_msgs/srv/_execute_homing_procedure.py
-- Up-to-date symlink: /home/bbcontact/magician_ros2/install/dobot_msgs/lib/python3.12/site-packages/dobot_msgs/srv/_execute_homing_procedure_s.c
-- Symlinking: /home/bbcontact/magician_ros2/install/dobot_msgs/lib/python3.12/site-packages/dobot_msgs/srv/_get_ptp_common_params.py
-- Symlinking: /home/bbcontact/magician_ros2/install/dobot_msgs/lib/python3.12/site-packages/dobot_msgs/srv/_get_ptp_common_params_s.c
-- Up-to-date symlink: /home/bbcontact/magician_ros2/install/dobot_msgs/lib/python3.12/site-packages/dobot_msgs/srv/_gripper_control.py
-- Up-to-date symlink: /home/bbcontact/magician_ros2/install/dobot_msgs/lib/python3.12/site-packages/dobot_msgs/srv/_gripper_control_s.c
-- Symlinking: /home/bbcontact/magician_ros2/install/dobot_msgs/lib/python3.12/site-packages/dobot_msgs/srv/_set_ptp_common_params.py
-- Symlinking: /home/bbcontact/magician_ros2/install/dobot_msgs/lib/python3.12/site-packages/dobot_msgs/srv/_set_ptp_common_params_s.c
-- Up-to-date symlink: /home/bbcontact/magician_ros2/install/dobot_msgs/lib/python3.12/site-packages/dobot_msgs/srv/_suction_cup_control.py
-- Up-to-date symlink: /home/bbcontact/magician_ros2/install/dobot_msgs/lib/python3.12/site-packages/dobot_msgs/srv/_suction_cup_control_s.c
-- Up-to-date symlink: /home/bbcontact/magician_ros2/install/dobot_msgs/lib/python3.12/site-packages/dobot_msgs/dobot_msgs_s__rosidl_typesupport_fastrtps_c.so
-- Up-to-date symlink: /home/bbcontact/magician_ros2/install/dobot_msgs/lib/python3.12/site-packages/dobot_msgs/dobot_msgs_s__rosidl_typesupport_introspection_c.so
-- Up-to-date symlink: /home/bbcontact/magician_ros2/install/dobot_msgs/lib/python3.12/site-packages/dobot_msgs/dobot_msgs_s__rosidl_typesupport_c.so
-- Up-to-date symlink: /home/bbcontact/magician_ros2/install/dobot_msgs/share/dobot_msgs/rust/Cargo.toml
-- Up-to-date symlink: /home/bbcontact/magician_ros2/install/dobot_msgs/share/dobot_msgs/rust/build.rs
-- Up-to-date symlink: /home/bbcontact/magician_ros2/install/dobot_msgs/share/dobot_msgs/rust/src/action.rs
-- Up-to-date symlink: /home/bbcontact/magician_ros2/install/dobot_msgs/share/dobot_msgs/rust/src/action/rmw.rs
-- Up-to-date symlink: /home/bbcontact/magician_ros2/install/dobot_msgs/share/dobot_msgs/rust/src/lib.rs
-- Up-to-date symlink: /home/bbcontact/magician_ros2/install/dobot_msgs/share/dobot_msgs/rust/src/msg.rs
-- Up-to-date symlink: /home/bbcontact/magician_ros2/install/dobot_msgs/share/dobot_msgs/rust/src/msg/rmw.rs
-- Up-to-date symlink: /home/bbcontact/magician_ros2/install/dobot_msgs/share/dobot_msgs/rust/src/srv.rs
-- Up-to-date symlink: /home/bbcontact/magician_ros2/install/dobot_msgs/share/dobot_msgs/rust/src/srv/rmw.rs
-- Up-to-date symlink: /home/bbcontact/magician_ros2/install/dobot_msgs/share/dobot_msgs/action/PointToPoint.idl
-- Up-to-date symlink: /home/bbcontact/magician_ros2/install/dobot_msgs/share/dobot_msgs/action/SlidingRail.idl
-- Up-to-date symlink: /home/bbcontact/magician_ros2/install/dobot_msgs/share/dobot_msgs/msg/DobotAlarmCodes.idl
-- Up-to-date symlink: /home/bbcontact/magician_ros2/install/dobot_msgs/share/dobot_msgs/msg/GripperStatus.idl
-- Up-to-date symlink: /home/bbcontact/magician_ros2/install/dobot_msgs/share/dobot_msgs/msg/CircleTarget.idl
-- Up-to-date symlink: /home/bbcontact/magician_ros2/install/dobot_msgs/share/dobot_msgs/msg/CircleTargetArray.idl
-- Up-to-date symlink: /home/bbcontact/magician_ros2/install/dobot_msgs/share/dobot_msgs/srv/EvaluatePTPTrajectory.idl
-- Up-to-date symlink: /home/bbcontact/magician_ros2/install/dobot_msgs/share/dobot_msgs/srv/ExecuteHomingProcedure.idl
-- Up-to-date symlink: /home/bbcontact/magician_ros2/install/dobot_msgs/share/dobot_msgs/srv/GripperControl.idl
-- Up-to-date symlink: /home/bbcontact/magician_ros2/install/dobot_msgs/share/dobot_msgs/srv/SuctionCupControl.idl
-- Symlinking: /home/bbcontact/magician_ros2/install/dobot_msgs/share/dobot_msgs/srv/GetPTPCommonParams.idl
-- Symlinking: /home/bbcontact/magician_ros2/install/dobot_msgs/share/dobot_msgs/srv/SetPTPCommonParams.idl
-- Up-to-date symlink: /home/bbcontact/magician_ros2/install/dobot_msgs/share/dobot_msgs/action/PointToPoint.action
-- Up-to-date symlink: /home/bbcontact/magician_ros2/install/dobot_msgs/share/dobot_msgs/action/SlidingRail.action
-- Up-to-date symlink: /home/bbcontact/magician_ros2/install/dobot_msgs/share/dobot_msgs/msg/DobotAlarmCodes.msg
-- Up-to-date symlink: /home/bbcontact/magician_ros2/install/dobot_msgs/share/dobot_msgs/msg/GripperStatus.msg
-- Up-to-date symlink: /home/bbcontact/magician_ros2/install/dobot_msgs/share/dobot_msgs/msg/CircleTarget.msg
-- Up-to-date symlink: /home/bbcontact/magician_ros2/install/dobot_msgs/share/dobot_msgs/msg/CircleTargetArray.msg
-- Up-to-date symlink: /home/bbcontact/magician_ros2/install/dobot_msgs/share/dobot_msgs/srv/EvaluatePTPTrajectory.srv
-- Up-to-date symlink: /home/bbcontact/magician_ros2/install/dobot_msgs/share/dobot_msgs/srv/ExecuteHomingProcedure.srv
-- Up-to-date symlink: /home/bbcontact/magician_ros2/install/dobot_msgs/share/dobot_msgs/srv/GripperControl.srv
-- Up-to-date symlink: /home/bbcontact/magician_ros2/install/dobot_msgs/share/dobot_msgs/srv/SuctionCupControl.srv
-- Symlinking: /home/bbcontact/magician_ros2/install/dobot_msgs/share/dobot_msgs/srv/GetPTPCommonParams.srv
-- Symlinking: /home/bbcontact/magician_ros2/install/dobot_msgs/share/dobot_msgs/srv/SetPTPCommonParams.srv
-- Up-to-date symlink: /home/bbcontact/magician_ros2/install/dobot_msgs/share/ament_index/resource_index/package_run_dependencies/dobot_msgs
-- Up-to-date symlink: /home/bbcontact/magician_ros2/install/dobot_msgs/share/ament_index/resource_index/parent_prefix_path/dobot_msgs
-- Up-to-date symlink: /home/bbcontact/magician_ros2/install/dobot_msgs/share/dobot_msgs/environment/ament_prefix_path.sh
-- Up-to-date symlink: /home/bbcontact/magician_ros2/install/dobot_msgs/share/dobot_msgs/environment/ament_prefix_path.dsv
-- Up-to-date symlink: /home/bbcontact/magician_ros2/install/dobot_msgs/share/dobot_msgs/environment/path.sh
-- Up-to-date symlink: /home/bbcontact/magician_ros2/install/dobot_msgs/share/dobot_msgs/environment/path.dsv
-- Up-to-date symlink: /home/bbcontact/magician_ros2/install/dobot_msgs/share/dobot_msgs/local_setup.bash
-- Up-to-date symlink: /home/bbcontact/magician_ros2/install/dobot_msgs/share/dobot_msgs/local_setup.sh
-- Up-to-date symlink: /home/bbcontact/magician_ros2/install/dobot_msgs/share/dobot_msgs/local_setup.zsh
-- Up-to-date symlink: /home/bbcontact/magician_ros2/install/dobot_msgs/share/dobot_msgs/local_setup.dsv
-- Symlinking: /home/bbcontact/magician_ros2/install/dobot_msgs/share/dobot_msgs/package.dsv
-- Up-to-date symlink: /home/bbcontact/magician_ros2/install/dobot_msgs/share/ament_index/resource_index/packages/dobot_msgs
-- Up-to-date symlink: /home/bbcontact/magician_ros2/install/dobot_msgs/share/dobot_msgs/cmake/rosidl_cmake-extras.cmake
-- Up-to-date symlink: /home/bbcontact/magician_ros2/install/dobot_msgs/share/dobot_msgs/cmake/ament_cmake_export_dependencies-extras.cmake
-- Up-to-date symlink: /home/bbcontact/magician_ros2/install/dobot_msgs/share/dobot_msgs/cmake/ament_cmake_export_include_directories-extras.cmake
-- Up-to-date symlink: /home/bbcontact/magician_ros2/install/dobot_msgs/share/dobot_msgs/cmake/ament_cmake_export_libraries-extras.cmake
-- Up-to-date symlink: /home/bbcontact/magician_ros2/install/dobot_msgs/share/dobot_msgs/cmake/ament_cmake_export_targets-extras.cmake
-- Up-to-date symlink: /home/bbcontact/magician_ros2/install/dobot_msgs/share/dobot_msgs/cmake/rosidl_cmake_export_typesupport_targets-extras.cmake
-- Up-to-date symlink: /home/bbcontact/magician_ros2/install/dobot_msgs/share/dobot_msgs/cmake/rosidl_cmake_export_typesupport_libraries-extras.cmake
-- Up-to-date symlink: /home/bbcontact/magician_ros2/install/dobot_msgs/share/dobot_msgs/cmake/rosidl_cmake_aggregate_target-extras.cmake
-- Up-to-date symlink: /home/bbcontact/magician_ros2/install/dobot_msgs/share/dobot_msgs/cmake/dobot_msgsConfig.cmake
-- Up-to-date symlink: /home/bbcontact/magician_ros2/install/dobot_msgs/share/dobot_msgs/cmake/dobot_msgsConfig-version.cmake
-- Up-to-date symlink: /home/bbcontact/magician_ros2/install/dobot_msgs/share/dobot_msgs/package.xml
-- Up-to-date: /home/bbcontact/magician_ros2/install/dobot_msgs/lib/libdobot_msgs__rosidl_generator_c.so
-- Installing: /home/bbcontact/magician_ros2/install/dobot_msgs/lib/libdobot_msgs__rosidl_typesupport_fastrtps_c.so
-- Set non-toolchain portion of runtime path of "/home/bbcontact/magician_ros2/install/dobot_msgs/lib/libdobot_msgs__rosidl_typesupport_fastrtps_c.so" to ""
-- Installing: /home/bbcontact/magician_ros2/install/dobot_msgs/lib/libdobot_msgs__rosidl_typesupport_introspection_c.so
-- Set non-toolchain portion of runtime path of "/home/bbcontact/magician_ros2/install/dobot_msgs/lib/libdobot_msgs__rosidl_typesupport_introspection_c.so" to ""
-- Installing: /home/bbcontact/magician_ros2/install/dobot_msgs/lib/libdobot_msgs__rosidl_typesupport_c.so
