[0.036s] Invoking command in '/home/bbcontact/magician_ros2/build/dobot_msgs': CMAKE_PREFIX_PATH=${CMAKE_PREFIX_PATH}:/opt/ros/jazzy DEBUGINFOD_URLS=https://debuginfod.ubuntu.com /usr/bin/cmake /home/bbcontact/magician_ros2/src/magician_ros2/dobot_msgs -DAMENT_CMAKE_SYMLINK_INSTALL=1 -DCMAKE_INSTALL_PREFIX=/home/bbcontact/magician_ros2/install/dobot_msgs
[0.253s] -- The C compiler identification is GNU 13.3.0
[0.452s] -- The CXX compiler identification is GNU 13.3.0
[0.504s] -- Detecting C compiler ABI info
[0.711s] -- Detecting C compiler ABI info - done
[0.735s] -- Check for working C compiler: /usr/bin/cc - skipped
[0.736s] -- Detecting C compile features
[0.737s] -- Detecting C compile features - done
[0.760s] -- Detecting CXX compiler ABI info
[0.972s] -- Detecting CXX compiler ABI info - done
[1.010s] -- Check for working CXX compiler: /usr/bin/c++ - skipped
[1.010s] -- Detecting CXX compile features
[1.012s] -- Detecting CXX compile features - done
[1.020s] -- Found ament_cmake: 2.5.6 (/opt/ros/jazzy/share/ament_cmake/cmake)
[1.394s] -- Found Python3: /usr/bin/python3 (found version "3.12.3") found components: Interpreter 
[1.605s] -- Override CMake install command with custom implementation using symlinks instead of copying resources
[1.707s] -- Found rosidl_default_generators: 1.6.1 (/opt/ros/jazzy/share/rosidl_default_generators/cmake)
[1.721s] -- Using all available rosidl_typesupport_c: rosidl_typesupport_fastrtps_c;rosidl_typesupport_introspection_c
[1.847s] -- Using all available rosidl_typesupport_cpp: rosidl_typesupport_fastrtps_cpp;rosidl_typesupport_introspection_cpp
[1.962s] -- Found rosidl_adapter: 4.6.9 (/opt/ros/jazzy/share/rosidl_adapter/cmake)
[1.970s] -- Found std_msgs: 5.3.8 (/opt/ros/jazzy/share/std_msgs/cmake)
[2.054s] -- Found geometry_msgs: 5.3.8 (/opt/ros/jazzy/share/geometry_msgs/cmake)
[3.856s] -- Found ament_cmake_ros: 0.12.1 (/opt/ros/jazzy/share/ament_cmake_ros/cmake)
[5.007s] -- Using all available rosidl_typesupport_c: rosidl_typesupport_fastrtps_c;rosidl_typesupport_introspection_c
[6.426s] -- Using all available rosidl_typesupport_cpp: rosidl_typesupport_fastrtps_cpp;rosidl_typesupport_introspection_cpp
[6.442s] -- Found python_cmake_module: 0.11.1 (/opt/ros/jazzy/share/python_cmake_module/cmake)
[6.733s] -- Found PythonExtra: /usr/bin/python3  
[7.615s] -- Found Python3: /usr/bin/python3 (found version "3.12.3") found components: Interpreter Development NumPy Development.Module Development.Embed 
[7.887s] -- Found Python3: /usr/bin/python3 (found version "3.12.3") found components: Interpreter 
[7.900s] -- Found ament_lint_auto: 0.17.5 (/opt/ros/jazzy/share/ament_lint_auto/cmake)
[7.967s] -- Added test 'copyright' to check source files copyright and LICENSE
[7.972s] -- Added test 'lint_cmake' to check CMake code style
[7.975s] -- Added test 'xmllint' to check XML markup files
[7.985s] -- Configuring done (7.9s)
[8.125s] -- Generating done (0.1s)
[8.155s] -- Build files have been written to: /home/bbcontact/magician_ros2/build/dobot_msgs
[8.175s] Invoked command in '/home/bbcontact/magician_ros2/build/dobot_msgs' returned '0': CMAKE_PREFIX_PATH=${CMAKE_PREFIX_PATH}:/opt/ros/jazzy DEBUGINFOD_URLS=https://debuginfod.ubuntu.com /usr/bin/cmake /home/bbcontact/magician_ros2/src/magician_ros2/dobot_msgs -DAMENT_CMAKE_SYMLINK_INSTALL=1 -DCMAKE_INSTALL_PREFIX=/home/bbcontact/magician_ros2/install/dobot_msgs
[8.177s] Invoking command in '/home/bbcontact/magician_ros2/build/dobot_msgs': CMAKE_PREFIX_PATH=${CMAKE_PREFIX_PATH}:/opt/ros/jazzy DEBUGINFOD_URLS=https://debuginfod.ubuntu.com /usr/bin/cmake --build /home/bbcontact/magician_ros2/build/dobot_msgs -- -j8 -l8
[8.289s] [  0%] Generating type hashes for ROS interfaces
[8.290s] [  1%] Generating Rust code for ROS interfaces
[8.311s] [  1%] Built target ament_cmake_python_symlink_dobot_msgs
[9.303s] running egg_info
[9.305s] creating dobot_msgs.egg-info
[9.426s] writing dobot_msgs.egg-info/PKG-INFO
[9.427s] writing dependency_links to dobot_msgs.egg-info/dependency_links.txt
[9.427s] writing top-level names to dobot_msgs.egg-info/top_level.txt
[9.429s] writing manifest file 'dobot_msgs.egg-info/SOURCES.txt'
[9.795s] reading manifest file 'dobot_msgs.egg-info/SOURCES.txt'
[9.796s] writing manifest file 'dobot_msgs.egg-info/SOURCES.txt'
[9.883s] [  1%] Built target ament_cmake_python_build_dobot_msgs_egg
[10.173s] [  1%] Built target dobot_msgs__rs
[10.364s] [  1%] Built target dobot_msgs__rosidl_generator_type_description
[10.391s] [  2%] Generating C code for ROS interfaces
[10.415s] [  2%] Generating C++ code for ROS interfaces
[14.528s] [  2%] Built target dobot_msgs__cpp
[15.312s] [  4%] Building C object CMakeFiles/dobot_msgs__rosidl_generator_c.dir/rosidl_generator_c/dobot_msgs/action/detail/point_to_point__functions.c.o
[15.313s] [  4%] Building C object CMakeFiles/dobot_msgs__rosidl_generator_c.dir/rosidl_generator_c/dobot_msgs/action/detail/point_to_point__description.c.o
[15.317s] [  5%] Building C object CMakeFiles/dobot_msgs__rosidl_generator_c.dir/rosidl_generator_c/dobot_msgs/action/detail/sliding_rail__description.c.o
[15.318s] [  5%] Building C object CMakeFiles/dobot_msgs__rosidl_generator_c.dir/rosidl_generator_c/dobot_msgs/action/detail/point_to_point__type_support.c.o
[15.319s] [  5%] Building C object CMakeFiles/dobot_msgs__rosidl_generator_c.dir/rosidl_generator_c/dobot_msgs/msg/detail/dobot_alarm_codes__functions.c.o
[15.332s] [  6%] Building C object CMakeFiles/dobot_msgs__rosidl_generator_c.dir/rosidl_generator_c/dobot_msgs/action/detail/sliding_rail__type_support.c.o
[15.339s] [  7%] Building C object CMakeFiles/dobot_msgs__rosidl_generator_c.dir/rosidl_generator_c/dobot_msgs/action/detail/sliding_rail__functions.c.o
[15.365s] [  8%] Building C object CMakeFiles/dobot_msgs__rosidl_generator_c.dir/rosidl_generator_c/dobot_msgs/msg/detail/dobot_alarm_codes__description.c.o
[15.484s] [  9%] Building C object CMakeFiles/dobot_msgs__rosidl_generator_c.dir/rosidl_generator_c/dobot_msgs/msg/detail/dobot_alarm_codes__type_support.c.o
[15.508s] [ 10%] Building C object CMakeFiles/dobot_msgs__rosidl_generator_c.dir/rosidl_generator_c/dobot_msgs/msg/detail/gripper_status__description.c.o
[15.540s] [ 11%] Building C object CMakeFiles/dobot_msgs__rosidl_generator_c.dir/rosidl_generator_c/dobot_msgs/msg/detail/gripper_status__functions.c.o
[15.610s] [ 11%] Building C object CMakeFiles/dobot_msgs__rosidl_generator_c.dir/rosidl_generator_c/dobot_msgs/msg/detail/circle_target__description.c.o
[15.624s] [ 12%] Building C object CMakeFiles/dobot_msgs__rosidl_generator_c.dir/rosidl_generator_c/dobot_msgs/msg/detail/gripper_status__type_support.c.o
[15.671s] [ 13%] Building C object CMakeFiles/dobot_msgs__rosidl_generator_c.dir/rosidl_generator_c/dobot_msgs/msg/detail/circle_target__functions.c.o
[15.709s] [ 14%] Building C object CMakeFiles/dobot_msgs__rosidl_generator_c.dir/rosidl_generator_c/dobot_msgs/msg/detail/circle_target__type_support.c.o
[15.807s] [ 15%] Building C object CMakeFiles/dobot_msgs__rosidl_generator_c.dir/rosidl_generator_c/dobot_msgs/msg/detail/circle_target_array__description.c.o
[15.825s] [ 15%] Building C object CMakeFiles/dobot_msgs__rosidl_generator_c.dir/rosidl_generator_c/dobot_msgs/msg/detail/circle_target_array__type_support.c.o
[15.829s] [ 16%] Building C object CMakeFiles/dobot_msgs__rosidl_generator_c.dir/rosidl_generator_c/dobot_msgs/msg/detail/circle_target_array__functions.c.o
[15.863s] [ 17%] Building C object CMakeFiles/dobot_msgs__rosidl_generator_c.dir/rosidl_generator_c/dobot_msgs/srv/detail/evaluate_ptp_trajectory__description.c.o
[15.971s] [ 18%] Building C object CMakeFiles/dobot_msgs__rosidl_generator_c.dir/rosidl_generator_c/dobot_msgs/srv/detail/evaluate_ptp_trajectory__functions.c.o
[16.099s] [ 19%] Building C object CMakeFiles/dobot_msgs__rosidl_generator_c.dir/rosidl_generator_c/dobot_msgs/srv/detail/evaluate_ptp_trajectory__type_support.c.o
[16.122s] [ 20%] Building C object CMakeFiles/dobot_msgs__rosidl_generator_c.dir/rosidl_generator_c/dobot_msgs/srv/detail/execute_homing_procedure__description.c.o
[16.139s] [ 20%] Building C object CMakeFiles/dobot_msgs__rosidl_generator_c.dir/rosidl_generator_c/dobot_msgs/srv/detail/execute_homing_procedure__functions.c.o
[16.228s] [ 21%] Building C object CMakeFiles/dobot_msgs__rosidl_generator_c.dir/rosidl_generator_c/dobot_msgs/srv/detail/execute_homing_procedure__type_support.c.o
[16.245s] [ 22%] Building C object CMakeFiles/dobot_msgs__rosidl_generator_c.dir/rosidl_generator_c/dobot_msgs/srv/detail/gripper_control__description.c.o
[16.283s] [ 23%] Building C object CMakeFiles/dobot_msgs__rosidl_generator_c.dir/rosidl_generator_c/dobot_msgs/srv/detail/gripper_control__functions.c.o
[16.330s] [ 24%] Building C object CMakeFiles/dobot_msgs__rosidl_generator_c.dir/rosidl_generator_c/dobot_msgs/srv/detail/gripper_control__type_support.c.o
[16.357s] [ 24%] Building C object CMakeFiles/dobot_msgs__rosidl_generator_c.dir/rosidl_generator_c/dobot_msgs/srv/detail/suction_cup_control__description.c.o
[16.425s] [ 25%] Building C object CMakeFiles/dobot_msgs__rosidl_generator_c.dir/rosidl_generator_c/dobot_msgs/srv/detail/suction_cup_control__functions.c.o
[16.440s] [ 26%] Building C object CMakeFiles/dobot_msgs__rosidl_generator_c.dir/rosidl_generator_c/dobot_msgs/srv/detail/suction_cup_control__type_support.c.o
[16.734s] [ 27%] Linking C shared library libdobot_msgs__rosidl_generator_c.so
[16.883s] [ 27%] Built target dobot_msgs__rosidl_generator_c
[16.938s] [ 27%] Generating C type support for eProsima Fast-RTPS
[16.948s] [ 28%] Generating C++ type support for eProsima Fast-RTPS
[16.961s] [ 29%] Generating C type support dispatch for ROS interfaces
[16.973s] [ 30%] Generating C introspection for ROS interfaces
[16.993s] [ 31%] Generating C++ type support dispatch for ROS interfaces
[16.993s] [ 32%] Generating C++ introspection for ROS interfaces
[22.407s] [ 33%] Building CXX object CMakeFiles/dobot_msgs__rosidl_typesupport_c.dir/rosidl_typesupport_c/dobot_msgs/action/point_to_point__type_support.cpp.o
[22.441s] [ 34%] Building CXX object CMakeFiles/dobot_msgs__rosidl_typesupport_c.dir/rosidl_typesupport_c/dobot_msgs/action/sliding_rail__type_support.cpp.o
[22.468s] [ 35%] Building CXX object CMakeFiles/dobot_msgs__rosidl_typesupport_c.dir/rosidl_typesupport_c/dobot_msgs/msg/dobot_alarm_codes__type_support.cpp.o
[22.885s] [ 36%] Building CXX object CMakeFiles/dobot_msgs__rosidl_typesupport_c.dir/rosidl_typesupport_c/dobot_msgs/msg/circle_target_array__type_support.cpp.o
[22.888s] [ 36%] Building CXX object CMakeFiles/dobot_msgs__rosidl_typesupport_c.dir/rosidl_typesupport_c/dobot_msgs/msg/gripper_status__type_support.cpp.o
[22.901s] [ 37%] Building CXX object CMakeFiles/dobot_msgs__rosidl_typesupport_c.dir/rosidl_typesupport_c/dobot_msgs/msg/circle_target__type_support.cpp.o
[23.212s] [ 38%] Building CXX object CMakeFiles/dobot_msgs__rosidl_typesupport_c.dir/rosidl_typesupport_c/dobot_msgs/srv/evaluate_ptp_trajectory__type_support.cpp.o
[23.301s] [ 39%] Building CXX object CMakeFiles/dobot_msgs__rosidl_typesupport_c.dir/rosidl_typesupport_c/dobot_msgs/srv/execute_homing_procedure__type_support.cpp.o
[23.312s] [ 39%] Building CXX object CMakeFiles/dobot_msgs__rosidl_typesupport_c.dir/rosidl_typesupport_c/dobot_msgs/srv/gripper_control__type_support.cpp.o
[23.570s] [ 40%] Building CXX object CMakeFiles/dobot_msgs__rosidl_typesupport_c.dir/rosidl_typesupport_c/dobot_msgs/srv/suction_cup_control__type_support.cpp.o
[24.050s] [ 41%] Linking CXX shared library libdobot_msgs__rosidl_typesupport_c.so
[24.085s] [ 42%] Building CXX object CMakeFiles/dobot_msgs__rosidl_typesupport_introspection_cpp.dir/rosidl_typesupport_introspection_cpp/dobot_msgs/action/detail/sliding_rail__type_support.cpp.o
[24.099s] [ 43%] Building CXX object CMakeFiles/dobot_msgs__rosidl_typesupport_introspection_cpp.dir/rosidl_typesupport_introspection_cpp/dobot_msgs/action/detail/point_to_point__type_support.cpp.o
[24.102s] [ 44%] Building CXX object CMakeFiles/dobot_msgs__rosidl_typesupport_introspection_cpp.dir/rosidl_typesupport_introspection_cpp/dobot_msgs/msg/detail/dobot_alarm_codes__type_support.cpp.o
[24.423s] [ 44%] Built target dobot_msgs__rosidl_typesupport_c
[24.519s] [ 44%] Building CXX object CMakeFiles/dobot_msgs__rosidl_typesupport_introspection_cpp.dir/rosidl_typesupport_introspection_cpp/dobot_msgs/msg/detail/gripper_status__type_support.cpp.o
[24.799s] [ 45%] Building CXX object CMakeFiles/dobot_msgs__rosidl_typesupport_cpp.dir/rosidl_typesupport_cpp/dobot_msgs/action/point_to_point__type_support.cpp.o
[26.219s] [ 45%] Building C object CMakeFiles/dobot_msgs__rosidl_typesupport_introspection_c.dir/rosidl_typesupport_introspection_c/dobot_msgs/action/detail/point_to_point__type_support.c.o
[26.924s] [ 46%] Building C object CMakeFiles/dobot_msgs__rosidl_typesupport_introspection_c.dir/rosidl_typesupport_introspection_c/dobot_msgs/action/detail/sliding_rail__type_support.c.o
[27.288s] [ 47%] Building C object CMakeFiles/dobot_msgs__rosidl_typesupport_introspection_c.dir/rosidl_typesupport_introspection_c/dobot_msgs/msg/detail/dobot_alarm_codes__type_support.c.o
[27.689s] [ 48%] Building C object CMakeFiles/dobot_msgs__rosidl_typesupport_introspection_c.dir/rosidl_typesupport_introspection_c/dobot_msgs/msg/detail/gripper_status__type_support.c.o
[28.023s] [ 49%] Building C object CMakeFiles/dobot_msgs__rosidl_typesupport_introspection_c.dir/rosidl_typesupport_introspection_c/dobot_msgs/msg/detail/circle_target__type_support.c.o
[28.241s] [ 49%] Building C object CMakeFiles/dobot_msgs__rosidl_typesupport_introspection_c.dir/rosidl_typesupport_introspection_c/dobot_msgs/msg/detail/circle_target_array__type_support.c.o
[28.609s] [ 50%] Building C object CMakeFiles/dobot_msgs__rosidl_typesupport_introspection_c.dir/rosidl_typesupport_introspection_c/dobot_msgs/srv/detail/evaluate_ptp_trajectory__type_support.c.o
[29.024s] [ 51%] Building C object CMakeFiles/dobot_msgs__rosidl_typesupport_introspection_c.dir/rosidl_typesupport_introspection_c/dobot_msgs/srv/detail/execute_homing_procedure__type_support.c.o
[29.371s] [ 52%] Building C object CMakeFiles/dobot_msgs__rosidl_typesupport_introspection_c.dir/rosidl_typesupport_introspection_c/dobot_msgs/srv/detail/gripper_control__type_support.c.o
[29.579s] [ 53%] Building CXX object CMakeFiles/dobot_msgs__rosidl_typesupport_cpp.dir/rosidl_typesupport_cpp/dobot_msgs/msg/dobot_alarm_codes__type_support.cpp.o
[29.627s] [ 54%] Building C object CMakeFiles/dobot_msgs__rosidl_typesupport_introspection_c.dir/rosidl_typesupport_introspection_c/dobot_msgs/srv/detail/suction_cup_control__type_support.c.o
[29.627s] [ 55%] Building CXX object CMakeFiles/dobot_msgs__rosidl_typesupport_fastrtps_cpp.dir/rosidl_typesupport_fastrtps_cpp/dobot_msgs/action/detail/dds_fastrtps/point_to_point__type_support.cpp.o
[29.638s] [ 56%] Building CXX object CMakeFiles/dobot_msgs__rosidl_typesupport_introspection_cpp.dir/rosidl_typesupport_introspection_cpp/dobot_msgs/msg/detail/circle_target_array__type_support.cpp.o
[29.872s] [ 56%] Linking C shared library libdobot_msgs__rosidl_typesupport_introspection_c.so
[29.997s] [ 56%] Built target dobot_msgs__rosidl_typesupport_introspection_c
[30.879s] [ 57%] Building CXX object CMakeFiles/dobot_msgs__rosidl_typesupport_cpp.dir/rosidl_typesupport_cpp/dobot_msgs/msg/gripper_status__type_support.cpp.o
[31.168s] [ 58%] Building CXX object CMakeFiles/dobot_msgs__rosidl_typesupport_introspection_cpp.dir/rosidl_typesupport_introspection_cpp/dobot_msgs/msg/detail/circle_target__type_support.cpp.o
[31.283s] [ 59%] Building CXX object CMakeFiles/dobot_msgs__rosidl_typesupport_fastrtps_c.dir/rosidl_typesupport_fastrtps_c/dobot_msgs/action/detail/point_to_point__type_support_c.cpp.o
[32.130s] [ 59%] Building CXX object CMakeFiles/dobot_msgs__rosidl_typesupport_cpp.dir/rosidl_typesupport_cpp/dobot_msgs/action/sliding_rail__type_support.cpp.o
[32.499s] [ 60%] Building CXX object CMakeFiles/dobot_msgs__rosidl_typesupport_introspection_cpp.dir/rosidl_typesupport_introspection_cpp/dobot_msgs/srv/detail/evaluate_ptp_trajectory__type_support.cpp.o
[33.916s] [ 61%] Building CXX object CMakeFiles/dobot_msgs__rosidl_typesupport_fastrtps_c.dir/rosidl_typesupport_fastrtps_c/dobot_msgs/action/detail/sliding_rail__type_support_c.cpp.o
[33.993s] [ 62%] Building CXX object CMakeFiles/dobot_msgs__rosidl_typesupport_fastrtps_cpp.dir/rosidl_typesupport_fastrtps_cpp/dobot_msgs/msg/detail/dds_fastrtps/circle_target__type_support.cpp.o
[34.303s] [ 63%] Building CXX object CMakeFiles/dobot_msgs__rosidl_typesupport_introspection_cpp.dir/rosidl_typesupport_introspection_cpp/dobot_msgs/srv/detail/execute_homing_procedure__type_support.cpp.o
[35.107s] [ 64%] Building CXX object CMakeFiles/dobot_msgs__rosidl_typesupport_cpp.dir/rosidl_typesupport_cpp/dobot_msgs/msg/circle_target__type_support.cpp.o
[36.085s] [ 65%] Building CXX object CMakeFiles/dobot_msgs__rosidl_typesupport_fastrtps_cpp.dir/rosidl_typesupport_fastrtps_cpp/dobot_msgs/msg/detail/dds_fastrtps/gripper_status__type_support.cpp.o
[36.277s] [ 66%] Building CXX object CMakeFiles/dobot_msgs__rosidl_typesupport_introspection_cpp.dir/rosidl_typesupport_introspection_cpp/dobot_msgs/srv/detail/suction_cup_control__type_support.cpp.o
[36.464s] [ 67%] Building CXX object CMakeFiles/dobot_msgs__rosidl_typesupport_fastrtps_c.dir/rosidl_typesupport_fastrtps_c/dobot_msgs/msg/detail/dobot_alarm_codes__type_support_c.cpp.o
[36.499s] [ 68%] Building CXX object CMakeFiles/dobot_msgs__rosidl_typesupport_cpp.dir/rosidl_typesupport_cpp/dobot_msgs/msg/circle_target_array__type_support.cpp.o
[38.234s] [ 68%] Building CXX object CMakeFiles/dobot_msgs__rosidl_typesupport_cpp.dir/rosidl_typesupport_cpp/dobot_msgs/srv/evaluate_ptp_trajectory__type_support.cpp.o
[38.935s] [ 69%] Building CXX object CMakeFiles/dobot_msgs__rosidl_typesupport_fastrtps_cpp.dir/rosidl_typesupport_fastrtps_cpp/dobot_msgs/msg/detail/dds_fastrtps/circle_target_array__type_support.cpp.o
[39.125s] [ 70%] Building CXX object CMakeFiles/dobot_msgs__rosidl_typesupport_fastrtps_c.dir/rosidl_typesupport_fastrtps_c/dobot_msgs/msg/detail/gripper_status__type_support_c.cpp.o
[39.494s] [ 70%] Building CXX object CMakeFiles/dobot_msgs__rosidl_typesupport_introspection_cpp.dir/rosidl_typesupport_introspection_cpp/dobot_msgs/srv/detail/gripper_control__type_support.cpp.o
[41.237s] [ 71%] Building CXX object CMakeFiles/dobot_msgs__rosidl_typesupport_cpp.dir/rosidl_typesupport_cpp/dobot_msgs/srv/execute_homing_procedure__type_support.cpp.o
[41.772s] [ 72%] Linking CXX shared library libdobot_msgs__rosidl_typesupport_introspection_cpp.so
[42.215s] [ 73%] Building CXX object CMakeFiles/dobot_msgs__rosidl_typesupport_fastrtps_c.dir/rosidl_typesupport_fastrtps_c/dobot_msgs/msg/detail/circle_target_array__type_support_c.cpp.o
[42.272s] [ 73%] Built target dobot_msgs__rosidl_typesupport_introspection_cpp
[43.020s] [ 74%] Building CXX object CMakeFiles/dobot_msgs__rosidl_typesupport_fastrtps_cpp.dir/rosidl_typesupport_fastrtps_cpp/dobot_msgs/srv/detail/dds_fastrtps/evaluate_ptp_trajectory__type_support.cpp.o
[43.265s] [ 75%] Building CXX object CMakeFiles/dobot_msgs__rosidl_typesupport_cpp.dir/rosidl_typesupport_cpp/dobot_msgs/srv/suction_cup_control__type_support.cpp.o
[45.423s] [ 76%] Building CXX object CMakeFiles/dobot_msgs__rosidl_typesupport_cpp.dir/rosidl_typesupport_cpp/dobot_msgs/srv/gripper_control__type_support.cpp.o
[45.701s] [ 77%] Building CXX object CMakeFiles/dobot_msgs__rosidl_typesupport_fastrtps_c.dir/rosidl_typesupport_fastrtps_c/dobot_msgs/srv/detail/evaluate_ptp_trajectory__type_support_c.cpp.o
[46.246s] [ 78%] Building CXX object CMakeFiles/dobot_msgs__rosidl_typesupport_fastrtps_cpp.dir/rosidl_typesupport_fastrtps_cpp/dobot_msgs/srv/detail/dds_fastrtps/gripper_control__type_support.cpp.o
[46.822s] [ 79%] Linking CXX shared library libdobot_msgs__rosidl_typesupport_cpp.so
[47.127s] [ 79%] Built target dobot_msgs__rosidl_typesupport_cpp
[47.536s] [ 80%] Building CXX object CMakeFiles/dobot_msgs__rosidl_typesupport_fastrtps_c.dir/rosidl_typesupport_fastrtps_c/dobot_msgs/srv/detail/gripper_control__type_support_c.cpp.o
[48.480s] [ 81%] Building CXX object CMakeFiles/dobot_msgs__rosidl_typesupport_fastrtps_cpp.dir/rosidl_typesupport_fastrtps_cpp/dobot_msgs/srv/detail/dds_fastrtps/suction_cup_control__type_support.cpp.o
[48.978s] [ 81%] Building CXX object CMakeFiles/dobot_msgs__rosidl_typesupport_fastrtps_c.dir/rosidl_typesupport_fastrtps_c/dobot_msgs/srv/detail/suction_cup_control__type_support_c.cpp.o
[50.087s] [ 81%] Building CXX object CMakeFiles/dobot_msgs__rosidl_typesupport_fastrtps_cpp.dir/rosidl_typesupport_fastrtps_cpp/dobot_msgs/srv/detail/dds_fastrtps/execute_homing_procedure__type_support.cpp.o
[50.266s] [ 82%] Building CXX object CMakeFiles/dobot_msgs__rosidl_typesupport_fastrtps_c.dir/rosidl_typesupport_fastrtps_c/dobot_msgs/srv/detail/execute_homing_procedure__type_support_c.cpp.o
[51.582s] [ 82%] Building CXX object CMakeFiles/dobot_msgs__rosidl_typesupport_fastrtps_c.dir/rosidl_typesupport_fastrtps_c/dobot_msgs/msg/detail/circle_target__type_support_c.cpp.o
[51.640s] [ 82%] Building CXX object CMakeFiles/dobot_msgs__rosidl_typesupport_fastrtps_cpp.dir/rosidl_typesupport_fastrtps_cpp/dobot_msgs/msg/detail/dds_fastrtps/dobot_alarm_codes__type_support.cpp.o
[52.881s] [ 83%] Linking CXX shared library libdobot_msgs__rosidl_typesupport_fastrtps_c.so
[52.947s] [ 84%] Building CXX object CMakeFiles/dobot_msgs__rosidl_typesupport_fastrtps_cpp.dir/rosidl_typesupport_fastrtps_cpp/dobot_msgs/action/detail/dds_fastrtps/sliding_rail__type_support.cpp.o
[53.109s] [ 84%] Built target dobot_msgs__rosidl_typesupport_fastrtps_c
[55.183s] [ 85%] Linking CXX shared library libdobot_msgs__rosidl_typesupport_fastrtps_cpp.so
[55.409s] [ 85%] Built target dobot_msgs__rosidl_typesupport_fastrtps_cpp
[55.457s] [ 85%] Built target dobot_msgs
[55.506s] [ 86%] Generating Python code for ROS interfaces
[61.118s] [ 86%] Built target dobot_msgs__py
[61.162s] [ 87%] Building C object CMakeFiles/dobot_msgs__rosidl_generator_py.dir/rosidl_generator_py/dobot_msgs/action/_point_to_point_s.c.o
[61.171s] [ 87%] Building C object CMakeFiles/dobot_msgs__rosidl_generator_py.dir/rosidl_generator_py/dobot_msgs/action/_sliding_rail_s.c.o
[61.171s] [ 88%] Building C object CMakeFiles/dobot_msgs__rosidl_generator_py.dir/rosidl_generator_py/dobot_msgs/msg/_dobot_alarm_codes_s.c.o
[61.658s] [ 89%] Building C object CMakeFiles/dobot_msgs__rosidl_generator_py.dir/rosidl_generator_py/dobot_msgs/srv/_execute_homing_procedure_s.c.o
[61.661s] [ 89%] Building C object CMakeFiles/dobot_msgs__rosidl_generator_py.dir/rosidl_generator_py/dobot_msgs/srv/_evaluate_ptp_trajectory_s.c.o
[61.930s] [ 90%] Building C object CMakeFiles/dobot_msgs__rosidl_generator_py.dir/rosidl_generator_py/dobot_msgs/srv/_gripper_control_s.c.o
[61.965s] [ 91%] Building C object CMakeFiles/dobot_msgs__rosidl_generator_py.dir/rosidl_generator_py/dobot_msgs/srv/_suction_cup_control_s.c.o
[62.229s] [ 92%] Building C object CMakeFiles/dobot_msgs__rosidl_generator_py.dir/rosidl_generator_py/dobot_msgs/msg/_circle_target_array_s.c.o
[62.302s] [ 93%] Building C object CMakeFiles/dobot_msgs__rosidl_generator_py.dir/rosidl_generator_py/dobot_msgs/msg/_circle_target_s.c.o
[62.532s] [ 94%] Building C object CMakeFiles/dobot_msgs__rosidl_generator_py.dir/rosidl_generator_py/dobot_msgs/msg/_gripper_status_s.c.o
[62.881s] [ 95%] Linking C shared library libdobot_msgs__rosidl_generator_py.so
[63.001s] [ 95%] Built target dobot_msgs__rosidl_generator_py
[63.045s] [ 97%] Building C object CMakeFiles/dobot_msgs_s__rosidl_typesupport_fastrtps_c.dir/rosidl_generator_py/dobot_msgs/_dobot_msgs_s.ep.rosidl_typesupport_fastrtps_c.c.o
[63.045s] [ 97%] Building C object CMakeFiles/dobot_msgs_s__rosidl_typesupport_c.dir/rosidl_generator_py/dobot_msgs/_dobot_msgs_s.ep.rosidl_typesupport_c.c.o
[63.047s] [ 98%] Building C object CMakeFiles/dobot_msgs_s__rosidl_typesupport_introspection_c.dir/rosidl_generator_py/dobot_msgs/_dobot_msgs_s.ep.rosidl_typesupport_introspection_c.c.o
[63.644s] [ 99%] Linking C shared module rosidl_generator_py/dobot_msgs/dobot_msgs_s__rosidl_typesupport_introspection_c.so
[63.707s] [100%] Linking C shared module rosidl_generator_py/dobot_msgs/dobot_msgs_s__rosidl_typesupport_fastrtps_c.so
[63.723s] [100%] Built target dobot_msgs_s__rosidl_typesupport_introspection_c
[63.776s] [100%] Linking C shared module rosidl_generator_py/dobot_msgs/dobot_msgs_s__rosidl_typesupport_c.so
[63.785s] [100%] Built target dobot_msgs_s__rosidl_typesupport_fastrtps_c
[63.848s] [100%] Built target dobot_msgs_s__rosidl_typesupport_c
[63.875s] Invoked command in '/home/bbcontact/magician_ros2/build/dobot_msgs' returned '0': CMAKE_PREFIX_PATH=${CMAKE_PREFIX_PATH}:/opt/ros/jazzy DEBUGINFOD_URLS=https://debuginfod.ubuntu.com /usr/bin/cmake --build /home/bbcontact/magician_ros2/build/dobot_msgs -- -j8 -l8
[63.878s] Invoking command in '/home/bbcontact/magician_ros2/build/dobot_msgs': CMAKE_PREFIX_PATH=${CMAKE_PREFIX_PATH}:/opt/ros/jazzy DEBUGINFOD_URLS=https://debuginfod.ubuntu.com /usr/bin/cmake --install /home/bbcontact/magician_ros2/build/dobot_msgs
[63.897s] -- Install configuration: ""
[63.899s] -- Execute custom install script
[63.900s] -- Symlinking: /home/bbcontact/magician_ros2/install/dobot_msgs/share/ament_index/resource_index/rosidl_interfaces/dobot_msgs
[63.920s] -- Symlinking: /home/bbcontact/magician_ros2/install/dobot_msgs/share/dobot_msgs/action/PointToPoint.json
[63.942s] -- Symlinking: /home/bbcontact/magician_ros2/install/dobot_msgs/share/dobot_msgs/action/SlidingRail.json
[63.965s] -- Symlinking: /home/bbcontact/magician_ros2/install/dobot_msgs/share/dobot_msgs/msg/DobotAlarmCodes.json
[63.987s] -- Symlinking: /home/bbcontact/magician_ros2/install/dobot_msgs/share/dobot_msgs/msg/GripperStatus.json
[64.007s] -- Symlinking: /home/bbcontact/magician_ros2/install/dobot_msgs/share/dobot_msgs/msg/CircleTarget.json
[64.028s] -- Symlinking: /home/bbcontact/magician_ros2/install/dobot_msgs/share/dobot_msgs/msg/CircleTargetArray.json
[64.048s] -- Symlinking: /home/bbcontact/magician_ros2/install/dobot_msgs/share/dobot_msgs/srv/EvaluatePTPTrajectory.json
[64.068s] -- Symlinking: /home/bbcontact/magician_ros2/install/dobot_msgs/share/dobot_msgs/srv/ExecuteHomingProcedure.json
[64.091s] -- Symlinking: /home/bbcontact/magician_ros2/install/dobot_msgs/share/dobot_msgs/srv/GripperControl.json
[64.113s] -- Symlinking: /home/bbcontact/magician_ros2/install/dobot_msgs/share/dobot_msgs/srv/SuctionCupControl.json
[64.138s] -- Symlinking: /home/bbcontact/magician_ros2/install/dobot_msgs/include/dobot_msgs/dobot_msgs/action/detail/point_to_point__functions.h
[64.161s] -- Symlinking: /home/bbcontact/magician_ros2/install/dobot_msgs/include/dobot_msgs/dobot_msgs/action/detail/point_to_point__struct.h
[64.184s] -- Symlinking: /home/bbcontact/magician_ros2/install/dobot_msgs/include/dobot_msgs/dobot_msgs/action/detail/point_to_point__type_support.h
[64.205s] -- Symlinking: /home/bbcontact/magician_ros2/install/dobot_msgs/include/dobot_msgs/dobot_msgs/action/detail/sliding_rail__functions.h
[64.225s] -- Symlinking: /home/bbcontact/magician_ros2/install/dobot_msgs/include/dobot_msgs/dobot_msgs/action/detail/sliding_rail__struct.h
[64.245s] -- Symlinking: /home/bbcontact/magician_ros2/install/dobot_msgs/include/dobot_msgs/dobot_msgs/action/detail/sliding_rail__type_support.h
[64.264s] -- Symlinking: /home/bbcontact/magician_ros2/install/dobot_msgs/include/dobot_msgs/dobot_msgs/action/point_to_point.h
[64.282s] -- Symlinking: /home/bbcontact/magician_ros2/install/dobot_msgs/include/dobot_msgs/dobot_msgs/action/sliding_rail.h
[64.301s] -- Symlinking: /home/bbcontact/magician_ros2/install/dobot_msgs/include/dobot_msgs/dobot_msgs/msg/circle_target.h
[64.320s] -- Symlinking: /home/bbcontact/magician_ros2/install/dobot_msgs/include/dobot_msgs/dobot_msgs/msg/circle_target_array.h
[64.339s] -- Symlinking: /home/bbcontact/magician_ros2/install/dobot_msgs/include/dobot_msgs/dobot_msgs/msg/detail/circle_target__functions.h
[64.359s] -- Symlinking: /home/bbcontact/magician_ros2/install/dobot_msgs/include/dobot_msgs/dobot_msgs/msg/detail/circle_target__struct.h
[64.378s] -- Symlinking: /home/bbcontact/magician_ros2/install/dobot_msgs/include/dobot_msgs/dobot_msgs/msg/detail/circle_target__type_support.h
[64.397s] -- Symlinking: /home/bbcontact/magician_ros2/install/dobot_msgs/include/dobot_msgs/dobot_msgs/msg/detail/circle_target_array__functions.h
[64.415s] -- Symlinking: /home/bbcontact/magician_ros2/install/dobot_msgs/include/dobot_msgs/dobot_msgs/msg/detail/circle_target_array__struct.h
[64.433s] -- Symlinking: /home/bbcontact/magician_ros2/install/dobot_msgs/include/dobot_msgs/dobot_msgs/msg/detail/circle_target_array__type_support.h
[64.452s] -- Symlinking: /home/bbcontact/magician_ros2/install/dobot_msgs/include/dobot_msgs/dobot_msgs/msg/detail/dobot_alarm_codes__functions.h
[64.469s] -- Symlinking: /home/bbcontact/magician_ros2/install/dobot_msgs/include/dobot_msgs/dobot_msgs/msg/detail/dobot_alarm_codes__struct.h
[64.488s] -- Symlinking: /home/bbcontact/magician_ros2/install/dobot_msgs/include/dobot_msgs/dobot_msgs/msg/detail/dobot_alarm_codes__type_support.h
[64.505s] -- Symlinking: /home/bbcontact/magician_ros2/install/dobot_msgs/include/dobot_msgs/dobot_msgs/msg/detail/gripper_status__functions.h
[64.524s] -- Symlinking: /home/bbcontact/magician_ros2/install/dobot_msgs/include/dobot_msgs/dobot_msgs/msg/detail/gripper_status__struct.h
[64.542s] -- Symlinking: /home/bbcontact/magician_ros2/install/dobot_msgs/include/dobot_msgs/dobot_msgs/msg/detail/gripper_status__type_support.h
[64.560s] -- Symlinking: /home/bbcontact/magician_ros2/install/dobot_msgs/include/dobot_msgs/dobot_msgs/msg/dobot_alarm_codes.h
[64.578s] -- Symlinking: /home/bbcontact/magician_ros2/install/dobot_msgs/include/dobot_msgs/dobot_msgs/msg/gripper_status.h
[64.596s] -- Symlinking: /home/bbcontact/magician_ros2/install/dobot_msgs/include/dobot_msgs/dobot_msgs/msg/rosidl_generator_c__visibility_control.h
[64.614s] -- Symlinking: /home/bbcontact/magician_ros2/install/dobot_msgs/include/dobot_msgs/dobot_msgs/srv/detail/evaluate_ptp_trajectory__functions.h
[64.631s] -- Symlinking: /home/bbcontact/magician_ros2/install/dobot_msgs/include/dobot_msgs/dobot_msgs/srv/detail/evaluate_ptp_trajectory__struct.h
[64.649s] -- Symlinking: /home/bbcontact/magician_ros2/install/dobot_msgs/include/dobot_msgs/dobot_msgs/srv/detail/evaluate_ptp_trajectory__type_support.h
[64.667s] -- Symlinking: /home/bbcontact/magician_ros2/install/dobot_msgs/include/dobot_msgs/dobot_msgs/srv/detail/execute_homing_procedure__functions.h
[64.684s] -- Symlinking: /home/bbcontact/magician_ros2/install/dobot_msgs/include/dobot_msgs/dobot_msgs/srv/detail/execute_homing_procedure__struct.h
[64.704s] -- Symlinking: /home/bbcontact/magician_ros2/install/dobot_msgs/include/dobot_msgs/dobot_msgs/srv/detail/execute_homing_procedure__type_support.h
[64.723s] -- Symlinking: /home/bbcontact/magician_ros2/install/dobot_msgs/include/dobot_msgs/dobot_msgs/srv/detail/gripper_control__functions.h
[64.742s] -- Symlinking: /home/bbcontact/magician_ros2/install/dobot_msgs/include/dobot_msgs/dobot_msgs/srv/detail/gripper_control__struct.h
[64.762s] -- Symlinking: /home/bbcontact/magician_ros2/install/dobot_msgs/include/dobot_msgs/dobot_msgs/srv/detail/gripper_control__type_support.h
[64.781s] -- Symlinking: /home/bbcontact/magician_ros2/install/dobot_msgs/include/dobot_msgs/dobot_msgs/srv/detail/suction_cup_control__functions.h
[64.800s] -- Symlinking: /home/bbcontact/magician_ros2/install/dobot_msgs/include/dobot_msgs/dobot_msgs/srv/detail/suction_cup_control__struct.h
[64.818s] -- Symlinking: /home/bbcontact/magician_ros2/install/dobot_msgs/include/dobot_msgs/dobot_msgs/srv/detail/suction_cup_control__type_support.h
[64.836s] -- Symlinking: /home/bbcontact/magician_ros2/install/dobot_msgs/include/dobot_msgs/dobot_msgs/srv/evaluate_ptp_trajectory.h
[64.854s] -- Symlinking: /home/bbcontact/magician_ros2/install/dobot_msgs/include/dobot_msgs/dobot_msgs/srv/execute_homing_procedure.h
[64.872s] -- Symlinking: /home/bbcontact/magician_ros2/install/dobot_msgs/include/dobot_msgs/dobot_msgs/srv/gripper_control.h
[64.890s] -- Symlinking: /home/bbcontact/magician_ros2/install/dobot_msgs/include/dobot_msgs/dobot_msgs/srv/suction_cup_control.h
[64.908s] -- Symlinking: /home/bbcontact/magician_ros2/install/dobot_msgs/share/dobot_msgs/environment/library_path.sh
[64.925s] -- Symlinking: /home/bbcontact/magician_ros2/install/dobot_msgs/share/dobot_msgs/environment/library_path.dsv
[64.943s] -- Symlinking: /home/bbcontact/magician_ros2/install/dobot_msgs/include/dobot_msgs/dobot_msgs/action/detail/point_to_point__rosidl_typesupport_fastrtps_c.h
[64.961s] -- Symlinking: /home/bbcontact/magician_ros2/install/dobot_msgs/include/dobot_msgs/dobot_msgs/action/detail/sliding_rail__rosidl_typesupport_fastrtps_c.h
[64.978s] -- Symlinking: /home/bbcontact/magician_ros2/install/dobot_msgs/include/dobot_msgs/dobot_msgs/msg/detail/circle_target__rosidl_typesupport_fastrtps_c.h
[64.995s] -- Symlinking: /home/bbcontact/magician_ros2/install/dobot_msgs/include/dobot_msgs/dobot_msgs/msg/detail/circle_target_array__rosidl_typesupport_fastrtps_c.h
[65.014s] -- Symlinking: /home/bbcontact/magician_ros2/install/dobot_msgs/include/dobot_msgs/dobot_msgs/msg/detail/dobot_alarm_codes__rosidl_typesupport_fastrtps_c.h
[65.032s] -- Symlinking: /home/bbcontact/magician_ros2/install/dobot_msgs/include/dobot_msgs/dobot_msgs/msg/detail/gripper_status__rosidl_typesupport_fastrtps_c.h
[65.051s] -- Symlinking: /home/bbcontact/magician_ros2/install/dobot_msgs/include/dobot_msgs/dobot_msgs/msg/rosidl_typesupport_fastrtps_c__visibility_control.h
[65.071s] -- Symlinking: /home/bbcontact/magician_ros2/install/dobot_msgs/include/dobot_msgs/dobot_msgs/srv/detail/evaluate_ptp_trajectory__rosidl_typesupport_fastrtps_c.h
[65.091s] -- Symlinking: /home/bbcontact/magician_ros2/install/dobot_msgs/include/dobot_msgs/dobot_msgs/srv/detail/execute_homing_procedure__rosidl_typesupport_fastrtps_c.h
[65.111s] -- Symlinking: /home/bbcontact/magician_ros2/install/dobot_msgs/include/dobot_msgs/dobot_msgs/srv/detail/gripper_control__rosidl_typesupport_fastrtps_c.h
[65.130s] -- Symlinking: /home/bbcontact/magician_ros2/install/dobot_msgs/include/dobot_msgs/dobot_msgs/srv/detail/suction_cup_control__rosidl_typesupport_fastrtps_c.h
[65.152s] -- Symlinking: /home/bbcontact/magician_ros2/install/dobot_msgs/include/dobot_msgs/dobot_msgs/action/detail/point_to_point__rosidl_typesupport_introspection_c.h
[65.175s] -- Symlinking: /home/bbcontact/magician_ros2/install/dobot_msgs/include/dobot_msgs/dobot_msgs/action/detail/sliding_rail__rosidl_typesupport_introspection_c.h
[65.195s] -- Symlinking: /home/bbcontact/magician_ros2/install/dobot_msgs/include/dobot_msgs/dobot_msgs/msg/detail/circle_target__rosidl_typesupport_introspection_c.h
[65.215s] -- Symlinking: /home/bbcontact/magician_ros2/install/dobot_msgs/include/dobot_msgs/dobot_msgs/msg/detail/circle_target_array__rosidl_typesupport_introspection_c.h
[65.234s] -- Symlinking: /home/bbcontact/magician_ros2/install/dobot_msgs/include/dobot_msgs/dobot_msgs/msg/detail/dobot_alarm_codes__rosidl_typesupport_introspection_c.h
[65.252s] -- Symlinking: /home/bbcontact/magician_ros2/install/dobot_msgs/include/dobot_msgs/dobot_msgs/msg/detail/gripper_status__rosidl_typesupport_introspection_c.h
[65.270s] -- Symlinking: /home/bbcontact/magician_ros2/install/dobot_msgs/include/dobot_msgs/dobot_msgs/msg/rosidl_typesupport_introspection_c__visibility_control.h
[65.289s] -- Symlinking: /home/bbcontact/magician_ros2/install/dobot_msgs/include/dobot_msgs/dobot_msgs/srv/detail/evaluate_ptp_trajectory__rosidl_typesupport_introspection_c.h
[65.308s] -- Symlinking: /home/bbcontact/magician_ros2/install/dobot_msgs/include/dobot_msgs/dobot_msgs/srv/detail/execute_homing_procedure__rosidl_typesupport_introspection_c.h
[65.327s] -- Symlinking: /home/bbcontact/magician_ros2/install/dobot_msgs/include/dobot_msgs/dobot_msgs/srv/detail/gripper_control__rosidl_typesupport_introspection_c.h
[65.346s] -- Symlinking: /home/bbcontact/magician_ros2/install/dobot_msgs/include/dobot_msgs/dobot_msgs/srv/detail/suction_cup_control__rosidl_typesupport_introspection_c.h
[65.367s] -- Symlinking: /home/bbcontact/magician_ros2/install/dobot_msgs/include/dobot_msgs/dobot_msgs/action/detail/point_to_point__builder.hpp
[65.386s] -- Symlinking: /home/bbcontact/magician_ros2/install/dobot_msgs/include/dobot_msgs/dobot_msgs/action/detail/point_to_point__struct.hpp
[65.404s] -- Symlinking: /home/bbcontact/magician_ros2/install/dobot_msgs/include/dobot_msgs/dobot_msgs/action/detail/point_to_point__traits.hpp
[65.423s] -- Symlinking: /home/bbcontact/magician_ros2/install/dobot_msgs/include/dobot_msgs/dobot_msgs/action/detail/point_to_point__type_support.hpp
[65.442s] -- Symlinking: /home/bbcontact/magician_ros2/install/dobot_msgs/include/dobot_msgs/dobot_msgs/action/detail/sliding_rail__builder.hpp
[65.461s] -- Symlinking: /home/bbcontact/magician_ros2/install/dobot_msgs/include/dobot_msgs/dobot_msgs/action/detail/sliding_rail__struct.hpp
[65.480s] -- Symlinking: /home/bbcontact/magician_ros2/install/dobot_msgs/include/dobot_msgs/dobot_msgs/action/detail/sliding_rail__traits.hpp
[65.499s] -- Symlinking: /home/bbcontact/magician_ros2/install/dobot_msgs/include/dobot_msgs/dobot_msgs/action/detail/sliding_rail__type_support.hpp
[65.518s] -- Symlinking: /home/bbcontact/magician_ros2/install/dobot_msgs/include/dobot_msgs/dobot_msgs/action/point_to_point.hpp
[65.539s] -- Symlinking: /home/bbcontact/magician_ros2/install/dobot_msgs/include/dobot_msgs/dobot_msgs/action/sliding_rail.hpp
[65.560s] -- Symlinking: /home/bbcontact/magician_ros2/install/dobot_msgs/include/dobot_msgs/dobot_msgs/msg/circle_target.hpp
[65.580s] -- Symlinking: /home/bbcontact/magician_ros2/install/dobot_msgs/include/dobot_msgs/dobot_msgs/msg/circle_target_array.hpp
[65.600s] -- Symlinking: /home/bbcontact/magician_ros2/install/dobot_msgs/include/dobot_msgs/dobot_msgs/msg/detail/circle_target__builder.hpp
[65.619s] -- Symlinking: /home/bbcontact/magician_ros2/install/dobot_msgs/include/dobot_msgs/dobot_msgs/msg/detail/circle_target__struct.hpp
[65.639s] -- Symlinking: /home/bbcontact/magician_ros2/install/dobot_msgs/include/dobot_msgs/dobot_msgs/msg/detail/circle_target__traits.hpp
[65.658s] -- Symlinking: /home/bbcontact/magician_ros2/install/dobot_msgs/include/dobot_msgs/dobot_msgs/msg/detail/circle_target__type_support.hpp
[65.677s] -- Symlinking: /home/bbcontact/magician_ros2/install/dobot_msgs/include/dobot_msgs/dobot_msgs/msg/detail/circle_target_array__builder.hpp
[65.697s] -- Symlinking: /home/bbcontact/magician_ros2/install/dobot_msgs/include/dobot_msgs/dobot_msgs/msg/detail/circle_target_array__struct.hpp
[65.716s] -- Symlinking: /home/bbcontact/magician_ros2/install/dobot_msgs/include/dobot_msgs/dobot_msgs/msg/detail/circle_target_array__traits.hpp
[65.735s] -- Symlinking: /home/bbcontact/magician_ros2/install/dobot_msgs/include/dobot_msgs/dobot_msgs/msg/detail/circle_target_array__type_support.hpp
[65.754s] -- Symlinking: /home/bbcontact/magician_ros2/install/dobot_msgs/include/dobot_msgs/dobot_msgs/msg/detail/dobot_alarm_codes__builder.hpp
[65.774s] -- Symlinking: /home/bbcontact/magician_ros2/install/dobot_msgs/include/dobot_msgs/dobot_msgs/msg/detail/dobot_alarm_codes__struct.hpp
[65.792s] -- Symlinking: /home/bbcontact/magician_ros2/install/dobot_msgs/include/dobot_msgs/dobot_msgs/msg/detail/dobot_alarm_codes__traits.hpp
[65.811s] -- Symlinking: /home/bbcontact/magician_ros2/install/dobot_msgs/include/dobot_msgs/dobot_msgs/msg/detail/dobot_alarm_codes__type_support.hpp
[65.831s] -- Symlinking: /home/bbcontact/magician_ros2/install/dobot_msgs/include/dobot_msgs/dobot_msgs/msg/detail/gripper_status__builder.hpp
[65.850s] -- Symlinking: /home/bbcontact/magician_ros2/install/dobot_msgs/include/dobot_msgs/dobot_msgs/msg/detail/gripper_status__struct.hpp
[65.869s] -- Symlinking: /home/bbcontact/magician_ros2/install/dobot_msgs/include/dobot_msgs/dobot_msgs/msg/detail/gripper_status__traits.hpp
[65.889s] -- Symlinking: /home/bbcontact/magician_ros2/install/dobot_msgs/include/dobot_msgs/dobot_msgs/msg/detail/gripper_status__type_support.hpp
[65.910s] -- Symlinking: /home/bbcontact/magician_ros2/install/dobot_msgs/include/dobot_msgs/dobot_msgs/msg/dobot_alarm_codes.hpp
[65.930s] -- Symlinking: /home/bbcontact/magician_ros2/install/dobot_msgs/include/dobot_msgs/dobot_msgs/msg/gripper_status.hpp
[65.951s] -- Symlinking: /home/bbcontact/magician_ros2/install/dobot_msgs/include/dobot_msgs/dobot_msgs/msg/rosidl_generator_cpp__visibility_control.hpp
[65.972s] -- Symlinking: /home/bbcontact/magician_ros2/install/dobot_msgs/include/dobot_msgs/dobot_msgs/srv/detail/evaluate_ptp_trajectory__builder.hpp
[65.993s] -- Symlinking: /home/bbcontact/magician_ros2/install/dobot_msgs/include/dobot_msgs/dobot_msgs/srv/detail/evaluate_ptp_trajectory__struct.hpp
[66.012s] -- Symlinking: /home/bbcontact/magician_ros2/install/dobot_msgs/include/dobot_msgs/dobot_msgs/srv/detail/evaluate_ptp_trajectory__traits.hpp
[66.031s] -- Symlinking: /home/bbcontact/magician_ros2/install/dobot_msgs/include/dobot_msgs/dobot_msgs/srv/detail/evaluate_ptp_trajectory__type_support.hpp
[66.050s] -- Symlinking: /home/bbcontact/magician_ros2/install/dobot_msgs/include/dobot_msgs/dobot_msgs/srv/detail/execute_homing_procedure__builder.hpp
[66.068s] -- Symlinking: /home/bbcontact/magician_ros2/install/dobot_msgs/include/dobot_msgs/dobot_msgs/srv/detail/execute_homing_procedure__struct.hpp
[66.085s] -- Symlinking: /home/bbcontact/magician_ros2/install/dobot_msgs/include/dobot_msgs/dobot_msgs/srv/detail/execute_homing_procedure__traits.hpp
[66.103s] -- Symlinking: /home/bbcontact/magician_ros2/install/dobot_msgs/include/dobot_msgs/dobot_msgs/srv/detail/execute_homing_procedure__type_support.hpp
[66.121s] -- Symlinking: /home/bbcontact/magician_ros2/install/dobot_msgs/include/dobot_msgs/dobot_msgs/srv/detail/gripper_control__builder.hpp
[66.139s] -- Symlinking: /home/bbcontact/magician_ros2/install/dobot_msgs/include/dobot_msgs/dobot_msgs/srv/detail/gripper_control__struct.hpp
[66.157s] -- Symlinking: /home/bbcontact/magician_ros2/install/dobot_msgs/include/dobot_msgs/dobot_msgs/srv/detail/gripper_control__traits.hpp
[66.175s] -- Symlinking: /home/bbcontact/magician_ros2/install/dobot_msgs/include/dobot_msgs/dobot_msgs/srv/detail/gripper_control__type_support.hpp
[66.193s] -- Symlinking: /home/bbcontact/magician_ros2/install/dobot_msgs/include/dobot_msgs/dobot_msgs/srv/detail/suction_cup_control__builder.hpp
[66.210s] -- Symlinking: /home/bbcontact/magician_ros2/install/dobot_msgs/include/dobot_msgs/dobot_msgs/srv/detail/suction_cup_control__struct.hpp
[66.228s] -- Symlinking: /home/bbcontact/magician_ros2/install/dobot_msgs/include/dobot_msgs/dobot_msgs/srv/detail/suction_cup_control__traits.hpp
[66.246s] -- Symlinking: /home/bbcontact/magician_ros2/install/dobot_msgs/include/dobot_msgs/dobot_msgs/srv/detail/suction_cup_control__type_support.hpp
[66.264s] -- Symlinking: /home/bbcontact/magician_ros2/install/dobot_msgs/include/dobot_msgs/dobot_msgs/srv/evaluate_ptp_trajectory.hpp
[66.282s] -- Symlinking: /home/bbcontact/magician_ros2/install/dobot_msgs/include/dobot_msgs/dobot_msgs/srv/execute_homing_procedure.hpp
[66.300s] -- Symlinking: /home/bbcontact/magician_ros2/install/dobot_msgs/include/dobot_msgs/dobot_msgs/srv/gripper_control.hpp
[66.318s] -- Symlinking: /home/bbcontact/magician_ros2/install/dobot_msgs/include/dobot_msgs/dobot_msgs/srv/suction_cup_control.hpp
[66.337s] -- Symlinking: /home/bbcontact/magician_ros2/install/dobot_msgs/include/dobot_msgs/dobot_msgs/action/detail/point_to_point__rosidl_typesupport_fastrtps_cpp.hpp
[66.354s] -- Symlinking: /home/bbcontact/magician_ros2/install/dobot_msgs/include/dobot_msgs/dobot_msgs/action/detail/sliding_rail__rosidl_typesupport_fastrtps_cpp.hpp
[66.371s] -- Symlinking: /home/bbcontact/magician_ros2/install/dobot_msgs/include/dobot_msgs/dobot_msgs/msg/detail/circle_target__rosidl_typesupport_fastrtps_cpp.hpp
[66.389s] -- Symlinking: /home/bbcontact/magician_ros2/install/dobot_msgs/include/dobot_msgs/dobot_msgs/msg/detail/circle_target_array__rosidl_typesupport_fastrtps_cpp.hpp
[66.408s] -- Symlinking: /home/bbcontact/magician_ros2/install/dobot_msgs/include/dobot_msgs/dobot_msgs/msg/detail/dobot_alarm_codes__rosidl_typesupport_fastrtps_cpp.hpp
[66.425s] -- Symlinking: /home/bbcontact/magician_ros2/install/dobot_msgs/include/dobot_msgs/dobot_msgs/msg/detail/gripper_status__rosidl_typesupport_fastrtps_cpp.hpp
[66.443s] -- Symlinking: /home/bbcontact/magician_ros2/install/dobot_msgs/include/dobot_msgs/dobot_msgs/msg/rosidl_typesupport_fastrtps_cpp__visibility_control.h
[66.461s] -- Symlinking: /home/bbcontact/magician_ros2/install/dobot_msgs/include/dobot_msgs/dobot_msgs/srv/detail/evaluate_ptp_trajectory__rosidl_typesupport_fastrtps_cpp.hpp
[66.478s] -- Symlinking: /home/bbcontact/magician_ros2/install/dobot_msgs/include/dobot_msgs/dobot_msgs/srv/detail/execute_homing_procedure__rosidl_typesupport_fastrtps_cpp.hpp
[66.497s] -- Symlinking: /home/bbcontact/magician_ros2/install/dobot_msgs/include/dobot_msgs/dobot_msgs/srv/detail/gripper_control__rosidl_typesupport_fastrtps_cpp.hpp
[66.516s] -- Symlinking: /home/bbcontact/magician_ros2/install/dobot_msgs/include/dobot_msgs/dobot_msgs/srv/detail/suction_cup_control__rosidl_typesupport_fastrtps_cpp.hpp
[66.535s] -- Symlinking: /home/bbcontact/magician_ros2/install/dobot_msgs/include/dobot_msgs/dobot_msgs/action/detail/point_to_point__rosidl_typesupport_introspection_cpp.hpp
[66.555s] -- Symlinking: /home/bbcontact/magician_ros2/install/dobot_msgs/include/dobot_msgs/dobot_msgs/action/detail/sliding_rail__rosidl_typesupport_introspection_cpp.hpp
[66.574s] -- Symlinking: /home/bbcontact/magician_ros2/install/dobot_msgs/include/dobot_msgs/dobot_msgs/msg/detail/circle_target__rosidl_typesupport_introspection_cpp.hpp
[66.593s] -- Symlinking: /home/bbcontact/magician_ros2/install/dobot_msgs/include/dobot_msgs/dobot_msgs/msg/detail/circle_target_array__rosidl_typesupport_introspection_cpp.hpp
[66.612s] -- Symlinking: /home/bbcontact/magician_ros2/install/dobot_msgs/include/dobot_msgs/dobot_msgs/msg/detail/dobot_alarm_codes__rosidl_typesupport_introspection_cpp.hpp
[66.631s] -- Symlinking: /home/bbcontact/magician_ros2/install/dobot_msgs/include/dobot_msgs/dobot_msgs/msg/detail/gripper_status__rosidl_typesupport_introspection_cpp.hpp
[66.650s] -- Symlinking: /home/bbcontact/magician_ros2/install/dobot_msgs/include/dobot_msgs/dobot_msgs/srv/detail/evaluate_ptp_trajectory__rosidl_typesupport_introspection_cpp.hpp
[66.669s] -- Symlinking: /home/bbcontact/magician_ros2/install/dobot_msgs/include/dobot_msgs/dobot_msgs/srv/detail/execute_homing_procedure__rosidl_typesupport_introspection_cpp.hpp
[66.688s] -- Symlinking: /home/bbcontact/magician_ros2/install/dobot_msgs/include/dobot_msgs/dobot_msgs/srv/detail/gripper_control__rosidl_typesupport_introspection_cpp.hpp
[66.708s] -- Symlinking: /home/bbcontact/magician_ros2/install/dobot_msgs/include/dobot_msgs/dobot_msgs/srv/detail/suction_cup_control__rosidl_typesupport_introspection_cpp.hpp
[66.726s] -- Symlinking: /home/bbcontact/magician_ros2/install/dobot_msgs/share/dobot_msgs/environment/pythonpath.sh
[66.750s] -- Symlinking: /home/bbcontact/magician_ros2/install/dobot_msgs/share/dobot_msgs/environment/pythonpath.dsv
[66.769s] -- Symlinking: /home/bbcontact/magician_ros2/install/dobot_msgs/lib/python3.12/site-packages/dobot_msgs-1.0.0-py3.12.egg-info/PKG-INFO
[66.788s] -- Symlinking: /home/bbcontact/magician_ros2/install/dobot_msgs/lib/python3.12/site-packages/dobot_msgs-1.0.0-py3.12.egg-info/SOURCES.txt
[66.809s] -- Symlinking: /home/bbcontact/magician_ros2/install/dobot_msgs/lib/python3.12/site-packages/dobot_msgs-1.0.0-py3.12.egg-info/dependency_links.txt
[66.832s] -- Symlinking: /home/bbcontact/magician_ros2/install/dobot_msgs/lib/python3.12/site-packages/dobot_msgs-1.0.0-py3.12.egg-info/top_level.txt
[66.854s] -- Symlinking: /home/bbcontact/magician_ros2/install/dobot_msgs/lib/python3.12/site-packages/dobot_msgs/__init__.py
[66.872s] -- Symlinking: /home/bbcontact/magician_ros2/install/dobot_msgs/lib/python3.12/site-packages/dobot_msgs/_dobot_msgs_s.ep.rosidl_typesupport_c.c
[66.890s] -- Symlinking: /home/bbcontact/magician_ros2/install/dobot_msgs/lib/python3.12/site-packages/dobot_msgs/_dobot_msgs_s.ep.rosidl_typesupport_fastrtps_c.c
[66.909s] -- Symlinking: /home/bbcontact/magician_ros2/install/dobot_msgs/lib/python3.12/site-packages/dobot_msgs/_dobot_msgs_s.ep.rosidl_typesupport_introspection_c.c
[66.926s] -- Symlinking: /home/bbcontact/magician_ros2/install/dobot_msgs/lib/python3.12/site-packages/dobot_msgs/action/__init__.py
[66.943s] -- Symlinking: /home/bbcontact/magician_ros2/install/dobot_msgs/lib/python3.12/site-packages/dobot_msgs/action/_point_to_point.py
[66.960s] -- Symlinking: /home/bbcontact/magician_ros2/install/dobot_msgs/lib/python3.12/site-packages/dobot_msgs/action/_point_to_point_s.c
[66.977s] -- Symlinking: /home/bbcontact/magician_ros2/install/dobot_msgs/lib/python3.12/site-packages/dobot_msgs/action/_sliding_rail.py
[66.993s] -- Symlinking: /home/bbcontact/magician_ros2/install/dobot_msgs/lib/python3.12/site-packages/dobot_msgs/action/_sliding_rail_s.c
[67.010s] -- Symlinking: /home/bbcontact/magician_ros2/install/dobot_msgs/lib/python3.12/site-packages/dobot_msgs/dobot_msgs_s__rosidl_typesupport_c.so
[67.027s] -- Symlinking: /home/bbcontact/magician_ros2/install/dobot_msgs/lib/python3.12/site-packages/dobot_msgs/dobot_msgs_s__rosidl_typesupport_fastrtps_c.so
[67.044s] -- Symlinking: /home/bbcontact/magician_ros2/install/dobot_msgs/lib/python3.12/site-packages/dobot_msgs/dobot_msgs_s__rosidl_typesupport_introspection_c.so
[67.061s] -- Symlinking: /home/bbcontact/magician_ros2/install/dobot_msgs/lib/python3.12/site-packages/dobot_msgs/msg/__init__.py
[67.078s] -- Symlinking: /home/bbcontact/magician_ros2/install/dobot_msgs/lib/python3.12/site-packages/dobot_msgs/msg/_circle_target.py
[67.097s] -- Symlinking: /home/bbcontact/magician_ros2/install/dobot_msgs/lib/python3.12/site-packages/dobot_msgs/msg/_circle_target_array.py
[67.115s] -- Symlinking: /home/bbcontact/magician_ros2/install/dobot_msgs/lib/python3.12/site-packages/dobot_msgs/msg/_circle_target_array_s.c
[67.133s] -- Symlinking: /home/bbcontact/magician_ros2/install/dobot_msgs/lib/python3.12/site-packages/dobot_msgs/msg/_circle_target_s.c
[67.152s] -- Symlinking: /home/bbcontact/magician_ros2/install/dobot_msgs/lib/python3.12/site-packages/dobot_msgs/msg/_dobot_alarm_codes.py
[67.170s] -- Symlinking: /home/bbcontact/magician_ros2/install/dobot_msgs/lib/python3.12/site-packages/dobot_msgs/msg/_dobot_alarm_codes_s.c
[67.188s] -- Symlinking: /home/bbcontact/magician_ros2/install/dobot_msgs/lib/python3.12/site-packages/dobot_msgs/msg/_gripper_status.py
[67.206s] -- Symlinking: /home/bbcontact/magician_ros2/install/dobot_msgs/lib/python3.12/site-packages/dobot_msgs/msg/_gripper_status_s.c
[67.224s] -- Symlinking: /home/bbcontact/magician_ros2/install/dobot_msgs/lib/python3.12/site-packages/dobot_msgs/srv/__init__.py
[67.241s] -- Symlinking: /home/bbcontact/magician_ros2/install/dobot_msgs/lib/python3.12/site-packages/dobot_msgs/srv/_evaluate_ptp_trajectory.py
[67.258s] -- Symlinking: /home/bbcontact/magician_ros2/install/dobot_msgs/lib/python3.12/site-packages/dobot_msgs/srv/_evaluate_ptp_trajectory_s.c
[67.274s] -- Symlinking: /home/bbcontact/magician_ros2/install/dobot_msgs/lib/python3.12/site-packages/dobot_msgs/srv/_execute_homing_procedure.py
[67.291s] -- Symlinking: /home/bbcontact/magician_ros2/install/dobot_msgs/lib/python3.12/site-packages/dobot_msgs/srv/_execute_homing_procedure_s.c
[67.308s] -- Symlinking: /home/bbcontact/magician_ros2/install/dobot_msgs/lib/python3.12/site-packages/dobot_msgs/srv/_gripper_control.py
[67.324s] -- Symlinking: /home/bbcontact/magician_ros2/install/dobot_msgs/lib/python3.12/site-packages/dobot_msgs/srv/_gripper_control_s.c
[67.341s] -- Symlinking: /home/bbcontact/magician_ros2/install/dobot_msgs/lib/python3.12/site-packages/dobot_msgs/srv/_suction_cup_control.py
[67.359s] -- Symlinking: /home/bbcontact/magician_ros2/install/dobot_msgs/lib/python3.12/site-packages/dobot_msgs/srv/_suction_cup_control_s.c
[67.376s] -- Up-to-date symlink: /home/bbcontact/magician_ros2/install/dobot_msgs/lib/python3.12/site-packages/dobot_msgs/dobot_msgs_s__rosidl_typesupport_fastrtps_c.so
[67.377s] -- Up-to-date symlink: /home/bbcontact/magician_ros2/install/dobot_msgs/lib/python3.12/site-packages/dobot_msgs/dobot_msgs_s__rosidl_typesupport_introspection_c.so
[67.378s] -- Up-to-date symlink: /home/bbcontact/magician_ros2/install/dobot_msgs/lib/python3.12/site-packages/dobot_msgs/dobot_msgs_s__rosidl_typesupport_c.so
[67.379s] -- Symlinking: /home/bbcontact/magician_ros2/install/dobot_msgs/share/dobot_msgs/rust/Cargo.toml
[67.396s] -- Symlinking: /home/bbcontact/magician_ros2/install/dobot_msgs/share/dobot_msgs/rust/build.rs
[67.412s] -- Symlinking: /home/bbcontact/magician_ros2/install/dobot_msgs/share/dobot_msgs/rust/src/action.rs
[67.430s] -- Symlinking: /home/bbcontact/magician_ros2/install/dobot_msgs/share/dobot_msgs/rust/src/action/rmw.rs
[67.447s] -- Symlinking: /home/bbcontact/magician_ros2/install/dobot_msgs/share/dobot_msgs/rust/src/lib.rs
[67.464s] -- Symlinking: /home/bbcontact/magician_ros2/install/dobot_msgs/share/dobot_msgs/rust/src/msg.rs
[67.481s] -- Symlinking: /home/bbcontact/magician_ros2/install/dobot_msgs/share/dobot_msgs/rust/src/msg/rmw.rs
[67.498s] -- Symlinking: /home/bbcontact/magician_ros2/install/dobot_msgs/share/dobot_msgs/rust/src/srv.rs
[67.516s] -- Symlinking: /home/bbcontact/magician_ros2/install/dobot_msgs/share/dobot_msgs/rust/src/srv/rmw.rs
[67.533s] -- Symlinking: /home/bbcontact/magician_ros2/install/dobot_msgs/share/dobot_msgs/action/PointToPoint.idl
[67.550s] -- Symlinking: /home/bbcontact/magician_ros2/install/dobot_msgs/share/dobot_msgs/action/SlidingRail.idl
[67.567s] -- Symlinking: /home/bbcontact/magician_ros2/install/dobot_msgs/share/dobot_msgs/msg/DobotAlarmCodes.idl
[67.584s] -- Symlinking: /home/bbcontact/magician_ros2/install/dobot_msgs/share/dobot_msgs/msg/GripperStatus.idl
[67.601s] -- Symlinking: /home/bbcontact/magician_ros2/install/dobot_msgs/share/dobot_msgs/msg/CircleTarget.idl
[67.619s] -- Symlinking: /home/bbcontact/magician_ros2/install/dobot_msgs/share/dobot_msgs/msg/CircleTargetArray.idl
[67.636s] -- Symlinking: /home/bbcontact/magician_ros2/install/dobot_msgs/share/dobot_msgs/srv/EvaluatePTPTrajectory.idl
[67.653s] -- Symlinking: /home/bbcontact/magician_ros2/install/dobot_msgs/share/dobot_msgs/srv/ExecuteHomingProcedure.idl
[67.670s] -- Symlinking: /home/bbcontact/magician_ros2/install/dobot_msgs/share/dobot_msgs/srv/GripperControl.idl
[67.688s] -- Symlinking: /home/bbcontact/magician_ros2/install/dobot_msgs/share/dobot_msgs/srv/SuctionCupControl.idl
[67.706s] -- Symlinking: /home/bbcontact/magician_ros2/install/dobot_msgs/share/dobot_msgs/action/PointToPoint.action
[67.725s] -- Symlinking: /home/bbcontact/magician_ros2/install/dobot_msgs/share/dobot_msgs/action/SlidingRail.action
[67.743s] -- Symlinking: /home/bbcontact/magician_ros2/install/dobot_msgs/share/dobot_msgs/msg/DobotAlarmCodes.msg
[67.761s] -- Symlinking: /home/bbcontact/magician_ros2/install/dobot_msgs/share/dobot_msgs/msg/GripperStatus.msg
[67.779s] -- Symlinking: /home/bbcontact/magician_ros2/install/dobot_msgs/share/dobot_msgs/msg/CircleTarget.msg
[67.797s] -- Symlinking: /home/bbcontact/magician_ros2/install/dobot_msgs/share/dobot_msgs/msg/CircleTargetArray.msg
[67.815s] -- Symlinking: /home/bbcontact/magician_ros2/install/dobot_msgs/share/dobot_msgs/srv/EvaluatePTPTrajectory.srv
[67.832s] -- Symlinking: /home/bbcontact/magician_ros2/install/dobot_msgs/share/dobot_msgs/srv/ExecuteHomingProcedure.srv
[67.849s] -- Symlinking: /home/bbcontact/magician_ros2/install/dobot_msgs/share/dobot_msgs/srv/GripperControl.srv
[67.866s] -- Symlinking: /home/bbcontact/magician_ros2/install/dobot_msgs/share/dobot_msgs/srv/SuctionCupControl.srv
[67.883s] -- Symlinking: /home/bbcontact/magician_ros2/install/dobot_msgs/share/ament_index/resource_index/package_run_dependencies/dobot_msgs
[67.901s] -- Symlinking: /home/bbcontact/magician_ros2/install/dobot_msgs/share/ament_index/resource_index/parent_prefix_path/dobot_msgs
[67.918s] -- Symlinking: /home/bbcontact/magician_ros2/install/dobot_msgs/share/dobot_msgs/environment/ament_prefix_path.sh
[67.936s] -- Symlinking: /home/bbcontact/magician_ros2/install/dobot_msgs/share/dobot_msgs/environment/ament_prefix_path.dsv
[67.955s] -- Symlinking: /home/bbcontact/magician_ros2/install/dobot_msgs/share/dobot_msgs/environment/path.sh
[67.972s] -- Symlinking: /home/bbcontact/magician_ros2/install/dobot_msgs/share/dobot_msgs/environment/path.dsv
[67.990s] -- Symlinking: /home/bbcontact/magician_ros2/install/dobot_msgs/share/dobot_msgs/local_setup.bash
[68.007s] -- Symlinking: /home/bbcontact/magician_ros2/install/dobot_msgs/share/dobot_msgs/local_setup.sh
[68.024s] -- Symlinking: /home/bbcontact/magician_ros2/install/dobot_msgs/share/dobot_msgs/local_setup.zsh
[68.040s] -- Symlinking: /home/bbcontact/magician_ros2/install/dobot_msgs/share/dobot_msgs/local_setup.dsv
[68.057s] -- Symlinking: /home/bbcontact/magician_ros2/install/dobot_msgs/share/dobot_msgs/package.dsv
[68.074s] -- Symlinking: /home/bbcontact/magician_ros2/install/dobot_msgs/share/ament_index/resource_index/packages/dobot_msgs
[68.091s] -- Symlinking: /home/bbcontact/magician_ros2/install/dobot_msgs/share/dobot_msgs/cmake/rosidl_cmake-extras.cmake
[68.107s] -- Symlinking: /home/bbcontact/magician_ros2/install/dobot_msgs/share/dobot_msgs/cmake/ament_cmake_export_dependencies-extras.cmake
[68.125s] -- Symlinking: /home/bbcontact/magician_ros2/install/dobot_msgs/share/dobot_msgs/cmake/ament_cmake_export_include_directories-extras.cmake
[68.142s] -- Symlinking: /home/bbcontact/magician_ros2/install/dobot_msgs/share/dobot_msgs/cmake/ament_cmake_export_libraries-extras.cmake
[68.159s] -- Symlinking: /home/bbcontact/magician_ros2/install/dobot_msgs/share/dobot_msgs/cmake/ament_cmake_export_targets-extras.cmake
[68.177s] -- Symlinking: /home/bbcontact/magician_ros2/install/dobot_msgs/share/dobot_msgs/cmake/rosidl_cmake_export_typesupport_targets-extras.cmake
[68.194s] -- Symlinking: /home/bbcontact/magician_ros2/install/dobot_msgs/share/dobot_msgs/cmake/rosidl_cmake_export_typesupport_libraries-extras.cmake
[68.210s] -- Symlinking: /home/bbcontact/magician_ros2/install/dobot_msgs/share/dobot_msgs/cmake/rosidl_cmake_aggregate_target-extras.cmake
[68.227s] -- Symlinking: /home/bbcontact/magician_ros2/install/dobot_msgs/share/dobot_msgs/cmake/dobot_msgsConfig.cmake
[68.244s] -- Symlinking: /home/bbcontact/magician_ros2/install/dobot_msgs/share/dobot_msgs/cmake/dobot_msgsConfig-version.cmake
[68.262s] -- Symlinking: /home/bbcontact/magician_ros2/install/dobot_msgs/share/dobot_msgs/package.xml
[68.281s] -- Installing: /home/bbcontact/magician_ros2/install/dobot_msgs/lib/libdobot_msgs__rosidl_generator_c.so
[68.282s] -- Set non-toolchain portion of runtime path of "/home/bbcontact/magician_ros2/install/dobot_msgs/lib/libdobot_msgs__rosidl_generator_c.so" to ""
[68.282s] -- Installing: /home/bbcontact/magician_ros2/install/dobot_msgs/lib/libdobot_msgs__rosidl_typesupport_fastrtps_c.so
[68.283s] -- Set non-toolchain portion of runtime path of "/home/bbcontact/magician_ros2/install/dobot_msgs/lib/libdobot_msgs__rosidl_typesupport_fastrtps_c.so" to ""
[68.283s] -- Installing: /home/bbcontact/magician_ros2/install/dobot_msgs/lib/libdobot_msgs__rosidl_typesupport_introspection_c.so
[68.284s] -- Set non-toolchain portion of runtime path of "/home/bbcontact/magician_ros2/install/dobot_msgs/lib/libdobot_msgs__rosidl_typesupport_introspection_c.so" to ""
[68.284s] -- Installing: /home/bbcontact/magician_ros2/install/dobot_msgs/lib/libdobot_msgs__rosidl_typesupport_c.so
[68.284s] -- Set non-toolchain portion of runtime path of "/home/bbcontact/magician_ros2/install/dobot_msgs/lib/libdobot_msgs__rosidl_typesupport_c.so" to ""
[68.285s] -- Installing: /home/bbcontact/magician_ros2/install/dobot_msgs/lib/libdobot_msgs__rosidl_typesupport_fastrtps_cpp.so
[68.286s] -- Set non-toolchain portion of runtime path of "/home/bbcontact/magician_ros2/install/dobot_msgs/lib/libdobot_msgs__rosidl_typesupport_fastrtps_cpp.so" to ""
[68.287s] -- Installing: /home/bbcontact/magician_ros2/install/dobot_msgs/lib/libdobot_msgs__rosidl_typesupport_introspection_cpp.so
[68.288s] -- Set non-toolchain portion of runtime path of "/home/bbcontact/magician_ros2/install/dobot_msgs/lib/libdobot_msgs__rosidl_typesupport_introspection_cpp.so" to ""
[68.288s] -- Installing: /home/bbcontact/magician_ros2/install/dobot_msgs/lib/libdobot_msgs__rosidl_typesupport_cpp.so
[68.289s] -- Set non-toolchain portion of runtime path of "/home/bbcontact/magician_ros2/install/dobot_msgs/lib/libdobot_msgs__rosidl_typesupport_cpp.so" to ""
[68.510s] Listing '/home/bbcontact/magician_ros2/install/dobot_msgs/lib/python3.12/site-packages/dobot_msgs'...
[68.510s] Compiling '/home/bbcontact/magician_ros2/install/dobot_msgs/lib/python3.12/site-packages/dobot_msgs/__init__.py'...
[68.511s] Listing '/home/bbcontact/magician_ros2/install/dobot_msgs/lib/python3.12/site-packages/dobot_msgs/action'...
[68.511s] Compiling '/home/bbcontact/magician_ros2/install/dobot_msgs/lib/python3.12/site-packages/dobot_msgs/action/__init__.py'...
[68.511s] Compiling '/home/bbcontact/magician_ros2/install/dobot_msgs/lib/python3.12/site-packages/dobot_msgs/action/_point_to_point.py'...
[68.511s] Compiling '/home/bbcontact/magician_ros2/install/dobot_msgs/lib/python3.12/site-packages/dobot_msgs/action/_sliding_rail.py'...
[68.511s] Listing '/home/bbcontact/magician_ros2/install/dobot_msgs/lib/python3.12/site-packages/dobot_msgs/msg'...
[68.512s] Compiling '/home/bbcontact/magician_ros2/install/dobot_msgs/lib/python3.12/site-packages/dobot_msgs/msg/__init__.py'...
[68.512s] Compiling '/home/bbcontact/magician_ros2/install/dobot_msgs/lib/python3.12/site-packages/dobot_msgs/msg/_circle_target.py'...
[68.512s] Compiling '/home/bbcontact/magician_ros2/install/dobot_msgs/lib/python3.12/site-packages/dobot_msgs/msg/_circle_target_array.py'...
[68.512s] Compiling '/home/bbcontact/magician_ros2/install/dobot_msgs/lib/python3.12/site-packages/dobot_msgs/msg/_dobot_alarm_codes.py'...
[68.512s] Compiling '/home/bbcontact/magician_ros2/install/dobot_msgs/lib/python3.12/site-packages/dobot_msgs/msg/_gripper_status.py'...
[68.512s] Listing '/home/bbcontact/magician_ros2/install/dobot_msgs/lib/python3.12/site-packages/dobot_msgs/srv'...
[68.513s] Compiling '/home/bbcontact/magician_ros2/install/dobot_msgs/lib/python3.12/site-packages/dobot_msgs/srv/__init__.py'...
[68.513s] Compiling '/home/bbcontact/magician_ros2/install/dobot_msgs/lib/python3.12/site-packages/dobot_msgs/srv/_evaluate_ptp_trajectory.py'...
[68.513s] Compiling '/home/bbcontact/magician_ros2/install/dobot_msgs/lib/python3.12/site-packages/dobot_msgs/srv/_execute_homing_procedure.py'...
[68.513s] Compiling '/home/bbcontact/magician_ros2/install/dobot_msgs/lib/python3.12/site-packages/dobot_msgs/srv/_gripper_control.py'...
[68.513s] Compiling '/home/bbcontact/magician_ros2/install/dobot_msgs/lib/python3.12/site-packages/dobot_msgs/srv/_suction_cup_control.py'...
[68.526s] -- Installing: /home/bbcontact/magician_ros2/install/dobot_msgs/lib/libdobot_msgs__rosidl_generator_py.so
[68.527s] -- Set non-toolchain portion of runtime path of "/home/bbcontact/magician_ros2/install/dobot_msgs/lib/libdobot_msgs__rosidl_generator_py.so" to ""
[68.528s] -- Installing: /home/bbcontact/magician_ros2/install/dobot_msgs/share/dobot_msgs/cmake/export_dobot_msgs__rosidl_generator_cExport.cmake
[68.529s] -- Installing: /home/bbcontact/magician_ros2/install/dobot_msgs/share/dobot_msgs/cmake/export_dobot_msgs__rosidl_generator_cExport-noconfig.cmake
[68.529s] -- Installing: /home/bbcontact/magician_ros2/install/dobot_msgs/share/dobot_msgs/cmake/export_dobot_msgs__rosidl_typesupport_fastrtps_cExport.cmake
[68.530s] -- Installing: /home/bbcontact/magician_ros2/install/dobot_msgs/share/dobot_msgs/cmake/export_dobot_msgs__rosidl_typesupport_fastrtps_cExport-noconfig.cmake
[68.531s] -- Installing: /home/bbcontact/magician_ros2/install/dobot_msgs/share/dobot_msgs/cmake/dobot_msgs__rosidl_typesupport_introspection_cExport.cmake
[68.531s] -- Installing: /home/bbcontact/magician_ros2/install/dobot_msgs/share/dobot_msgs/cmake/dobot_msgs__rosidl_typesupport_introspection_cExport-noconfig.cmake
[68.532s] -- Installing: /home/bbcontact/magician_ros2/install/dobot_msgs/share/dobot_msgs/cmake/dobot_msgs__rosidl_typesupport_cExport.cmake
[68.532s] -- Installing: /home/bbcontact/magician_ros2/install/dobot_msgs/share/dobot_msgs/cmake/dobot_msgs__rosidl_typesupport_cExport-noconfig.cmake
[68.533s] -- Installing: /home/bbcontact/magician_ros2/install/dobot_msgs/share/dobot_msgs/cmake/export_dobot_msgs__rosidl_generator_cppExport.cmake
[68.533s] -- Installing: /home/bbcontact/magician_ros2/install/dobot_msgs/share/dobot_msgs/cmake/export_dobot_msgs__rosidl_typesupport_fastrtps_cppExport.cmake
[68.534s] -- Installing: /home/bbcontact/magician_ros2/install/dobot_msgs/share/dobot_msgs/cmake/export_dobot_msgs__rosidl_typesupport_fastrtps_cppExport-noconfig.cmake
[68.534s] -- Installing: /home/bbcontact/magician_ros2/install/dobot_msgs/share/dobot_msgs/cmake/dobot_msgs__rosidl_typesupport_introspection_cppExport.cmake
[68.535s] -- Installing: /home/bbcontact/magician_ros2/install/dobot_msgs/share/dobot_msgs/cmake/dobot_msgs__rosidl_typesupport_introspection_cppExport-noconfig.cmake
[68.535s] -- Installing: /home/bbcontact/magician_ros2/install/dobot_msgs/share/dobot_msgs/cmake/dobot_msgs__rosidl_typesupport_cppExport.cmake
[68.535s] -- Installing: /home/bbcontact/magician_ros2/install/dobot_msgs/share/dobot_msgs/cmake/dobot_msgs__rosidl_typesupport_cppExport-noconfig.cmake
[68.536s] -- Installing: /home/bbcontact/magician_ros2/install/dobot_msgs/share/dobot_msgs/cmake/export_dobot_msgs__rosidl_generator_pyExport.cmake
[68.536s] -- Installing: /home/bbcontact/magician_ros2/install/dobot_msgs/share/dobot_msgs/cmake/export_dobot_msgs__rosidl_generator_pyExport-noconfig.cmake
[68.540s] Invoked command in '/home/bbcontact/magician_ros2/build/dobot_msgs' returned '0': CMAKE_PREFIX_PATH=${CMAKE_PREFIX_PATH}:/opt/ros/jazzy DEBUGINFOD_URLS=https://debuginfod.ubuntu.com /usr/bin/cmake --install /home/bbcontact/magician_ros2/build/dobot_msgs
