running develop
Removing /home/bbcontact/magician_ros2/install/dobot_motion/lib/python3.12/site-packages/dobot-motion.egg-link (link to .)
running egg_info
writing ../../../build/dobot_motion/dobot_motion.egg-info/PKG-INFO
writing dependency_links to ../../../build/dobot_motion/dobot_motion.egg-info/dependency_links.txt
writing entry points to ../../../build/dobot_motion/dobot_motion.egg-info/entry_points.txt
writing requirements to ../../../build/dobot_motion/dobot_motion.egg-info/requires.txt
writing top-level names to ../../../build/dobot_motion/dobot_motion.egg-info/top_level.txt
reading manifest file '../../../build/dobot_motion/dobot_motion.egg-info/SOURCES.txt'
writing manifest file '../../../build/dobot_motion/dobot_motion.egg-info/SOURCES.txt'
running build
running build_py
creating /home/bbcontact/magician_ros2/build/dobot_motion/build
creating /home/bbcontact/magician_ros2/build/dobot_motion/build/lib
creating /home/bbcontact/magician_ros2/build/dobot_motion/build/lib/dobot_motion
copying dobot_motion/PTP_params_class.py -> /home/bbcontact/magician_ros2/build/dobot_motion/build/lib/dobot_motion
copying dobot_motion/PTP_server.py -> /home/bbcontact/magician_ros2/build/dobot_motion/build/lib/dobot_motion
copying dobot_motion/__init__.py -> /home/bbcontact/magician_ros2/build/dobot_motion/build/lib/dobot_motion
copying dobot_motion/sliding_rail_server.py -> /home/bbcontact/magician_ros2/build/dobot_motion/build/lib/dobot_motion
running install
running install_lib
creating /home/bbcontact/magician_ros2/install/dobot_motion/lib/python3.12/site-packages/dobot_motion
copying /home/bbcontact/magician_ros2/build/dobot_motion/build/lib/dobot_motion/PTP_params_class.py -> /home/bbcontact/magician_ros2/install/dobot_motion/lib/python3.12/site-packages/dobot_motion
copying /home/bbcontact/magician_ros2/build/dobot_motion/build/lib/dobot_motion/PTP_server.py -> /home/bbcontact/magician_ros2/install/dobot_motion/lib/python3.12/site-packages/dobot_motion
copying /home/bbcontact/magician_ros2/build/dobot_motion/build/lib/dobot_motion/__init__.py -> /home/bbcontact/magician_ros2/install/dobot_motion/lib/python3.12/site-packages/dobot_motion
copying /home/bbcontact/magician_ros2/build/dobot_motion/build/lib/dobot_motion/sliding_rail_server.py -> /home/bbcontact/magician_ros2/install/dobot_motion/lib/python3.12/site-packages/dobot_motion
byte-compiling /home/bbcontact/magician_ros2/install/dobot_motion/lib/python3.12/site-packages/dobot_motion/PTP_params_class.py to PTP_params_class.cpython-312.pyc
byte-compiling /home/bbcontact/magician_ros2/install/dobot_motion/lib/python3.12/site-packages/dobot_motion/PTP_server.py to PTP_server.cpython-312.pyc
byte-compiling /home/bbcontact/magician_ros2/install/dobot_motion/lib/python3.12/site-packages/dobot_motion/__init__.py to __init__.cpython-312.pyc
byte-compiling /home/bbcontact/magician_ros2/install/dobot_motion/lib/python3.12/site-packages/dobot_motion/sliding_rail_server.py to sliding_rail_server.cpython-312.pyc
running install_data
copying resource/dobot_motion -> /home/bbcontact/magician_ros2/install/dobot_motion/share/ament_index/resource_index/packages
copying package.xml -> /home/bbcontact/magician_ros2/install/dobot_motion/share/dobot_motion
copying launch/dobot_PTP.launch.py -> /home/bbcontact/magician_ros2/install/dobot_motion/share/dobot_motion/launch
copying launch/dobot_rail.launch.py -> /home/bbcontact/magician_ros2/install/dobot_motion/share/dobot_motion/launch
copying config/PTP_motion_params.yaml -> /home/bbcontact/magician_ros2/install/dobot_motion/share/dobot_motion/config
copying config/sliding_rail_params.yaml -> /home/bbcontact/magician_ros2/install/dobot_motion/share/dobot_motion/config
running install_egg_info
Copying ../../../build/dobot_motion/dobot_motion.egg-info to /home/bbcontact/magician_ros2/install/dobot_motion/lib/python3.12/site-packages/dobot_motion-1.0.0-py3.12.egg-info
running install_scripts
Installing PTP_server script to /home/bbcontact/magician_ros2/install/dobot_motion/lib/dobot_motion
Installing sliding_rail_server script to /home/bbcontact/magician_ros2/install/dobot_motion/lib/dobot_motion
writing list of installed files to '/home/bbcontact/magician_ros2/build/dobot_motion/install.log'
