[11.810s] Invoking command in '/home/bbcontact/magician_ros2/build/dobot_kinematics': AMENT_PREFIX_PATH=/home/bbcontact/magician_ros2/install/dobot_msgs:/home/bbcontact/magician_ros2/install/dobot_description:${AMENT_PREFIX_PATH} CMAKE_PREFIX_PATH=/home/bbcontact/magician_ros2/install/dobot_msgs:/home/bbcontact/magician_ros2/install/dobot_description:${CMAKE_PREFIX_PATH} DEBUGINFOD_URLS=https://debuginfod.ubuntu.com LD_LIBRARY_PATH=/home/bbcontact/magician_ros2/install/dobot_msgs/lib:${LD_LIBRARY_PATH} PYTHONPATH=/home/bbcontact/magician_ros2/build/dobot_kinematics/prefix_override:/usr/lib/python3/dist-packages/colcon_core/task/python/colcon_distutils_commands:/home/bbcontact/magician_ros2/install/dobot_kinematics/lib/python3.12/site-packages:/home/bbcontact/magician_ros2/install/dobot_msgs/lib/python3.12/site-packages:${PYTHONPATH} /usr/bin/python3 -W ignore:setup.py install is deprecated -W ignore:easy_install command is deprecated setup.py develop --editable --build-directory /home/bbcontact/magician_ros2/build/dobot_kinematics/build --no-deps symlink_data --force
[15.096s] running develop
[16.838s] running egg_info
[16.839s] writing dobot_kinematics.egg-info/PKG-INFO
[16.840s] writing dependency_links to dobot_kinematics.egg-info/dependency_links.txt
[16.840s] writing entry points to dobot_kinematics.egg-info/entry_points.txt
[16.841s] writing requirements to dobot_kinematics.egg-info/requires.txt
[16.848s] writing top-level names to dobot_kinematics.egg-info/top_level.txt
[16.848s] reading manifest file 'dobot_kinematics.egg-info/SOURCES.txt'
[16.849s] writing manifest file 'dobot_kinematics.egg-info/SOURCES.txt'
[16.849s] running build_ext
[16.850s] Creating /home/bbcontact/magician_ros2/install/dobot_kinematics/lib/python3.12/site-packages/dobot-kinematics.egg-link (link to .)
[16.850s] Installing trajectory_validator_client script to /home/bbcontact/magician_ros2/install/dobot_kinematics/lib/dobot_kinematics
[16.854s] Installing trajectory_validator_server script to /home/bbcontact/magician_ros2/install/dobot_kinematics/lib/dobot_kinematics
[16.854s] 
[16.855s] Installed /home/bbcontact/magician_ros2/build/dobot_kinematics
[16.855s] running symlink_data
[16.856s] symbolically linking /home/bbcontact/magician_ros2/build/dobot_kinematics/resource/dobot_kinematics -> /home/bbcontact/magician_ros2/install/dobot_kinematics/share/ament_index/resource_index/packages
[16.856s] symbolically linking /home/bbcontact/magician_ros2/build/dobot_kinematics/package.xml -> /home/bbcontact/magician_ros2/install/dobot_kinematics/share/dobot_kinematics
[16.857s] symbolically linking /home/bbcontact/magician_ros2/build/dobot_kinematics/launch/dobot_validate_trajectory.launch.py -> /home/bbcontact/magician_ros2/install/dobot_kinematics/share/dobot_kinematics/launch
[16.857s] symbolically linking /home/bbcontact/magician_ros2/build/dobot_kinematics/config/axis_limits.yaml -> /home/bbcontact/magician_ros2/install/dobot_kinematics/share/dobot_kinematics/config
[16.881s] Invoked command in '/home/bbcontact/magician_ros2/build/dobot_kinematics' returned '0': AMENT_PREFIX_PATH=/home/bbcontact/magician_ros2/install/dobot_msgs:/home/bbcontact/magician_ros2/install/dobot_description:${AMENT_PREFIX_PATH} CMAKE_PREFIX_PATH=/home/bbcontact/magician_ros2/install/dobot_msgs:/home/bbcontact/magician_ros2/install/dobot_description:${CMAKE_PREFIX_PATH} DEBUGINFOD_URLS=https://debuginfod.ubuntu.com LD_LIBRARY_PATH=/home/bbcontact/magician_ros2/install/dobot_msgs/lib:${LD_LIBRARY_PATH} PYTHONPATH=/home/bbcontact/magician_ros2/build/dobot_kinematics/prefix_override:/usr/lib/python3/dist-packages/colcon_core/task/python/colcon_distutils_commands:/home/bbcontact/magician_ros2/install/dobot_kinematics/lib/python3.12/site-packages:/home/bbcontact/magician_ros2/install/dobot_msgs/lib/python3.12/site-packages:${PYTHONPATH} /usr/bin/python3 -W ignore:setup.py install is deprecated -W ignore:easy_install command is deprecated setup.py develop --editable --build-directory /home/bbcontact/magician_ros2/build/dobot_kinematics/build --no-deps symlink_data --force
