running develop
running egg_info
creating dobot_end_effector.egg-info
writing dobot_end_effector.egg-info/PKG-INFO
writing dependency_links to dobot_end_effector.egg-info/dependency_links.txt
writing entry points to dobot_end_effector.egg-info/entry_points.txt
writing requirements to dobot_end_effector.egg-info/requires.txt
writing top-level names to dobot_end_effector.egg-info/top_level.txt
writing manifest file 'dobot_end_effector.egg-info/SOURCES.txt'
reading manifest file 'dobot_end_effector.egg-info/SOURCES.txt'
writing manifest file 'dobot_end_effector.egg-info/SOURCES.txt'
running build_ext
Creating /home/bbcontact/magician_ros2/install/dobot_end_effector/lib/python3.12/site-packages/dobot-end-effector.egg-link (link to .)
Installing gripper_server script to /home/bbcontact/magician_ros2/install/dobot_end_effector/lib/dobot_end_effector
Installing suction_cup_server script to /home/bbcontact/magician_ros2/install/dobot_end_effector/lib/dobot_end_effector

Installed /home/bbcontact/magician_ros2/build/dobot_end_effector
running symlink_data
creating /home/bbcontact/magician_ros2/install/dobot_end_effector/share/ament_index
creating /home/bbcontact/magician_ros2/install/dobot_end_effector/share/ament_index/resource_index
creating /home/bbcontact/magician_ros2/install/dobot_end_effector/share/ament_index/resource_index/packages
symbolically linking /home/bbcontact/magician_ros2/build/dobot_end_effector/resource/dobot_end_effector -> /home/bbcontact/magician_ros2/install/dobot_end_effector/share/ament_index/resource_index/packages
symbolically linking /home/bbcontact/magician_ros2/build/dobot_end_effector/package.xml -> /home/bbcontact/magician_ros2/install/dobot_end_effector/share/dobot_end_effector
