running develop
running egg_info
writing dobot_vision_rgbd.egg-info/PKG-INFO
writing dependency_links to dobot_vision_rgbd.egg-info/dependency_links.txt
writing entry points to dobot_vision_rgbd.egg-info/entry_points.txt
writing requirements to dobot_vision_rgbd.egg-info/requires.txt
writing top-level names to dobot_vision_rgbd.egg-info/top_level.txt
reading manifest file 'dobot_vision_rgbd.egg-info/SOURCES.txt'
writing manifest file 'dobot_vision_rgbd.egg-info/SOURCES.txt'
running build_ext
Creating /home/bbcontact/magician_ros2/install/dobot_vision_rgbd/lib/python3.12/site-packages/dobot-vision-rgbd.egg-link (link to .)
Installing camera_health_node script to /home/bbcontact/magician_ros2/install/dobot_vision_rgbd/lib/dobot_vision_rgbd
Installing object_fusion_node script to /home/bbcontact/magician_ros2/install/dobot_vision_rgbd/lib/dobot_vision_rgbd

Installed /home/bbcontact/magician_ros2/build/dobot_vision_rgbd
running symlink_data
symbolically linking /home/bbcontact/magician_ros2/build/dobot_vision_rgbd/resource/dobot_vision_rgbd -> /home/bbcontact/magician_ros2/install/dobot_vision_rgbd/share/ament_index/resource_index/packages
symbolically linking /home/bbcontact/magician_ros2/build/dobot_vision_rgbd/package.xml -> /home/bbcontact/magician_ros2/install/dobot_vision_rgbd/share/dobot_vision_rgbd
symbolically linking /home/bbcontact/magician_ros2/build/dobot_vision_rgbd/config/camera_geometry.yaml -> /home/bbcontact/magician_ros2/install/dobot_vision_rgbd/share/dobot_vision_rgbd/config
symbolically linking /home/bbcontact/magician_ros2/build/dobot_vision_rgbd/config/color_rules.yaml -> /home/bbcontact/magician_ros2/install/dobot_vision_rgbd/share/dobot_vision_rgbd/config
symbolically linking /home/bbcontact/magician_ros2/build/dobot_vision_rgbd/config/object_classes.yaml -> /home/bbcontact/magician_ros2/install/dobot_vision_rgbd/share/dobot_vision_rgbd/config
symbolically linking /home/bbcontact/magician_ros2/build/dobot_vision_rgbd/config/rgbd_vision.yaml -> /home/bbcontact/magician_ros2/install/dobot_vision_rgbd/share/dobot_vision_rgbd/config
symbolically linking /home/bbcontact/magician_ros2/build/dobot_vision_rgbd/config/shape_rules.yaml -> /home/bbcontact/magician_ros2/install/dobot_vision_rgbd/share/dobot_vision_rgbd/config
symbolically linking /home/bbcontact/magician_ros2/build/dobot_vision_rgbd/launch/rgbd_vision.launch.py -> /home/bbcontact/magician_ros2/install/dobot_vision_rgbd/share/dobot_vision_rgbd/launch
