[9.759s] Invoking command in '/home/bbcontact/magician_ros2/build/dobot_vision_rgbd': AMENT_PREFIX_PATH=/home/bbcontact/magician_ros2/install/orbbec_camera_msgs:${AMENT_PREFIX_PATH} CMAKE_PREFIX_PATH=/home/bbcontact/magician_ros2/install/orbbec_camera_msgs:${CMAKE_PREFIX_PATH} DEBUGINFOD_URLS=https://debuginfod.ubuntu.com LD_LIBRARY_PATH=/home/bbcontact/magician_ros2/install/orbbec_camera_msgs/lib:${LD_LIBRARY_PATH} PYTHONPATH=/home/bbcontact/magician_ros2/build/dobot_vision_rgbd/prefix_override:/usr/lib/python3/dist-packages/colcon_core/task/python/colcon_distutils_commands:/home/bbcontact/magician_ros2/install/dobot_vision_rgbd/lib/python3.12/site-packages:/home/bbcontact/magician_ros2/install/orbbec_camera_msgs/lib/python3.12/site-packages:${PYTHONPATH} /usr/bin/python3 -W ignore:setup.py install is deprecated -W ignore:easy_install command is deprecated setup.py develop --editable --build-directory /home/bbcontact/magician_ros2/build/dobot_vision_rgbd/build --no-deps symlink_data --force
[12.273s] running develop
[13.660s] running egg_info
[13.958s] writing dobot_vision_rgbd.egg-info/PKG-INFO
[13.959s] writing dependency_links to dobot_vision_rgbd.egg-info/dependency_links.txt
[13.959s] writing entry points to dobot_vision_rgbd.egg-info/entry_points.txt
[13.960s] writing requirements to dobot_vision_rgbd.egg-info/requires.txt
[13.960s] writing top-level names to dobot_vision_rgbd.egg-info/top_level.txt
[14.236s] reading manifest file 'dobot_vision_rgbd.egg-info/SOURCES.txt'
[14.242s] writing manifest file 'dobot_vision_rgbd.egg-info/SOURCES.txt'
[15.527s] running build_ext
[15.528s] Creating /home/bbcontact/magician_ros2/install/dobot_vision_rgbd/lib/python3.12/site-packages/dobot-vision-rgbd.egg-link (link to .)
[15.532s] Installing camera_health_node script to /home/bbcontact/magician_ros2/install/dobot_vision_rgbd/lib/dobot_vision_rgbd
[15.532s] Installing object_fusion_node script to /home/bbcontact/magician_ros2/install/dobot_vision_rgbd/lib/dobot_vision_rgbd
[15.532s] 
[15.533s] Installed /home/bbcontact/magician_ros2/build/dobot_vision_rgbd
[15.533s] running symlink_data
[15.533s] symbolically linking /home/bbcontact/magician_ros2/build/dobot_vision_rgbd/resource/dobot_vision_rgbd -> /home/bbcontact/magician_ros2/install/dobot_vision_rgbd/share/ament_index/resource_index/packages
[15.533s] symbolically linking /home/bbcontact/magician_ros2/build/dobot_vision_rgbd/package.xml -> /home/bbcontact/magician_ros2/install/dobot_vision_rgbd/share/dobot_vision_rgbd
[15.534s] symbolically linking /home/bbcontact/magician_ros2/build/dobot_vision_rgbd/config/camera_geometry.yaml -> /home/bbcontact/magician_ros2/install/dobot_vision_rgbd/share/dobot_vision_rgbd/config
[15.534s] symbolically linking /home/bbcontact/magician_ros2/build/dobot_vision_rgbd/config/color_rules.yaml -> /home/bbcontact/magician_ros2/install/dobot_vision_rgbd/share/dobot_vision_rgbd/config
[15.534s] symbolically linking /home/bbcontact/magician_ros2/build/dobot_vision_rgbd/config/object_classes.yaml -> /home/bbcontact/magician_ros2/install/dobot_vision_rgbd/share/dobot_vision_rgbd/config
[15.534s] symbolically linking /home/bbcontact/magician_ros2/build/dobot_vision_rgbd/config/rgbd_vision.yaml -> /home/bbcontact/magician_ros2/install/dobot_vision_rgbd/share/dobot_vision_rgbd/config
[15.535s] symbolically linking /home/bbcontact/magician_ros2/build/dobot_vision_rgbd/config/shape_rules.yaml -> /home/bbcontact/magician_ros2/install/dobot_vision_rgbd/share/dobot_vision_rgbd/config
[15.538s] symbolically linking /home/bbcontact/magician_ros2/build/dobot_vision_rgbd/launch/rgbd_vision.launch.py -> /home/bbcontact/magician_ros2/install/dobot_vision_rgbd/share/dobot_vision_rgbd/launch
[15.551s] Invoked command in '/home/bbcontact/magician_ros2/build/dobot_vision_rgbd' returned '0': AMENT_PREFIX_PATH=/home/bbcontact/magician_ros2/install/orbbec_camera_msgs:${AMENT_PREFIX_PATH} CMAKE_PREFIX_PATH=/home/bbcontact/magician_ros2/install/orbbec_camera_msgs:${CMAKE_PREFIX_PATH} DEBUGINFOD_URLS=https://debuginfod.ubuntu.com LD_LIBRARY_PATH=/home/bbcontact/magician_ros2/install/orbbec_camera_msgs/lib:${LD_LIBRARY_PATH} PYTHONPATH=/home/bbcontact/magician_ros2/build/dobot_vision_rgbd/prefix_override:/usr/lib/python3/dist-packages/colcon_core/task/python/colcon_distutils_commands:/home/bbcontact/magician_ros2/install/dobot_vision_rgbd/lib/python3.12/site-packages:/home/bbcontact/magician_ros2/install/orbbec_camera_msgs/lib/python3.12/site-packages:${PYTHONPATH} /usr/bin/python3 -W ignore:setup.py install is deprecated -W ignore:easy_install command is deprecated setup.py develop --editable --build-directory /home/bbcontact/magician_ros2/build/dobot_vision_rgbd/build --no-deps symlink_data --force
